[    0.000000] Linux version 6.14.0-35-generic (buildd@lcy02-amd64-078) (x86_64-linux-gnu-gcc-13 (Ubuntu 13.3.0-6ubuntu2~24.04) 13.3.0, GNU ld (GNU Binutils for Ubuntu) 2.42) #35~24.04.1-Ubuntu SMP PREEMPT_DYNAMIC Tue Oct 14 13:55:17 UTC 2 (Ubuntu 6.14.0-35.35~24.04.1-generic 6.14.11)
[    0.000000] Command line: BOOT_IMAGE=/boot/vmlinuz-6.14.0-35-generic root=UUID=d55d10f7-3be2-4fae-9f74-6ddb42a6afa5 ro quiet splash
[    0.000000] KERNEL supported cpus:
[    0.000000]   Intel GenuineIntel
[    0.000000]   AMD AuthenticAMD
[    0.000000]   Hygon HygonGenuine
[    0.000000]   Centaur CentaurHauls
[    0.000000]   zhaoxin   Shanghai  
[    0.000000] BIOS-provided physical RAM map:
[    0.000000] BIOS-e820: [mem 0x0000000000000000-0x000000000009e7ff] usable
[    0.000000] BIOS-e820: [mem 0x000000000009e800-0x000000000009ffff] reserved
[    0.000000] BIOS-e820: [mem 0x00000000000dc000-0x00000000000fffff] reserved
[    0.000000] BIOS-e820: [mem 0x0000000000100000-0x00000000bfecffff] usable
[    0.000000] BIOS-e820: [mem 0x00000000bfed0000-0x00000000bfefefff] ACPI data
[    0.000000] BIOS-e820: [mem 0x00000000bfeff000-0x00000000bfefffff] ACPI NVS
[    0.000000] BIOS-e820: [mem 0x00000000bff00000-0x00000000bfffffff] usable
[    0.000000] BIOS-e820: [mem 0x00000000f0000000-0x00000000f7ffffff] reserved
[    0.000000] BIOS-e820: [mem 0x00000000fec00000-0x00000000fec0ffff] reserved
[    0.000000] BIOS-e820: [mem 0x00000000fee00000-0x00000000fee00fff] reserved
[    0.000000] BIOS-e820: [mem 0x00000000fffe0000-0x00000000ffffffff] reserved
[    0.000000] BIOS-e820: [mem 0x0000000100000000-0x000000013fffffff] usable
[    0.000000] NX (Execute Disable) protection: active
[    0.000000] APIC: Static calls initialized
[    0.000000] SMBIOS 2.7 present.
[    0.000000] DMI: VMware, Inc. VMware Virtual Platform/440BX Desktop Reference Platform, BIOS 6.00 11/12/2020
[    0.000000] DMI: Memory slots populated: 1/128
[    0.000000] vmware: hypercall mode: 0x02
[    0.000000] Hypervisor detected: VMware
[    0.000000] vmware: TSC freq read from hypervisor : 2918.399 MHz
[    0.000000] vmware: Host bus clock speed read from hypervisor : 66000000 Hz
[    0.000000] vmware: using clock offset of 6078377003 ns
[    0.000012] tsc: Detected 2918.399 MHz processor
[    0.001359] e820: update [mem 0x00000000-0x00000fff] usable ==> reserved
[    0.001362] e820: remove [mem 0x000a0000-0x000fffff] usable
[    0.001367] last_pfn = 0x140000 max_arch_pfn = 0x400000000
[    0.001386] total RAM covered: 130048M
[    0.001470] Found optimal setting for mtrr clean up
[    0.001471]  gran_size: 64K 	chunk_size: 64K 	num_reg: 7  	lose cover RAM: 0G
[    0.001474] MTRR map: 7 entries (5 fixed + 2 variable; max 21), built from 8 variable MTRRs
[    0.001476] x86/PAT: Configuration [0-7]: WB  WC  UC- UC  WB  WP  UC- WT  
[    0.001506] e820: update [mem 0xc0000000-0xffffffff] usable ==> reserved
[    0.001509] last_pfn = 0xc0000 max_arch_pfn = 0x400000000
[    0.007351] found SMP MP-table at [mem 0x000f6a70-0x000f6a7f]
[    0.007365] Using GB pages for direct mapping
[    0.007600] RAMDISK: [mem 0x2f529000-0x33a8bfff]
[    0.007895] ACPI: Early table checksum verification disabled
[    0.007900] ACPI: RSDP 0x00000000000F6A00 000024 (v02 PTLTD )
[    0.007904] ACPI: XSDT 0x00000000BFEDC633 00005C (v01 INTEL  440BX    06040000 VMW  01324272)
[    0.007910] ACPI: FACP 0x00000000BFEFEE73 0000F4 (v04 INTEL  440BX    06040000 PTL  000F4240)
[    0.007915] ACPI: DSDT 0x00000000BFEDD9E8 02148B (v01 PTLTD  Custom   06040000 MSFT 03000001)
[    0.007945] ACPI: FACS 0x00000000BFEFFFC0 000040
[    0.007947] ACPI: FACS 0x00000000BFEFFFC0 000040
[    0.007950] ACPI: BOOT 0x00000000BFEDD9C0 000028 (v01 PTLTD  $SBFTBL$ 06040000  LTP 00000001)
[    0.007952] ACPI: APIC 0x00000000BFEDD27E 000742 (v01 PTLTD  ? APIC   06040000  LTP 00000000)
[    0.007955] ACPI: MCFG 0x00000000BFEDD242 00003C (v01 PTLTD  $PCITBL$ 06040000  LTP 00000001)
[    0.007958] ACPI: SRAT 0x00000000BFEDC72F 0008D0 (v02 VMWARE MEMPLUG  06040000 VMW  00000001)
[    0.007960] ACPI: HPET 0x00000000BFEDC6F7 000038 (v01 VMWARE VMW HPET 06040000 VMW  00000001)
[    0.007963] ACPI: WAET 0x00000000BFEDC6CF 000028 (v01 VMWARE VMW WAET 06040000 VMW  00000001)
[    0.007964] ACPI: Reserving FACP table memory at [mem 0xbfefee73-0xbfefef66]
[    0.007966] ACPI: Reserving DSDT table memory at [mem 0xbfedd9e8-0xbfefee72]
[    0.007966] ACPI: Reserving FACS table memory at [mem 0xbfefffc0-0xbfefffff]
[    0.007967] ACPI: Reserving FACS table memory at [mem 0xbfefffc0-0xbfefffff]
[    0.007967] ACPI: Reserving BOOT table memory at [mem 0xbfedd9c0-0xbfedd9e7]
[    0.007968] ACPI: Reserving APIC table memory at [mem 0xbfedd27e-0xbfedd9bf]
[    0.007968] ACPI: Reserving MCFG table memory at [mem 0xbfedd242-0xbfedd27d]
[    0.007968] ACPI: Reserving SRAT table memory at [mem 0xbfedc72f-0xbfedcffe]
[    0.007969] ACPI: Reserving HPET table memory at [mem 0xbfedc6f7-0xbfedc72e]
[    0.007969] ACPI: Reserving WAET table memory at [mem 0xbfedc6cf-0xbfedc6f6]
[    0.008051] ACPI: SRAT: Node 0 PXM 0 [mem 0x00000000-0x0009ffff]
[    0.008052] ACPI: SRAT: Node 0 PXM 0 [mem 0x00100000-0xbfffffff]
[    0.008053] ACPI: SRAT: Node 0 PXM 0 [mem 0x100000000-0x13fffffff]
[    0.008054] ACPI: SRAT: Node 0 PXM 0 [mem 0x140000000-0x103fffffff] hotplug
[    0.008056] NUMA: Node 0 [mem 0x00001000-0x0009ffff] + [mem 0x00100000-0xbfffffff] -> [mem 0x00001000-0xbfffffff]
[    0.008058] NUMA: Node 0 [mem 0x00001000-0xbfffffff] + [mem 0x100000000-0x13fffffff] -> [mem 0x00001000-0x13fffffff]
[    0.008063] NODE_DATA(0) allocated [mem 0x13ffd3540-0x13fffdfff]
[    0.008791] Zone ranges:
[    0.008792]   DMA      [mem 0x0000000000001000-0x0000000000ffffff]
[    0.008794]   DMA32    [mem 0x0000000001000000-0x00000000ffffffff]
[    0.008795]   Normal   [mem 0x0000000100000000-0x000000013fffffff]
[    0.008796]   Device   empty
[    0.008796] Movable zone start for each node
[    0.008797] Early memory node ranges
[    0.008798]   node   0: [mem 0x0000000000001000-0x000000000009dfff]
[    0.008799]   node   0: [mem 0x0000000000100000-0x00000000bfecffff]
[    0.008800]   node   0: [mem 0x00000000bff00000-0x00000000bfffffff]
[    0.008800]   node   0: [mem 0x0000000100000000-0x000000013fffffff]
[    0.008801] Initmem setup node 0 [mem 0x0000000000001000-0x000000013fffffff]
[    0.008847] On node 0, zone DMA: 1 pages in unavailable ranges
[    0.009350] On node 0, zone DMA: 98 pages in unavailable ranges
[    0.098253] On node 0, zone DMA32: 48 pages in unavailable ranges
[    0.135421] ACPI: PM-Timer IO Port: 0x1008
[    0.135468] ACPI: LAPIC_NMI (acpi_id[0x00] high edge lint[0x1])
[    0.135471] ACPI: LAPIC_NMI (acpi_id[0x01] high edge lint[0x1])
[    0.135471] ACPI: LAPIC_NMI (acpi_id[0x02] high edge lint[0x1])
[    0.135472] ACPI: LAPIC_NMI (acpi_id[0x03] high edge lint[0x1])
[    0.135472] ACPI: LAPIC_NMI (acpi_id[0x04] high edge lint[0x1])
[    0.135472] ACPI: LAPIC_NMI (acpi_id[0x05] high edge lint[0x1])
[    0.135473] ACPI: LAPIC_NMI (acpi_id[0x06] high edge lint[0x1])
[    0.135473] ACPI: LAPIC_NMI (acpi_id[0x07] high edge lint[0x1])
[    0.135474] ACPI: LAPIC_NMI (acpi_id[0x08] high edge lint[0x1])
[    0.135474] ACPI: LAPIC_NMI (acpi_id[0x09] high edge lint[0x1])
[    0.135474] ACPI: LAPIC_NMI (acpi_id[0x0a] high edge lint[0x1])
[    0.135475] ACPI: LAPIC_NMI (acpi_id[0x0b] high edge lint[0x1])
[    0.135475] ACPI: LAPIC_NMI (acpi_id[0x0c] high edge lint[0x1])
[    0.135476] ACPI: LAPIC_NMI (acpi_id[0x0d] high edge lint[0x1])
[    0.135476] ACPI: LAPIC_NMI (acpi_id[0x0e] high edge lint[0x1])
[    0.135476] ACPI: LAPIC_NMI (acpi_id[0x0f] high edge lint[0x1])
[    0.135477] ACPI: LAPIC_NMI (acpi_id[0x10] high edge lint[0x1])
[    0.135477] ACPI: LAPIC_NMI (acpi_id[0x11] high edge lint[0x1])
[    0.135478] ACPI: LAPIC_NMI (acpi_id[0x12] high edge lint[0x1])
[    0.135478] ACPI: LAPIC_NMI (acpi_id[0x13] high edge lint[0x1])
[    0.135478] ACPI: LAPIC_NMI (acpi_id[0x14] high edge lint[0x1])
[    0.135479] ACPI: LAPIC_NMI (acpi_id[0x15] high edge lint[0x1])
[    0.135479] ACPI: LAPIC_NMI (acpi_id[0x16] high edge lint[0x1])
[    0.135480] ACPI: LAPIC_NMI (acpi_id[0x17] high edge lint[0x1])
[    0.135480] ACPI: LAPIC_NMI (acpi_id[0x18] high edge lint[0x1])
[    0.135480] ACPI: LAPIC_NMI (acpi_id[0x19] high edge lint[0x1])
[    0.135481] ACPI: LAPIC_NMI (acpi_id[0x1a] high edge lint[0x1])
[    0.135481] ACPI: LAPIC_NMI (acpi_id[0x1b] high edge lint[0x1])
[    0.135482] ACPI: LAPIC_NMI (acpi_id[0x1c] high edge lint[0x1])
[    0.135482] ACPI: LAPIC_NMI (acpi_id[0x1d] high edge lint[0x1])
[    0.135482] ACPI: LAPIC_NMI (acpi_id[0x1e] high edge lint[0x1])
[    0.135483] ACPI: LAPIC_NMI (acpi_id[0x1f] high edge lint[0x1])
[    0.135483] ACPI: LAPIC_NMI (acpi_id[0x20] high edge lint[0x1])
[    0.135484] ACPI: LAPIC_NMI (acpi_id[0x21] high edge lint[0x1])
[    0.135484] ACPI: LAPIC_NMI (acpi_id[0x22] high edge lint[0x1])
[    0.135484] ACPI: LAPIC_NMI (acpi_id[0x23] high edge lint[0x1])
[    0.135485] ACPI: LAPIC_NMI (acpi_id[0x24] high edge lint[0x1])
[    0.135485] ACPI: LAPIC_NMI (acpi_id[0x25] high edge lint[0x1])
[    0.135486] ACPI: LAPIC_NMI (acpi_id[0x26] high edge lint[0x1])
[    0.135486] ACPI: LAPIC_NMI (acpi_id[0x27] high edge lint[0x1])
[    0.135486] ACPI: LAPIC_NMI (acpi_id[0x28] high edge lint[0x1])
[    0.135487] ACPI: LAPIC_NMI (acpi_id[0x29] high edge lint[0x1])
[    0.135487] ACPI: LAPIC_NMI (acpi_id[0x2a] high edge lint[0x1])
[    0.135487] ACPI: LAPIC_NMI (acpi_id[0x2b] high edge lint[0x1])
[    0.135488] ACPI: LAPIC_NMI (acpi_id[0x2c] high edge lint[0x1])
[    0.135488] ACPI: LAPIC_NMI (acpi_id[0x2d] high edge lint[0x1])
[    0.135489] ACPI: LAPIC_NMI (acpi_id[0x2e] high edge lint[0x1])
[    0.135489] ACPI: LAPIC_NMI (acpi_id[0x2f] high edge lint[0x1])
[    0.135489] ACPI: LAPIC_NMI (acpi_id[0x30] high edge lint[0x1])
[    0.135490] ACPI: LAPIC_NMI (acpi_id[0x31] high edge lint[0x1])
[    0.135490] ACPI: LAPIC_NMI (acpi_id[0x32] high edge lint[0x1])
[    0.135491] ACPI: LAPIC_NMI (acpi_id[0x33] high edge lint[0x1])
[    0.135491] ACPI: LAPIC_NMI (acpi_id[0x34] high edge lint[0x1])
[    0.135491] ACPI: LAPIC_NMI (acpi_id[0x35] high edge lint[0x1])
[    0.135492] ACPI: LAPIC_NMI (acpi_id[0x36] high edge lint[0x1])
[    0.135492] ACPI: LAPIC_NMI (acpi_id[0x37] high edge lint[0x1])
[    0.135493] ACPI: LAPIC_NMI (acpi_id[0x38] high edge lint[0x1])
[    0.135493] ACPI: LAPIC_NMI (acpi_id[0x39] high edge lint[0x1])
[    0.135493] ACPI: LAPIC_NMI (acpi_id[0x3a] high edge lint[0x1])
[    0.135494] ACPI: LAPIC_NMI (acpi_id[0x3b] high edge lint[0x1])
[    0.135494] ACPI: LAPIC_NMI (acpi_id[0x3c] high edge lint[0x1])
[    0.135495] ACPI: LAPIC_NMI (acpi_id[0x3d] high edge lint[0x1])
[    0.135495] ACPI: LAPIC_NMI (acpi_id[0x3e] high edge lint[0x1])
[    0.135495] ACPI: LAPIC_NMI (acpi_id[0x3f] high edge lint[0x1])
[    0.135496] ACPI: LAPIC_NMI (acpi_id[0x40] high edge lint[0x1])
[    0.135496] ACPI: LAPIC_NMI (acpi_id[0x41] high edge lint[0x1])
[    0.135496] ACPI: LAPIC_NMI (acpi_id[0x42] high edge lint[0x1])
[    0.135497] ACPI: LAPIC_NMI (acpi_id[0x43] high edge lint[0x1])
[    0.135497] ACPI: LAPIC_NMI (acpi_id[0x44] high edge lint[0x1])
[    0.135498] ACPI: LAPIC_NMI (acpi_id[0x45] high edge lint[0x1])
[    0.135498] ACPI: LAPIC_NMI (acpi_id[0x46] high edge lint[0x1])
[    0.135498] ACPI: LAPIC_NMI (acpi_id[0x47] high edge lint[0x1])
[    0.135499] ACPI: LAPIC_NMI (acpi_id[0x48] high edge lint[0x1])
[    0.135499] ACPI: LAPIC_NMI (acpi_id[0x49] high edge lint[0x1])
[    0.135500] ACPI: LAPIC_NMI (acpi_id[0x4a] high edge lint[0x1])
[    0.135500] ACPI: LAPIC_NMI (acpi_id[0x4b] high edge lint[0x1])
[    0.135500] ACPI: LAPIC_NMI (acpi_id[0x4c] high edge lint[0x1])
[    0.135501] ACPI: LAPIC_NMI (acpi_id[0x4d] high edge lint[0x1])
[    0.135501] ACPI: LAPIC_NMI (acpi_id[0x4e] high edge lint[0x1])
[    0.135502] ACPI: LAPIC_NMI (acpi_id[0x4f] high edge lint[0x1])
[    0.135502] ACPI: LAPIC_NMI (acpi_id[0x50] high edge lint[0x1])
[    0.135503] ACPI: LAPIC_NMI (acpi_id[0x51] high edge lint[0x1])
[    0.135503] ACPI: LAPIC_NMI (acpi_id[0x52] high edge lint[0x1])
[    0.135503] ACPI: LAPIC_NMI (acpi_id[0x53] high edge lint[0x1])
[    0.135504] ACPI: LAPIC_NMI (acpi_id[0x54] high edge lint[0x1])
[    0.135504] ACPI: LAPIC_NMI (acpi_id[0x55] high edge lint[0x1])
[    0.135504] ACPI: LAPIC_NMI (acpi_id[0x56] high edge lint[0x1])
[    0.135505] ACPI: LAPIC_NMI (acpi_id[0x57] high edge lint[0x1])
[    0.135505] ACPI: LAPIC_NMI (acpi_id[0x58] high edge lint[0x1])
[    0.135506] ACPI: LAPIC_NMI (acpi_id[0x59] high edge lint[0x1])
[    0.135506] ACPI: LAPIC_NMI (acpi_id[0x5a] high edge lint[0x1])
[    0.135506] ACPI: LAPIC_NMI (acpi_id[0x5b] high edge lint[0x1])
[    0.135507] ACPI: LAPIC_NMI (acpi_id[0x5c] high edge lint[0x1])
[    0.135507] ACPI: LAPIC_NMI (acpi_id[0x5d] high edge lint[0x1])
[    0.135508] ACPI: LAPIC_NMI (acpi_id[0x5e] high edge lint[0x1])
[    0.135508] ACPI: LAPIC_NMI (acpi_id[0x5f] high edge lint[0x1])
[    0.135508] ACPI: LAPIC_NMI (acpi_id[0x60] high edge lint[0x1])
[    0.135509] ACPI: LAPIC_NMI (acpi_id[0x61] high edge lint[0x1])
[    0.135509] ACPI: LAPIC_NMI (acpi_id[0x62] high edge lint[0x1])
[    0.135510] ACPI: LAPIC_NMI (acpi_id[0x63] high edge lint[0x1])
[    0.135510] ACPI: LAPIC_NMI (acpi_id[0x64] high edge lint[0x1])
[    0.135510] ACPI: LAPIC_NMI (acpi_id[0x65] high edge lint[0x1])
[    0.135511] ACPI: LAPIC_NMI (acpi_id[0x66] high edge lint[0x1])
[    0.135511] ACPI: LAPIC_NMI (acpi_id[0x67] high edge lint[0x1])
[    0.135512] ACPI: LAPIC_NMI (acpi_id[0x68] high edge lint[0x1])
[    0.135512] ACPI: LAPIC_NMI (acpi_id[0x69] high edge lint[0x1])
[    0.135512] ACPI: LAPIC_NMI (acpi_id[0x6a] high edge lint[0x1])
[    0.135513] ACPI: LAPIC_NMI (acpi_id[0x6b] high edge lint[0x1])
[    0.135513] ACPI: LAPIC_NMI (acpi_id[0x6c] high edge lint[0x1])
[    0.135514] ACPI: LAPIC_NMI (acpi_id[0x6d] high edge lint[0x1])
[    0.135514] ACPI: LAPIC_NMI (acpi_id[0x6e] high edge lint[0x1])
[    0.135514] ACPI: LAPIC_NMI (acpi_id[0x6f] high edge lint[0x1])
[    0.135515] ACPI: LAPIC_NMI (acpi_id[0x70] high edge lint[0x1])
[    0.135515] ACPI: LAPIC_NMI (acpi_id[0x71] high edge lint[0x1])
[    0.135515] ACPI: LAPIC_NMI (acpi_id[0x72] high edge lint[0x1])
[    0.135516] ACPI: LAPIC_NMI (acpi_id[0x73] high edge lint[0x1])
[    0.135516] ACPI: LAPIC_NMI (acpi_id[0x74] high edge lint[0x1])
[    0.135517] ACPI: LAPIC_NMI (acpi_id[0x75] high edge lint[0x1])
[    0.135517] ACPI: LAPIC_NMI (acpi_id[0x76] high edge lint[0x1])
[    0.135517] ACPI: LAPIC_NMI (acpi_id[0x77] high edge lint[0x1])
[    0.135518] ACPI: LAPIC_NMI (acpi_id[0x78] high edge lint[0x1])
[    0.135518] ACPI: LAPIC_NMI (acpi_id[0x79] high edge lint[0x1])
[    0.135519] ACPI: LAPIC_NMI (acpi_id[0x7a] high edge lint[0x1])
[    0.135519] ACPI: LAPIC_NMI (acpi_id[0x7b] high edge lint[0x1])
[    0.135519] ACPI: LAPIC_NMI (acpi_id[0x7c] high edge lint[0x1])
[    0.135520] ACPI: LAPIC_NMI (acpi_id[0x7d] high edge lint[0x1])
[    0.135520] ACPI: LAPIC_NMI (acpi_id[0x7e] high edge lint[0x1])
[    0.135521] ACPI: LAPIC_NMI (acpi_id[0x7f] high edge lint[0x1])
[    0.135610] IOAPIC[0]: apic_id 1, version 32, address 0xfec00000, GSI 0-23
[    0.135614] ACPI: INT_SRC_OVR (bus 0 bus_irq 0 global_irq 2 high edge)
[    0.135620] ACPI: Using ACPI (MADT) for SMP configuration information
[    0.135622] ACPI: HPET id: 0x8086af01 base: 0xfed00000
[    0.135628] CPU topo: Max. logical packages: 128
[    0.135629] CPU topo: Max. logical dies:     128
[    0.135630] CPU topo: Max. dies per package:   1
[    0.135632] CPU topo: Max. threads per core:   1
[    0.135633] CPU topo: Num. cores per package:     1
[    0.135633] CPU topo: Num. threads per package:   1
[    0.135633] CPU topo: Allowing 4 present CPUs plus 124 hotplug CPUs
[    0.135645] PM: hibernation: Registered nosave memory: [mem 0x00000000-0x00000fff]
[    0.135646] PM: hibernation: Registered nosave memory: [mem 0x0009e000-0x000fffff]
[    0.135647] PM: hibernation: Registered nosave memory: [mem 0xbfed0000-0xbfefffff]
[    0.135648] PM: hibernation: Registered nosave memory: [mem 0xc0000000-0xffffffff]
[    0.135649] [mem 0xc0000000-0xefffffff] available for PCI devices
[    0.135651] Booting paravirtualized kernel on VMware hypervisor
[    0.135652] clocksource: refined-jiffies: mask: 0xffffffff max_cycles: 0xffffffff, max_idle_ns: 1910969940391419 ns
[    0.135657] setup_percpu: NR_CPUS:8192 nr_cpumask_bits:128 nr_cpu_ids:128 nr_node_ids:1
[    0.261631] percpu: Embedded 88 pages/cpu s237568 r8192 d114688 u524288
[    0.261658] pcpu-alloc: s237568 r8192 d114688 u524288 alloc=1*2097152
[    0.261660] pcpu-alloc: [0] 000 001 002 003 [0] 004 005 006 007 
[    0.261663] pcpu-alloc: [0] 008 009 010 011 [0] 012 013 014 015 
[    0.261666] pcpu-alloc: [0] 016 017 018 019 [0] 020 021 022 023 
[    0.261668] pcpu-alloc: [0] 024 025 026 027 [0] 028 029 030 031 
[    0.261670] pcpu-alloc: [0] 032 033 034 035 [0] 036 037 038 039 
[    0.261673] pcpu-alloc: [0] 040 041 042 043 [0] 044 045 046 047 
[    0.261675] pcpu-alloc: [0] 048 049 050 051 [0] 052 053 054 055 
[    0.261677] pcpu-alloc: [0] 056 057 058 059 [0] 060 061 062 063 
[    0.261680] pcpu-alloc: [0] 064 065 066 067 [0] 068 069 070 071 
[    0.261682] pcpu-alloc: [0] 072 073 074 075 [0] 076 077 078 079 
[    0.261685] pcpu-alloc: [0] 080 081 082 083 [0] 084 085 086 087 
[    0.261687] pcpu-alloc: [0] 088 089 090 091 [0] 092 093 094 095 
[    0.261690] pcpu-alloc: [0] 096 097 098 099 [0] 100 101 102 103 
[    0.261692] pcpu-alloc: [0] 104 105 106 107 [0] 108 109 110 111 
[    0.261695] pcpu-alloc: [0] 112 113 114 115 [0] 116 117 118 119 
[    0.261697] pcpu-alloc: [0] 120 121 122 123 [0] 124 125 126 127 
[    0.261743] Kernel command line: BOOT_IMAGE=/boot/vmlinuz-6.14.0-35-generic root=UUID=d55d10f7-3be2-4fae-9f74-6ddb42a6afa5 ro quiet splash
[    0.261789] Unknown kernel command line parameters "splash BOOT_IMAGE=/boot/vmlinuz-6.14.0-35-generic", will be passed to user space.
[    0.261800] random: crng init done
[    0.261801] printk: log_buf_len individual max cpu contribution: 4096 bytes
[    0.261802] printk: log_buf_len total cpu_extra contributions: 520192 bytes
[    0.261803] printk: log_buf_len min size: 262144 bytes
[    0.270287] printk: log buffer data + meta data: 1048576 + 3670016 = 4718592 bytes
[    0.270289] printk: early log buf free: 244888(93%)
[    0.277728] Dentry cache hash table entries: 524288 (order: 10, 4194304 bytes, linear)
[    0.281415] Inode-cache hash table entries: 262144 (order: 9, 2097152 bytes, linear)
[    0.283793] Fallback order for Node 0: 0 
[    0.283804] Built 1 zonelists, mobility grouping on.  Total pages: 1048429
[    0.283805] Policy zone: Normal
[    0.283813] mem auto-init: stack:all(zero), heap alloc:on, heap free:off
[    0.283819] software IO TLB: area num 128.
[    0.357885] SLUB: HWalign=64, Order=0-3, MinObjects=0, CPUs=128, Nodes=1
[    0.359746] Kernel/User page tables isolation: enabled
[    0.360203] ftrace: allocating 60406 entries in 236 pages
[    0.388866] ftrace: allocated 236 pages with 5 groups
[    0.390497] Dynamic Preempt: voluntary
[    0.392192] rcu: Preemptible hierarchical RCU implementation.
[    0.392194] rcu: 	RCU restricting CPUs from NR_CPUS=8192 to nr_cpu_ids=128.
[    0.392195] 	Trampoline variant of Tasks RCU enabled.
[    0.392195] 	Rude variant of Tasks RCU enabled.
[    0.392196] 	Tracing variant of Tasks RCU enabled.
[    0.392196] rcu: RCU calculated value of scheduler-enlistment delay is 100 jiffies.
[    0.392197] rcu: Adjusting geometry for rcu_fanout_leaf=16, nr_cpu_ids=128
[    0.392487] RCU Tasks: Setting shift to 7 and lim to 1 rcu_task_cb_adjust=1 rcu_task_cpu_ids=128.
[    0.392493] RCU Tasks Rude: Setting shift to 7 and lim to 1 rcu_task_cb_adjust=1 rcu_task_cpu_ids=128.
[    0.392499] RCU Tasks Trace: Setting shift to 7 and lim to 1 rcu_task_cb_adjust=1 rcu_task_cpu_ids=128.
[    0.395902] NR_IRQS: 524544, nr_irqs: 1448, preallocated irqs: 16
[    0.396483] rcu: srcu_init: Setting srcu_struct sizes to big.
[    0.407374] Console: colour VGA+ 80x25
[    0.407377] printk: legacy console [tty0] enabled
[    0.407483] ACPI: Core revision 20240827
[    0.408151] clocksource: hpet: mask: 0xffffffff max_cycles: 0xffffffff, max_idle_ns: 133484882848 ns
[    0.408261] APIC: Switch to symmetric I/O mode setup
[    0.408598] x2apic enabled
[    0.408853] APIC: Switched APIC routing to: physical x2apic
[    0.411820] ..TIMER: vector=0x30 apic1=0 pin1=2 apic2=-1 pin2=-1
[    0.411870] clocksource: tsc-early: mask: 0xffffffffffffffff max_cycles: 0x2a1127c03e1, max_idle_ns: 440795223858 ns
[    0.411878] Calibrating delay loop (skipped) preset value.. 5836.79 BogoMIPS (lpj=2918399)
[    0.412399] x86/cpu: User Mode Instruction Prevention (UMIP) activated
[    0.412960] Last level iTLB entries: 4KB 0, 2MB 0, 4MB 0
[    0.412962] Last level dTLB entries: 4KB 0, 2MB 0, 4MB 0, 1GB 0
[    0.412968] Spectre V1 : Mitigation: usercopy/swapgs barriers and __user pointer sanitization
[    0.412969] Spectre V2 : Spectre BHI mitigation: SW BHB clearing on syscall and VM exit
[    0.412970] Spectre V2 : Mitigation: IBRS
[    0.412971] Spectre V2 : Spectre v2 / SpectreRSB: Filling RSB on context switch and VMEXIT
[    0.412972] RETBleed: Mitigation: IBRS
[    0.412973] Spectre V2 : mitigation: Enabling conditional Indirect Branch Prediction Barrier
[    0.412974] Speculative Store Bypass: Mitigation: Speculative Store Bypass disabled via prctl
[    0.412976] MDS: Mitigation: Clear CPU buffers
[    0.412976] MMIO Stale Data: Unknown: No mitigations
[    0.412977] Register File Data Sampling: Vulnerable: No microcode
[    0.412977] ITS: Mitigation: Aligned branch/return thunks
[    0.413012] x86/fpu: Supporting XSAVE feature 0x001: 'x87 floating point registers'
[    0.413013] x86/fpu: Supporting XSAVE feature 0x002: 'SSE registers'
[    0.413014] x86/fpu: Supporting XSAVE feature 0x004: 'AVX registers'
[    0.413015] x86/fpu: xstate_offset[2]:  576, xstate_sizes[2]:  256
[    0.413016] x86/fpu: Enabled xstate features 0x7, context size is 832 bytes, using 'compacted' format.
[    0.655988] Freeing SMP alternatives memory: 48K
[    0.655995] pid_max: default: 131072 minimum: 1024
[    0.656128] LSM: initializing lsm=lockdown,capability,landlock,yama,apparmor,ima,evm
[    0.656140] landlock: Up and running.
[    0.656141] Yama: becoming mindful.
[    0.656265] AppArmor: AppArmor initialized
[    0.656472] Mount-cache hash table entries: 8192 (order: 4, 65536 bytes, linear)
[    0.656578] Mountpoint-cache hash table entries: 8192 (order: 4, 65536 bytes, linear)
[    0.658549] smpboot: CPU0: 13th Gen Intel(R) Core(TM) i7-13700H (family: 0x6, model: 0xba, stepping: 0x2)
[    0.660082] Performance Events: Alderlake Hybrid events, core PMU driver.
[    0.660365] core: CPUID marked event: 'cpu cycles' unavailable
[    0.660369] core: CPUID marked event: 'instructions' unavailable
[    0.660373] core: CPUID marked event: 'bus cycles' unavailable
[    0.660377] core: CPUID marked event: 'cache references' unavailable
[    0.660382] core: CPUID marked event: 'cache misses' unavailable
[    0.660386] core: CPUID marked event: 'branch instructions' unavailable
[    0.660390] core: CPUID marked event: 'branch misses' unavailable
[    0.660578] core: cpu_core PMU driver: 
[    0.660586] ... version:                1
[    0.660591] ... bit width:              48
[    0.660595] ... generic registers:      6
[    0.660599] ... value mask:             0000ffffffffffff
[    0.660603] ... max period:             000000007fffffff
[    0.660608] ... fixed-purpose events:   0
[    0.660612] ... event mask:             000100000000003f
[    0.660747] signal: max sigframe size: 1776
[    0.660963] rcu: Hierarchical SRCU implementation.
[    0.660967] rcu: 	Max phase no-delay instances is 400.
[    0.661295] Timer migration: 3 hierarchy levels; 8 children per group; 3 crossnode level
[    0.662666] NMI watchdog: Perf NMI watchdog permanently disabled
[    0.671547] smp: Bringing up secondary CPUs ...
[    0.672533] smpboot: x86: Booting SMP configuration:
[    0.672538] .... node  #0, CPUs:          #1   #2   #3
[    0.677068] smp: Brought up 1 node, 4 CPUs
[    0.677075] smpboot: Total of 4 processors activated (23347.19 BogoMIPS)
[    0.679218] Memory: 3862396K/4193716K available (21451K kernel code, 4568K rwdata, 15064K rodata, 5140K init, 4432K bss, 313852K reserved, 0K cma-reserved)
[    0.680144] devtmpfs: initialized
[    0.680216] x86/mm: Memory block size: 128MB
[    0.681999] ACPI: PM: Registering ACPI NVS region [mem 0xbfeff000-0xbfefffff] (4096 bytes)
[    0.682210] clocksource: jiffies: mask: 0xffffffff max_cycles: 0xffffffff, max_idle_ns: 1911260446275000 ns
[    0.685941] futex hash table entries: 32768 (order: 9, 2097152 bytes, linear)
[    0.686650] pinctrl core: initialized pinctrl subsystem
[    0.687025] PM: RTC time: 17:43:34, date: 2025-11-17
[    0.691636] NET: Registered PF_NETLINK/PF_ROUTE protocol family
[    0.692771] DMA: preallocated 512 KiB GFP_KERNEL pool for atomic allocations
[    0.692819] DMA: preallocated 512 KiB GFP_KERNEL|GFP_DMA pool for atomic allocations
[    0.692908] DMA: preallocated 512 KiB GFP_KERNEL|GFP_DMA32 pool for atomic allocations
[    0.692926] audit: initializing netlink subsys (disabled)
[    0.693105] audit: type=2000 audit(1763401414.281:1): state=initialized audit_enabled=0 res=1
[    0.693204] thermal_sys: Registered thermal governor 'fair_share'
[    0.693209] thermal_sys: Registered thermal governor 'bang_bang'
[    0.693214] thermal_sys: Registered thermal governor 'step_wise'
[    0.693218] thermal_sys: Registered thermal governor 'user_space'
[    0.693222] thermal_sys: Registered thermal governor 'power_allocator'
[    0.693283] cpuidle: using governor ladder
[    0.693344] cpuidle: using governor menu
[    0.693427] Simple Boot Flag at 0x36 set to 0x80
[    0.693950] acpiphp: ACPI Hot Plug PCI Controller Driver version: 0.5
[    0.694361] PCI: ECAM [mem 0xf0000000-0xf7ffffff] (base 0xf0000000) for domain 0000 [bus 00-7f]
[    0.694374] PCI: Using configuration type 1 for base access
[    0.694724] kprobes: kprobe jump-optimization is enabled. All kprobes are optimized if possible.
[    0.697997] HugeTLB: registered 1.00 GiB page size, pre-allocated 0 pages
[    0.698003] HugeTLB: 16380 KiB vmemmap can be freed for a 1.00 GiB page
[    0.698008] HugeTLB: registered 2.00 MiB page size, pre-allocated 0 pages
[    0.698012] HugeTLB: 28 KiB vmemmap can be freed for a 2.00 MiB page
[    0.701102] ACPI: Added _OSI(Module Device)
[    0.701108] ACPI: Added _OSI(Processor Device)
[    0.701112] ACPI: Added _OSI(Processor Aggregator Device)
[    0.715192] ACPI: 1 ACPI AML tables successfully acquired and loaded
[    0.717157] ACPI: [Firmware Bug]: BIOS _OSI(Linux) query ignored
[    0.728367] ACPI: Interpreter enabled
[    0.728407] ACPI: PM: (supports S0 S1 S4 S5)
[    0.728412] ACPI: Using IOAPIC for interrupt routing
[    0.729732] PCI: Using host bridge windows from ACPI; if necessary, use "pci=nocrs" and report a bug
[    0.729737] PCI: Using E820 reservations for host bridge windows
[    0.730555] ACPI: Enabled 4 GPEs in block 00 to 0F
[    0.873444] ACPI: PCI Root Bridge [PCI0] (domain 0000 [bus 00-7f])
[    0.873455] acpi PNP0A03:00: _OSC: OS supports [ExtendedConfig ASPM ClockPM Segments MSI EDR HPX-Type3]
[    0.873526] acpi PNP0A03:00: _OSC: platform does not support [AER LTR DPC]
[    0.873639] acpi PNP0A03:00: _OSC: OS now controls [PCIeHotplug SHPCHotplug PME PCIeCapability]
[    0.875821] PCI host bridge to bus 0000:00
[    0.875829] pci_bus 0000:00: root bus resource [mem 0x000a0000-0x000bffff window]
[    0.875835] pci_bus 0000:00: root bus resource [mem 0x000d0000-0x000dbfff window]
[    0.875840] pci_bus 0000:00: root bus resource [mem 0xc0000000-0xfebfffff window]
[    0.875844] pci_bus 0000:00: root bus resource [io  0x0000-0x0cf7 window]
[    0.875849] pci_bus 0000:00: root bus resource [io  0x0d00-0xfeff window]
[    0.875854] pci_bus 0000:00: root bus resource [bus 00-7f]
[    0.875960] pci 0000:00:00.0: [8086:7190] type 00 class 0x060000 conventional PCI endpoint
[    0.876582] pci 0000:00:01.0: [8086:7191] type 01 class 0x060400 conventional PCI bridge
[    0.876782] pci 0000:00:01.0: PCI bridge to [bus 01]
[    0.882941] pci 0000:00:07.0: [8086:7110] type 00 class 0x060100 conventional PCI endpoint
[    0.883647] pci 0000:00:07.1: [8086:7111] type 00 class 0x01018a conventional PCI endpoint
[    0.884130] pci 0000:00:07.1: BAR 4 [io  0x1060-0x106f]
[    0.884173] pci 0000:00:07.1: BAR 0 [io  0x01f0-0x01f7]: legacy IDE quirk
[    0.884178] pci 0000:00:07.1: BAR 1 [io  0x03f6]: legacy IDE quirk
[    0.884183] pci 0000:00:07.1: BAR 2 [io  0x0170-0x0177]: legacy IDE quirk
[    0.884187] pci 0000:00:07.1: BAR 3 [io  0x0376]: legacy IDE quirk
[    0.884433] pci 0000:00:07.3: [8086:7113] type 00 class 0x068000 conventional PCI endpoint
[    0.884962] pci 0000:00:07.3: quirk: [io  0x1000-0x103f] claimed by PIIX4 ACPI
[    0.884976] pci 0000:00:07.3: quirk: [io  0x1040-0x104f] claimed by PIIX4 SMB
[    0.885280] pci 0000:00:07.7: [15ad:0740] type 00 class 0x088000 conventional PCI endpoint
[    0.885901] pci 0000:00:07.7: BAR 0 [io  0x1080-0x10bf]
[    0.885922] pci 0000:00:07.7: BAR 1 [mem 0xfebc0000-0xfebfffff 64bit]
[    0.894076] pci 0000:00:0f.0: [15ad:0405] type 00 class 0x030000 conventional PCI endpoint
[    0.894917] pci 0000:00:0f.0: BAR 0 [io  0x1070-0x107f]
[    0.894936] pci 0000:00:0f.0: BAR 1 [mem 0xe8000000-0xefffffff pref]
[    0.894950] pci 0000:00:0f.0: BAR 2 [mem 0xfe000000-0xfe7fffff]
[    0.894992] pci 0000:00:0f.0: ROM [mem 0x00000000-0x00007fff pref]
[    0.895071] pci 0000:00:0f.0: Video device with shadowed ROM at [mem 0x000c0000-0x000dffff]
[    0.895472] pci 0000:00:10.0: [1000:0030] type 00 class 0x010000 conventional PCI endpoint
[    0.896454] pci 0000:00:10.0: BAR 0 [io  0x1400-0x14ff]
[    0.896476] pci 0000:00:10.0: BAR 1 [mem 0xfeb80000-0xfeb9ffff 64bit]
[    0.896497] pci 0000:00:10.0: BAR 3 [mem 0xfeba0000-0xfebbffff 64bit]
[    0.896517] pci 0000:00:10.0: ROM [mem 0x00000000-0x00003fff pref]
[    0.896950] pci 0000:00:11.0: [15ad:0790] type 01 class 0x060401 conventional PCI bridge
[    0.897144] pci 0000:00:11.0: PCI bridge to [bus 02] (subtractive decode)
[    0.897166] pci 0000:00:11.0:   bridge window [io  0x2000-0x3fff]
[    0.897187] pci 0000:00:11.0:   bridge window [mem 0xfd500000-0xfdffffff]
[    0.897265] pci 0000:00:11.0:   bridge window [mem 0xe7b00000-0xe7ffffff 64bit pref]
[    0.903567] pci 0000:00:15.0: [15ad:07a0] type 01 class 0x060400 PCIe Root Port
[    0.903767] pci 0000:00:15.0: PCI bridge to [bus 03]
[    0.903791] pci 0000:00:15.0:   bridge window [io  0x4000-0x4fff]
[    0.903812] pci 0000:00:15.0:   bridge window [mem 0xfd400000-0xfd4fffff]
[    0.903905] pci 0000:00:15.0:   bridge window [mem 0xe7a00000-0xe7afffff 64bit pref]
[    0.904339] pci 0000:00:15.0: PME# supported from D0 D3hot D3cold
[    0.904838] pci 0000:00:15.1: [15ad:07a0] type 01 class 0x060400 PCIe Root Port
[    0.905056] pci 0000:00:15.1: PCI bridge to [bus 04]
[    0.905079] pci 0000:00:15.1:   bridge window [io  0x8000-0x8fff]
[    0.905100] pci 0000:00:15.1:   bridge window [mem 0xfd000000-0xfd0fffff]
[    0.905178] pci 0000:00:15.1:   bridge window [mem 0xe7600000-0xe76fffff 64bit pref]
[    0.905651] pci 0000:00:15.1: PME# supported from D0 D3hot D3cold
[    0.906080] pci 0000:00:15.2: [15ad:07a0] type 01 class 0x060400 PCIe Root Port
[    0.906275] pci 0000:00:15.2: PCI bridge to [bus 05]
[    0.906297] pci 0000:00:15.2:   bridge window [io  0xc000-0xcfff]
[    0.906317] pci 0000:00:15.2:   bridge window [mem 0xfcc00000-0xfccfffff]
[    0.906402] pci 0000:00:15.2:   bridge window [mem 0xe7200000-0xe72fffff 64bit pref]
[    0.906804] pci 0000:00:15.2: PME# supported from D0 D3hot D3cold
[    0.907227] pci 0000:00:15.3: [15ad:07a0] type 01 class 0x060400 PCIe Root Port
[    0.907424] pci 0000:00:15.3: PCI bridge to [bus 06]
[    0.907496] pci 0000:00:15.3:   bridge window [mem 0xfc800000-0xfc8fffff]
[    0.907572] pci 0000:00:15.3:   bridge window [mem 0xe6e00000-0xe6efffff 64bit pref]
[    0.908003] pci 0000:00:15.3: PME# supported from D0 D3hot D3cold
[    0.908411] pci 0000:00:15.4: [15ad:07a0] type 01 class 0x060400 PCIe Root Port
[    0.908607] pci 0000:00:15.4: PCI bridge to [bus 07]
[    0.908645] pci 0000:00:15.4:   bridge window [mem 0xfc400000-0xfc4fffff]
[    0.908724] pci 0000:00:15.4:   bridge window [mem 0xe6a00000-0xe6afffff 64bit pref]
[    0.909150] pci 0000:00:15.4: PME# supported from D0 D3hot D3cold
[    0.909604] pci 0000:00:15.5: [15ad:07a0] type 01 class 0x060400 PCIe Root Port
[    0.909818] pci 0000:00:15.5: PCI bridge to [bus 08]
[    0.909861] pci 0000:00:15.5:   bridge window [mem 0xfc000000-0xfc0fffff]
[    0.909966] pci 0000:00:15.5:   bridge window [mem 0xe6600000-0xe66fffff 64bit pref]
[    0.910432] pci 0000:00:15.5: PME# supported from D0 D3hot D3cold
[    0.910832] pci 0000:00:15.6: [15ad:07a0] type 01 class 0x060400 PCIe Root Port
[    0.911030] pci 0000:00:15.6: PCI bridge to [bus 09]
[    0.911068] pci 0000:00:15.6:   bridge window [mem 0xfbc00000-0xfbcfffff]
[    0.911152] pci 0000:00:15.6:   bridge window [mem 0xe6200000-0xe62fffff 64bit pref]
[    0.911572] pci 0000:00:15.6: PME# supported from D0 D3hot D3cold
[    0.912092] pci 0000:00:15.7: [15ad:07a0] type 01 class 0x060400 PCIe Root Port
[    0.912288] pci 0000:00:15.7: PCI bridge to [bus 0a]
[    0.912326] pci 0000:00:15.7:   bridge window [mem 0xfb800000-0xfb8fffff]
[    0.912412] pci 0000:00:15.7:   bridge window [mem 0xe5e00000-0xe5efffff 64bit pref]
[    0.912816] pci 0000:00:15.7: PME# supported from D0 D3hot D3cold
[    0.913248] pci 0000:00:16.0: [15ad:07a0] type 01 class 0x060400 PCIe Root Port
[    0.913448] pci 0000:00:16.0: PCI bridge to [bus 0b]
[    0.913470] pci 0000:00:16.0:   bridge window [io  0x5000-0x5fff]
[    0.913492] pci 0000:00:16.0:   bridge window [mem 0xfd300000-0xfd3fffff]
[    0.913569] pci 0000:00:16.0:   bridge window [mem 0xe7900000-0xe79fffff 64bit pref]
[    0.913994] pci 0000:00:16.0: PME# supported from D0 D3hot D3cold
[    0.914433] pci 0000:00:16.1: [15ad:07a0] type 01 class 0x060400 PCIe Root Port
[    0.914629] pci 0000:00:16.1: PCI bridge to [bus 0c]
[    0.914651] pci 0000:00:16.1:   bridge window [io  0x9000-0x9fff]
[    0.914671] pci 0000:00:16.1:   bridge window [mem 0xfcf00000-0xfcffffff]
[    0.914748] pci 0000:00:16.1:   bridge window [mem 0xe7500000-0xe75fffff 64bit pref]
[    0.915182] pci 0000:00:16.1: PME# supported from D0 D3hot D3cold
[    0.915619] pci 0000:00:16.2: [15ad:07a0] type 01 class 0x060400 PCIe Root Port
[    0.915815] pci 0000:00:16.2: PCI bridge to [bus 0d]
[    0.915837] pci 0000:00:16.2:   bridge window [io  0xd000-0xdfff]
[    0.915857] pci 0000:00:16.2:   bridge window [mem 0xfcb00000-0xfcbfffff]
[    0.915951] pci 0000:00:16.2:   bridge window [mem 0xe7100000-0xe71fffff 64bit pref]
[    0.916383] pci 0000:00:16.2: PME# supported from D0 D3hot D3cold
[    0.916808] pci 0000:00:16.3: [15ad:07a0] type 01 class 0x060400 PCIe Root Port
[    0.917026] pci 0000:00:16.3: PCI bridge to [bus 0e]
[    0.917064] pci 0000:00:16.3:   bridge window [mem 0xfc700000-0xfc7fffff]
[    0.917142] pci 0000:00:16.3:   bridge window [mem 0xe6d00000-0xe6dfffff 64bit pref]
[    0.917561] pci 0000:00:16.3: PME# supported from D0 D3hot D3cold
[    0.917994] pci 0000:00:16.4: [15ad:07a0] type 01 class 0x060400 PCIe Root Port
[    0.918186] pci 0000:00:16.4: PCI bridge to [bus 0f]
[    0.918223] pci 0000:00:16.4:   bridge window [mem 0xfc300000-0xfc3fffff]
[    0.918298] pci 0000:00:16.4:   bridge window [mem 0xe6900000-0xe69fffff 64bit pref]
[    0.918712] pci 0000:00:16.4: PME# supported from D0 D3hot D3cold
[    0.919153] pci 0000:00:16.5: [15ad:07a0] type 01 class 0x060400 PCIe Root Port
[    0.919350] pci 0000:00:16.5: PCI bridge to [bus 10]
[    0.919396] pci 0000:00:16.5:   bridge window [mem 0xfbf00000-0xfbffffff]
[    0.919471] pci 0000:00:16.5:   bridge window [mem 0xe6500000-0xe65fffff 64bit pref]
[    0.919903] pci 0000:00:16.5: PME# supported from D0 D3hot D3cold
[    0.920348] pci 0000:00:16.6: [15ad:07a0] type 01 class 0x060400 PCIe Root Port
[    0.920545] pci 0000:00:16.6: PCI bridge to [bus 11]
[    0.920583] pci 0000:00:16.6:   bridge window [mem 0xfbb00000-0xfbbfffff]
[    0.920655] pci 0000:00:16.6:   bridge window [mem 0xe6100000-0xe61fffff 64bit pref]
[    0.921057] pci 0000:00:16.6: PME# supported from D0 D3hot D3cold
[    0.921516] pci 0000:00:16.7: [15ad:07a0] type 01 class 0x060400 PCIe Root Port
[    0.921705] pci 0000:00:16.7: PCI bridge to [bus 12]
[    0.921751] pci 0000:00:16.7:   bridge window [mem 0xfb700000-0xfb7fffff]
[    0.921826] pci 0000:00:16.7:   bridge window [mem 0xe5d00000-0xe5dfffff 64bit pref]
[    0.922250] pci 0000:00:16.7: PME# supported from D0 D3hot D3cold
[    0.922669] pci 0000:00:17.0: [15ad:07a0] type 01 class 0x060400 PCIe Root Port
[    0.922863] pci 0000:00:17.0: PCI bridge to [bus 13]
[    0.922903] pci 0000:00:17.0:   bridge window [io  0x6000-0x6fff]
[    0.922923] pci 0000:00:17.0:   bridge window [mem 0xfd200000-0xfd2fffff]
[    0.922999] pci 0000:00:17.0:   bridge window [mem 0xe7800000-0xe78fffff 64bit pref]
[    0.923431] pci 0000:00:17.0: PME# supported from D0 D3hot D3cold
[    0.923845] pci 0000:00:17.1: [15ad:07a0] type 01 class 0x060400 PCIe Root Port
[    0.924045] pci 0000:00:17.1: PCI bridge to [bus 14]
[    0.924066] pci 0000:00:17.1:   bridge window [io  0xa000-0xafff]
[    0.924087] pci 0000:00:17.1:   bridge window [mem 0xfce00000-0xfcefffff]
[    0.924164] pci 0000:00:17.1:   bridge window [mem 0xe7400000-0xe74fffff 64bit pref]
[    0.924592] pci 0000:00:17.1: PME# supported from D0 D3hot D3cold
[    0.925021] pci 0000:00:17.2: [15ad:07a0] type 01 class 0x060400 PCIe Root Port
[    0.925216] pci 0000:00:17.2: PCI bridge to [bus 15]
[    0.925237] pci 0000:00:17.2:   bridge window [io  0xe000-0xefff]
[    0.925258] pci 0000:00:17.2:   bridge window [mem 0xfca00000-0xfcafffff]
[    0.925333] pci 0000:00:17.2:   bridge window [mem 0xe7000000-0xe70fffff 64bit pref]
[    0.925738] pci 0000:00:17.2: PME# supported from D0 D3hot D3cold
[    0.926158] pci 0000:00:17.3: [15ad:07a0] type 01 class 0x060400 PCIe Root Port
[    0.926353] pci 0000:00:17.3: PCI bridge to [bus 16]
[    0.926399] pci 0000:00:17.3:   bridge window [mem 0xfc600000-0xfc6fffff]
[    0.926477] pci 0000:00:17.3:   bridge window [mem 0xe6c00000-0xe6cfffff 64bit pref]
[    0.926864] pci 0000:00:17.3: PME# supported from D0 D3hot D3cold
[    0.927271] pci 0000:00:17.4: [15ad:07a0] type 01 class 0x060400 PCIe Root Port
[    0.927469] pci 0000:00:17.4: PCI bridge to [bus 17]
[    0.927505] pci 0000:00:17.4:   bridge window [mem 0xfc200000-0xfc2fffff]
[    0.927577] pci 0000:00:17.4:   bridge window [mem 0xe6800000-0xe68fffff 64bit pref]
[    0.927979] pci 0000:00:17.4: PME# supported from D0 D3hot D3cold
[    0.928381] pci 0000:00:17.5: [15ad:07a0] type 01 class 0x060400 PCIe Root Port
[    0.928571] pci 0000:00:17.5: PCI bridge to [bus 18]
[    0.928609] pci 0000:00:17.5:   bridge window [mem 0xfbe00000-0xfbefffff]
[    0.928684] pci 0000:00:17.5:   bridge window [mem 0xe6400000-0xe64fffff 64bit pref]
[    0.929113] pci 0000:00:17.5: PME# supported from D0 D3hot D3cold
[    0.929532] pci 0000:00:17.6: [15ad:07a0] type 01 class 0x060400 PCIe Root Port
[    0.929726] pci 0000:00:17.6: PCI bridge to [bus 19]
[    0.929764] pci 0000:00:17.6:   bridge window [mem 0xfba00000-0xfbafffff]
[    0.929841] pci 0000:00:17.6:   bridge window [mem 0xe6000000-0xe60fffff 64bit pref]
[    0.930271] pci 0000:00:17.6: PME# supported from D0 D3hot D3cold
[    0.932059] pci 0000:00:17.7: [15ad:07a0] type 01 class 0x060400 PCIe Root Port
[    0.932269] pci 0000:00:17.7: PCI bridge to [bus 1a]
[    0.932326] pci 0000:00:17.7:   bridge window [mem 0xfb600000-0xfb6fffff]
[    0.932404] pci 0000:00:17.7:   bridge window [mem 0xe5c00000-0xe5cfffff 64bit pref]
[    0.932913] pci 0000:00:17.7: PME# supported from D0 D3hot D3cold
[    0.933423] pci 0000:00:18.0: [15ad:07a0] type 01 class 0x060400 PCIe Root Port
[    0.933623] pci 0000:00:18.0: PCI bridge to [bus 1b]
[    0.933651] pci 0000:00:18.0:   bridge window [io  0x7000-0x7fff]
[    0.933671] pci 0000:00:18.0:   bridge window [mem 0xfd100000-0xfd1fffff]
[    0.933748] pci 0000:00:18.0:   bridge window [mem 0xe7700000-0xe77fffff 64bit pref]
[    0.934190] pci 0000:00:18.0: PME# supported from D0 D3hot D3cold
[    0.934635] pci 0000:00:18.1: [15ad:07a0] type 01 class 0x060400 PCIe Root Port
[    0.934817] pci 0000:00:18.1: PCI bridge to [bus 1c]
[    0.934838] pci 0000:00:18.1:   bridge window [io  0xb000-0xbfff]
[    0.934857] pci 0000:00:18.1:   bridge window [mem 0xfcd00000-0xfcdfffff]
[    0.934938] pci 0000:00:18.1:   bridge window [mem 0xe7300000-0xe73fffff 64bit pref]
[    0.935345] pci 0000:00:18.1: PME# supported from D0 D3hot D3cold
[    0.935803] pci 0000:00:18.2: [15ad:07a0] type 01 class 0x060400 PCIe Root Port
[    0.936010] pci 0000:00:18.2: PCI bridge to [bus 1d]
[    0.936047] pci 0000:00:18.2:   bridge window [mem 0xfc900000-0xfc9fffff]
[    0.936125] pci 0000:00:18.2:   bridge window [mem 0xe6f00000-0xe6ffffff 64bit pref]
[    0.936544] pci 0000:00:18.2: PME# supported from D0 D3hot D3cold
[    0.936987] pci 0000:00:18.3: [15ad:07a0] type 01 class 0x060400 PCIe Root Port
[    0.937186] pci 0000:00:18.3: PCI bridge to [bus 1e]
[    0.937224] pci 0000:00:18.3:   bridge window [mem 0xfc500000-0xfc5fffff]
[    0.937301] pci 0000:00:18.3:   bridge window [mem 0xe6b00000-0xe6bfffff 64bit pref]
[    0.937725] pci 0000:00:18.3: PME# supported from D0 D3hot D3cold
[    0.938162] pci 0000:00:18.4: [15ad:07a0] type 01 class 0x060400 PCIe Root Port
[    0.938354] pci 0000:00:18.4: PCI bridge to [bus 1f]
[    0.938401] pci 0000:00:18.4:   bridge window [mem 0xfc100000-0xfc1fffff]
[    0.938477] pci 0000:00:18.4:   bridge window [mem 0xe6700000-0xe67fffff 64bit pref]
[    0.938893] pci 0000:00:18.4: PME# supported from D0 D3hot D3cold
[    0.939303] pci 0000:00:18.5: [15ad:07a0] type 01 class 0x060400 PCIe Root Port
[    0.939522] pci 0000:00:18.5: PCI bridge to [bus 20]
[    0.939560] pci 0000:00:18.5:   bridge window [mem 0xfbd00000-0xfbdfffff]
[    0.939637] pci 0000:00:18.5:   bridge window [mem 0xe6300000-0xe63fffff 64bit pref]
[    0.940068] pci 0000:00:18.5: PME# supported from D0 D3hot D3cold
[    0.940474] pci 0000:00:18.6: [15ad:07a0] type 01 class 0x060400 PCIe Root Port
[    0.940656] pci 0000:00:18.6: PCI bridge to [bus 21]
[    0.940691] pci 0000:00:18.6:   bridge window [mem 0xfb900000-0xfb9fffff]
[    0.940763] pci 0000:00:18.6:   bridge window [mem 0xe5f00000-0xe5ffffff 64bit pref]
[    0.941173] pci 0000:00:18.6: PME# supported from D0 D3hot D3cold
[    0.941665] pci 0000:00:18.7: [15ad:07a0] type 01 class 0x060400 PCIe Root Port
[    0.941846] pci 0000:00:18.7: PCI bridge to [bus 22]
[    0.941893] pci 0000:00:18.7:   bridge window [mem 0xfb500000-0xfb5fffff]
[    0.941965] pci 0000:00:18.7:   bridge window [mem 0xe5b00000-0xe5bfffff 64bit pref]
[    0.942383] pci 0000:00:18.7: PME# supported from D0 D3hot D3cold
[    0.952638] pci_bus 0000:01: extended config space not accessible
[    0.988116] pci 0000:00:01.0: PCI bridge to [bus 01]
[    0.988307] pci_bus 0000:02: extended config space not accessible
[    0.988553] acpiphp: Slot [32] registered
[    0.988571] acpiphp: Slot [33] registered
[    0.988588] acpiphp: Slot [34] registered
[    0.988603] acpiphp: Slot [35] registered
[    0.988619] acpiphp: Slot [36] registered
[    0.988647] acpiphp: Slot [37] registered
[    0.988662] acpiphp: Slot [38] registered
[    0.988677] acpiphp: Slot [39] registered
[    0.988693] acpiphp: Slot [40] registered
[    0.988719] acpiphp: Slot [41] registered
[    0.988734] acpiphp: Slot [42] registered
[    0.988750] acpiphp: Slot [43] registered
[    0.988765] acpiphp: Slot [44] registered
[    0.988825] acpiphp: Slot [45] registered
[    0.988842] acpiphp: Slot [46] registered
[    0.988858] acpiphp: Slot [47] registered
[    0.988889] acpiphp: Slot [48] registered
[    0.988905] acpiphp: Slot [49] registered
[    0.988921] acpiphp: Slot [50] registered
[    0.988937] acpiphp: Slot [51] registered
[    0.988964] acpiphp: Slot [52] registered
[    0.988980] acpiphp: Slot [53] registered
[    0.988996] acpiphp: Slot [54] registered
[    0.989012] acpiphp: Slot [55] registered
[    0.989027] acpiphp: Slot [56] registered
[    0.989043] acpiphp: Slot [57] registered
[    0.989059] acpiphp: Slot [58] registered
[    0.989075] acpiphp: Slot [59] registered
[    0.989102] acpiphp: Slot [60] registered
[    0.989118] acpiphp: Slot [61] registered
[    0.989133] acpiphp: Slot [62] registered
[    0.989149] acpiphp: Slot [63] registered
[    0.989222] pci 0000:02:00.0: [15ad:0774] type 00 class 0x0c0300 conventional PCI endpoint
[    0.989710] pci 0000:02:00.0: BAR 4 [io  0x2080-0x209f]
[    0.990448] pci 0000:02:01.0: [8086:100f] type 00 class 0x020000 conventional PCI endpoint
[    0.991300] pci 0000:02:01.0: BAR 0 [mem 0xfd5c0000-0xfd5dffff 64bit]
[    0.991322] pci 0000:02:01.0: BAR 2 [mem 0xfdff0000-0xfdffffff 64bit]
[    0.991335] pci 0000:02:01.0: BAR 4 [io  0x2000-0x203f]
[    0.991356] pci 0000:02:01.0: ROM [mem 0x00000000-0x0000ffff pref]
[    0.991582] pci 0000:02:01.0: PME# supported from D0 D3hot D3cold
[    0.992063] pci 0000:02:02.0: [1274:1371] type 00 class 0x040100 conventional PCI endpoint
[    0.992670] pci 0000:02:02.0: BAR 0 [io  0x2040-0x207f]
[    0.993420] pci 0000:02:03.0: [15ad:0770] type 00 class 0x0c0320 conventional PCI endpoint
[    0.993905] pci 0000:02:03.0: BAR 0 [mem 0xfd5ef000-0xfd5effff]
[    0.994574] pci 0000:02:04.0: [15ad:07e0] type 00 class 0x010601 conventional PCI endpoint
[    0.995347] pci 0000:02:04.0: BAR 5 [mem 0xfd5ee000-0xfd5eefff]
[    0.995362] pci 0000:02:04.0: ROM [mem 0x00000000-0x0000ffff pref]
[    0.995681] pci 0000:02:04.0: PME# supported from D3hot
[    1.025911] pci 0000:00:11.0: PCI bridge to [bus 02] (subtractive decode)
[    1.025987] pci 0000:00:11.0:   bridge window [mem 0x000a0000-0x000bffff window] (subtractive decode)
[    1.025993] pci 0000:00:11.0:   bridge window [mem 0x000d0000-0x000dbfff window] (subtractive decode)
[    1.025998] pci 0000:00:11.0:   bridge window [mem 0xc0000000-0xfebfffff window] (subtractive decode)
[    1.026002] pci 0000:00:11.0:   bridge window [io  0x0000-0x0cf7 window] (subtractive decode)
[    1.026007] pci 0000:00:11.0:   bridge window [io  0x0d00-0xfeff window] (subtractive decode)
[    1.027516] pci 0000:00:15.0: PCI bridge to [bus 03]
[    1.028991] pci 0000:00:15.1: PCI bridge to [bus 04]
[    1.030442] pci 0000:00:15.2: PCI bridge to [bus 05]
[    1.031887] pci 0000:00:15.3: PCI bridge to [bus 06]
[    1.033315] pci 0000:00:15.4: PCI bridge to [bus 07]
[    1.034734] pci 0000:00:15.5: PCI bridge to [bus 08]
[    1.036182] pci 0000:00:15.6: PCI bridge to [bus 09]
[    1.037611] pci 0000:00:15.7: PCI bridge to [bus 0a]
[    1.039028] pci 0000:00:16.0: PCI bridge to [bus 0b]
[    1.040451] pci 0000:00:16.1: PCI bridge to [bus 0c]
[    1.042007] pci 0000:00:16.2: PCI bridge to [bus 0d]
[    1.043449] pci 0000:00:16.3: PCI bridge to [bus 0e]
[    1.044842] pci 0000:00:16.4: PCI bridge to [bus 0f]
[    1.046230] pci 0000:00:16.5: PCI bridge to [bus 10]
[    1.047676] pci 0000:00:16.6: PCI bridge to [bus 11]
[    1.049115] pci 0000:00:16.7: PCI bridge to [bus 12]
[    1.050527] pci 0000:00:17.0: PCI bridge to [bus 13]
[    1.051965] pci 0000:00:17.1: PCI bridge to [bus 14]
[    1.053345] pci 0000:00:17.2: PCI bridge to [bus 15]
[    1.054746] pci 0000:00:17.3: PCI bridge to [bus 16]
[    1.056135] pci 0000:00:17.4: PCI bridge to [bus 17]
[    1.057716] pci 0000:00:17.5: PCI bridge to [bus 18]
[    1.059119] pci 0000:00:17.6: PCI bridge to [bus 19]
[    1.060519] pci 0000:00:17.7: PCI bridge to [bus 1a]
[    1.061906] pci 0000:00:18.0: PCI bridge to [bus 1b]
[    1.063290] pci 0000:00:18.1: PCI bridge to [bus 1c]
[    1.064678] pci 0000:00:18.2: PCI bridge to [bus 1d]
[    1.066010] pci 0000:00:18.3: PCI bridge to [bus 1e]
[    1.067380] pci 0000:00:18.4: PCI bridge to [bus 1f]
[    1.068759] pci 0000:00:18.5: PCI bridge to [bus 20]
[    1.070261] pci 0000:00:18.6: PCI bridge to [bus 21]
[    1.071608] pci 0000:00:18.7: PCI bridge to [bus 22]
[    1.073475] ACPI: PCI: Interrupt link LNKA configured for IRQ 9
[    1.073522] ACPI: PCI: Interrupt link LNKB configured for IRQ 11
[    1.073564] ACPI: PCI: Interrupt link LNKC configured for IRQ 10
[    1.073606] ACPI: PCI: Interrupt link LNKD configured for IRQ 7
[    1.094906] iommu: Default domain type: Translated
[    1.094909] iommu: DMA domain TLB invalidation policy: lazy mode
[    1.095286] SCSI subsystem initialized
[    1.095905] libata version 3.00 loaded.
[    1.095905] ACPI: bus type USB registered
[    1.095905] usbcore: registered new interface driver usbfs
[    1.095905] usbcore: registered new interface driver hub
[    1.095905] usbcore: registered new device driver usb
[    1.095905] pps_core: LinuxPPS API ver. 1 registered
[    1.095905] pps_core: Software ver. 5.3.6 - Copyright 2005-2007 Rodolfo Giometti <giometti@linux.it>
[    1.095905] PTP clock support registered
[    1.096932] EDAC MC: Ver: 3.0.0
[    1.101475] NetLabel: Initializing
[    1.101481] NetLabel:  domain hash size = 128
[    1.101485] NetLabel:  protocols = UNLABELED CIPSOv4 CALIPSO
[    1.101498] NetLabel:  unlabeled traffic allowed by default
[    1.102019] mctp: management component transport protocol core
[    1.102019] NET: Registered PF_MCTP protocol family
[    1.102019] PCI: Using ACPI for IRQ routing
[    1.268373] PCI: pci_cache_line_size set to 64 bytes
[    1.269182] e820: reserve RAM buffer [mem 0x0009e800-0x0009ffff]
[    1.269185] e820: reserve RAM buffer [mem 0xbfed0000-0xbfffffff]
[    1.269237] pci 0000:00:0f.0: vgaarb: setting as boot VGA device
[    1.269237] pci 0000:00:0f.0: vgaarb: bridge control possible
[    1.269237] pci 0000:00:0f.0: vgaarb: VGA device added: decodes=io+mem,owns=io+mem,locks=none
[    1.269237] vgaarb: loaded
[    1.270032] hpet0: at MMIO 0xfed00000, IRQs 2, 8, 0, 0, 0, 0, 0, 0, 0, 0, 0, 0, 0, 0, 0, 0
[    1.270039] hpet0: 16 comparators, 64-bit 14.318180 MHz counter
[    1.272945] clocksource: Switched to clocksource tsc-early
[    1.273702] VFS: Disk quotas dquot_6.6.0
[    1.273742] VFS: Dquot-cache hash table entries: 512 (order 0, 4096 bytes)
[    1.274196] AppArmor: AppArmor Filesystem Enabled
[    1.274219] pnp: PnP ACPI init
[    1.274387] system 00:00: [io  0x1000-0x103f] has been reserved
[    1.274390] system 00:00: [io  0x1040-0x104f] has been reserved
[    1.274391] system 00:00: [io  0x0cf0-0x0cf1] has been reserved
[    1.274591] system 00:04: [mem 0xfed00000-0xfed003ff] has been reserved
[    1.275640] pnp 00:05: [dma 2]
[    1.275840] system 00:06: [io  0xfce0-0xfcff] has been reserved
[    1.275842] system 00:06: [mem 0xf0000000-0xf7ffffff] has been reserved
[    1.275844] system 00:06: [mem 0xfe800000-0xfe9fffff] has been reserved
[    1.288828] pnp: PnP ACPI: found 7 devices
[    1.297797] clocksource: acpi_pm: mask: 0xffffff max_cycles: 0xffffff, max_idle_ns: 2085701024 ns
[    1.297903] NET: Registered PF_INET protocol family
[    1.298881] IP idents hash table entries: 65536 (order: 7, 524288 bytes, linear)
[    1.318187] tcp_listen_portaddr_hash hash table entries: 2048 (order: 3, 32768 bytes, linear)
[    1.318187] Table-perturb hash table entries: 65536 (order: 6, 262144 bytes, linear)
[    1.318301] TCP established hash table entries: 32768 (order: 6, 262144 bytes, linear)
[    1.318380] TCP bind hash table entries: 32768 (order: 8, 1048576 bytes, linear)
[    1.318422] TCP: Hash tables configured (established 32768 bind 32768)
[    1.319279] MPTCP token hash table entries: 4096 (order: 4, 98304 bytes, linear)
[    1.319544] UDP hash table entries: 2048 (order: 5, 131072 bytes, linear)
[    1.319785] UDP-Lite hash table entries: 2048 (order: 5, 131072 bytes, linear)
[    1.320375] NET: Registered PF_UNIX/PF_LOCAL protocol family
[    1.320381] NET: Registered PF_XDP protocol family
[    1.320394] pci 0000:00:15.3: bridge window [io  0x1000-0x0fff] to [bus 06] add_size 1000
[    1.320397] pci 0000:00:15.4: bridge window [io  0x1000-0x0fff] to [bus 07] add_size 1000
[    1.320398] pci 0000:00:15.5: bridge window [io  0x1000-0x0fff] to [bus 08] add_size 1000
[    1.320399] pci 0000:00:15.6: bridge window [io  0x1000-0x0fff] to [bus 09] add_size 1000
[    1.320400] pci 0000:00:15.7: bridge window [io  0x1000-0x0fff] to [bus 0a] add_size 1000
[    1.320402] pci 0000:00:16.3: bridge window [io  0x1000-0x0fff] to [bus 0e] add_size 1000
[    1.320403] pci 0000:00:16.4: bridge window [io  0x1000-0x0fff] to [bus 0f] add_size 1000
[    1.320403] pci 0000:00:16.5: bridge window [io  0x1000-0x0fff] to [bus 10] add_size 1000
[    1.320405] pci 0000:00:16.6: bridge window [io  0x1000-0x0fff] to [bus 11] add_size 1000
[    1.320405] pci 0000:00:16.7: bridge window [io  0x1000-0x0fff] to [bus 12] add_size 1000
[    1.320407] pci 0000:00:17.3: bridge window [io  0x1000-0x0fff] to [bus 16] add_size 1000
[    1.320408] pci 0000:00:17.4: bridge window [io  0x1000-0x0fff] to [bus 17] add_size 1000
[    1.320409] pci 0000:00:17.5: bridge window [io  0x1000-0x0fff] to [bus 18] add_size 1000
[    1.320410] pci 0000:00:17.6: bridge window [io  0x1000-0x0fff] to [bus 19] add_size 1000
[    1.320411] pci 0000:00:17.7: bridge window [io  0x1000-0x0fff] to [bus 1a] add_size 1000
[    1.320412] pci 0000:00:18.2: bridge window [io  0x1000-0x0fff] to [bus 1d] add_size 1000
[    1.320413] pci 0000:00:18.3: bridge window [io  0x1000-0x0fff] to [bus 1e] add_size 1000
[    1.320414] pci 0000:00:18.4: bridge window [io  0x1000-0x0fff] to [bus 1f] add_size 1000
[    1.320415] pci 0000:00:18.5: bridge window [io  0x1000-0x0fff] to [bus 20] add_size 1000
[    1.320416] pci 0000:00:18.6: bridge window [io  0x1000-0x0fff] to [bus 21] add_size 1000
[    1.320421] pci 0000:00:18.7: bridge window [io  0x1000-0x0fff] to [bus 22] add_size 1000
[    1.320438] pci 0000:00:10.0: ROM [mem 0xc0000000-0xc0003fff pref]: assigned
[    1.320441] pci 0000:00:15.3: bridge window [io  size 0x1000]: can't assign; no space
[    1.320442] pci 0000:00:15.3: bridge window [io  size 0x1000]: failed to assign
[    1.320444] pci 0000:00:15.4: bridge window [io  size 0x1000]: can't assign; no space
[    1.320444] pci 0000:00:15.4: bridge window [io  size 0x1000]: failed to assign
[    1.320445] pci 0000:00:15.5: bridge window [io  size 0x1000]: can't assign; no space
[    1.320446] pci 0000:00:15.5: bridge window [io  size 0x1000]: failed to assign
[    1.320446] pci 0000:00:15.6: bridge window [io  size 0x1000]: can't assign; no space
[    1.320447] pci 0000:00:15.6: bridge window [io  size 0x1000]: failed to assign
[    1.320448] pci 0000:00:15.7: bridge window [io  size 0x1000]: can't assign; no space
[    1.320448] pci 0000:00:15.7: bridge window [io  size 0x1000]: failed to assign
[    1.320449] pci 0000:00:16.3: bridge window [io  size 0x1000]: can't assign; no space
[    1.320450] pci 0000:00:16.3: bridge window [io  size 0x1000]: failed to assign
[    1.320451] pci 0000:00:16.4: bridge window [io  size 0x1000]: can't assign; no space
[    1.320451] pci 0000:00:16.4: bridge window [io  size 0x1000]: failed to assign
[    1.320452] pci 0000:00:16.5: bridge window [io  size 0x1000]: can't assign; no space
[    1.320453] pci 0000:00:16.5: bridge window [io  size 0x1000]: failed to assign
[    1.320453] pci 0000:00:16.6: bridge window [io  size 0x1000]: can't assign; no space
[    1.320454] pci 0000:00:16.6: bridge window [io  size 0x1000]: failed to assign
[    1.320455] pci 0000:00:16.7: bridge window [io  size 0x1000]: can't assign; no space
[    1.320455] pci 0000:00:16.7: bridge window [io  size 0x1000]: failed to assign
[    1.320456] pci 0000:00:17.3: bridge window [io  size 0x1000]: can't assign; no space
[    1.320457] pci 0000:00:17.3: bridge window [io  size 0x1000]: failed to assign
[    1.320458] pci 0000:00:17.4: bridge window [io  size 0x1000]: can't assign; no space
[    1.320458] pci 0000:00:17.4: bridge window [io  size 0x1000]: failed to assign
[    1.320459] pci 0000:00:17.5: bridge window [io  size 0x1000]: can't assign; no space
[    1.320460] pci 0000:00:17.5: bridge window [io  size 0x1000]: failed to assign
[    1.320460] pci 0000:00:17.6: bridge window [io  size 0x1000]: can't assign; no space
[    1.320461] pci 0000:00:17.6: bridge window [io  size 0x1000]: failed to assign
[    1.320462] pci 0000:00:17.7: bridge window [io  size 0x1000]: can't assign; no space
[    1.320462] pci 0000:00:17.7: bridge window [io  size 0x1000]: failed to assign
[    1.320463] pci 0000:00:18.2: bridge window [io  size 0x1000]: can't assign; no space
[    1.320464] pci 0000:00:18.2: bridge window [io  size 0x1000]: failed to assign
[    1.320465] pci 0000:00:18.3: bridge window [io  size 0x1000]: can't assign; no space
[    1.320465] pci 0000:00:18.3: bridge window [io  size 0x1000]: failed to assign
[    1.320466] pci 0000:00:18.4: bridge window [io  size 0x1000]: can't assign; no space
[    1.320467] pci 0000:00:18.4: bridge window [io  size 0x1000]: failed to assign
[    1.320467] pci 0000:00:18.5: bridge window [io  size 0x1000]: can't assign; no space
[    1.320468] pci 0000:00:18.5: bridge window [io  size 0x1000]: failed to assign
[    1.320469] pci 0000:00:18.6: bridge window [io  size 0x1000]: can't assign; no space
[    1.320469] pci 0000:00:18.6: bridge window [io  size 0x1000]: failed to assign
[    1.320470] pci 0000:00:18.7: bridge window [io  size 0x1000]: can't assign; no space
[    1.320471] pci 0000:00:18.7: bridge window [io  size 0x1000]: failed to assign
[    1.320473] pci 0000:00:18.7: bridge window [io  size 0x1000]: can't assign; no space
[    1.320474] pci 0000:00:18.7: bridge window [io  size 0x1000]: failed to assign
[    1.320475] pci 0000:00:18.6: bridge window [io  size 0x1000]: can't assign; no space
[    1.320475] pci 0000:00:18.6: bridge window [io  size 0x1000]: failed to assign
[    1.320476] pci 0000:00:18.5: bridge window [io  size 0x1000]: can't assign; no space
[    1.320477] pci 0000:00:18.5: bridge window [io  size 0x1000]: failed to assign
[    1.320478] pci 0000:00:18.4: bridge window [io  size 0x1000]: can't assign; no space
[    1.320478] pci 0000:00:18.4: bridge window [io  size 0x1000]: failed to assign
[    1.320479] pci 0000:00:18.3: bridge window [io  size 0x1000]: can't assign; no space
[    1.320480] pci 0000:00:18.3: bridge window [io  size 0x1000]: failed to assign
[    1.320480] pci 0000:00:18.2: bridge window [io  size 0x1000]: can't assign; no space
[    1.320481] pci 0000:00:18.2: bridge window [io  size 0x1000]: failed to assign
[    1.320482] pci 0000:00:17.7: bridge window [io  size 0x1000]: can't assign; no space
[    1.320482] pci 0000:00:17.7: bridge window [io  size 0x1000]: failed to assign
[    1.320483] pci 0000:00:17.6: bridge window [io  size 0x1000]: can't assign; no space
[    1.320484] pci 0000:00:17.6: bridge window [io  size 0x1000]: failed to assign
[    1.320485] pci 0000:00:17.5: bridge window [io  size 0x1000]: can't assign; no space
[    1.320485] pci 0000:00:17.5: bridge window [io  size 0x1000]: failed to assign
[    1.320486] pci 0000:00:17.4: bridge window [io  size 0x1000]: can't assign; no space
[    1.320487] pci 0000:00:17.4: bridge window [io  size 0x1000]: failed to assign
[    1.320487] pci 0000:00:17.3: bridge window [io  size 0x1000]: can't assign; no space
[    1.320488] pci 0000:00:17.3: bridge window [io  size 0x1000]: failed to assign
[    1.320489] pci 0000:00:16.7: bridge window [io  size 0x1000]: can't assign; no space
[    1.320489] pci 0000:00:16.7: bridge window [io  size 0x1000]: failed to assign
[    1.320491] pci 0000:00:16.6: bridge window [io  size 0x1000]: can't assign; no space
[    1.320491] pci 0000:00:16.6: bridge window [io  size 0x1000]: failed to assign
[    1.320492] pci 0000:00:16.5: bridge window [io  size 0x1000]: can't assign; no space
[    1.320501] pci 0000:00:16.5: bridge window [io  size 0x1000]: failed to assign
[    1.320502] pci 0000:00:16.4: bridge window [io  size 0x1000]: can't assign; no space
[    1.320503] pci 0000:00:16.4: bridge window [io  size 0x1000]: failed to assign
[    1.320503] pci 0000:00:16.3: bridge window [io  size 0x1000]: can't assign; no space
[    1.320504] pci 0000:00:16.3: bridge window [io  size 0x1000]: failed to assign
[    1.320505] pci 0000:00:15.7: bridge window [io  size 0x1000]: can't assign; no space
[    1.320505] pci 0000:00:15.7: bridge window [io  size 0x1000]: failed to assign
[    1.320506] pci 0000:00:15.6: bridge window [io  size 0x1000]: can't assign; no space
[    1.320507] pci 0000:00:15.6: bridge window [io  size 0x1000]: failed to assign
[    1.320508] pci 0000:00:15.5: bridge window [io  size 0x1000]: can't assign; no space
[    1.320508] pci 0000:00:15.5: bridge window [io  size 0x1000]: failed to assign
[    1.320509] pci 0000:00:15.4: bridge window [io  size 0x1000]: can't assign; no space
[    1.320510] pci 0000:00:15.4: bridge window [io  size 0x1000]: failed to assign
[    1.320510] pci 0000:00:15.3: bridge window [io  size 0x1000]: can't assign; no space
[    1.320511] pci 0000:00:15.3: bridge window [io  size 0x1000]: failed to assign
[    1.320512] pci 0000:00:01.0: PCI bridge to [bus 01]
[    1.320613] pci 0000:02:01.0: ROM [mem 0xfd500000-0xfd50ffff pref]: assigned
[    1.320615] pci 0000:02:04.0: ROM [mem 0xfd510000-0xfd51ffff pref]: assigned
[    1.320616] pci 0000:00:11.0: PCI bridge to [bus 02]
[    1.320626] pci 0000:00:11.0:   bridge window [io  0x2000-0x3fff]
[    1.320655] pci 0000:00:11.0:   bridge window [mem 0xfd500000-0xfdffffff]
[    1.320672] pci 0000:00:11.0:   bridge window [mem 0xe7b00000-0xe7ffffff 64bit pref]
[    1.320704] pci 0000:00:15.0: PCI bridge to [bus 03]
[    1.320713] pci 0000:00:15.0:   bridge window [io  0x4000-0x4fff]
[    1.320737] pci 0000:00:15.0:   bridge window [mem 0xfd400000-0xfd4fffff]
[    1.320753] pci 0000:00:15.0:   bridge window [mem 0xe7a00000-0xe7afffff 64bit pref]
[    1.320788] pci 0000:00:15.1: PCI bridge to [bus 04]
[    1.320797] pci 0000:00:15.1:   bridge window [io  0x8000-0x8fff]
[    1.320822] pci 0000:00:15.1:   bridge window [mem 0xfd000000-0xfd0fffff]
[    1.320839] pci 0000:00:15.1:   bridge window [mem 0xe7600000-0xe76fffff 64bit pref]
[    1.320875] pci 0000:00:15.2: PCI bridge to [bus 05]
[    1.320884] pci 0000:00:15.2:   bridge window [io  0xc000-0xcfff]
[    1.320908] pci 0000:00:15.2:   bridge window [mem 0xfcc00000-0xfccfffff]
[    1.320924] pci 0000:00:15.2:   bridge window [mem 0xe7200000-0xe72fffff 64bit pref]
[    1.320959] pci 0000:00:15.3: PCI bridge to [bus 06]
[    1.320986] pci 0000:00:15.3:   bridge window [mem 0xfc800000-0xfc8fffff]
[    1.321002] pci 0000:00:15.3:   bridge window [mem 0xe6e00000-0xe6efffff 64bit pref]
[    1.321037] pci 0000:00:15.4: PCI bridge to [bus 07]
[    1.321061] pci 0000:00:15.4:   bridge window [mem 0xfc400000-0xfc4fffff]
[    1.321076] pci 0000:00:15.4:   bridge window [mem 0xe6a00000-0xe6afffff 64bit pref]
[    1.321107] pci 0000:00:15.5: PCI bridge to [bus 08]
[    1.321131] pci 0000:00:15.5:   bridge window [mem 0xfc000000-0xfc0fffff]
[    1.321147] pci 0000:00:15.5:   bridge window [mem 0xe6600000-0xe66fffff 64bit pref]
[    1.321177] pci 0000:00:15.6: PCI bridge to [bus 09]
[    1.321205] pci 0000:00:15.6:   bridge window [mem 0xfbc00000-0xfbcfffff]
[    1.321220] pci 0000:00:15.6:   bridge window [mem 0xe6200000-0xe62fffff 64bit pref]
[    1.321251] pci 0000:00:15.7: PCI bridge to [bus 0a]
[    1.321274] pci 0000:00:15.7:   bridge window [mem 0xfb800000-0xfb8fffff]
[    1.321290] pci 0000:00:15.7:   bridge window [mem 0xe5e00000-0xe5efffff 64bit pref]
[    1.321321] pci 0000:00:16.0: PCI bridge to [bus 0b]
[    1.321329] pci 0000:00:16.0:   bridge window [io  0x5000-0x5fff]
[    1.321352] pci 0000:00:16.0:   bridge window [mem 0xfd300000-0xfd3fffff]
[    1.321368] pci 0000:00:16.0:   bridge window [mem 0xe7900000-0xe79fffff 64bit pref]
[    1.321399] pci 0000:00:16.1: PCI bridge to [bus 0c]
[    1.321407] pci 0000:00:16.1:   bridge window [io  0x9000-0x9fff]
[    1.321430] pci 0000:00:16.1:   bridge window [mem 0xfcf00000-0xfcffffff]
[    1.321446] pci 0000:00:16.1:   bridge window [mem 0xe7500000-0xe75fffff 64bit pref]
[    1.321477] pci 0000:00:16.2: PCI bridge to [bus 0d]
[    1.321485] pci 0000:00:16.2:   bridge window [io  0xd000-0xdfff]
[    1.321509] pci 0000:00:16.2:   bridge window [mem 0xfcb00000-0xfcbfffff]
[    1.321527] pci 0000:00:16.2:   bridge window [mem 0xe7100000-0xe71fffff 64bit pref]
[    1.321565] pci 0000:00:16.3: PCI bridge to [bus 0e]
[    1.321594] pci 0000:00:16.3:   bridge window [mem 0xfc700000-0xfc7fffff]
[    1.321619] pci 0000:00:16.3:   bridge window [mem 0xe6d00000-0xe6dfffff 64bit pref]
[    1.321662] pci 0000:00:16.4: PCI bridge to [bus 0f]
[    1.321692] pci 0000:00:16.4:   bridge window [mem 0xfc300000-0xfc3fffff]
[    1.321709] pci 0000:00:16.4:   bridge window [mem 0xe6900000-0xe69fffff 64bit pref]
[    1.321741] pci 0000:00:16.5: PCI bridge to [bus 10]
[    1.321766] pci 0000:00:16.5:   bridge window [mem 0xfbf00000-0xfbffffff]
[    1.321782] pci 0000:00:16.5:   bridge window [mem 0xe6500000-0xe65fffff 64bit pref]
[    1.321817] pci 0000:00:16.6: PCI bridge to [bus 11]
[    1.321842] pci 0000:00:16.6:   bridge window [mem 0xfbb00000-0xfbbfffff]
[    1.321859] pci 0000:00:16.6:   bridge window [mem 0xe6100000-0xe61fffff 64bit pref]
[    1.321899] pci 0000:00:16.7: PCI bridge to [bus 12]
[    1.321924] pci 0000:00:16.7:   bridge window [mem 0xfb700000-0xfb7fffff]
[    1.321940] pci 0000:00:16.7:   bridge window [mem 0xe5d00000-0xe5dfffff 64bit pref]
[    1.321974] pci 0000:00:17.0: PCI bridge to [bus 13]
[    1.321983] pci 0000:00:17.0:   bridge window [io  0x6000-0x6fff]
[    1.322006] pci 0000:00:17.0:   bridge window [mem 0xfd200000-0xfd2fffff]
[    1.322025] pci 0000:00:17.0:   bridge window [mem 0xe7800000-0xe78fffff 64bit pref]
[    1.322057] pci 0000:00:17.1: PCI bridge to [bus 14]
[    1.322066] pci 0000:00:17.1:   bridge window [io  0xa000-0xafff]
[    1.322090] pci 0000:00:17.1:   bridge window [mem 0xfce00000-0xfcefffff]
[    1.322107] pci 0000:00:17.1:   bridge window [mem 0xe7400000-0xe74fffff 64bit pref]
[    1.322139] pci 0000:00:17.2: PCI bridge to [bus 15]
[    1.322148] pci 0000:00:17.2:   bridge window [io  0xe000-0xefff]
[    1.322172] pci 0000:00:17.2:   bridge window [mem 0xfca00000-0xfcafffff]
[    1.322193] pci 0000:00:17.2:   bridge window [mem 0xe7000000-0xe70fffff 64bit pref]
[    1.322226] pci 0000:00:17.3: PCI bridge to [bus 16]
[    1.322250] pci 0000:00:17.3:   bridge window [mem 0xfc600000-0xfc6fffff]
[    1.322270] pci 0000:00:17.3:   bridge window [mem 0xe6c00000-0xe6cfffff 64bit pref]
[    1.322301] pci 0000:00:17.4: PCI bridge to [bus 17]
[    1.322327] pci 0000:00:17.4:   bridge window [mem 0xfc200000-0xfc2fffff]
[    1.322343] pci 0000:00:17.4:   bridge window [mem 0xe6800000-0xe68fffff 64bit pref]
[    1.322378] pci 0000:00:17.5: PCI bridge to [bus 18]
[    1.322402] pci 0000:00:17.5:   bridge window [mem 0xfbe00000-0xfbefffff]
[    1.322417] pci 0000:00:17.5:   bridge window [mem 0xe6400000-0xe64fffff 64bit pref]
[    1.322449] pci 0000:00:17.6: PCI bridge to [bus 19]
[    1.322472] pci 0000:00:17.6:   bridge window [mem 0xfba00000-0xfbafffff]
[    1.322488] pci 0000:00:17.6:   bridge window [mem 0xe6000000-0xe60fffff 64bit pref]
[    1.322519] pci 0000:00:17.7: PCI bridge to [bus 1a]
[    1.322542] pci 0000:00:17.7:   bridge window [mem 0xfb600000-0xfb6fffff]
[    1.322558] pci 0000:00:17.7:   bridge window [mem 0xe5c00000-0xe5cfffff 64bit pref]
[    1.322589] pci 0000:00:18.0: PCI bridge to [bus 1b]
[    1.322597] pci 0000:00:18.0:   bridge window [io  0x7000-0x7fff]
[    1.322620] pci 0000:00:18.0:   bridge window [mem 0xfd100000-0xfd1fffff]
[    1.322636] pci 0000:00:18.0:   bridge window [mem 0xe7700000-0xe77fffff 64bit pref]
[    1.322673] pci 0000:00:18.1: PCI bridge to [bus 1c]
[    1.322681] pci 0000:00:18.1:   bridge window [io  0xb000-0xbfff]
[    1.322704] pci 0000:00:18.1:   bridge window [mem 0xfcd00000-0xfcdfffff]
[    1.322720] pci 0000:00:18.1:   bridge window [mem 0xe7300000-0xe73fffff 64bit pref]
[    1.322751] pci 0000:00:18.2: PCI bridge to [bus 1d]
[    1.322774] pci 0000:00:18.2:   bridge window [mem 0xfc900000-0xfc9fffff]
[    1.322790] pci 0000:00:18.2:   bridge window [mem 0xe6f00000-0xe6ffffff 64bit pref]
[    1.322821] pci 0000:00:18.3: PCI bridge to [bus 1e]
[    1.322844] pci 0000:00:18.3:   bridge window [mem 0xfc500000-0xfc5fffff]
[    1.322860] pci 0000:00:18.3:   bridge window [mem 0xe6b00000-0xe6bfffff 64bit pref]
[    1.322890] pci 0000:00:18.4: PCI bridge to [bus 1f]
[    1.322914] pci 0000:00:18.4:   bridge window [mem 0xfc100000-0xfc1fffff]
[    1.322929] pci 0000:00:18.4:   bridge window [mem 0xe6700000-0xe67fffff 64bit pref]
[    1.322960] pci 0000:00:18.5: PCI bridge to [bus 20]
[    1.322984] pci 0000:00:18.5:   bridge window [mem 0xfbd00000-0xfbdfffff]
[    1.322999] pci 0000:00:18.5:   bridge window [mem 0xe6300000-0xe63fffff 64bit pref]
[    1.323030] pci 0000:00:18.6: PCI bridge to [bus 21]
[    1.323054] pci 0000:00:18.6:   bridge window [mem 0xfb900000-0xfb9fffff]
[    1.323069] pci 0000:00:18.6:   bridge window [mem 0xe5f00000-0xe5ffffff 64bit pref]
[    1.323100] pci 0000:00:18.7: PCI bridge to [bus 22]
[    1.323124] pci 0000:00:18.7:   bridge window [mem 0xfb500000-0xfb5fffff]
[    1.323140] pci 0000:00:18.7:   bridge window [mem 0xe5b00000-0xe5bfffff 64bit pref]
[    1.323171] pci_bus 0000:00: resource 4 [mem 0x000a0000-0x000bffff window]
[    1.323173] pci_bus 0000:00: resource 5 [mem 0x000d0000-0x000dbfff window]
[    1.323174] pci_bus 0000:00: resource 6 [mem 0xc0000000-0xfebfffff window]
[    1.323174] pci_bus 0000:00: resource 7 [io  0x0000-0x0cf7 window]
[    1.323175] pci_bus 0000:00: resource 8 [io  0x0d00-0xfeff window]
[    1.323177] pci_bus 0000:02: resource 0 [io  0x2000-0x3fff]
[    1.323177] pci_bus 0000:02: resource 1 [mem 0xfd500000-0xfdffffff]
[    1.323178] pci_bus 0000:02: resource 2 [mem 0xe7b00000-0xe7ffffff 64bit pref]
[    1.323178] pci_bus 0000:02: resource 4 [mem 0x000a0000-0x000bffff window]
[    1.323179] pci_bus 0000:02: resource 5 [mem 0x000d0000-0x000dbfff window]
[    1.323180] pci_bus 0000:02: resource 6 [mem 0xc0000000-0xfebfffff window]
[    1.323180] pci_bus 0000:02: resource 7 [io  0x0000-0x0cf7 window]
[    1.323181] pci_bus 0000:02: resource 8 [io  0x0d00-0xfeff window]
[    1.323182] pci_bus 0000:03: resource 0 [io  0x4000-0x4fff]
[    1.323183] pci_bus 0000:03: resource 1 [mem 0xfd400000-0xfd4fffff]
[    1.323183] pci_bus 0000:03: resource 2 [mem 0xe7a00000-0xe7afffff 64bit pref]
[    1.323184] pci_bus 0000:04: resource 0 [io  0x8000-0x8fff]
[    1.323187] pci_bus 0000:04: resource 1 [mem 0xfd000000-0xfd0fffff]
[    1.323188] pci_bus 0000:04: resource 2 [mem 0xe7600000-0xe76fffff 64bit pref]
[    1.323189] pci_bus 0000:05: resource 0 [io  0xc000-0xcfff]
[    1.323189] pci_bus 0000:05: resource 1 [mem 0xfcc00000-0xfccfffff]
[    1.323190] pci_bus 0000:05: resource 2 [mem 0xe7200000-0xe72fffff 64bit pref]
[    1.323191] pci_bus 0000:06: resource 1 [mem 0xfc800000-0xfc8fffff]
[    1.323191] pci_bus 0000:06: resource 2 [mem 0xe6e00000-0xe6efffff 64bit pref]
[    1.323192] pci_bus 0000:07: resource 1 [mem 0xfc400000-0xfc4fffff]
[    1.323193] pci_bus 0000:07: resource 2 [mem 0xe6a00000-0xe6afffff 64bit pref]
[    1.323193] pci_bus 0000:08: resource 1 [mem 0xfc000000-0xfc0fffff]
[    1.323194] pci_bus 0000:08: resource 2 [mem 0xe6600000-0xe66fffff 64bit pref]
[    1.323195] pci_bus 0000:09: resource 1 [mem 0xfbc00000-0xfbcfffff]
[    1.323195] pci_bus 0000:09: resource 2 [mem 0xe6200000-0xe62fffff 64bit pref]
[    1.323196] pci_bus 0000:0a: resource 1 [mem 0xfb800000-0xfb8fffff]
[    1.323197] pci_bus 0000:0a: resource 2 [mem 0xe5e00000-0xe5efffff 64bit pref]
[    1.323197] pci_bus 0000:0b: resource 0 [io  0x5000-0x5fff]
[    1.323198] pci_bus 0000:0b: resource 1 [mem 0xfd300000-0xfd3fffff]
[    1.323199] pci_bus 0000:0b: resource 2 [mem 0xe7900000-0xe79fffff 64bit pref]
[    1.323199] pci_bus 0000:0c: resource 0 [io  0x9000-0x9fff]
[    1.323200] pci_bus 0000:0c: resource 1 [mem 0xfcf00000-0xfcffffff]
[    1.323200] pci_bus 0000:0c: resource 2 [mem 0xe7500000-0xe75fffff 64bit pref]
[    1.323201] pci_bus 0000:0d: resource 0 [io  0xd000-0xdfff]
[    1.323202] pci_bus 0000:0d: resource 1 [mem 0xfcb00000-0xfcbfffff]
[    1.323202] pci_bus 0000:0d: resource 2 [mem 0xe7100000-0xe71fffff 64bit pref]
[    1.323203] pci_bus 0000:0e: resource 1 [mem 0xfc700000-0xfc7fffff]
[    1.323204] pci_bus 0000:0e: resource 2 [mem 0xe6d00000-0xe6dfffff 64bit pref]
[    1.323204] pci_bus 0000:0f: resource 1 [mem 0xfc300000-0xfc3fffff]
[    1.323205] pci_bus 0000:0f: resource 2 [mem 0xe6900000-0xe69fffff 64bit pref]
[    1.323206] pci_bus 0000:10: resource 1 [mem 0xfbf00000-0xfbffffff]
[    1.323206] pci_bus 0000:10: resource 2 [mem 0xe6500000-0xe65fffff 64bit pref]
[    1.323207] pci_bus 0000:11: resource 1 [mem 0xfbb00000-0xfbbfffff]
[    1.323207] pci_bus 0000:11: resource 2 [mem 0xe6100000-0xe61fffff 64bit pref]
[    1.323208] pci_bus 0000:12: resource 1 [mem 0xfb700000-0xfb7fffff]
[    1.323209] pci_bus 0000:12: resource 2 [mem 0xe5d00000-0xe5dfffff 64bit pref]
[    1.323210] pci_bus 0000:13: resource 0 [io  0x6000-0x6fff]
[    1.323210] pci_bus 0000:13: resource 1 [mem 0xfd200000-0xfd2fffff]
[    1.323211] pci_bus 0000:13: resource 2 [mem 0xe7800000-0xe78fffff 64bit pref]
[    1.323211] pci_bus 0000:14: resource 0 [io  0xa000-0xafff]
[    1.323212] pci_bus 0000:14: resource 1 [mem 0xfce00000-0xfcefffff]
[    1.323212] pci_bus 0000:14: resource 2 [mem 0xe7400000-0xe74fffff 64bit pref]
[    1.323213] pci_bus 0000:15: resource 0 [io  0xe000-0xefff]
[    1.323214] pci_bus 0000:15: resource 1 [mem 0xfca00000-0xfcafffff]
[    1.323214] pci_bus 0000:15: resource 2 [mem 0xe7000000-0xe70fffff 64bit pref]
[    1.323215] pci_bus 0000:16: resource 1 [mem 0xfc600000-0xfc6fffff]
[    1.323216] pci_bus 0000:16: resource 2 [mem 0xe6c00000-0xe6cfffff 64bit pref]
[    1.323216] pci_bus 0000:17: resource 1 [mem 0xfc200000-0xfc2fffff]
[    1.323217] pci_bus 0000:17: resource 2 [mem 0xe6800000-0xe68fffff 64bit pref]
[    1.323217] pci_bus 0000:18: resource 1 [mem 0xfbe00000-0xfbefffff]
[    1.323218] pci_bus 0000:18: resource 2 [mem 0xe6400000-0xe64fffff 64bit pref]
[    1.323219] pci_bus 0000:19: resource 1 [mem 0xfba00000-0xfbafffff]
[    1.323219] pci_bus 0000:19: resource 2 [mem 0xe6000000-0xe60fffff 64bit pref]
[    1.323220] pci_bus 0000:1a: resource 1 [mem 0xfb600000-0xfb6fffff]
[    1.323221] pci_bus 0000:1a: resource 2 [mem 0xe5c00000-0xe5cfffff 64bit pref]
[    1.323221] pci_bus 0000:1b: resource 0 [io  0x7000-0x7fff]
[    1.323222] pci_bus 0000:1b: resource 1 [mem 0xfd100000-0xfd1fffff]
[    1.323222] pci_bus 0000:1b: resource 2 [mem 0xe7700000-0xe77fffff 64bit pref]
[    1.323223] pci_bus 0000:1c: resource 0 [io  0xb000-0xbfff]
[    1.323224] pci_bus 0000:1c: resource 1 [mem 0xfcd00000-0xfcdfffff]
[    1.323224] pci_bus 0000:1c: resource 2 [mem 0xe7300000-0xe73fffff 64bit pref]
[    1.323225] pci_bus 0000:1d: resource 1 [mem 0xfc900000-0xfc9fffff]
[    1.323225] pci_bus 0000:1d: resource 2 [mem 0xe6f00000-0xe6ffffff 64bit pref]
[    1.323226] pci_bus 0000:1e: resource 1 [mem 0xfc500000-0xfc5fffff]
[    1.323227] pci_bus 0000:1e: resource 2 [mem 0xe6b00000-0xe6bfffff 64bit pref]
[    1.323227] pci_bus 0000:1f: resource 1 [mem 0xfc100000-0xfc1fffff]
[    1.323228] pci_bus 0000:1f: resource 2 [mem 0xe6700000-0xe67fffff 64bit pref]
[    1.323228] pci_bus 0000:20: resource 1 [mem 0xfbd00000-0xfbdfffff]
[    1.323229] pci_bus 0000:20: resource 2 [mem 0xe6300000-0xe63fffff 64bit pref]
[    1.323230] pci_bus 0000:21: resource 1 [mem 0xfb900000-0xfb9fffff]
[    1.323230] pci_bus 0000:21: resource 2 [mem 0xe5f00000-0xe5ffffff 64bit pref]
[    1.323231] pci_bus 0000:22: resource 1 [mem 0xfb500000-0xfb5fffff]
[    1.323232] pci_bus 0000:22: resource 2 [mem 0xe5b00000-0xe5bfffff 64bit pref]
[    1.323336] pci 0000:00:00.0: Limiting direct PCI/PCI transfers
[    1.324102] pci 0000:02:01.0: CLS mismatch (32 != 64), using 64 bytes
[    1.324568] PCI-DMA: Using software bounce buffering for IO (SWIOTLB)
[    1.324569] software IO TLB: mapped [mem 0x00000000bbed0000-0x00000000bfed0000] (64MB)
[    1.324614] clocksource: tsc: mask: 0xffffffffffffffff max_cycles: 0x2a1127c03e1, max_idle_ns: 440795223858 ns
[    1.324818] Trying to unpack rootfs image as initramfs...
[    1.326300] clocksource: Switched to clocksource tsc
[    1.336547] Initialise system trusted keyrings
[    1.336569] Key type blacklist registered
[    1.337066] workingset: timestamp_bits=36 max_order=20 bucket_order=0
[    1.337146] zbud: loaded
[    1.337954] squashfs: version 4.0 (2009/01/31) Phillip Lougher
[    1.338471] fuse: init (API version 7.42)
[    1.339364] integrity: Platform Keyring initialized
[    1.339368] integrity: Machine keyring initialized
[    1.343885] Key type asymmetric registered
[    1.343887] Asymmetric key parser 'x509' registered
[    1.344003] Block layer SCSI generic (bsg) driver version 0.4 loaded (major 243)
[    1.344392] io scheduler mq-deadline registered
[    1.345261] ledtrig-cpu: registered to indicate activity on CPUs
[    1.345879] pcieport 0000:00:15.0: PME: Signaling with IRQ 24
[    1.345947] pcieport 0000:00:15.0: pciehp: Slot #160 AttnBtn+ PwrCtrl+ MRL- AttnInd- PwrInd- HotPlug+ Surprise- Interlock- NoCompl+ IbPresDis- LLActRep+
[    1.347435] pcieport 0000:00:15.1: PME: Signaling with IRQ 25
[    1.347496] pcieport 0000:00:15.1: pciehp: Slot #161 AttnBtn+ PwrCtrl+ MRL- AttnInd- PwrInd- HotPlug+ Surprise- Interlock- NoCompl+ IbPresDis- LLActRep+
[    1.348706] pcieport 0000:00:15.2: PME: Signaling with IRQ 26
[    1.348775] pcieport 0000:00:15.2: pciehp: Slot #162 AttnBtn+ PwrCtrl+ MRL- AttnInd- PwrInd- HotPlug+ Surprise- Interlock- NoCompl+ IbPresDis- LLActRep+
[    1.350183] pcieport 0000:00:15.3: PME: Signaling with IRQ 27
[    1.350250] pcieport 0000:00:15.3: pciehp: Slot #163 AttnBtn+ PwrCtrl+ MRL- AttnInd- PwrInd- HotPlug+ Surprise- Interlock- NoCompl+ IbPresDis- LLActRep+
[    1.351700] pcieport 0000:00:15.4: PME: Signaling with IRQ 28
[    1.351769] pcieport 0000:00:15.4: pciehp: Slot #164 AttnBtn+ PwrCtrl+ MRL- AttnInd- PwrInd- HotPlug+ Surprise- Interlock- NoCompl+ IbPresDis- LLActRep+
[    1.353355] pcieport 0000:00:15.5: PME: Signaling with IRQ 29
[    1.353425] pcieport 0000:00:15.5: pciehp: Slot #165 AttnBtn+ PwrCtrl+ MRL- AttnInd- PwrInd- HotPlug+ Surprise- Interlock- NoCompl+ IbPresDis- LLActRep+
[    1.354581] pcieport 0000:00:15.6: PME: Signaling with IRQ 30
[    1.354639] pcieport 0000:00:15.6: pciehp: Slot #166 AttnBtn+ PwrCtrl+ MRL- AttnInd- PwrInd- HotPlug+ Surprise- Interlock- NoCompl+ IbPresDis- LLActRep+
[    1.355994] pcieport 0000:00:15.7: PME: Signaling with IRQ 31
[    1.356073] pcieport 0000:00:15.7: pciehp: Slot #167 AttnBtn+ PwrCtrl+ MRL- AttnInd- PwrInd- HotPlug+ Surprise- Interlock- NoCompl+ IbPresDis- LLActRep+
[    1.357367] pcieport 0000:00:16.0: PME: Signaling with IRQ 32
[    1.357426] pcieport 0000:00:16.0: pciehp: Slot #192 AttnBtn+ PwrCtrl+ MRL- AttnInd- PwrInd- HotPlug+ Surprise- Interlock- NoCompl+ IbPresDis- LLActRep+
[    1.358539] pcieport 0000:00:16.1: PME: Signaling with IRQ 33
[    1.358608] pcieport 0000:00:16.1: pciehp: Slot #193 AttnBtn+ PwrCtrl+ MRL- AttnInd- PwrInd- HotPlug+ Surprise- Interlock- NoCompl+ IbPresDis- LLActRep+
[    1.360215] pcieport 0000:00:16.2: PME: Signaling with IRQ 34
[    1.360275] pcieport 0000:00:16.2: pciehp: Slot #194 AttnBtn+ PwrCtrl+ MRL- AttnInd- PwrInd- HotPlug+ Surprise- Interlock- NoCompl+ IbPresDis- LLActRep+
[    1.361446] pcieport 0000:00:16.3: PME: Signaling with IRQ 35
[    1.361517] pcieport 0000:00:16.3: pciehp: Slot #195 AttnBtn+ PwrCtrl+ MRL- AttnInd- PwrInd- HotPlug+ Surprise- Interlock- NoCompl+ IbPresDis- LLActRep+
[    1.362508] pcieport 0000:00:16.4: PME: Signaling with IRQ 36
[    1.362568] pcieport 0000:00:16.4: pciehp: Slot #196 AttnBtn+ PwrCtrl+ MRL- AttnInd- PwrInd- HotPlug+ Surprise- Interlock- NoCompl+ IbPresDis- LLActRep+
[    1.363645] pcieport 0000:00:16.5: PME: Signaling with IRQ 37
[    1.363716] pcieport 0000:00:16.5: pciehp: Slot #197 AttnBtn+ PwrCtrl+ MRL- AttnInd- PwrInd- HotPlug+ Surprise- Interlock- NoCompl+ IbPresDis- LLActRep+
[    1.364749] pcieport 0000:00:16.6: PME: Signaling with IRQ 38
[    1.364808] pcieport 0000:00:16.6: pciehp: Slot #198 AttnBtn+ PwrCtrl+ MRL- AttnInd- PwrInd- HotPlug+ Surprise- Interlock- NoCompl+ IbPresDis- LLActRep+
[    1.365690] pcieport 0000:00:16.7: PME: Signaling with IRQ 39
[    1.365806] pcieport 0000:00:16.7: pciehp: Slot #199 AttnBtn+ PwrCtrl+ MRL- AttnInd- PwrInd- HotPlug+ Surprise- Interlock- NoCompl+ IbPresDis- LLActRep+
[    1.366951] pcieport 0000:00:17.0: PME: Signaling with IRQ 40
[    1.367010] pcieport 0000:00:17.0: pciehp: Slot #224 AttnBtn+ PwrCtrl+ MRL- AttnInd- PwrInd- HotPlug+ Surprise- Interlock- NoCompl+ IbPresDis- LLActRep+
[    1.368052] pcieport 0000:00:17.1: PME: Signaling with IRQ 41
[    1.368123] pcieport 0000:00:17.1: pciehp: Slot #225 AttnBtn+ PwrCtrl+ MRL- AttnInd- PwrInd- HotPlug+ Surprise- Interlock- NoCompl+ IbPresDis- LLActRep+
[    1.369233] pcieport 0000:00:17.2: PME: Signaling with IRQ 42
[    1.369294] pcieport 0000:00:17.2: pciehp: Slot #226 AttnBtn+ PwrCtrl+ MRL- AttnInd- PwrInd- HotPlug+ Surprise- Interlock- NoCompl+ IbPresDis- LLActRep+
[    1.370336] pcieport 0000:00:17.3: PME: Signaling with IRQ 43
[    1.370395] pcieport 0000:00:17.3: pciehp: Slot #227 AttnBtn+ PwrCtrl+ MRL- AttnInd- PwrInd- HotPlug+ Surprise- Interlock- NoCompl+ IbPresDis- LLActRep+
[    1.371271] pcieport 0000:00:17.4: PME: Signaling with IRQ 44
[    1.371338] pcieport 0000:00:17.4: pciehp: Slot #228 AttnBtn+ PwrCtrl+ MRL- AttnInd- PwrInd- HotPlug+ Surprise- Interlock- NoCompl+ IbPresDis- LLActRep+
[    1.372161] pcieport 0000:00:17.5: PME: Signaling with IRQ 45
[    1.372236] pcieport 0000:00:17.5: pciehp: Slot #229 AttnBtn+ PwrCtrl+ MRL- AttnInd- PwrInd- HotPlug+ Surprise- Interlock- NoCompl+ IbPresDis- LLActRep+
[    1.373290] pcieport 0000:00:17.6: PME: Signaling with IRQ 46
[    1.373371] pcieport 0000:00:17.6: pciehp: Slot #230 AttnBtn+ PwrCtrl+ MRL- AttnInd- PwrInd- HotPlug+ Surprise- Interlock- NoCompl+ IbPresDis- LLActRep+
[    1.374459] pcieport 0000:00:17.7: PME: Signaling with IRQ 47
[    1.374543] pcieport 0000:00:17.7: pciehp: Slot #231 AttnBtn+ PwrCtrl+ MRL- AttnInd- PwrInd- HotPlug+ Surprise- Interlock- NoCompl+ IbPresDis- LLActRep+
[    1.375696] pcieport 0000:00:18.0: PME: Signaling with IRQ 48
[    1.375763] pcieport 0000:00:18.0: pciehp: Slot #256 AttnBtn+ PwrCtrl+ MRL- AttnInd- PwrInd- HotPlug+ Surprise- Interlock- NoCompl+ IbPresDis- LLActRep+
[    1.376792] pcieport 0000:00:18.1: PME: Signaling with IRQ 49
[    1.376849] pcieport 0000:00:18.1: pciehp: Slot #257 AttnBtn+ PwrCtrl+ MRL- AttnInd- PwrInd- HotPlug+ Surprise- Interlock- NoCompl+ IbPresDis- LLActRep+
[    1.377872] pcieport 0000:00:18.2: PME: Signaling with IRQ 50
[    1.377939] pcieport 0000:00:18.2: pciehp: Slot #258 AttnBtn+ PwrCtrl+ MRL- AttnInd- PwrInd- HotPlug+ Surprise- Interlock- NoCompl+ IbPresDis- LLActRep+
[    1.378859] pcieport 0000:00:18.3: PME: Signaling with IRQ 51
[    1.378919] pcieport 0000:00:18.3: pciehp: Slot #259 AttnBtn+ PwrCtrl+ MRL- AttnInd- PwrInd- HotPlug+ Surprise- Interlock- NoCompl+ IbPresDis- LLActRep+
[    1.380029] pcieport 0000:00:18.4: PME: Signaling with IRQ 52
[    1.380094] pcieport 0000:00:18.4: pciehp: Slot #260 AttnBtn+ PwrCtrl+ MRL- AttnInd- PwrInd- HotPlug+ Surprise- Interlock- NoCompl+ IbPresDis- LLActRep+
[    1.381447] pcieport 0000:00:18.5: PME: Signaling with IRQ 53
[    1.381527] pcieport 0000:00:18.5: pciehp: Slot #261 AttnBtn+ PwrCtrl+ MRL- AttnInd- PwrInd- HotPlug+ Surprise- Interlock- NoCompl+ IbPresDis- LLActRep+
[    1.382382] pcieport 0000:00:18.6: PME: Signaling with IRQ 54
[    1.382453] pcieport 0000:00:18.6: pciehp: Slot #262 AttnBtn+ PwrCtrl+ MRL- AttnInd- PwrInd- HotPlug+ Surprise- Interlock- NoCompl+ IbPresDis- LLActRep+
[    1.383565] pcieport 0000:00:18.7: PME: Signaling with IRQ 55
[    1.383653] pcieport 0000:00:18.7: pciehp: Slot #263 AttnBtn+ PwrCtrl+ MRL- AttnInd- PwrInd- HotPlug+ Surprise- Interlock- NoCompl+ IbPresDis- LLActRep+
[    1.384394] shpchp: Standard Hot Plug PCI Controller Driver version: 0.4
[    1.385137] ACPI: AC: AC Adapter [ACAD] (on-line)
[    1.385309] input: Power Button as /devices/LNXSYSTM:00/LNXPWRBN:00/input/input0
[    1.385586] ACPI: button: Power Button [PWRF]
[    1.386980] Serial: 8250/16550 driver, 32 ports, IRQ sharing enabled
[    1.391272] Linux agpgart interface v0.103
[    1.391347] agpgart-intel 0000:00:00.0: Intel 440BX Chipset
[    1.401119] agpgart-intel 0000:00:00.0: AGP aperture is 256M @ 0x0
[    1.417551] loop: module loaded
[    1.418097] ata_piix 0000:00:07.1: version 2.13
[    1.419606] scsi host0: ata_piix
[    1.420245] scsi host1: ata_piix
[    1.420300] ata1: PATA max UDMA/33 cmd 0x1f0 ctl 0x3f6 bmdma 0x1060 irq 14 lpm-pol 0
[    1.420302] ata2: PATA max UDMA/33 cmd 0x170 ctl 0x376 bmdma 0x1068 irq 15 lpm-pol 0
[    1.420368] ACPI: bus type drm_connector registered
[    1.421499] tun: Universal TUN/TAP device driver, 1.6
[    1.421782] PPP generic driver version 2.4.2
[    1.422597] ehci-pci 0000:02:03.0: EHCI Host Controller
[    1.422616] ehci-pci 0000:02:03.0: new USB bus registered, assigned bus number 1
[    1.422891] ehci-pci 0000:02:03.0: irq 17, io mem 0xfd5ef000
[    1.428261] ehci-pci 0000:02:03.0: USB 2.0 started, EHCI 1.00
[    1.428321] usb usb1: New USB device found, idVendor=1d6b, idProduct=0002, bcdDevice= 6.14
[    1.428322] usb usb1: New USB device strings: Mfr=3, Product=2, SerialNumber=1
[    1.428323] usb usb1: Product: EHCI Host Controller
[    1.428324] usb usb1: Manufacturer: Linux 6.14.0-35-generic ehci_hcd
[    1.428325] usb usb1: SerialNumber: 0000:02:03.0
[    1.428492] hub 1-0:1.0: USB hub found
[    1.428515] hub 1-0:1.0: 6 ports detected
[    1.428726] uhci_hcd 0000:02:00.0: UHCI Host Controller
[    1.428729] uhci_hcd 0000:02:00.0: new USB bus registered, assigned bus number 2
[    1.428751] uhci_hcd 0000:02:00.0: detected 2 ports
[    1.428872] uhci_hcd 0000:02:00.0: irq 18, io port 0x00002080
[    1.429033] usb usb2: New USB device found, idVendor=1d6b, idProduct=0001, bcdDevice= 6.14
[    1.429035] usb usb2: New USB device strings: Mfr=3, Product=2, SerialNumber=1
[    1.429035] usb usb2: Product: UHCI Host Controller
[    1.429036] usb usb2: Manufacturer: Linux 6.14.0-35-generic uhci_hcd
[    1.429037] usb usb2: SerialNumber: 0000:02:00.0
[    1.429389] hub 2-0:1.0: USB hub found
[    1.429394] hub 2-0:1.0: 2 ports detected
[    1.429650] i8042: PNP: PS/2 Controller [PNP0303:KBC,PNP0f13:MOUS] at 0x60,0x64 irq 1,12
[    1.430436] serio: i8042 KBD port at 0x60,0x64 irq 1
[    1.430441] serio: i8042 AUX port at 0x60,0x64 irq 12
[    1.430637] mousedev: PS/2 mouse device common for all mice
[    1.431407] rtc_cmos 00:01: registered as rtc0
[    1.431466] rtc_cmos 00:01: setting system clock to 2025-11-17T17:43:35 UTC (1763401415)
[    1.431554] rtc_cmos 00:01: alarms up to one month, y3k, 114 bytes nvram
[    1.431560] i2c_dev: i2c /dev entries driver
[    1.431596] device-mapper: core: CONFIG_IMA_DISABLE_HTABLE is disabled. Duplicate IMA measurements will not be recorded in the IMA log.
[    1.431617] device-mapper: uevent: version 1.0.3
[    1.431895] device-mapper: ioctl: 4.49.0-ioctl (2025-01-17) initialised: dm-devel@lists.linux.dev
[    1.431899] intel_pstate: CPU model not supported
[    1.432103] drop_monitor: Initializing network drop monitor service
[    1.432325] NET: Registered PF_INET6 protocol family
[    1.556679] Freeing initrd memory: 71052K
[    1.563737] input: AT Translated Set 2 keyboard as /devices/platform/i8042/serio0/input/input1
[    1.565133] Segment Routing with IPv6
[    1.565146] In-situ OAM (IOAM) with IPv6
[    1.565166] NET: Registered PF_PACKET protocol family
[    1.565354] Key type dns_resolver registered
[    1.565872] IPI shorthand broadcast: enabled
[    1.567349] sched_clock: Marking stable (1552008141, 15184948)->(1570491672, -3298583)
[    1.568583] registered taskstats version 1
[    1.572378] Loading compiled-in X.509 certificates
[    1.572952] Loaded X.509 cert 'Build time autogenerated kernel key: 41d22baa63dd1c71f702c24bd4d59d850d38a476'
[    1.573158] Loaded X.509 cert 'Canonical Ltd. Live Patch Signing 2025 Kmod: d541cef61dc7e793b7eb7e899970a2eef0b5dc8c'
[    1.573410] Loaded X.509 cert 'Canonical Ltd. Live Patch Signing: 14df34d1a87cf37625abec039ef2bf521249b969'
[    1.573653] Loaded X.509 cert 'Canonical Ltd. Kernel Module Signing: 88f752e560a1e0737e31163a466ad7b70a850c19'
[    1.573654] blacklist: Loading compiled-in revocation X.509 certificates
[    1.573663] Loaded X.509 cert 'Canonical Ltd. Secure Boot Signing: 61482aa2830d0ab2ad5af10b7250da9033ddcef0'
[    1.573678] Loaded X.509 cert 'Canonical Ltd. Secure Boot Signing (2017): 242ade75ac4a15e50d50c84b0d45ff3eae707a03'
[    1.573684] Loaded X.509 cert 'Canonical Ltd. Secure Boot Signing (ESM 2018): 365188c1d374d6b07c3c8f240f8ef722433d6a8b'
[    1.573690] Loaded X.509 cert 'Canonical Ltd. Secure Boot Signing (2019): c0746fd6c5da3ae827864651ad66ae47fe24b3e8'
[    1.573696] Loaded X.509 cert 'Canonical Ltd. Secure Boot Signing (2021 v1): a8d54bbb3825cfb94fa13c9f8a594a195c107b8d'
[    1.573702] Loaded X.509 cert 'Canonical Ltd. Secure Boot Signing (2021 v2): 4cf046892d6fd3c9a5b03f98d845f90851dc6a8c'
[    1.573709] Loaded X.509 cert 'Canonical Ltd. Secure Boot Signing (2021 v3): 100437bb6de6e469b581e61cd66bce3ef4ed53af'
[    1.573809] Loaded X.509 cert 'Canonical Ltd. Secure Boot Signing (Ubuntu Core 2019): c1d57b8f6b743f23ee41f4f7ee292f06eecadfb9'
[    1.599283] Demotion targets for Node 0: null
[    1.600172] Key type .fscrypt registered
[    1.600174] Key type fscrypt-provisioning registered
[    1.615685] Key type encrypted registered
[    1.615691] AppArmor: AppArmor sha256 policy hashing enabled
[    1.615699] ima: No TPM chip found, activating TPM-bypass!
[    1.615702] Loading compiled-in module X.509 certificates
[    1.615940] Loaded X.509 cert 'Build time autogenerated kernel key: 41d22baa63dd1c71f702c24bd4d59d850d38a476'
[    1.615941] ima: Allocated hash algorithm: sha256
[    1.615948] ima: No architecture policies found
[    1.615955] evm: Initialising EVM extended attributes:
[    1.615956] evm: security.selinux
[    1.615956] evm: security.SMACK64
[    1.615957] evm: security.SMACK64EXEC
[    1.615957] evm: security.SMACK64TRANSMUTE
[    1.615958] evm: security.SMACK64MMAP
[    1.615958] evm: security.apparmor
[    1.615958] evm: security.ima
[    1.615959] evm: security.capability
[    1.615959] evm: HMAC attrs: 0x1
[    1.616150] PM:   Magic number: 1:796:744
[    1.617844] RAS: Correctable Errors collector initialized.
[    1.620406] clk: Disabling unused clocks
[    1.620408] PM: genpd: Disabling unused power domains
[    1.625756] Freeing unused decrypted memory: 2028K
[    1.626514] Freeing unused kernel image (initmem) memory: 5140K
[    1.626689] Write protecting the kernel read-only data: 38912k
[    1.627113] Freeing unused kernel image (text/rodata gap) memory: 1076K
[    1.627462] Freeing unused kernel image (rodata/data gap) memory: 1320K
[    1.633820] x86/mm: Checked W+X mappings: passed, no W+X pages found.
[    1.633822] x86/mm: Checking user space page tables
[    1.640110] x86/mm: Checked W+X mappings: passed, no W+X pages found.
[    1.640119] Run /init as init process
[    1.640121]   with arguments:
[    1.640121]     /init
[    1.640122]     splash
[    1.640122]   with environment:
[    1.640123]     HOME=/
[    1.640123]     TERM=linux
[    1.640124]     BOOT_IMAGE=/boot/vmlinuz-6.14.0-35-generic
[    1.651286] usb 2-1: new full-speed USB device number 2 using uhci_hcd
[    1.794896] usb 2-1: New USB device found, idVendor=0e0f, idProduct=0003, bcdDevice= 1.03
[    1.794903] usb 2-1: New USB device strings: Mfr=1, Product=2, SerialNumber=0
[    1.794905] usb 2-1: Product: VMware Virtual USB Mouse
[    1.794906] usb 2-1: Manufacturer: VMware
[    1.869506] Floppy drive(s): fd0 is 1.44M
[    1.881294] FDC 0 is a post-1991 82077
[    1.914220] usb 2-2: new full-speed USB device number 3 using uhci_hcd
[    1.917851] Fusion MPT base driver 3.04.20
[    1.917854] Copyright (c) 1999-2008 LSI Corporation
[    1.926950] Fusion MPT SPI Host driver 3.04.20
[    1.927684] mptbase: ioc0: Initiating bringup
[    1.930548] input: VirtualPS/2 VMware VMMouse as /devices/platform/i8042/serio1/input/input4
[    1.930846] input: VirtualPS/2 VMware VMMouse as /devices/platform/i8042/serio1/input/input3
[    1.948482] ioc0: LSI53C1030 B0: Capabilities={Initiator}
[    1.990648] scsi host2: ioc0: LSI53C1030 B0, FwRev=01032920h, Ports=1, MaxQ=128, IRQ=17
[    2.018518] scsi 2:0:0:0: Direct-Access     VMware,  VMware Virtual S 1.0  PQ: 0 ANSI: 2
[    2.028340] scsi target2:0:0: Beginning Domain Validation
[    2.029364] scsi target2:0:0: Domain Validation skipping write tests
[    2.029369] scsi target2:0:0: Ending Domain Validation
[    2.029466] scsi target2:0:0: FAST-40 WIDE SCSI 80.0 MB/s ST (25 ns, offset 127)
[    2.032233] sd 2:0:0:0: [sda] 83886080 512-byte logical blocks: (42.9 GB/40.0 GiB)
[    2.032267] sd 2:0:0:0: [sda] Write Protect is off
[    2.032268] sd 2:0:0:0: [sda] Mode Sense: 61 00 00 00
[    2.032313] sd 2:0:0:0: [sda] Cache data unavailable
[    2.032314] sd 2:0:0:0: [sda] Assuming drive cache: write through
[    2.032400] sd 2:0:0:0: Attached scsi generic sg0 type 0
[    2.055584] usb 2-2: New USB device found, idVendor=0e0f, idProduct=0002, bcdDevice= 1.00
[    2.055588] usb 2-2: New USB device strings: Mfr=1, Product=2, SerialNumber=0
[    2.055589] usb 2-2: Product: VMware Virtual USB Hub
[    2.055590] usb 2-2: Manufacturer: VMware, Inc.
[    2.060328]  sda: sda1 sda2
[    2.060459] sd 2:0:0:0: [sda] Attached SCSI disk
[    2.063021] hub 2-2:1.0: USB hub found
[    2.065706] hub 2-2:1.0: 7 ports detected
[    2.084561] hid: raw HID events driver (C) Jiri Kosina
[    2.089512] usbcore: registered new interface driver usbhid
[    2.089515] usbhid: USB HID core driver
[    2.094466] ahci 0000:02:04.0: version 3.0
[    2.094480] input: VMware VMware Virtual USB Mouse as /devices/pci0000:00/0000:00:11.0/0000:02:00.0/usb2/2-1/2-1:1.0/0003:0E0F:0003.0001/input/input5
[    2.095244] hid-generic 0003:0E0F:0003.0001: input,hidraw0: USB HID v1.10 Mouse [VMware VMware Virtual USB Mouse] on usb-0000:02:00.0-1/input0
[    2.097940] ahci 0000:02:04.0: AHCI vers 0001.0300, 32 command slots, 6 Gbps, SATA mode
[    2.097944] ahci 0000:02:04.0: 30/30 ports implemented (port mask 0x3fffffff)
[    2.097945] ahci 0000:02:04.0: flags: 64bit ncq clo only 
[    2.098014] e1000: Intel(R) PRO/1000 Network Driver
[    2.098016] e1000: Copyright (c) 1999-2006 Intel Corporation.
[    2.106606] scsi host3: ahci
[    2.107047] scsi host4: ahci
[    2.107553] scsi host5: ahci
[    2.108092] scsi host6: ahci
[    2.108600] scsi host7: ahci
[    2.109271] scsi host8: ahci
[    2.109939] scsi host9: ahci
[    2.110447] scsi host10: ahci
[    2.111010] scsi host11: ahci
[    2.111526] scsi host12: ahci
[    2.112028] scsi host13: ahci
[    2.112497] scsi host14: ahci
[    2.113117] scsi host15: ahci
[    2.113692] scsi host16: ahci
[    2.114234] scsi host17: ahci
[    2.114807] scsi host18: ahci
[    2.115307] scsi host19: ahci
[    2.115784] scsi host20: ahci
[    2.116385] scsi host21: ahci
[    2.116998] scsi host22: ahci
[    2.117519] scsi host23: ahci
[    2.118118] scsi host24: ahci
[    2.118698] scsi host25: ahci
[    2.119169] scsi host26: ahci
[    2.119705] scsi host27: ahci
[    2.120323] scsi host28: ahci
[    2.120809] scsi host29: ahci
[    2.121266] scsi host30: ahci
[    2.121716] scsi host31: ahci
[    2.122290] scsi host32: ahci
[    2.122410] ata3: SATA max UDMA/133 abar m4096@0xfd5ee000 port 0xfd5ee100 irq 56 lpm-pol 0
[    2.122412] ata4: SATA max UDMA/133 abar m4096@0xfd5ee000 port 0xfd5ee180 irq 56 lpm-pol 0
[    2.122412] ata5: SATA max UDMA/133 abar m4096@0xfd5ee000 port 0xfd5ee200 irq 56 lpm-pol 0
[    2.122413] ata6: SATA max UDMA/133 abar m4096@0xfd5ee000 port 0xfd5ee280 irq 56 lpm-pol 0
[    2.122414] ata7: SATA max UDMA/133 abar m4096@0xfd5ee000 port 0xfd5ee300 irq 56 lpm-pol 0
[    2.122415] ata8: SATA max UDMA/133 abar m4096@0xfd5ee000 port 0xfd5ee380 irq 56 lpm-pol 0
[    2.122415] ata9: SATA max UDMA/133 abar m4096@0xfd5ee000 port 0xfd5ee400 irq 56 lpm-pol 0
[    2.122416] ata10: SATA max UDMA/133 abar m4096@0xfd5ee000 port 0xfd5ee480 irq 56 lpm-pol 0
[    2.122417] ata11: SATA max UDMA/133 abar m4096@0xfd5ee000 port 0xfd5ee500 irq 56 lpm-pol 0
[    2.122418] ata12: SATA max UDMA/133 abar m4096@0xfd5ee000 port 0xfd5ee580 irq 56 lpm-pol 0
[    2.122418] ata13: SATA max UDMA/133 abar m4096@0xfd5ee000 port 0xfd5ee600 irq 56 lpm-pol 0
[    2.122419] ata14: SATA max UDMA/133 abar m4096@0xfd5ee000 port 0xfd5ee680 irq 56 lpm-pol 0
[    2.122420] ata15: SATA max UDMA/133 abar m4096@0xfd5ee000 port 0xfd5ee700 irq 56 lpm-pol 0
[    2.122421] ata16: SATA max UDMA/133 abar m4096@0xfd5ee000 port 0xfd5ee780 irq 56 lpm-pol 0
[    2.122421] ata17: SATA max UDMA/133 abar m4096@0xfd5ee000 port 0xfd5ee800 irq 56 lpm-pol 0
[    2.122422] ata18: SATA max UDMA/133 abar m4096@0xfd5ee000 port 0xfd5ee880 irq 56 lpm-pol 0
[    2.122423] ata19: SATA max UDMA/133 abar m4096@0xfd5ee000 port 0xfd5ee900 irq 56 lpm-pol 0
[    2.122423] ata20: SATA max UDMA/133 abar m4096@0xfd5ee000 port 0xfd5ee980 irq 56 lpm-pol 0
[    2.122424] ata21: SATA max UDMA/133 abar m4096@0xfd5ee000 port 0xfd5eea00 irq 56 lpm-pol 0
[    2.122425] ata22: SATA max UDMA/133 abar m4096@0xfd5ee000 port 0xfd5eea80 irq 56 lpm-pol 0
[    2.122425] ata23: SATA max UDMA/133 abar m4096@0xfd5ee000 port 0xfd5eeb00 irq 56 lpm-pol 0
[    2.122426] ata24: SATA max UDMA/133 abar m4096@0xfd5ee000 port 0xfd5eeb80 irq 56 lpm-pol 0
[    2.122427] ata25: SATA max UDMA/133 abar m4096@0xfd5ee000 port 0xfd5eec00 irq 56 lpm-pol 0
[    2.122427] ata26: SATA max UDMA/133 abar m4096@0xfd5ee000 port 0xfd5eec80 irq 56 lpm-pol 0
[    2.122428] ata27: SATA max UDMA/133 abar m4096@0xfd5ee000 port 0xfd5eed00 irq 56 lpm-pol 0
[    2.122429] ata28: SATA max UDMA/133 abar m4096@0xfd5ee000 port 0xfd5eed80 irq 56 lpm-pol 0
[    2.122429] ata29: SATA max UDMA/133 abar m4096@0xfd5ee000 port 0xfd5eee00 irq 56 lpm-pol 0
[    2.122430] ata30: SATA max UDMA/133 abar m4096@0xfd5ee000 port 0xfd5eee80 irq 56 lpm-pol 0
[    2.122431] ata31: SATA max UDMA/133 abar m4096@0xfd5ee000 port 0xfd5eef00 irq 56 lpm-pol 0
[    2.122432] ata32: SATA max UDMA/133 abar m4096@0xfd5ee000 port 0xfd5eef80 irq 56 lpm-pol 0
[    2.425657] e1000 0000:02:01.0 eth0: (PCI:66MHz:32-bit) 00:0c:29:75:f7:12
[    2.425667] e1000 0000:02:01.0 eth0: Intel(R) PRO/1000 Network Connection
[    2.433868] ata26: SATA link down (SStatus 0 SControl 300)
[    2.434068] ata19: SATA link down (SStatus 0 SControl 300)
[    2.434232] ata32: SATA link down (SStatus 0 SControl 300)
[    2.434349] ata6: SATA link down (SStatus 0 SControl 300)
[    2.434462] ata9: SATA link down (SStatus 0 SControl 300)
[    2.434573] ata14: SATA link down (SStatus 0 SControl 300)
[    2.434719] ata13: SATA link down (SStatus 0 SControl 300)
[    2.434850] ata12: SATA link down (SStatus 0 SControl 300)
