Running as unit: run-u148.service; invocation ID: 566e6dbec2844443a5c75278c5221a11
Nov 10 22:02:08 ubuntu kernel: Linux version 6.14.0-27-generic (buildd@lcy02-amd64-120) (x86_64-linux-gnu-gcc-13 (Ubuntu 13.3.0-6ubuntu2~24.04) 13.3.0, GNU ld (GNU Binutils for Ubuntu) 2.42) #27~24.04.1-Ubuntu SMP PREEMPT_DYNAMIC Tue Jul 22 17:38:49 UTC 2 (Ubuntu 6.14.0-27.27~24.04.1-generic 6.14.6)
Nov 10 22:02:08 ubuntu kernel: Command line: initrd=initrd file=/cdrom/preseed/ubuntu.seed quiet splash --- debian-installer/custom-installation=/custom find_preseed=/preseed.cfg auto preseed/file=/floppy/preseed.cfg automatic-ubiquity noprompt priority=critical locale=en_US console-setup/modelcode=evdev BOOT_IMAGE=vmlinuz 
Nov 10 22:02:08 ubuntu kernel: KERNEL supported cpus:
Nov 10 22:02:08 ubuntu kernel:   Intel GenuineIntel
Nov 10 22:02:08 ubuntu kernel:   AMD AuthenticAMD
Nov 10 22:02:08 ubuntu kernel:   Hygon HygonGenuine
Nov 10 22:02:08 ubuntu kernel:   Centaur CentaurHauls
Nov 10 22:02:08 ubuntu kernel:   zhaoxin   Shanghai  
Nov 10 22:02:08 ubuntu kernel: BIOS-provided physical RAM map:
Nov 10 22:02:08 ubuntu kernel: BIOS-e820: [mem 0x0000000000000000-0x000000000009e7ff] usable
Nov 10 22:02:08 ubuntu kernel: BIOS-e820: [mem 0x000000000009e800-0x000000000009ffff] reserved
Nov 10 22:02:08 ubuntu kernel: BIOS-e820: [mem 0x00000000000dc000-0x00000000000fffff] reserved
Nov 10 22:02:08 ubuntu kernel: BIOS-e820: [mem 0x0000000000100000-0x00000000bfecffff] usable
Nov 10 22:02:08 ubuntu kernel: BIOS-e820: [mem 0x00000000bfed0000-0x00000000bfefefff] ACPI data
Nov 10 22:02:08 ubuntu kernel: BIOS-e820: [mem 0x00000000bfeff000-0x00000000bfefffff] ACPI NVS
Nov 10 22:02:08 ubuntu kernel: BIOS-e820: [mem 0x00000000bff00000-0x00000000bfffffff] usable
Nov 10 22:02:08 ubuntu kernel: BIOS-e820: [mem 0x00000000f0000000-0x00000000f7ffffff] reserved
Nov 10 22:02:08 ubuntu kernel: BIOS-e820: [mem 0x00000000fec00000-0x00000000fec0ffff] reserved
Nov 10 22:02:08 ubuntu kernel: BIOS-e820: [mem 0x00000000fee00000-0x00000000fee00fff] reserved
Nov 10 22:02:08 ubuntu kernel: BIOS-e820: [mem 0x00000000fffe0000-0x00000000ffffffff] reserved
Nov 10 22:02:08 ubuntu kernel: BIOS-e820: [mem 0x0000000100000000-0x000000013fffffff] usable
Nov 10 22:02:08 ubuntu kernel: NX (Execute Disable) protection: active
Nov 10 22:02:08 ubuntu kernel: APIC: Static calls initialized
Nov 10 22:02:08 ubuntu kernel: SMBIOS 2.7 present.
Nov 10 22:02:08 ubuntu kernel: DMI: VMware, Inc. VMware Virtual Platform/440BX Desktop Reference Platform, BIOS 6.00 11/12/2020
Nov 10 22:02:08 ubuntu kernel: DMI: Memory slots populated: 1/128
Nov 10 22:02:08 ubuntu kernel: vmware: hypercall mode: 0x02
Nov 10 22:02:08 ubuntu kernel: Hypervisor detected: VMware
Nov 10 22:02:08 ubuntu kernel: vmware: TSC freq read from hypervisor : 2918.400 MHz
Nov 10 22:02:08 ubuntu kernel: vmware: Host bus clock speed read from hypervisor : 66000000 Hz
Nov 10 22:02:08 ubuntu kernel: vmware: using clock offset of 7759731781 ns
Nov 10 22:02:08 ubuntu kernel: tsc: Detected 2918.400 MHz processor
Nov 10 22:02:08 ubuntu kernel: e820: update [mem 0x00000000-0x00000fff] usable ==> reserved
Nov 10 22:02:08 ubuntu kernel: e820: remove [mem 0x000a0000-0x000fffff] usable
Nov 10 22:02:08 ubuntu kernel: last_pfn = 0x140000 max_arch_pfn = 0x400000000
Nov 10 22:02:08 ubuntu kernel: total RAM covered: 130048M
Nov 10 22:02:08 ubuntu kernel: Found optimal setting for mtrr clean up
Nov 10 22:02:08 ubuntu kernel:  gran_size: 64K         chunk_size: 64K         num_reg: 7          lose cover RAM: 0G
Nov 10 22:02:08 ubuntu kernel: MTRR map: 7 entries (5 fixed + 2 variable; max 21), built from 8 variable MTRRs
Nov 10 22:02:08 ubuntu kernel: x86/PAT: Configuration [0-7]: WB  WC  UC- UC  WB  WP  UC- WT  
Nov 10 22:02:08 ubuntu kernel: e820: update [mem 0xc0000000-0xffffffff] usable ==> reserved
Nov 10 22:02:08 ubuntu kernel: last_pfn = 0xc0000 max_arch_pfn = 0x400000000
Nov 10 22:02:08 ubuntu kernel: found SMP MP-table at [mem 0x000f6a70-0x000f6a7f]
Nov 10 22:02:08 ubuntu kernel: Using GB pages for direct mapping
Nov 10 22:02:08 ubuntu kernel: RAMDISK: [mem 0x7b19e000-0x7fffefff]
Nov 10 22:02:08 ubuntu kernel: ACPI: Early table checksum verification disabled
Nov 10 22:02:08 ubuntu kernel: ACPI: RSDP 0x00000000000F6A00 000024 (v02 PTLTD )
Nov 10 22:02:08 ubuntu kernel: ACPI: XSDT 0x00000000BFEDC633 00005C (v01 INTEL  440BX    06040000 VMW  01324272)
Nov 10 22:02:08 ubuntu kernel: ACPI: FACP 0x00000000BFEFEE73 0000F4 (v04 INTEL  440BX    06040000 PTL  000F4240)
Nov 10 22:02:08 ubuntu kernel: ACPI: DSDT 0x00000000BFEDD9E8 02148B (v01 PTLTD  Custom   06040000 MSFT 03000001)
Nov 10 22:02:08 ubuntu kernel: ACPI: FACS 0x00000000BFEFFFC0 000040
Nov 10 22:02:08 ubuntu kernel: ACPI: FACS 0x00000000BFEFFFC0 000040
Nov 10 22:02:08 ubuntu kernel: ACPI: BOOT 0x00000000BFEDD9C0 000028 (v01 PTLTD  $SBFTBL$ 06040000  LTP 00000001)
Nov 10 22:02:08 ubuntu kernel: ACPI: APIC 0x00000000BFEDD27E 000742 (v01 PTLTD  ? APIC   06040000  LTP 00000000)
Nov 10 22:02:08 ubuntu kernel: ACPI: MCFG 0x00000000BFEDD242 00003C (v01 PTLTD  $PCITBL$ 06040000  LTP 00000001)
Nov 10 22:02:08 ubuntu kernel: ACPI: SRAT 0x00000000BFEDC72F 0008D0 (v02 VMWARE MEMPLUG  06040000 VMW  00000001)
Nov 10 22:02:08 ubuntu kernel: ACPI: HPET 0x00000000BFEDC6F7 000038 (v01 VMWARE VMW HPET 06040000 VMW  00000001)
Nov 10 22:02:08 ubuntu kernel: ACPI: WAET 0x00000000BFEDC6CF 000028 (v01 VMWARE VMW WAET 06040000 VMW  00000001)
Nov 10 22:02:08 ubuntu kernel: ACPI: Reserving FACP table memory at [mem 0xbfefee73-0xbfefef66]
Nov 10 22:02:08 ubuntu kernel: ACPI: Reserving DSDT table memory at [mem 0xbfedd9e8-0xbfefee72]
Nov 10 22:02:08 ubuntu kernel: ACPI: Reserving FACS table memory at [mem 0xbfefffc0-0xbfefffff]
Nov 10 22:02:08 ubuntu kernel: ACPI: Reserving FACS table memory at [mem 0xbfefffc0-0xbfefffff]
Nov 10 22:02:08 ubuntu kernel: ACPI: Reserving BOOT table memory at [mem 0xbfedd9c0-0xbfedd9e7]
Nov 10 22:02:08 ubuntu kernel: ACPI: Reserving APIC table memory at [mem 0xbfedd27e-0xbfedd9bf]
Nov 10 22:02:08 ubuntu kernel: ACPI: Reserving MCFG table memory at [mem 0xbfedd242-0xbfedd27d]
Nov 10 22:02:08 ubuntu kernel: ACPI: Reserving SRAT table memory at [mem 0xbfedc72f-0xbfedcffe]
Nov 10 22:02:08 ubuntu kernel: ACPI: Reserving HPET table memory at [mem 0xbfedc6f7-0xbfedc72e]
Nov 10 22:02:08 ubuntu kernel: ACPI: Reserving WAET table memory at [mem 0xbfedc6cf-0xbfedc6f6]
Nov 10 22:02:08 ubuntu kernel: ACPI: SRAT: Node 0 PXM 0 [mem 0x00000000-0x0009ffff]
Nov 10 22:02:08 ubuntu kernel: ACPI: SRAT: Node 0 PXM 0 [mem 0x00100000-0xbfffffff]
Nov 10 22:02:08 ubuntu kernel: ACPI: SRAT: Node 0 PXM 0 [mem 0x100000000-0x13fffffff]
Nov 10 22:02:08 ubuntu kernel: ACPI: SRAT: Node 0 PXM 0 [mem 0x140000000-0x103fffffff] hotplug
Nov 10 22:02:08 ubuntu kernel: NUMA: Node 0 [mem 0x00001000-0x0009ffff] + [mem 0x00100000-0xbfffffff] -> [mem 0x00001000-0xbfffffff]
Nov 10 22:02:08 ubuntu kernel: NUMA: Node 0 [mem 0x00001000-0xbfffffff] + [mem 0x100000000-0x13fffffff] -> [mem 0x00001000-0x13fffffff]
Nov 10 22:02:08 ubuntu kernel: NODE_DATA(0) allocated [mem 0x13ffd3540-0x13fffdfff]
Nov 10 22:02:08 ubuntu kernel: Zone ranges:
Nov 10 22:02:08 ubuntu kernel:   DMA      [mem 0x0000000000001000-0x0000000000ffffff]
Nov 10 22:02:08 ubuntu kernel:   DMA32    [mem 0x0000000001000000-0x00000000ffffffff]
Nov 10 22:02:08 ubuntu kernel:   Normal   [mem 0x0000000100000000-0x000000013fffffff]
Nov 10 22:02:08 ubuntu kernel:   Device   empty
Nov 10 22:02:08 ubuntu kernel: Movable zone start for each node
Nov 10 22:02:08 ubuntu kernel: Early memory node ranges
Nov 10 22:02:08 ubuntu kernel:   node   0: [mem 0x0000000000001000-0x000000000009dfff]
Nov 10 22:02:08 ubuntu kernel:   node   0: [mem 0x0000000000100000-0x00000000bfecffff]
Nov 10 22:02:08 ubuntu kernel:   node   0: [mem 0x00000000bff00000-0x00000000bfffffff]
Nov 10 22:02:08 ubuntu kernel:   node   0: [mem 0x0000000100000000-0x000000013fffffff]
Nov 10 22:02:08 ubuntu kernel: Initmem setup node 0 [mem 0x0000000000001000-0x000000013fffffff]
Nov 10 22:02:08 ubuntu kernel: On node 0, zone DMA: 1 pages in unavailable ranges
Nov 10 22:02:08 ubuntu kernel: On node 0, zone DMA: 98 pages in unavailable ranges
Nov 10 22:02:08 ubuntu kernel: On node 0, zone DMA32: 48 pages in unavailable ranges
Nov 10 22:02:08 ubuntu kernel: ACPI: PM-Timer IO Port: 0x1008
Nov 10 22:02:08 ubuntu kernel: ACPI: LAPIC_NMI (acpi_id[0x00] high edge lint[0x1])
Nov 10 22:02:08 ubuntu kernel: ACPI: LAPIC_NMI (acpi_id[0x01] high edge lint[0x1])
Nov 10 22:02:08 ubuntu kernel: ACPI: LAPIC_NMI (acpi_id[0x02] high edge lint[0x1])
Nov 10 22:02:08 ubuntu kernel: ACPI: LAPIC_NMI (acpi_id[0x03] high edge lint[0x1])
Nov 10 22:02:08 ubuntu kernel: ACPI: LAPIC_NMI (acpi_id[0x04] high edge lint[0x1])
Nov 10 22:02:08 ubuntu kernel: ACPI: LAPIC_NMI (acpi_id[0x05] high edge lint[0x1])
Nov 10 22:02:08 ubuntu kernel: ACPI: LAPIC_NMI (acpi_id[0x06] high edge lint[0x1])
Nov 10 22:02:08 ubuntu kernel: ACPI: LAPIC_NMI (acpi_id[0x07] high edge lint[0x1])
Nov 10 22:02:08 ubuntu kernel: ACPI: LAPIC_NMI (acpi_id[0x08] high edge lint[0x1])
Nov 10 22:02:08 ubuntu kernel: ACPI: LAPIC_NMI (acpi_id[0x09] high edge lint[0x1])
Nov 10 22:02:08 ubuntu kernel: ACPI: LAPIC_NMI (acpi_id[0x0a] high edge lint[0x1])
Nov 10 22:02:08 ubuntu kernel: ACPI: LAPIC_NMI (acpi_id[0x0b] high edge lint[0x1])
Nov 10 22:02:08 ubuntu kernel: ACPI: LAPIC_NMI (acpi_id[0x0c] high edge lint[0x1])
Nov 10 22:02:08 ubuntu kernel: ACPI: LAPIC_NMI (acpi_id[0x0d] high edge lint[0x1])
Nov 10 22:02:08 ubuntu kernel: ACPI: LAPIC_NMI (acpi_id[0x0e] high edge lint[0x1])
Nov 10 22:02:08 ubuntu kernel: ACPI: LAPIC_NMI (acpi_id[0x0f] high edge lint[0x1])
Nov 10 22:02:08 ubuntu kernel: ACPI: LAPIC_NMI (acpi_id[0x10] high edge lint[0x1])
Nov 10 22:02:08 ubuntu kernel: ACPI: LAPIC_NMI (acpi_id[0x11] high edge lint[0x1])
Nov 10 22:02:08 ubuntu kernel: ACPI: LAPIC_NMI (acpi_id[0x12] high edge lint[0x1])
Nov 10 22:02:08 ubuntu kernel: ACPI: LAPIC_NMI (acpi_id[0x13] high edge lint[0x1])
Nov 10 22:02:08 ubuntu kernel: ACPI: LAPIC_NMI (acpi_id[0x14] high edge lint[0x1])
Nov 10 22:02:08 ubuntu kernel: ACPI: LAPIC_NMI (acpi_id[0x15] high edge lint[0x1])
Nov 10 22:02:08 ubuntu kernel: ACPI: LAPIC_NMI (acpi_id[0x16] high edge lint[0x1])
Nov 10 22:02:08 ubuntu kernel: ACPI: LAPIC_NMI (acpi_id[0x17] high edge lint[0x1])
Nov 10 22:02:08 ubuntu kernel: ACPI: LAPIC_NMI (acpi_id[0x18] high edge lint[0x1])
Nov 10 22:02:08 ubuntu kernel: ACPI: LAPIC_NMI (acpi_id[0x19] high edge lint[0x1])
Nov 10 22:02:08 ubuntu kernel: ACPI: LAPIC_NMI (acpi_id[0x1a] high edge lint[0x1])
Nov 10 22:02:08 ubuntu kernel: ACPI: LAPIC_NMI (acpi_id[0x1b] high edge lint[0x1])
Nov 10 22:02:08 ubuntu kernel: ACPI: LAPIC_NMI (acpi_id[0x1c] high edge lint[0x1])
Nov 10 22:02:08 ubuntu kernel: ACPI: LAPIC_NMI (acpi_id[0x1d] high edge lint[0x1])
Nov 10 22:02:08 ubuntu kernel: ACPI: LAPIC_NMI (acpi_id[0x1e] high edge lint[0x1])
Nov 10 22:02:08 ubuntu kernel: ACPI: LAPIC_NMI (acpi_id[0x1f] high edge lint[0x1])
Nov 10 22:02:08 ubuntu kernel: ACPI: LAPIC_NMI (acpi_id[0x20] high edge lint[0x1])
Nov 10 22:02:08 ubuntu kernel: ACPI: LAPIC_NMI (acpi_id[0x21] high edge lint[0x1])
Nov 10 22:02:08 ubuntu kernel: ACPI: LAPIC_NMI (acpi_id[0x22] high edge lint[0x1])
Nov 10 22:02:08 ubuntu kernel: ACPI: LAPIC_NMI (acpi_id[0x23] high edge lint[0x1])
Nov 10 22:02:08 ubuntu kernel: ACPI: LAPIC_NMI (acpi_id[0x24] high edge lint[0x1])
Nov 10 22:02:08 ubuntu kernel: ACPI: LAPIC_NMI (acpi_id[0x25] high edge lint[0x1])
Nov 10 22:02:08 ubuntu kernel: ACPI: LAPIC_NMI (acpi_id[0x26] high edge lint[0x1])
Nov 10 22:02:08 ubuntu kernel: ACPI: LAPIC_NMI (acpi_id[0x27] high edge lint[0x1])
Nov 10 22:02:08 ubuntu kernel: ACPI: LAPIC_NMI (acpi_id[0x28] high edge lint[0x1])
Nov 10 22:02:08 ubuntu kernel: ACPI: LAPIC_NMI (acpi_id[0x29] high edge lint[0x1])
Nov 10 22:02:08 ubuntu kernel: ACPI: LAPIC_NMI (acpi_id[0x2a] high edge lint[0x1])
Nov 10 22:02:08 ubuntu kernel: ACPI: LAPIC_NMI (acpi_id[0x2b] high edge lint[0x1])
Nov 10 22:02:08 ubuntu kernel: ACPI: LAPIC_NMI (acpi_id[0x2c] high edge lint[0x1])
Nov 10 22:02:08 ubuntu kernel: ACPI: LAPIC_NMI (acpi_id[0x2d] high edge lint[0x1])
Nov 10 22:02:08 ubuntu kernel: ACPI: LAPIC_NMI (acpi_id[0x2e] high edge lint[0x1])
Nov 10 22:02:08 ubuntu kernel: ACPI: LAPIC_NMI (acpi_id[0x2f] high edge lint[0x1])
Nov 10 22:02:08 ubuntu kernel: ACPI: LAPIC_NMI (acpi_id[0x30] high edge lint[0x1])
Nov 10 22:02:08 ubuntu kernel: ACPI: LAPIC_NMI (acpi_id[0x31] high edge lint[0x1])
Nov 10 22:02:08 ubuntu kernel: ACPI: LAPIC_NMI (acpi_id[0x32] high edge lint[0x1])
Nov 10 22:02:08 ubuntu kernel: ACPI: LAPIC_NMI (acpi_id[0x33] high edge lint[0x1])
Nov 10 22:02:08 ubuntu kernel: ACPI: LAPIC_NMI (acpi_id[0x34] high edge lint[0x1])
Nov 10 22:02:08 ubuntu kernel: ACPI: LAPIC_NMI (acpi_id[0x35] high edge lint[0x1])
Nov 10 22:02:08 ubuntu kernel: ACPI: LAPIC_NMI (acpi_id[0x36] high edge lint[0x1])
Nov 10 22:02:08 ubuntu kernel: ACPI: LAPIC_NMI (acpi_id[0x37] high edge lint[0x1])
Nov 10 22:02:08 ubuntu kernel: ACPI: LAPIC_NMI (acpi_id[0x38] high edge lint[0x1])
Nov 10 22:02:08 ubuntu kernel: ACPI: LAPIC_NMI (acpi_id[0x39] high edge lint[0x1])
Nov 10 22:02:08 ubuntu kernel: ACPI: LAPIC_NMI (acpi_id[0x3a] high edge lint[0x1])
Nov 10 22:02:08 ubuntu kernel: ACPI: LAPIC_NMI (acpi_id[0x3b] high edge lint[0x1])
Nov 10 22:02:08 ubuntu kernel: ACPI: LAPIC_NMI (acpi_id[0x3c] high edge lint[0x1])
Nov 10 22:02:08 ubuntu kernel: ACPI: LAPIC_NMI (acpi_id[0x3d] high edge lint[0x1])
Nov 10 22:02:08 ubuntu kernel: ACPI: LAPIC_NMI (acpi_id[0x3e] high edge lint[0x1])
Nov 10 22:02:08 ubuntu kernel: ACPI: LAPIC_NMI (acpi_id[0x3f] high edge lint[0x1])
Nov 10 22:02:08 ubuntu kernel: ACPI: LAPIC_NMI (acpi_id[0x40] high edge lint[0x1])
Nov 10 22:02:08 ubuntu kernel: ACPI: LAPIC_NMI (acpi_id[0x41] high edge lint[0x1])
Nov 10 22:02:08 ubuntu kernel: ACPI: LAPIC_NMI (acpi_id[0x42] high edge lint[0x1])
Nov 10 22:02:08 ubuntu kernel: ACPI: LAPIC_NMI (acpi_id[0x43] high edge lint[0x1])
Nov 10 22:02:08 ubuntu kernel: ACPI: LAPIC_NMI (acpi_id[0x44] high edge lint[0x1])
Nov 10 22:02:08 ubuntu kernel: ACPI: LAPIC_NMI (acpi_id[0x45] high edge lint[0x1])
Nov 10 22:02:08 ubuntu kernel: ACPI: LAPIC_NMI (acpi_id[0x46] high edge lint[0x1])
Nov 10 22:02:08 ubuntu kernel: ACPI: LAPIC_NMI (acpi_id[0x47] high edge lint[0x1])
Nov 10 22:02:08 ubuntu kernel: ACPI: LAPIC_NMI (acpi_id[0x48] high edge lint[0x1])
Nov 10 22:02:08 ubuntu kernel: ACPI: LAPIC_NMI (acpi_id[0x49] high edge lint[0x1])
Nov 10 22:02:08 ubuntu kernel: ACPI: LAPIC_NMI (acpi_id[0x4a] high edge lint[0x1])
Nov 10 22:02:08 ubuntu kernel: ACPI: LAPIC_NMI (acpi_id[0x4b] high edge lint[0x1])
Nov 10 22:02:08 ubuntu kernel: ACPI: LAPIC_NMI (acpi_id[0x4c] high edge lint[0x1])
Nov 10 22:02:08 ubuntu kernel: ACPI: LAPIC_NMI (acpi_id[0x4d] high edge lint[0x1])
Nov 10 22:02:08 ubuntu kernel: ACPI: LAPIC_NMI (acpi_id[0x4e] high edge lint[0x1])
Nov 10 22:02:08 ubuntu kernel: ACPI: LAPIC_NMI (acpi_id[0x4f] high edge lint[0x1])
Nov 10 22:02:08 ubuntu kernel: ACPI: LAPIC_NMI (acpi_id[0x50] high edge lint[0x1])
Nov 10 22:02:08 ubuntu kernel: ACPI: LAPIC_NMI (acpi_id[0x51] high edge lint[0x1])
Nov 10 22:02:08 ubuntu kernel: ACPI: LAPIC_NMI (acpi_id[0x52] high edge lint[0x1])
Nov 10 22:02:08 ubuntu kernel: ACPI: LAPIC_NMI (acpi_id[0x53] high edge lint[0x1])
Nov 10 22:02:08 ubuntu kernel: ACPI: LAPIC_NMI (acpi_id[0x54] high edge lint[0x1])
Nov 10 22:02:08 ubuntu kernel: ACPI: LAPIC_NMI (acpi_id[0x55] high edge lint[0x1])
Nov 10 22:02:08 ubuntu kernel: ACPI: LAPIC_NMI (acpi_id[0x56] high edge lint[0x1])
Nov 10 22:02:08 ubuntu kernel: ACPI: LAPIC_NMI (acpi_id[0x57] high edge lint[0x1])
Nov 10 22:02:08 ubuntu kernel: ACPI: LAPIC_NMI (acpi_id[0x58] high edge lint[0x1])
Nov 10 22:02:08 ubuntu kernel: ACPI: LAPIC_NMI (acpi_id[0x59] high edge lint[0x1])
Nov 10 22:02:08 ubuntu kernel: ACPI: LAPIC_NMI (acpi_id[0x5a] high edge lint[0x1])
Nov 10 22:02:08 ubuntu kernel: ACPI: LAPIC_NMI (acpi_id[0x5b] high edge lint[0x1])
Nov 10 22:02:08 ubuntu kernel: ACPI: LAPIC_NMI (acpi_id[0x5c] high edge lint[0x1])
Nov 10 22:02:08 ubuntu kernel: ACPI: LAPIC_NMI (acpi_id[0x5d] high edge lint[0x1])
Nov 10 22:02:08 ubuntu kernel: ACPI: LAPIC_NMI (acpi_id[0x5e] high edge lint[0x1])
Nov 10 22:02:08 ubuntu kernel: ACPI: LAPIC_NMI (acpi_id[0x5f] high edge lint[0x1])
Nov 10 22:02:08 ubuntu kernel: ACPI: LAPIC_NMI (acpi_id[0x60] high edge lint[0x1])
Nov 10 22:02:08 ubuntu kernel: ACPI: LAPIC_NMI (acpi_id[0x61] high edge lint[0x1])
Nov 10 22:02:08 ubuntu kernel: ACPI: LAPIC_NMI (acpi_id[0x62] high edge lint[0x1])
Nov 10 22:02:08 ubuntu kernel: ACPI: LAPIC_NMI (acpi_id[0x63] high edge lint[0x1])
Nov 10 22:02:08 ubuntu kernel: ACPI: LAPIC_NMI (acpi_id[0x64] high edge lint[0x1])
Nov 10 22:02:08 ubuntu kernel: ACPI: LAPIC_NMI (acpi_id[0x65] high edge lint[0x1])
Nov 10 22:02:08 ubuntu kernel: ACPI: LAPIC_NMI (acpi_id[0x66] high edge lint[0x1])
Nov 10 22:02:08 ubuntu kernel: ACPI: LAPIC_NMI (acpi_id[0x67] high edge lint[0x1])
Nov 10 22:02:08 ubuntu kernel: ACPI: LAPIC_NMI (acpi_id[0x68] high edge lint[0x1])
Nov 10 22:02:08 ubuntu kernel: ACPI: LAPIC_NMI (acpi_id[0x69] high edge lint[0x1])
Nov 10 22:02:08 ubuntu kernel: ACPI: LAPIC_NMI (acpi_id[0x6a] high edge lint[0x1])
Nov 10 22:02:08 ubuntu kernel: ACPI: LAPIC_NMI (acpi_id[0x6b] high edge lint[0x1])
Nov 10 22:02:08 ubuntu kernel: ACPI: LAPIC_NMI (acpi_id[0x6c] high edge lint[0x1])
Nov 10 22:02:08 ubuntu kernel: ACPI: LAPIC_NMI (acpi_id[0x6d] high edge lint[0x1])
Nov 10 22:02:08 ubuntu kernel: ACPI: LAPIC_NMI (acpi_id[0x6e] high edge lint[0x1])
Nov 10 22:02:08 ubuntu kernel: ACPI: LAPIC_NMI (acpi_id[0x6f] high edge lint[0x1])
Nov 10 22:02:08 ubuntu kernel: ACPI: LAPIC_NMI (acpi_id[0x70] high edge lint[0x1])
Nov 10 22:02:08 ubuntu kernel: ACPI: LAPIC_NMI (acpi_id[0x71] high edge lint[0x1])
Nov 10 22:02:08 ubuntu kernel: ACPI: LAPIC_NMI (acpi_id[0x72] high edge lint[0x1])
Nov 10 22:02:08 ubuntu kernel: ACPI: LAPIC_NMI (acpi_id[0x73] high edge lint[0x1])
Nov 10 22:02:08 ubuntu kernel: ACPI: LAPIC_NMI (acpi_id[0x74] high edge lint[0x1])
Nov 10 22:02:08 ubuntu kernel: ACPI: LAPIC_NMI (acpi_id[0x75] high edge lint[0x1])
Nov 10 22:02:08 ubuntu kernel: ACPI: LAPIC_NMI (acpi_id[0x76] high edge lint[0x1])
Nov 10 22:02:08 ubuntu kernel: ACPI: LAPIC_NMI (acpi_id[0x77] high edge lint[0x1])
Nov 10 22:02:08 ubuntu kernel: ACPI: LAPIC_NMI (acpi_id[0x78] high edge lint[0x1])
Nov 10 22:02:08 ubuntu kernel: ACPI: LAPIC_NMI (acpi_id[0x79] high edge lint[0x1])
Nov 10 22:02:08 ubuntu kernel: ACPI: LAPIC_NMI (acpi_id[0x7a] high edge lint[0x1])
Nov 10 22:02:08 ubuntu kernel: ACPI: LAPIC_NMI (acpi_id[0x7b] high edge lint[0x1])
Nov 10 22:02:08 ubuntu kernel: ACPI: LAPIC_NMI (acpi_id[0x7c] high edge lint[0x1])
Nov 10 22:02:08 ubuntu kernel: ACPI: LAPIC_NMI (acpi_id[0x7d] high edge lint[0x1])
Nov 10 22:02:08 ubuntu kernel: ACPI: LAPIC_NMI (acpi_id[0x7e] high edge lint[0x1])
Nov 10 22:02:08 ubuntu kernel: ACPI: LAPIC_NMI (acpi_id[0x7f] high edge lint[0x1])
Nov 10 22:02:08 ubuntu kernel: IOAPIC[0]: apic_id 1, version 32, address 0xfec00000, GSI 0-23
Nov 10 22:02:08 ubuntu kernel: ACPI: INT_SRC_OVR (bus 0 bus_irq 0 global_irq 2 high edge)
Nov 10 22:02:08 ubuntu kernel: ACPI: Using ACPI (MADT) for SMP configuration information
Nov 10 22:02:08 ubuntu kernel: ACPI: HPET id: 0x8086af01 base: 0xfed00000
Nov 10 22:02:08 ubuntu kernel: CPU topo: Max. logical packages: 128
Nov 10 22:02:08 ubuntu kernel: CPU topo: Max. logical dies:     128
Nov 10 22:02:08 ubuntu kernel: CPU topo: Max. dies per package:   1
Nov 10 22:02:08 ubuntu kernel: CPU topo: Max. threads per core:   1
Nov 10 22:02:08 ubuntu kernel: CPU topo: Num. cores per package:     1
Nov 10 22:02:08 ubuntu kernel: CPU topo: Num. threads per package:   1
Nov 10 22:02:08 ubuntu kernel: CPU topo: Allowing 4 present CPUs plus 124 hotplug CPUs
Nov 10 22:02:08 ubuntu kernel: PM: hibernation: Registered nosave memory: [mem 0x00000000-0x00000fff]
Nov 10 22:02:08 ubuntu kernel: PM: hibernation: Registered nosave memory: [mem 0x0009e000-0x000fffff]
Nov 10 22:02:08 ubuntu kernel: PM: hibernation: Registered nosave memory: [mem 0xbfed0000-0xbfefffff]
Nov 10 22:02:08 ubuntu kernel: PM: hibernation: Registered nosave memory: [mem 0xc0000000-0xffffffff]
Nov 10 22:02:08 ubuntu kernel: [mem 0xc0000000-0xefffffff] available for PCI devices
Nov 10 22:02:08 ubuntu kernel: Booting paravirtualized kernel on VMware hypervisor
Nov 10 22:02:08 ubuntu kernel: clocksource: refined-jiffies: mask: 0xffffffff max_cycles: 0xffffffff, max_idle_ns: 1910969940391419 ns
Nov 10 22:02:08 ubuntu kernel: setup_percpu: NR_CPUS:8192 nr_cpumask_bits:128 nr_cpu_ids:128 nr_node_ids:1
Nov 10 22:02:08 ubuntu kernel: percpu: Embedded 88 pages/cpu s237568 r8192 d114688 u524288
Nov 10 22:02:08 ubuntu kernel: pcpu-alloc: s237568 r8192 d114688 u524288 alloc=1*2097152
Nov 10 22:02:08 ubuntu kernel: pcpu-alloc: [0] 000 001 002 003 [0] 004 005 006 007 
Nov 10 22:02:08 ubuntu kernel: pcpu-alloc: [0] 008 009 010 011 [0] 012 013 014 015 
Nov 10 22:02:08 ubuntu kernel: pcpu-alloc: [0] 016 017 018 019 [0] 020 021 022 023 
Nov 10 22:02:08 ubuntu kernel: pcpu-alloc: [0] 024 025 026 027 [0] 028 029 030 031 
Nov 10 22:02:08 ubuntu kernel: pcpu-alloc: [0] 032 033 034 035 [0] 036 037 038 039 
Nov 10 22:02:08 ubuntu kernel: pcpu-alloc: [0] 040 041 042 043 [0] 044 045 046 047 
Nov 10 22:02:08 ubuntu kernel: pcpu-alloc: [0] 048 049 050 051 [0] 052 053 054 055 
Nov 10 22:02:08 ubuntu kernel: pcpu-alloc: [0] 056 057 058 059 [0] 060 061 062 063 
Nov 10 22:02:08 ubuntu kernel: pcpu-alloc: [0] 064 065 066 067 [0] 068 069 070 071 
Nov 10 22:02:08 ubuntu kernel: pcpu-alloc: [0] 072 073 074 075 [0] 076 077 078 079 
Nov 10 22:02:08 ubuntu kernel: pcpu-alloc: [0] 080 081 082 083 [0] 084 085 086 087 
Nov 10 22:02:08 ubuntu kernel: pcpu-alloc: [0] 088 089 090 091 [0] 092 093 094 095 
Nov 10 22:02:08 ubuntu kernel: pcpu-alloc: [0] 096 097 098 099 [0] 100 101 102 103 
Nov 10 22:02:08 ubuntu kernel: pcpu-alloc: [0] 104 105 106 107 [0] 108 109 110 111 
Nov 10 22:02:08 ubuntu kernel: pcpu-alloc: [0] 112 113 114 115 [0] 116 117 118 119 
Nov 10 22:02:08 ubuntu kernel: pcpu-alloc: [0] 120 121 122 123 [0] 124 125 126 127 
Nov 10 22:02:08 ubuntu kernel: Kernel command line: initrd=initrd file=/cdrom/preseed/ubuntu.seed quiet splash --- debian-installer/custom-installation=/custom find_preseed=/preseed.cfg auto preseed/file=/floppy/preseed.cfg automatic-ubiquity noprompt priority=critical locale=en_US console-setup/modelcode=evdev BOOT_IMAGE=vmlinuz 
Nov 10 22:02:08 ubuntu kernel: Unknown kernel command line parameters "splash --- auto automatic-ubiquity noprompt file=/cdrom/preseed/ubuntu.seed debian-installer/custom-installation=/custom find_preseed=/preseed.cfg preseed/file=/floppy/preseed.cfg priority=critical locale=en_US console-setup/modelcode=evdev BOOT_IMAGE=vmlinuz", will be passed to user space.
Nov 10 22:02:08 ubuntu kernel: random: crng init done
Nov 10 22:02:08 ubuntu kernel: printk: log_buf_len individual max cpu contribution: 4096 bytes
Nov 10 22:02:08 ubuntu kernel: printk: log_buf_len total cpu_extra contributions: 520192 bytes
Nov 10 22:02:08 ubuntu kernel: printk: log_buf_len min size: 262144 bytes
Nov 10 22:02:08 ubuntu kernel: printk: log buffer data + meta data: 1048576 + 3670016 = 4718592 bytes
Nov 10 22:02:08 ubuntu kernel: printk: early log buf free: 244328(93%)
Nov 10 22:02:08 ubuntu kernel: Dentry cache hash table entries: 524288 (order: 10, 4194304 bytes, linear)
Nov 10 22:02:08 ubuntu kernel: Inode-cache hash table entries: 262144 (order: 9, 2097152 bytes, linear)
Nov 10 22:02:08 ubuntu kernel: Fallback order for Node 0: 0 
Nov 10 22:02:08 ubuntu kernel: Built 1 zonelists, mobility grouping on.  Total pages: 1048429
Nov 10 22:02:08 ubuntu kernel: Policy zone: Normal
Nov 10 22:02:08 ubuntu kernel: mem auto-init: stack:all(zero), heap alloc:on, heap free:off
Nov 10 22:02:08 ubuntu kernel: software IO TLB: area num 128.
Nov 10 22:02:08 ubuntu kernel: SLUB: HWalign=64, Order=0-3, MinObjects=0, CPUs=128, Nodes=1
Nov 10 22:02:08 ubuntu kernel: Kernel/User page tables isolation: enabled
Nov 10 22:02:08 ubuntu kernel: ftrace: allocating 60343 entries in 236 pages
Nov 10 22:02:08 ubuntu kernel: ftrace: allocated 236 pages with 5 groups
Nov 10 22:02:08 ubuntu kernel: Dynamic Preempt: voluntary
Nov 10 22:02:08 ubuntu kernel: rcu: Preemptible hierarchical RCU implementation.
Nov 10 22:02:08 ubuntu kernel: rcu:         RCU restricting CPUs from NR_CPUS=8192 to nr_cpu_ids=128.
Nov 10 22:02:08 ubuntu kernel:         Trampoline variant of Tasks RCU enabled.
Nov 10 22:02:08 ubuntu kernel:         Rude variant of Tasks RCU enabled.
Nov 10 22:02:08 ubuntu kernel:         Tracing variant of Tasks RCU enabled.
Nov 10 22:02:08 ubuntu kernel: rcu: RCU calculated value of scheduler-enlistment delay is 100 jiffies.
Nov 10 22:02:08 ubuntu kernel: rcu: Adjusting geometry for rcu_fanout_leaf=16, nr_cpu_ids=128
Nov 10 22:02:08 ubuntu kernel: RCU Tasks: Setting shift to 7 and lim to 1 rcu_task_cb_adjust=1 rcu_task_cpu_ids=128.
Nov 10 22:02:08 ubuntu kernel: RCU Tasks Rude: Setting shift to 7 and lim to 1 rcu_task_cb_adjust=1 rcu_task_cpu_ids=128.
Nov 10 22:02:08 ubuntu kernel: RCU Tasks Trace: Setting shift to 7 and lim to 1 rcu_task_cb_adjust=1 rcu_task_cpu_ids=128.
Nov 10 22:02:08 ubuntu kernel: NR_IRQS: 524544, nr_irqs: 1448, preallocated irqs: 16
Nov 10 22:02:08 ubuntu kernel: rcu: srcu_init: Setting srcu_struct sizes to big.
Nov 10 22:02:08 ubuntu kernel: Console: colour VGA+ 80x25
Nov 10 22:02:08 ubuntu kernel: printk: legacy console [tty0] enabled
Nov 10 22:02:08 ubuntu kernel: ACPI: Core revision 20240827
Nov 10 22:02:08 ubuntu kernel: clocksource: hpet: mask: 0xffffffff max_cycles: 0xffffffff, max_idle_ns: 133484882848 ns
Nov 10 22:02:08 ubuntu kernel: APIC: Switch to symmetric I/O mode setup
Nov 10 22:02:08 ubuntu kernel: x2apic enabled
Nov 10 22:02:08 ubuntu kernel: APIC: Switched APIC routing to: physical x2apic
Nov 10 22:02:08 ubuntu kernel: ..TIMER: vector=0x30 apic1=0 pin1=2 apic2=-1 pin2=-1
Nov 10 22:02:08 ubuntu kernel: clocksource: tsc-early: mask: 0xffffffffffffffff max_cycles: 0x2a11290c0c8, max_idle_ns: 440795344938 ns
Nov 10 22:02:08 ubuntu kernel: Calibrating delay loop (skipped) preset value.. 5836.80 BogoMIPS (lpj=2918400)
Nov 10 22:02:08 ubuntu kernel: x86/cpu: User Mode Instruction Prevention (UMIP) activated
Nov 10 22:02:08 ubuntu kernel: Last level iTLB entries: 4KB 0, 2MB 0, 4MB 0
Nov 10 22:02:08 ubuntu kernel: Last level dTLB entries: 4KB 0, 2MB 0, 4MB 0, 1GB 0
Nov 10 22:02:08 ubuntu kernel: Spectre V1 : Mitigation: usercopy/swapgs barriers and __user pointer sanitization
Nov 10 22:02:08 ubuntu kernel: Spectre V2 : Spectre BHI mitigation: SW BHB clearing on syscall and VM exit
Nov 10 22:02:08 ubuntu kernel: Spectre V2 : Mitigation: IBRS
Nov 10 22:02:08 ubuntu kernel: Spectre V2 : Spectre v2 / SpectreRSB: Filling RSB on context switch and VMEXIT
Nov 10 22:02:08 ubuntu kernel: RETBleed: Mitigation: IBRS
Nov 10 22:02:08 ubuntu kernel: Spectre V2 : mitigation: Enabling conditional Indirect Branch Prediction Barrier
Nov 10 22:02:08 ubuntu kernel: Speculative Store Bypass: Mitigation: Speculative Store Bypass disabled via prctl
Nov 10 22:02:08 ubuntu kernel: MDS: Mitigation: Clear CPU buffers
Nov 10 22:02:08 ubuntu kernel: MMIO Stale Data: Unknown: No mitigations
Nov 10 22:02:08 ubuntu kernel: Register File Data Sampling: Vulnerable: No microcode
Nov 10 22:02:08 ubuntu kernel: x86/fpu: Supporting XSAVE feature 0x001: 'x87 floating point registers'
Nov 10 22:02:08 ubuntu kernel: x86/fpu: Supporting XSAVE feature 0x002: 'SSE registers'
Nov 10 22:02:08 ubuntu kernel: x86/fpu: Supporting XSAVE feature 0x004: 'AVX registers'
Nov 10 22:02:08 ubuntu kernel: x86/fpu: xstate_offset[2]:  576, xstate_sizes[2]:  256
Nov 10 22:02:08 ubuntu kernel: x86/fpu: Enabled xstate features 0x7, context size is 832 bytes, using 'compacted' format.
Nov 10 22:02:08 ubuntu kernel: Freeing SMP alternatives memory: 48K
Nov 10 22:02:08 ubuntu kernel: pid_max: default: 131072 minimum: 1024
Nov 10 22:02:08 ubuntu kernel: LSM: initializing lsm=lockdown,capability,landlock,yama,apparmor,ima,evm
Nov 10 22:02:08 ubuntu kernel: landlock: Up and running.
Nov 10 22:02:08 ubuntu kernel: Yama: becoming mindful.
Nov 10 22:02:08 ubuntu kernel: AppArmor: AppArmor initialized
Nov 10 22:02:08 ubuntu kernel: Mount-cache hash table entries: 8192 (order: 4, 65536 bytes, linear)
Nov 10 22:02:08 ubuntu kernel: Mountpoint-cache hash table entries: 8192 (order: 4, 65536 bytes, linear)
Nov 10 22:02:08 ubuntu kernel: smpboot: CPU0: 13th Gen Intel(R) Core(TM) i7-13700H (family: 0x6, model: 0xba, stepping: 0x2)
Nov 10 22:02:08 ubuntu kernel: Performance Events: Alderlake Hybrid events, core PMU driver.
Nov 10 22:02:08 ubuntu kernel: core: CPUID marked event: 'cpu cycles' unavailable
Nov 10 22:02:08 ubuntu kernel: core: CPUID marked event: 'instructions' unavailable
Nov 10 22:02:08 ubuntu kernel: core: CPUID marked event: 'bus cycles' unavailable
Nov 10 22:02:08 ubuntu kernel: core: CPUID marked event: 'cache references' unavailable
Nov 10 22:02:08 ubuntu kernel: core: CPUID marked event: 'cache misses' unavailable
Nov 10 22:02:08 ubuntu kernel: core: CPUID marked event: 'branch instructions' unavailable
Nov 10 22:02:08 ubuntu kernel: core: CPUID marked event: 'branch misses' unavailable
Nov 10 22:02:08 ubuntu kernel: core: cpu_core PMU driver: 
Nov 10 22:02:08 ubuntu kernel: ... version:                1
Nov 10 22:02:08 ubuntu kernel: ... bit width:              48
Nov 10 22:02:08 ubuntu kernel: ... generic registers:      6
Nov 10 22:02:08 ubuntu kernel: ... value mask:             0000ffffffffffff
Nov 10 22:02:08 ubuntu kernel: ... max period:             000000007fffffff
Nov 10 22:02:08 ubuntu kernel: ... fixed-purpose events:   0
Nov 10 22:02:08 ubuntu kernel: ... event mask:             000100000000003f
Nov 10 22:02:08 ubuntu kernel: signal: max sigframe size: 1776
Nov 10 22:02:08 ubuntu kernel: rcu: Hierarchical SRCU implementation.
Nov 10 22:02:08 ubuntu kernel: rcu:         Max phase no-delay instances is 400.
Nov 10 22:02:08 ubuntu kernel: Timer migration: 3 hierarchy levels; 8 children per group; 3 crossnode level
Nov 10 22:02:08 ubuntu kernel: NMI watchdog: Perf NMI watchdog permanently disabled
Nov 10 22:02:08 ubuntu kernel: smp: Bringing up secondary CPUs ...
Nov 10 22:02:08 ubuntu kernel: smpboot: x86: Booting SMP configuration:
Nov 10 22:02:08 ubuntu kernel: .... node  #0, CPUs:          #1   #2   #3
Nov 10 22:02:08 ubuntu kernel: smp: Brought up 1 node, 4 CPUs
Nov 10 22:02:08 ubuntu kernel: smpboot: Total of 4 processors activated (23347.20 BogoMIPS)
Nov 10 22:02:08 ubuntu kernel: Memory: 3853152K/4193716K available (21441K kernel code, 4572K rwdata, 15048K rodata, 5132K init, 4436K bss, 323060K reserved, 0K cma-reserved)
Nov 10 22:02:08 ubuntu kernel: devtmpfs: initialized
Nov 10 22:02:08 ubuntu kernel: x86/mm: Memory block size: 128MB
Nov 10 22:02:08 ubuntu kernel: ACPI: PM: Registering ACPI NVS region [mem 0xbfeff000-0xbfefffff] (4096 bytes)
Nov 10 22:02:08 ubuntu kernel: clocksource: jiffies: mask: 0xffffffff max_cycles: 0xffffffff, max_idle_ns: 1911260446275000 ns
Nov 10 22:02:08 ubuntu kernel: futex hash table entries: 32768 (order: 9, 2097152 bytes, linear)
Nov 10 22:02:08 ubuntu kernel: pinctrl core: initialized pinctrl subsystem
Nov 10 22:02:08 ubuntu kernel: PM: RTC time: 20:02:01, date: 2025-11-10
Nov 10 22:02:08 ubuntu kernel: NET: Registered PF_NETLINK/PF_ROUTE protocol family
Nov 10 22:02:08 ubuntu kernel: DMA: preallocated 512 KiB GFP_KERNEL pool for atomic allocations
Nov 10 22:02:08 ubuntu kernel: DMA: preallocated 512 KiB GFP_KERNEL|GFP_DMA pool for atomic allocations
Nov 10 22:02:08 ubuntu kernel: DMA: preallocated 512 KiB GFP_KERNEL|GFP_DMA32 pool for atomic allocations
Nov 10 22:02:08 ubuntu kernel: audit: initializing netlink subsys (disabled)
Nov 10 22:02:08 ubuntu kernel: audit: type=2000 audit(1762804921.055:1): state=initialized audit_enabled=0 res=1
Nov 10 22:02:08 ubuntu kernel: thermal_sys: Registered thermal governor 'fair_share'
Nov 10 22:02:08 ubuntu kernel: thermal_sys: Registered thermal governor 'bang_bang'
Nov 10 22:02:08 ubuntu kernel: thermal_sys: Registered thermal governor 'step_wise'
Nov 10 22:02:08 ubuntu kernel: thermal_sys: Registered thermal governor 'user_space'
Nov 10 22:02:08 ubuntu kernel: thermal_sys: Registered thermal governor 'power_allocator'
Nov 10 22:02:08 ubuntu kernel: cpuidle: using governor ladder
Nov 10 22:02:08 ubuntu kernel: cpuidle: using governor menu
Nov 10 22:02:08 ubuntu kernel: Simple Boot Flag at 0x36 set to 0x80
Nov 10 22:02:08 ubuntu kernel: acpiphp: ACPI Hot Plug PCI Controller Driver version: 0.5
Nov 10 22:02:08 ubuntu kernel: PCI: ECAM [mem 0xf0000000-0xf7ffffff] (base 0xf0000000) for domain 0000 [bus 00-7f]
Nov 10 22:02:08 ubuntu kernel: PCI: Using configuration type 1 for base access
Nov 10 22:02:08 ubuntu kernel: kprobes: kprobe jump-optimization is enabled. All kprobes are optimized if possible.
Nov 10 22:02:08 ubuntu kernel: HugeTLB: registered 1.00 GiB page size, pre-allocated 0 pages
Nov 10 22:02:08 ubuntu kernel: HugeTLB: 16380 KiB vmemmap can be freed for a 1.00 GiB page
Nov 10 22:02:08 ubuntu kernel: HugeTLB: registered 2.00 MiB page size, pre-allocated 0 pages
Nov 10 22:02:08 ubuntu kernel: HugeTLB: 28 KiB vmemmap can be freed for a 2.00 MiB page
Nov 10 22:02:08 ubuntu kernel: ACPI: Added _OSI(Module Device)
Nov 10 22:02:08 ubuntu kernel: ACPI: Added _OSI(Processor Device)
Nov 10 22:02:08 ubuntu kernel: ACPI: Added _OSI(3.0 _SCP Extensions)
Nov 10 22:02:08 ubuntu kernel: ACPI: Added _OSI(Processor Aggregator Device)
Nov 10 22:02:08 ubuntu kernel: ACPI: 1 ACPI AML tables successfully acquired and loaded
Nov 10 22:02:08 ubuntu kernel: ACPI: [Firmware Bug]: BIOS _OSI(Linux) query ignored
Nov 10 22:02:08 ubuntu kernel: ACPI: Interpreter enabled
Nov 10 22:02:08 ubuntu kernel: ACPI: PM: (supports S0 S1 S4 S5)
Nov 10 22:02:08 ubuntu kernel: ACPI: Using IOAPIC for interrupt routing
Nov 10 22:02:08 ubuntu kernel: PCI: Using host bridge windows from ACPI; if necessary, use "pci=nocrs" and report a bug
Nov 10 22:02:08 ubuntu kernel: PCI: Using E820 reservations for host bridge windows
Nov 10 22:02:08 ubuntu kernel: ACPI: Enabled 4 GPEs in block 00 to 0F
Nov 10 22:02:08 ubuntu kernel: ACPI: PCI Root Bridge [PCI0] (domain 0000 [bus 00-7f])
Nov 10 22:02:08 ubuntu kernel: acpi PNP0A03:00: _OSC: OS supports [ExtendedConfig ASPM ClockPM Segments MSI EDR HPX-Type3]
Nov 10 22:02:08 ubuntu kernel: acpi PNP0A03:00: _OSC: platform does not support [AER LTR DPC]
Nov 10 22:02:08 ubuntu kernel: acpi PNP0A03:00: _OSC: OS now controls [PCIeHotplug SHPCHotplug PME PCIeCapability]
Nov 10 22:02:08 ubuntu kernel: PCI host bridge to bus 0000:00
Nov 10 22:02:08 ubuntu kernel: pci_bus 0000:00: root bus resource [mem 0x000a0000-0x000bffff window]
Nov 10 22:02:08 ubuntu kernel: pci_bus 0000:00: root bus resource [mem 0x000d0000-0x000dbfff window]
Nov 10 22:02:08 ubuntu kernel: pci_bus 0000:00: root bus resource [mem 0xc0000000-0xfebfffff window]
Nov 10 22:02:08 ubuntu kernel: pci_bus 0000:00: root bus resource [io  0x0000-0x0cf7 window]
Nov 10 22:02:08 ubuntu kernel: pci_bus 0000:00: root bus resource [io  0x0d00-0xfeff window]
Nov 10 22:02:08 ubuntu kernel: pci_bus 0000:00: root bus resource [bus 00-7f]
Nov 10 22:02:08 ubuntu kernel: pci 0000:00:00.0: [8086:7190] type 00 class 0x060000 conventional PCI endpoint
Nov 10 22:02:08 ubuntu kernel: pci 0000:00:01.0: [8086:7191] type 01 class 0x060400 conventional PCI bridge
Nov 10 22:02:08 ubuntu kernel: pci 0000:00:01.0: PCI bridge to [bus 01]
Nov 10 22:02:08 ubuntu kernel: pci 0000:00:07.0: [8086:7110] type 00 class 0x060100 conventional PCI endpoint
Nov 10 22:02:08 ubuntu kernel: pci 0000:00:07.1: [8086:7111] type 00 class 0x01018a conventional PCI endpoint
Nov 10 22:02:08 ubuntu kernel: pci 0000:00:07.1: BAR 4 [io  0x1060-0x106f]
Nov 10 22:02:08 ubuntu kernel: pci 0000:00:07.1: BAR 0 [io  0x01f0-0x01f7]: legacy IDE quirk
Nov 10 22:02:08 ubuntu kernel: pci 0000:00:07.1: BAR 1 [io  0x03f6]: legacy IDE quirk
Nov 10 22:02:08 ubuntu kernel: pci 0000:00:07.1: BAR 2 [io  0x0170-0x0177]: legacy IDE quirk
Nov 10 22:02:08 ubuntu kernel: pci 0000:00:07.1: BAR 3 [io  0x0376]: legacy IDE quirk
Nov 10 22:02:08 ubuntu kernel: pci 0000:00:07.3: [8086:7113] type 00 class 0x068000 conventional PCI endpoint
Nov 10 22:02:08 ubuntu kernel: pci 0000:00:07.3: quirk: [io  0x1000-0x103f] claimed by PIIX4 ACPI
Nov 10 22:02:08 ubuntu kernel: pci 0000:00:07.3: quirk: [io  0x1040-0x104f] claimed by PIIX4 SMB
Nov 10 22:02:08 ubuntu kernel: pci 0000:00:07.7: [15ad:0740] type 00 class 0x088000 conventional PCI endpoint
Nov 10 22:02:08 ubuntu kernel: pci 0000:00:07.7: BAR 0 [io  0x1080-0x10bf]
Nov 10 22:02:08 ubuntu kernel: pci 0000:00:07.7: BAR 1 [mem 0xfebc0000-0xfebfffff 64bit]
Nov 10 22:02:08 ubuntu kernel: pci 0000:00:0f.0: [15ad:0405] type 00 class 0x030000 conventional PCI endpoint
Nov 10 22:02:08 ubuntu kernel: pci 0000:00:0f.0: BAR 0 [io  0x1070-0x107f]
Nov 10 22:02:08 ubuntu kernel: pci 0000:00:0f.0: BAR 1 [mem 0xe8000000-0xefffffff pref]
Nov 10 22:02:08 ubuntu kernel: pci 0000:00:0f.0: BAR 2 [mem 0xfe000000-0xfe7fffff]
Nov 10 22:02:08 ubuntu kernel: pci 0000:00:0f.0: ROM [mem 0x00000000-0x00007fff pref]
Nov 10 22:02:08 ubuntu kernel: pci 0000:00:0f.0: Video device with shadowed ROM at [mem 0x000c0000-0x000dffff]
Nov 10 22:02:08 ubuntu kernel: pci 0000:00:10.0: [1000:0030] type 00 class 0x010000 conventional PCI endpoint
Nov 10 22:02:08 ubuntu kernel: pci 0000:00:10.0: BAR 0 [io  0x1400-0x14ff]
Nov 10 22:02:08 ubuntu kernel: pci 0000:00:10.0: BAR 1 [mem 0xfeb80000-0xfeb9ffff 64bit]
Nov 10 22:02:08 ubuntu kernel: pci 0000:00:10.0: BAR 3 [mem 0xfeba0000-0xfebbffff 64bit]
Nov 10 22:02:08 ubuntu kernel: pci 0000:00:10.0: ROM [mem 0x00000000-0x00003fff pref]
Nov 10 22:02:08 ubuntu kernel: pci 0000:00:11.0: [15ad:0790] type 01 class 0x060401 conventional PCI bridge
Nov 10 22:02:08 ubuntu kernel: pci 0000:00:11.0: PCI bridge to [bus 02] (subtractive decode)
Nov 10 22:02:08 ubuntu kernel: pci 0000:00:11.0:   bridge window [io  0x2000-0x3fff]
Nov 10 22:02:08 ubuntu kernel: pci 0000:00:11.0:   bridge window [mem 0xfd500000-0xfdffffff]
Nov 10 22:02:08 ubuntu kernel: pci 0000:00:11.0:   bridge window [mem 0xe7b00000-0xe7ffffff 64bit pref]
Nov 10 22:02:08 ubuntu kernel: pci 0000:00:15.0: [15ad:07a0] type 01 class 0x060400 PCIe Root Port
Nov 10 22:02:08 ubuntu kernel: pci 0000:00:15.0: PCI bridge to [bus 03]
Nov 10 22:02:08 ubuntu kernel: pci 0000:00:15.0:   bridge window [io  0x4000-0x4fff]
Nov 10 22:02:08 ubuntu kernel: pci 0000:00:15.0:   bridge window [mem 0xfd400000-0xfd4fffff]
Nov 10 22:02:08 ubuntu kernel: pci 0000:00:15.0:   bridge window [mem 0xe7a00000-0xe7afffff 64bit pref]
Nov 10 22:02:08 ubuntu kernel: pci 0000:00:15.0: PME# supported from D0 D3hot D3cold
Nov 10 22:02:08 ubuntu kernel: pci 0000:00:15.1: [15ad:07a0] type 01 class 0x060400 PCIe Root Port
Nov 10 22:02:08 ubuntu kernel: pci 0000:00:15.1: PCI bridge to [bus 04]
Nov 10 22:02:08 ubuntu kernel: pci 0000:00:15.1:   bridge window [io  0x8000-0x8fff]
Nov 10 22:02:08 ubuntu kernel: pci 0000:00:15.1:   bridge window [mem 0xfd000000-0xfd0fffff]
Nov 10 22:02:08 ubuntu kernel: pci 0000:00:15.1:   bridge window [mem 0xe7600000-0xe76fffff 64bit pref]
Nov 10 22:02:08 ubuntu kernel: pci 0000:00:15.1: PME# supported from D0 D3hot D3cold
Nov 10 22:02:08 ubuntu kernel: pci 0000:00:15.2: [15ad:07a0] type 01 class 0x060400 PCIe Root Port
Nov 10 22:02:08 ubuntu kernel: pci 0000:00:15.2: PCI bridge to [bus 05]
Nov 10 22:02:08 ubuntu kernel: pci 0000:00:15.2:   bridge window [io  0xc000-0xcfff]
Nov 10 22:02:08 ubuntu kernel: pci 0000:00:15.2:   bridge window [mem 0xfcc00000-0xfccfffff]
Nov 10 22:02:08 ubuntu kernel: pci 0000:00:15.2:   bridge window [mem 0xe7200000-0xe72fffff 64bit pref]
Nov 10 22:02:08 ubuntu kernel: pci 0000:00:15.2: PME# supported from D0 D3hot D3cold
Nov 10 22:02:08 ubuntu kernel: pci 0000:00:15.3: [15ad:07a0] type 01 class 0x060400 PCIe Root Port
Nov 10 22:02:08 ubuntu kernel: pci 0000:00:15.3: PCI bridge to [bus 06]
Nov 10 22:02:08 ubuntu kernel: pci 0000:00:15.3:   bridge window [mem 0xfc800000-0xfc8fffff]
Nov 10 22:02:08 ubuntu kernel: pci 0000:00:15.3:   bridge window [mem 0xe6e00000-0xe6efffff 64bit pref]
Nov 10 22:02:08 ubuntu kernel: pci 0000:00:15.3: PME# supported from D0 D3hot D3cold
Nov 10 22:02:08 ubuntu kernel: pci 0000:00:15.4: [15ad:07a0] type 01 class 0x060400 PCIe Root Port
Nov 10 22:02:08 ubuntu kernel: pci 0000:00:15.4: PCI bridge to [bus 07]
Nov 10 22:02:08 ubuntu kernel: pci 0000:00:15.4:   bridge window [mem 0xfc400000-0xfc4fffff]
Nov 10 22:02:08 ubuntu kernel: pci 0000:00:15.4:   bridge window [mem 0xe6a00000-0xe6afffff 64bit pref]
Nov 10 22:02:08 ubuntu kernel: pci 0000:00:15.4: PME# supported from D0 D3hot D3cold
Nov 10 22:02:08 ubuntu kernel: pci 0000:00:15.5: [15ad:07a0] type 01 class 0x060400 PCIe Root Port
Nov 10 22:02:08 ubuntu kernel: pci 0000:00:15.5: PCI bridge to [bus 08]
Nov 10 22:02:08 ubuntu kernel: pci 0000:00:15.5:   bridge window [mem 0xfc000000-0xfc0fffff]
Nov 10 22:02:08 ubuntu kernel: pci 0000:00:15.5:   bridge window [mem 0xe6600000-0xe66fffff 64bit pref]
Nov 10 22:02:08 ubuntu kernel: pci 0000:00:15.5: PME# supported from D0 D3hot D3cold
Nov 10 22:02:08 ubuntu kernel: pci 0000:00:15.6: [15ad:07a0] type 01 class 0x060400 PCIe Root Port
Nov 10 22:02:08 ubuntu kernel: pci 0000:00:15.6: PCI bridge to [bus 09]
Nov 10 22:02:08 ubuntu kernel: pci 0000:00:15.6:   bridge window [mem 0xfbc00000-0xfbcfffff]
Nov 10 22:02:08 ubuntu kernel: pci 0000:00:15.6:   bridge window [mem 0xe6200000-0xe62fffff 64bit pref]
Nov 10 22:02:08 ubuntu kernel: pci 0000:00:15.6: PME# supported from D0 D3hot D3cold
Nov 10 22:02:08 ubuntu kernel: pci 0000:00:15.7: [15ad:07a0] type 01 class 0x060400 PCIe Root Port
Nov 10 22:02:08 ubuntu kernel: pci 0000:00:15.7: PCI bridge to [bus 0a]
Nov 10 22:02:08 ubuntu kernel: pci 0000:00:15.7:   bridge window [mem 0xfb800000-0xfb8fffff]
Nov 10 22:02:08 ubuntu kernel: pci 0000:00:15.7:   bridge window [mem 0xe5e00000-0xe5efffff 64bit pref]
Nov 10 22:02:08 ubuntu kernel: pci 0000:00:15.7: PME# supported from D0 D3hot D3cold
Nov 10 22:02:08 ubuntu kernel: pci 0000:00:16.0: [15ad:07a0] type 01 class 0x060400 PCIe Root Port
Nov 10 22:02:08 ubuntu kernel: pci 0000:00:16.0: PCI bridge to [bus 0b]
Nov 10 22:02:08 ubuntu kernel: pci 0000:00:16.0:   bridge window [io  0x5000-0x5fff]
Nov 10 22:02:08 ubuntu kernel: pci 0000:00:16.0:   bridge window [mem 0xfd300000-0xfd3fffff]
Nov 10 22:02:08 ubuntu kernel: pci 0000:00:16.0:   bridge window [mem 0xe7900000-0xe79fffff 64bit pref]
Nov 10 22:02:08 ubuntu kernel: pci 0000:00:16.0: PME# supported from D0 D3hot D3cold
Nov 10 22:02:08 ubuntu kernel: pci 0000:00:16.1: [15ad:07a0] type 01 class 0x060400 PCIe Root Port
Nov 10 22:02:08 ubuntu kernel: pci 0000:00:16.1: PCI bridge to [bus 0c]
Nov 10 22:02:08 ubuntu kernel: pci 0000:00:16.1:   bridge window [io  0x9000-0x9fff]
Nov 10 22:02:08 ubuntu kernel: pci 0000:00:16.1:   bridge window [mem 0xfcf00000-0xfcffffff]
Nov 10 22:02:08 ubuntu kernel: pci 0000:00:16.1:   bridge window [mem 0xe7500000-0xe75fffff 64bit pref]
Nov 10 22:02:08 ubuntu kernel: pci 0000:00:16.1: PME# supported from D0 D3hot D3cold
Nov 10 22:02:08 ubuntu kernel: pci 0000:00:16.2: [15ad:07a0] type 01 class 0x060400 PCIe Root Port
Nov 10 22:02:08 ubuntu kernel: pci 0000:00:16.2: PCI bridge to [bus 0d]
Nov 10 22:02:08 ubuntu kernel: pci 0000:00:16.2:   bridge window [io  0xd000-0xdfff]
Nov 10 22:02:08 ubuntu kernel: pci 0000:00:16.2:   bridge window [mem 0xfcb00000-0xfcbfffff]
Nov 10 22:02:08 ubuntu kernel: pci 0000:00:16.2:   bridge window [mem 0xe7100000-0xe71fffff 64bit pref]
Nov 10 22:02:08 ubuntu kernel: pci 0000:00:16.2: PME# supported from D0 D3hot D3cold
Nov 10 22:02:08 ubuntu kernel: pci 0000:00:16.3: [15ad:07a0] type 01 class 0x060400 PCIe Root Port
Nov 10 22:02:08 ubuntu kernel: pci 0000:00:16.3: PCI bridge to [bus 0e]
Nov 10 22:02:08 ubuntu kernel: pci 0000:00:16.3:   bridge window [mem 0xfc700000-0xfc7fffff]
Nov 10 22:02:08 ubuntu kernel: pci 0000:00:16.3:   bridge window [mem 0xe6d00000-0xe6dfffff 64bit pref]
Nov 10 22:02:08 ubuntu kernel: pci 0000:00:16.3: PME# supported from D0 D3hot D3cold
Nov 10 22:02:08 ubuntu kernel: pci 0000:00:16.4: [15ad:07a0] type 01 class 0x060400 PCIe Root Port
Nov 10 22:02:08 ubuntu kernel: pci 0000:00:16.4: PCI bridge to [bus 0f]
Nov 10 22:02:08 ubuntu kernel: pci 0000:00:16.4:   bridge window [mem 0xfc300000-0xfc3fffff]
Nov 10 22:02:08 ubuntu kernel: pci 0000:00:16.4:   bridge window [mem 0xe6900000-0xe69fffff 64bit pref]
Nov 10 22:02:08 ubuntu kernel: pci 0000:00:16.4: PME# supported from D0 D3hot D3cold
Nov 10 22:02:08 ubuntu kernel: pci 0000:00:16.5: [15ad:07a0] type 01 class 0x060400 PCIe Root Port
Nov 10 22:02:08 ubuntu kernel: pci 0000:00:16.5: PCI bridge to [bus 10]
Nov 10 22:02:08 ubuntu kernel: pci 0000:00:16.5:   bridge window [mem 0xfbf00000-0xfbffffff]
Nov 10 22:02:08 ubuntu kernel: pci 0000:00:16.5:   bridge window [mem 0xe6500000-0xe65fffff 64bit pref]
Nov 10 22:02:08 ubuntu kernel: pci 0000:00:16.5: PME# supported from D0 D3hot D3cold
Nov 10 22:02:08 ubuntu kernel: pci 0000:00:16.6: [15ad:07a0] type 01 class 0x060400 PCIe Root Port
Nov 10 22:02:08 ubuntu kernel: pci 0000:00:16.6: PCI bridge to [bus 11]
Nov 10 22:02:08 ubuntu kernel: pci 0000:00:16.6:   bridge window [mem 0xfbb00000-0xfbbfffff]
Nov 10 22:02:08 ubuntu kernel: pci 0000:00:16.6:   bridge window [mem 0xe6100000-0xe61fffff 64bit pref]
Nov 10 22:02:08 ubuntu kernel: pci 0000:00:16.6: PME# supported from D0 D3hot D3cold
Nov 10 22:02:08 ubuntu kernel: pci 0000:00:16.7: [15ad:07a0] type 01 class 0x060400 PCIe Root Port
Nov 10 22:02:08 ubuntu kernel: pci 0000:00:16.7: PCI bridge to [bus 12]
Nov 10 22:02:08 ubuntu kernel: pci 0000:00:16.7:   bridge window [mem 0xfb700000-0xfb7fffff]
Nov 10 22:02:08 ubuntu kernel: pci 0000:00:16.7:   bridge window [mem 0xe5d00000-0xe5dfffff 64bit pref]
Nov 10 22:02:08 ubuntu kernel: pci 0000:00:16.7: PME# supported from D0 D3hot D3cold
Nov 10 22:02:08 ubuntu kernel: pci 0000:00:17.0: [15ad:07a0] type 01 class 0x060400 PCIe Root Port
Nov 10 22:02:08 ubuntu kernel: pci 0000:00:17.0: PCI bridge to [bus 13]
Nov 10 22:02:08 ubuntu kernel: pci 0000:00:17.0:   bridge window [io  0x6000-0x6fff]
Nov 10 22:02:08 ubuntu kernel: pci 0000:00:17.0:   bridge window [mem 0xfd200000-0xfd2fffff]
Nov 10 22:02:08 ubuntu kernel: pci 0000:00:17.0:   bridge window [mem 0xe7800000-0xe78fffff 64bit pref]
Nov 10 22:02:08 ubuntu kernel: pci 0000:00:17.0: PME# supported from D0 D3hot D3cold
Nov 10 22:02:08 ubuntu kernel: pci 0000:00:17.1: [15ad:07a0] type 01 class 0x060400 PCIe Root Port
Nov 10 22:02:08 ubuntu kernel: pci 0000:00:17.1: PCI bridge to [bus 14]
Nov 10 22:02:08 ubuntu kernel: pci 0000:00:17.1:   bridge window [io  0xa000-0xafff]
Nov 10 22:02:08 ubuntu kernel: pci 0000:00:17.1:   bridge window [mem 0xfce00000-0xfcefffff]
Nov 10 22:02:08 ubuntu kernel: pci 0000:00:17.1:   bridge window [mem 0xe7400000-0xe74fffff 64bit pref]
Nov 10 22:02:08 ubuntu kernel: pci 0000:00:17.1: PME# supported from D0 D3hot D3cold
Nov 10 22:02:08 ubuntu kernel: pci 0000:00:17.2: [15ad:07a0] type 01 class 0x060400 PCIe Root Port
Nov 10 22:02:08 ubuntu kernel: pci 0000:00:17.2: PCI bridge to [bus 15]
Nov 10 22:02:08 ubuntu kernel: pci 0000:00:17.2:   bridge window [io  0xe000-0xefff]
Nov 10 22:02:08 ubuntu kernel: pci 0000:00:17.2:   bridge window [mem 0xfca00000-0xfcafffff]
Nov 10 22:02:08 ubuntu kernel: pci 0000:00:17.2:   bridge window [mem 0xe7000000-0xe70fffff 64bit pref]
Nov 10 22:02:08 ubuntu kernel: pci 0000:00:17.2: PME# supported from D0 D3hot D3cold
Nov 10 22:02:08 ubuntu kernel: pci 0000:00:17.3: [15ad:07a0] type 01 class 0x060400 PCIe Root Port
Nov 10 22:02:08 ubuntu kernel: pci 0000:00:17.3: PCI bridge to [bus 16]
Nov 10 22:02:08 ubuntu kernel: pci 0000:00:17.3:   bridge window [mem 0xfc600000-0xfc6fffff]
Nov 10 22:02:08 ubuntu kernel: pci 0000:00:17.3:   bridge window [mem 0xe6c00000-0xe6cfffff 64bit pref]
Nov 10 22:02:08 ubuntu kernel: pci 0000:00:17.3: PME# supported from D0 D3hot D3cold
Nov 10 22:02:08 ubuntu kernel: pci 0000:00:17.4: [15ad:07a0] type 01 class 0x060400 PCIe Root Port
Nov 10 22:02:08 ubuntu kernel: pci 0000:00:17.4: PCI bridge to [bus 17]
Nov 10 22:02:08 ubuntu kernel: pci 0000:00:17.4:   bridge window [mem 0xfc200000-0xfc2fffff]
Nov 10 22:02:08 ubuntu kernel: pci 0000:00:17.4:   bridge window [mem 0xe6800000-0xe68fffff 64bit pref]
Nov 10 22:02:08 ubuntu kernel: pci 0000:00:17.4: PME# supported from D0 D3hot D3cold
Nov 10 22:02:08 ubuntu kernel: pci 0000:00:17.5: [15ad:07a0] type 01 class 0x060400 PCIe Root Port
Nov 10 22:02:08 ubuntu kernel: pci 0000:00:17.5: PCI bridge to [bus 18]
Nov 10 22:02:08 ubuntu kernel: pci 0000:00:17.5:   bridge window [mem 0xfbe00000-0xfbefffff]
Nov 10 22:02:08 ubuntu kernel: pci 0000:00:17.5:   bridge window [mem 0xe6400000-0xe64fffff 64bit pref]
Nov 10 22:02:08 ubuntu kernel: pci 0000:00:17.5: PME# supported from D0 D3hot D3cold
Nov 10 22:02:08 ubuntu kernel: pci 0000:00:17.6: [15ad:07a0] type 01 class 0x060400 PCIe Root Port
Nov 10 22:02:08 ubuntu kernel: pci 0000:00:17.6: PCI bridge to [bus 19]
Nov 10 22:02:08 ubuntu kernel: pci 0000:00:17.6:   bridge window [mem 0xfba00000-0xfbafffff]
Nov 10 22:02:08 ubuntu kernel: pci 0000:00:17.6:   bridge window [mem 0xe6000000-0xe60fffff 64bit pref]
Nov 10 22:02:08 ubuntu kernel: pci 0000:00:17.6: PME# supported from D0 D3hot D3cold
Nov 10 22:02:08 ubuntu kernel: pci 0000:00:17.7: [15ad:07a0] type 01 class 0x060400 PCIe Root Port
Nov 10 22:02:08 ubuntu kernel: pci 0000:00:17.7: PCI bridge to [bus 1a]
Nov 10 22:02:08 ubuntu kernel: pci 0000:00:17.7:   bridge window [mem 0xfb600000-0xfb6fffff]
Nov 10 22:02:08 ubuntu kernel: pci 0000:00:17.7:   bridge window [mem 0xe5c00000-0xe5cfffff 64bit pref]
Nov 10 22:02:08 ubuntu kernel: pci 0000:00:17.7: PME# supported from D0 D3hot D3cold
Nov 10 22:02:08 ubuntu kernel: pci 0000:00:18.0: [15ad:07a0] type 01 class 0x060400 PCIe Root Port
Nov 10 22:02:08 ubuntu kernel: pci 0000:00:18.0: PCI bridge to [bus 1b]
Nov 10 22:02:08 ubuntu kernel: pci 0000:00:18.0:   bridge window [io  0x7000-0x7fff]
Nov 10 22:02:08 ubuntu kernel: pci 0000:00:18.0:   bridge window [mem 0xfd100000-0xfd1fffff]
Nov 10 22:02:08 ubuntu kernel: pci 0000:00:18.0:   bridge window [mem 0xe7700000-0xe77fffff 64bit pref]
Nov 10 22:02:08 ubuntu kernel: pci 0000:00:18.0: PME# supported from D0 D3hot D3cold
Nov 10 22:02:08 ubuntu kernel: pci 0000:00:18.1: [15ad:07a0] type 01 class 0x060400 PCIe Root Port
Nov 10 22:02:08 ubuntu kernel: pci 0000:00:18.1: PCI bridge to [bus 1c]
Nov 10 22:02:08 ubuntu kernel: pci 0000:00:18.1:   bridge window [io  0xb000-0xbfff]
Nov 10 22:02:08 ubuntu kernel: pci 0000:00:18.1:   bridge window [mem 0xfcd00000-0xfcdfffff]
Nov 10 22:02:08 ubuntu kernel: pci 0000:00:18.1:   bridge window [mem 0xe7300000-0xe73fffff 64bit pref]
Nov 10 22:02:08 ubuntu kernel: pci 0000:00:18.1: PME# supported from D0 D3hot D3cold
Nov 10 22:02:08 ubuntu kernel: pci 0000:00:18.2: [15ad:07a0] type 01 class 0x060400 PCIe Root Port
Nov 10 22:02:08 ubuntu kernel: pci 0000:00:18.2: PCI bridge to [bus 1d]
Nov 10 22:02:08 ubuntu kernel: pci 0000:00:18.2:   bridge window [mem 0xfc900000-0xfc9fffff]
Nov 10 22:02:08 ubuntu kernel: pci 0000:00:18.2:   bridge window [mem 0xe6f00000-0xe6ffffff 64bit pref]
Nov 10 22:02:08 ubuntu kernel: pci 0000:00:18.2: PME# supported from D0 D3hot D3cold
Nov 10 22:02:08 ubuntu kernel: pci 0000:00:18.3: [15ad:07a0] type 01 class 0x060400 PCIe Root Port
Nov 10 22:02:08 ubuntu kernel: pci 0000:00:18.3: PCI bridge to [bus 1e]
Nov 10 22:02:08 ubuntu kernel: pci 0000:00:18.3:   bridge window [mem 0xfc500000-0xfc5fffff]
Nov 10 22:02:08 ubuntu kernel: pci 0000:00:18.3:   bridge window [mem 0xe6b00000-0xe6bfffff 64bit pref]
Nov 10 22:02:08 ubuntu kernel: pci 0000:00:18.3: PME# supported from D0 D3hot D3cold
Nov 10 22:02:08 ubuntu kernel: pci 0000:00:18.4: [15ad:07a0] type 01 class 0x060400 PCIe Root Port
Nov 10 22:02:08 ubuntu kernel: pci 0000:00:18.4: PCI bridge to [bus 1f]
Nov 10 22:02:08 ubuntu kernel: pci 0000:00:18.4:   bridge window [mem 0xfc100000-0xfc1fffff]
Nov 10 22:02:08 ubuntu kernel: pci 0000:00:18.4:   bridge window [mem 0xe6700000-0xe67fffff 64bit pref]
Nov 10 22:02:08 ubuntu kernel: pci 0000:00:18.4: PME# supported from D0 D3hot D3cold
Nov 10 22:02:08 ubuntu kernel: pci 0000:00:18.5: [15ad:07a0] type 01 class 0x060400 PCIe Root Port
Nov 10 22:02:08 ubuntu kernel: pci 0000:00:18.5: PCI bridge to [bus 20]
Nov 10 22:02:08 ubuntu kernel: pci 0000:00:18.5:   bridge window [mem 0xfbd00000-0xfbdfffff]
Nov 10 22:02:08 ubuntu kernel: pci 0000:00:18.5:   bridge window [mem 0xe6300000-0xe63fffff 64bit pref]
Nov 10 22:02:08 ubuntu kernel: pci 0000:00:18.5: PME# supported from D0 D3hot D3cold
Nov 10 22:02:08 ubuntu kernel: pci 0000:00:18.6: [15ad:07a0] type 01 class 0x060400 PCIe Root Port
Nov 10 22:02:08 ubuntu kernel: pci 0000:00:18.6: PCI bridge to [bus 21]
Nov 10 22:02:08 ubuntu kernel: pci 0000:00:18.6:   bridge window [mem 0xfb900000-0xfb9fffff]
Nov 10 22:02:08 ubuntu kernel: pci 0000:00:18.6:   bridge window [mem 0xe5f00000-0xe5ffffff 64bit pref]
Nov 10 22:02:08 ubuntu kernel: pci 0000:00:18.6: PME# supported from D0 D3hot D3cold
Nov 10 22:02:08 ubuntu kernel: pci 0000:00:18.7: [15ad:07a0] type 01 class 0x060400 PCIe Root Port
Nov 10 22:02:08 ubuntu kernel: pci 0000:00:18.7: PCI bridge to [bus 22]
Nov 10 22:02:08 ubuntu kernel: pci 0000:00:18.7:   bridge window [mem 0xfb500000-0xfb5fffff]
Nov 10 22:02:08 ubuntu kernel: pci 0000:00:18.7:   bridge window [mem 0xe5b00000-0xe5bfffff 64bit pref]
Nov 10 22:02:08 ubuntu kernel: pci 0000:00:18.7: PME# supported from D0 D3hot D3cold
Nov 10 22:02:08 ubuntu kernel: pci_bus 0000:01: extended config space not accessible
Nov 10 22:02:08 ubuntu kernel: pci 0000:00:01.0: PCI bridge to [bus 01]
Nov 10 22:02:08 ubuntu kernel: pci_bus 0000:02: extended config space not accessible
Nov 10 22:02:08 ubuntu kernel: acpiphp: Slot [32] registered
Nov 10 22:02:08 ubuntu kernel: acpiphp: Slot [33] registered
Nov 10 22:02:08 ubuntu kernel: acpiphp: Slot [34] registered
Nov 10 22:02:08 ubuntu kernel: acpiphp: Slot [35] registered
Nov 10 22:02:08 ubuntu kernel: acpiphp: Slot [36] registered
Nov 10 22:02:08 ubuntu kernel: acpiphp: Slot [37] registered
Nov 10 22:02:08 ubuntu kernel: acpiphp: Slot [38] registered
Nov 10 22:02:08 ubuntu kernel: acpiphp: Slot [39] registered
Nov 10 22:02:08 ubuntu kernel: acpiphp: Slot [40] registered
Nov 10 22:02:08 ubuntu kernel: acpiphp: Slot [41] registered
Nov 10 22:02:08 ubuntu kernel: acpiphp: Slot [42] registered
Nov 10 22:02:08 ubuntu kernel: acpiphp: Slot [43] registered
Nov 10 22:02:08 ubuntu kernel: acpiphp: Slot [44] registered
Nov 10 22:02:08 ubuntu kernel: acpiphp: Slot [45] registered
Nov 10 22:02:08 ubuntu kernel: acpiphp: Slot [46] registered
Nov 10 22:02:08 ubuntu kernel: acpiphp: Slot [47] registered
Nov 10 22:02:08 ubuntu kernel: acpiphp: Slot [48] registered
Nov 10 22:02:08 ubuntu kernel: acpiphp: Slot [49] registered
Nov 10 22:02:08 ubuntu kernel: acpiphp: Slot [50] registered
Nov 10 22:02:08 ubuntu kernel: acpiphp: Slot [51] registered
Nov 10 22:02:08 ubuntu kernel: acpiphp: Slot [52] registered
Nov 10 22:02:08 ubuntu kernel: acpiphp: Slot [53] registered
Nov 10 22:02:08 ubuntu kernel: acpiphp: Slot [54] registered
Nov 10 22:02:08 ubuntu kernel: acpiphp: Slot [55] registered
Nov 10 22:02:08 ubuntu kernel: acpiphp: Slot [56] registered
Nov 10 22:02:08 ubuntu kernel: acpiphp: Slot [57] registered
Nov 10 22:02:08 ubuntu kernel: acpiphp: Slot [58] registered
Nov 10 22:02:08 ubuntu kernel: acpiphp: Slot [59] registered
Nov 10 22:02:08 ubuntu kernel: acpiphp: Slot [60] registered
Nov 10 22:02:08 ubuntu kernel: acpiphp: Slot [61] registered
Nov 10 22:02:08 ubuntu kernel: acpiphp: Slot [62] registered
Nov 10 22:02:08 ubuntu kernel: acpiphp: Slot [63] registered
Nov 10 22:02:08 ubuntu kernel: pci 0000:02:00.0: [15ad:0774] type 00 class 0x0c0300 conventional PCI endpoint
Nov 10 22:02:08 ubuntu kernel: pci 0000:02:00.0: BAR 4 [io  0x2080-0x209f]
Nov 10 22:02:08 ubuntu kernel: pci 0000:02:01.0: [8086:100f] type 00 class 0x020000 conventional PCI endpoint
Nov 10 22:02:08 ubuntu kernel: pci 0000:02:01.0: BAR 0 [mem 0xfd5c0000-0xfd5dffff 64bit]
Nov 10 22:02:08 ubuntu kernel: pci 0000:02:01.0: BAR 2 [mem 0xfdff0000-0xfdffffff 64bit]
Nov 10 22:02:08 ubuntu kernel: pci 0000:02:01.0: BAR 4 [io  0x2000-0x203f]
Nov 10 22:02:08 ubuntu kernel: pci 0000:02:01.0: ROM [mem 0x00000000-0x0000ffff pref]
Nov 10 22:02:08 ubuntu kernel: pci 0000:02:01.0: PME# supported from D0 D3hot D3cold
Nov 10 22:02:08 ubuntu kernel: pci 0000:02:02.0: [1274:1371] type 00 class 0x040100 conventional PCI endpoint
Nov 10 22:02:08 ubuntu kernel: pci 0000:02:02.0: BAR 0 [io  0x2040-0x207f]
Nov 10 22:02:08 ubuntu kernel: pci 0000:02:03.0: [15ad:0770] type 00 class 0x0c0320 conventional PCI endpoint
Nov 10 22:02:08 ubuntu kernel: pci 0000:02:03.0: BAR 0 [mem 0xfd5ef000-0xfd5effff]
Nov 10 22:02:08 ubuntu kernel: pci 0000:02:04.0: [15ad:07e0] type 00 class 0x010601 conventional PCI endpoint
Nov 10 22:02:08 ubuntu kernel: pci 0000:02:04.0: BAR 5 [mem 0xfd5ee000-0xfd5eefff]
Nov 10 22:02:08 ubuntu kernel: pci 0000:02:04.0: ROM [mem 0x00000000-0x0000ffff pref]
Nov 10 22:02:08 ubuntu kernel: pci 0000:02:04.0: PME# supported from D3hot
Nov 10 22:02:08 ubuntu kernel: pci 0000:00:11.0: PCI bridge to [bus 02] (subtractive decode)
Nov 10 22:02:08 ubuntu kernel: pci 0000:00:11.0:   bridge window [mem 0x000a0000-0x000bffff window] (subtractive decode)
Nov 10 22:02:08 ubuntu kernel: pci 0000:00:11.0:   bridge window [mem 0x000d0000-0x000dbfff window] (subtractive decode)
Nov 10 22:02:08 ubuntu kernel: pci 0000:00:11.0:   bridge window [mem 0xc0000000-0xfebfffff window] (subtractive decode)
Nov 10 22:02:08 ubuntu kernel: pci 0000:00:11.0:   bridge window [io  0x0000-0x0cf7 window] (subtractive decode)
Nov 10 22:02:08 ubuntu kernel: pci 0000:00:11.0:   bridge window [io  0x0d00-0xfeff window] (subtractive decode)
Nov 10 22:02:08 ubuntu kernel: pci 0000:00:15.0: PCI bridge to [bus 03]
Nov 10 22:02:08 ubuntu kernel: pci 0000:00:15.1: PCI bridge to [bus 04]
Nov 10 22:02:08 ubuntu kernel: pci 0000:00:15.2: PCI bridge to [bus 05]
Nov 10 22:02:08 ubuntu kernel: pci 0000:00:15.3: PCI bridge to [bus 06]
Nov 10 22:02:08 ubuntu kernel: pci 0000:00:15.4: PCI bridge to [bus 07]
Nov 10 22:02:08 ubuntu kernel: pci 0000:00:15.5: PCI bridge to [bus 08]
Nov 10 22:02:08 ubuntu kernel: pci 0000:00:15.6: PCI bridge to [bus 09]
Nov 10 22:02:08 ubuntu kernel: pci 0000:00:15.7: PCI bridge to [bus 0a]
Nov 10 22:02:08 ubuntu kernel: pci 0000:00:16.0: PCI bridge to [bus 0b]
Nov 10 22:02:08 ubuntu kernel: pci 0000:00:16.1: PCI bridge to [bus 0c]
Nov 10 22:02:08 ubuntu kernel: pci 0000:00:16.2: PCI bridge to [bus 0d]
Nov 10 22:02:08 ubuntu kernel: pci 0000:00:16.3: PCI bridge to [bus 0e]
Nov 10 22:02:08 ubuntu kernel: pci 0000:00:16.4: PCI bridge to [bus 0f]
Nov 10 22:02:08 ubuntu kernel: pci 0000:00:16.5: PCI bridge to [bus 10]
Nov 10 22:02:08 ubuntu kernel: pci 0000:00:16.6: PCI bridge to [bus 11]
Nov 10 22:02:08 ubuntu kernel: pci 0000:00:16.7: PCI bridge to [bus 12]
Nov 10 22:02:08 ubuntu kernel: pci 0000:00:17.0: PCI bridge to [bus 13]
Nov 10 22:02:08 ubuntu kernel: pci 0000:00:17.1: PCI bridge to [bus 14]
Nov 10 22:02:08 ubuntu kernel: pci 0000:00:17.2: PCI bridge to [bus 15]
Nov 10 22:02:08 ubuntu kernel: pci 0000:00:17.3: PCI bridge to [bus 16]
Nov 10 22:02:08 ubuntu kernel: pci 0000:00:17.4: PCI bridge to [bus 17]
Nov 10 22:02:08 ubuntu kernel: pci 0000:00:17.5: PCI bridge to [bus 18]
Nov 10 22:02:08 ubuntu kernel: pci 0000:00:17.6: PCI bridge to [bus 19]
Nov 10 22:02:08 ubuntu kernel: pci 0000:00:17.7: PCI bridge to [bus 1a]
Nov 10 22:02:08 ubuntu kernel: pci 0000:00:18.0: PCI bridge to [bus 1b]
Nov 10 22:02:08 ubuntu kernel: pci 0000:00:18.1: PCI bridge to [bus 1c]
Nov 10 22:02:08 ubuntu kernel: pci 0000:00:18.2: PCI bridge to [bus 1d]
Nov 10 22:02:08 ubuntu kernel: pci 0000:00:18.3: PCI bridge to [bus 1e]
Nov 10 22:02:08 ubuntu kernel: pci 0000:00:18.4: PCI bridge to [bus 1f]
Nov 10 22:02:08 ubuntu kernel: pci 0000:00:18.5: PCI bridge to [bus 20]
Nov 10 22:02:08 ubuntu kernel: pci 0000:00:18.6: PCI bridge to [bus 21]
Nov 10 22:02:08 ubuntu kernel: pci 0000:00:18.7: PCI bridge to [bus 22]
Nov 10 22:02:08 ubuntu kernel: ACPI: PCI: Interrupt link LNKA configured for IRQ 9
Nov 10 22:02:08 ubuntu kernel: ACPI: PCI: Interrupt link LNKB configured for IRQ 11
Nov 10 22:02:08 ubuntu kernel: ACPI: PCI: Interrupt link LNKC configured for IRQ 10
Nov 10 22:02:08 ubuntu kernel: ACPI: PCI: Interrupt link LNKD configured for IRQ 7
Nov 10 22:02:08 ubuntu kernel: iommu: Default domain type: Translated
Nov 10 22:02:08 ubuntu kernel: iommu: DMA domain TLB invalidation policy: lazy mode
Nov 10 22:02:08 ubuntu kernel: SCSI subsystem initialized
Nov 10 22:02:08 ubuntu kernel: libata version 3.00 loaded.
Nov 10 22:02:08 ubuntu kernel: ACPI: bus type USB registered
Nov 10 22:02:08 ubuntu kernel: usbcore: registered new interface driver usbfs
Nov 10 22:02:08 ubuntu kernel: usbcore: registered new interface driver hub
Nov 10 22:02:08 ubuntu kernel: usbcore: registered new device driver usb
Nov 10 22:02:08 ubuntu kernel: pps_core: LinuxPPS API ver. 1 registered
Nov 10 22:02:08 ubuntu kernel: pps_core: Software ver. 5.3.6 - Copyright 2005-2007 Rodolfo Giometti <giometti@linux.it>
Nov 10 22:02:08 ubuntu kernel: PTP clock support registered
Nov 10 22:02:08 ubuntu kernel: EDAC MC: Ver: 3.0.0
Nov 10 22:02:08 ubuntu kernel: NetLabel: Initializing
Nov 10 22:02:08 ubuntu kernel: NetLabel:  domain hash size = 128
Nov 10 22:02:08 ubuntu kernel: NetLabel:  protocols = UNLABELED CIPSOv4 CALIPSO
Nov 10 22:02:08 ubuntu kernel: NetLabel:  unlabeled traffic allowed by default
Nov 10 22:02:08 ubuntu kernel: mctp: management component transport protocol core
Nov 10 22:02:08 ubuntu kernel: NET: Registered PF_MCTP protocol family
Nov 10 22:02:08 ubuntu kernel: PCI: Using ACPI for IRQ routing
Nov 10 22:02:08 ubuntu kernel: PCI: pci_cache_line_size set to 64 bytes
Nov 10 22:02:08 ubuntu kernel: e820: reserve RAM buffer [mem 0x0009e800-0x0009ffff]
Nov 10 22:02:08 ubuntu kernel: e820: reserve RAM buffer [mem 0xbfed0000-0xbfffffff]
Nov 10 22:02:08 ubuntu kernel: pci 0000:00:0f.0: vgaarb: setting as boot VGA device
Nov 10 22:02:08 ubuntu kernel: pci 0000:00:0f.0: vgaarb: bridge control possible
Nov 10 22:02:08 ubuntu kernel: pci 0000:00:0f.0: vgaarb: VGA device added: decodes=io+mem,owns=io+mem,locks=none
Nov 10 22:02:08 ubuntu kernel: vgaarb: loaded
Nov 10 22:02:08 ubuntu kernel: hpet0: at MMIO 0xfed00000, IRQs 2, 8, 0, 0, 0, 0, 0, 0, 0, 0, 0, 0, 0, 0, 0, 0
Nov 10 22:02:08 ubuntu kernel: hpet0: 16 comparators, 64-bit 14.318180 MHz counter
Nov 10 22:02:08 ubuntu kernel: clocksource: Switched to clocksource tsc-early
Nov 10 22:02:08 ubuntu kernel: VFS: Disk quotas dquot_6.6.0
Nov 10 22:02:08 ubuntu kernel: VFS: Dquot-cache hash table entries: 512 (order 0, 4096 bytes)
Nov 10 22:02:08 ubuntu kernel: AppArmor: AppArmor Filesystem Enabled
Nov 10 22:02:08 ubuntu kernel: pnp: PnP ACPI init
Nov 10 22:02:08 ubuntu kernel: system 00:00: [io  0x1000-0x103f] has been reserved
Nov 10 22:02:08 ubuntu kernel: system 00:00: [io  0x1040-0x104f] has been reserved
Nov 10 22:02:08 ubuntu kernel: system 00:00: [io  0x0cf0-0x0cf1] has been reserved
Nov 10 22:02:08 ubuntu kernel: system 00:04: [mem 0xfed00000-0xfed003ff] has been reserved
Nov 10 22:02:08 ubuntu kernel: pnp 00:05: [dma 2]
Nov 10 22:02:08 ubuntu kernel: system 00:06: [io  0xfce0-0xfcff] has been reserved
Nov 10 22:02:08 ubuntu kernel: system 00:06: [mem 0xf0000000-0xf7ffffff] has been reserved
Nov 10 22:02:08 ubuntu kernel: system 00:06: [mem 0xfe800000-0xfe9fffff] has been reserved
Nov 10 22:02:08 ubuntu kernel: pnp: PnP ACPI: found 7 devices
Nov 10 22:02:08 ubuntu kernel: clocksource: acpi_pm: mask: 0xffffff max_cycles: 0xffffff, max_idle_ns: 2085701024 ns
Nov 10 22:02:08 ubuntu kernel: NET: Registered PF_INET protocol family
Nov 10 22:02:08 ubuntu kernel: IP idents hash table entries: 65536 (order: 7, 524288 bytes, linear)
Nov 10 22:02:08 ubuntu kernel: tcp_listen_portaddr_hash hash table entries: 2048 (order: 3, 32768 bytes, linear)
Nov 10 22:02:08 ubuntu kernel: Table-perturb hash table entries: 65536 (order: 6, 262144 bytes, linear)
Nov 10 22:02:08 ubuntu kernel: TCP established hash table entries: 32768 (order: 6, 262144 bytes, linear)
Nov 10 22:02:08 ubuntu kernel: TCP bind hash table entries: 32768 (order: 8, 1048576 bytes, linear)
Nov 10 22:02:08 ubuntu kernel: TCP: Hash tables configured (established 32768 bind 32768)
Nov 10 22:02:08 ubuntu kernel: MPTCP token hash table entries: 4096 (order: 4, 98304 bytes, linear)
Nov 10 22:02:08 ubuntu kernel: UDP hash table entries: 2048 (order: 5, 131072 bytes, linear)
Nov 10 22:02:08 ubuntu kernel: UDP-Lite hash table entries: 2048 (order: 5, 131072 bytes, linear)
Nov 10 22:02:08 ubuntu kernel: NET: Registered PF_UNIX/PF_LOCAL protocol family
Nov 10 22:02:08 ubuntu kernel: NET: Registered PF_XDP protocol family
Nov 10 22:02:08 ubuntu kernel: pci 0000:00:15.3: bridge window [io  0x1000-0x0fff] to [bus 06] add_size 1000
Nov 10 22:02:08 ubuntu kernel: pci 0000:00:15.4: bridge window [io  0x1000-0x0fff] to [bus 07] add_size 1000
Nov 10 22:02:08 ubuntu kernel: pci 0000:00:15.5: bridge window [io  0x1000-0x0fff] to [bus 08] add_size 1000
Nov 10 22:02:08 ubuntu kernel: pci 0000:00:15.6: bridge window [io  0x1000-0x0fff] to [bus 09] add_size 1000
Nov 10 22:02:08 ubuntu kernel: pci 0000:00:15.7: bridge window [io  0x1000-0x0fff] to [bus 0a] add_size 1000
Nov 10 22:02:08 ubuntu kernel: pci 0000:00:16.3: bridge window [io  0x1000-0x0fff] to [bus 0e] add_size 1000
Nov 10 22:02:08 ubuntu kernel: pci 0000:00:16.4: bridge window [io  0x1000-0x0fff] to [bus 0f] add_size 1000
Nov 10 22:02:08 ubuntu kernel: pci 0000:00:16.5: bridge window [io  0x1000-0x0fff] to [bus 10] add_size 1000
Nov 10 22:02:08 ubuntu kernel: pci 0000:00:16.6: bridge window [io  0x1000-0x0fff] to [bus 11] add_size 1000
Nov 10 22:02:08 ubuntu kernel: pci 0000:00:16.7: bridge window [io  0x1000-0x0fff] to [bus 12] add_size 1000
Nov 10 22:02:08 ubuntu kernel: pci 0000:00:17.3: bridge window [io  0x1000-0x0fff] to [bus 16] add_size 1000
Nov 10 22:02:08 ubuntu kernel: pci 0000:00:17.4: bridge window [io  0x1000-0x0fff] to [bus 17] add_size 1000
Nov 10 22:02:08 ubuntu kernel: pci 0000:00:17.5: bridge window [io  0x1000-0x0fff] to [bus 18] add_size 1000
Nov 10 22:02:08 ubuntu kernel: pci 0000:00:17.6: bridge window [io  0x1000-0x0fff] to [bus 19] add_size 1000
Nov 10 22:02:08 ubuntu kernel: pci 0000:00:17.7: bridge window [io  0x1000-0x0fff] to [bus 1a] add_size 1000
Nov 10 22:02:08 ubuntu kernel: pci 0000:00:18.2: bridge window [io  0x1000-0x0fff] to [bus 1d] add_size 1000
Nov 10 22:02:08 ubuntu kernel: pci 0000:00:18.3: bridge window [io  0x1000-0x0fff] to [bus 1e] add_size 1000
Nov 10 22:02:08 ubuntu kernel: pci 0000:00:18.4: bridge window [io  0x1000-0x0fff] to [bus 1f] add_size 1000
Nov 10 22:02:08 ubuntu kernel: pci 0000:00:18.5: bridge window [io  0x1000-0x0fff] to [bus 20] add_size 1000
Nov 10 22:02:08 ubuntu kernel: pci 0000:00:18.6: bridge window [io  0x1000-0x0fff] to [bus 21] add_size 1000
Nov 10 22:02:08 ubuntu kernel: pci 0000:00:18.7: bridge window [io  0x1000-0x0fff] to [bus 22] add_size 1000
Nov 10 22:02:08 ubuntu kernel: pci 0000:00:10.0: ROM [mem 0xc0000000-0xc0003fff pref]: assigned
Nov 10 22:02:08 ubuntu kernel: pci 0000:00:15.3: bridge window [io  size 0x1000]: can't assign; no space
Nov 10 22:02:08 ubuntu kernel: pci 0000:00:15.3: bridge window [io  size 0x1000]: failed to assign
Nov 10 22:02:08 ubuntu kernel: pci 0000:00:15.4: bridge window [io  size 0x1000]: can't assign; no space
Nov 10 22:02:08 ubuntu kernel: pci 0000:00:15.4: bridge window [io  size 0x1000]: failed to assign
Nov 10 22:02:08 ubuntu kernel: pci 0000:00:15.5: bridge window [io  size 0x1000]: can't assign; no space
Nov 10 22:02:08 ubuntu kernel: pci 0000:00:15.5: bridge window [io  size 0x1000]: failed to assign
Nov 10 22:02:08 ubuntu kernel: pci 0000:00:15.6: bridge window [io  size 0x1000]: can't assign; no space
Nov 10 22:02:08 ubuntu kernel: pci 0000:00:15.6: bridge window [io  size 0x1000]: failed to assign
Nov 10 22:02:08 ubuntu kernel: pci 0000:00:15.7: bridge window [io  size 0x1000]: can't assign; no space
Nov 10 22:02:08 ubuntu kernel: pci 0000:00:15.7: bridge window [io  size 0x1000]: failed to assign
Nov 10 22:02:08 ubuntu kernel: pci 0000:00:16.3: bridge window [io  size 0x1000]: can't assign; no space
Nov 10 22:02:08 ubuntu kernel: pci 0000:00:16.3: bridge window [io  size 0x1000]: failed to assign
Nov 10 22:02:08 ubuntu kernel: pci 0000:00:16.4: bridge window [io  size 0x1000]: can't assign; no space
Nov 10 22:02:08 ubuntu kernel: pci 0000:00:16.4: bridge window [io  size 0x1000]: failed to assign
Nov 10 22:02:08 ubuntu kernel: pci 0000:00:16.5: bridge window [io  size 0x1000]: can't assign; no space
Nov 10 22:02:08 ubuntu kernel: pci 0000:00:16.5: bridge window [io  size 0x1000]: failed to assign
Nov 10 22:02:08 ubuntu kernel: pci 0000:00:16.6: bridge window [io  size 0x1000]: can't assign; no space
Nov 10 22:02:08 ubuntu kernel: pci 0000:00:16.6: bridge window [io  size 0x1000]: failed to assign
Nov 10 22:02:08 ubuntu kernel: pci 0000:00:16.7: bridge window [io  size 0x1000]: can't assign; no space
Nov 10 22:02:08 ubuntu kernel: pci 0000:00:16.7: bridge window [io  size 0x1000]: failed to assign
Nov 10 22:02:08 ubuntu kernel: pci 0000:00:17.3: bridge window [io  size 0x1000]: can't assign; no space
Nov 10 22:02:08 ubuntu kernel: pci 0000:00:17.3: bridge window [io  size 0x1000]: failed to assign
Nov 10 22:02:08 ubuntu kernel: pci 0000:00:17.4: bridge window [io  size 0x1000]: can't assign; no space
Nov 10 22:02:08 ubuntu kernel: pci 0000:00:17.4: bridge window [io  size 0x1000]: failed to assign
Nov 10 22:02:08 ubuntu kernel: pci 0000:00:17.5: bridge window [io  size 0x1000]: can't assign; no space
Nov 10 22:02:08 ubuntu kernel: pci 0000:00:17.5: bridge window [io  size 0x1000]: failed to assign
Nov 10 22:02:08 ubuntu kernel: pci 0000:00:17.6: bridge window [io  size 0x1000]: can't assign; no space
Nov 10 22:02:08 ubuntu kernel: pci 0000:00:17.6: bridge window [io  size 0x1000]: failed to assign
Nov 10 22:02:08 ubuntu kernel: pci 0000:00:17.7: bridge window [io  size 0x1000]: can't assign; no space
Nov 10 22:02:08 ubuntu kernel: pci 0000:00:17.7: bridge window [io  size 0x1000]: failed to assign
Nov 10 22:02:08 ubuntu kernel: pci 0000:00:18.2: bridge window [io  size 0x1000]: can't assign; no space
Nov 10 22:02:08 ubuntu kernel: pci 0000:00:18.2: bridge window [io  size 0x1000]: failed to assign
Nov 10 22:02:08 ubuntu kernel: pci 0000:00:18.3: bridge window [io  size 0x1000]: can't assign; no space
Nov 10 22:02:08 ubuntu kernel: pci 0000:00:18.3: bridge window [io  size 0x1000]: failed to assign
Nov 10 22:02:08 ubuntu kernel: pci 0000:00:18.4: bridge window [io  size 0x1000]: can't assign; no space
Nov 10 22:02:08 ubuntu kernel: pci 0000:00:18.4: bridge window [io  size 0x1000]: failed to assign
Nov 10 22:02:08 ubuntu kernel: pci 0000:00:18.5: bridge window [io  size 0x1000]: can't assign; no space
Nov 10 22:02:08 ubuntu kernel: pci 0000:00:18.5: bridge window [io  size 0x1000]: failed to assign
Nov 10 22:02:08 ubuntu kernel: pci 0000:00:18.6: bridge window [io  size 0x1000]: can't assign; no space
Nov 10 22:02:08 ubuntu kernel: pci 0000:00:18.6: bridge window [io  size 0x1000]: failed to assign
Nov 10 22:02:08 ubuntu kernel: pci 0000:00:18.7: bridge window [io  size 0x1000]: can't assign; no space
Nov 10 22:02:08 ubuntu kernel: pci 0000:00:18.7: bridge window [io  size 0x1000]: failed to assign
Nov 10 22:02:08 ubuntu kernel: pci 0000:00:18.7: bridge window [io  size 0x1000]: can't assign; no space
Nov 10 22:02:08 ubuntu kernel: pci 0000:00:18.7: bridge window [io  size 0x1000]: failed to assign
Nov 10 22:02:08 ubuntu kernel: pci 0000:00:18.6: bridge window [io  size 0x1000]: can't assign; no space
Nov 10 22:02:08 ubuntu kernel: pci 0000:00:18.6: bridge window [io  size 0x1000]: failed to assign
Nov 10 22:02:08 ubuntu kernel: pci 0000:00:18.5: bridge window [io  size 0x1000]: can't assign; no space
Nov 10 22:02:08 ubuntu kernel: pci 0000:00:18.5: bridge window [io  size 0x1000]: failed to assign
Nov 10 22:02:08 ubuntu kernel: pci 0000:00:18.4: bridge window [io  size 0x1000]: can't assign; no space
Nov 10 22:02:08 ubuntu kernel: pci 0000:00:18.4: bridge window [io  size 0x1000]: failed to assign
Nov 10 22:02:08 ubuntu kernel: pci 0000:00:18.3: bridge window [io  size 0x1000]: can't assign; no space
Nov 10 22:02:08 ubuntu kernel: pci 0000:00:18.3: bridge window [io  size 0x1000]: failed to assign
Nov 10 22:02:08 ubuntu kernel: pci 0000:00:18.2: bridge window [io  size 0x1000]: can't assign; no space
Nov 10 22:02:08 ubuntu kernel: pci 0000:00:18.2: bridge window [io  size 0x1000]: failed to assign
Nov 10 22:02:08 ubuntu kernel: pci 0000:00:17.7: bridge window [io  size 0x1000]: can't assign; no space
Nov 10 22:02:08 ubuntu kernel: pci 0000:00:17.7: bridge window [io  size 0x1000]: failed to assign
Nov 10 22:02:08 ubuntu kernel: pci 0000:00:17.6: bridge window [io  size 0x1000]: can't assign; no space
Nov 10 22:02:08 ubuntu kernel: pci 0000:00:17.6: bridge window [io  size 0x1000]: failed to assign
Nov 10 22:02:08 ubuntu kernel: pci 0000:00:17.5: bridge window [io  size 0x1000]: can't assign; no space
Nov 10 22:02:08 ubuntu kernel: pci 0000:00:17.5: bridge window [io  size 0x1000]: failed to assign
Nov 10 22:02:08 ubuntu kernel: pci 0000:00:17.4: bridge window [io  size 0x1000]: can't assign; no space
Nov 10 22:02:08 ubuntu kernel: pci 0000:00:17.4: bridge window [io  size 0x1000]: failed to assign
Nov 10 22:02:08 ubuntu kernel: pci 0000:00:17.3: bridge window [io  size 0x1000]: can't assign; no space
Nov 10 22:02:08 ubuntu kernel: pci 0000:00:17.3: bridge window [io  size 0x1000]: failed to assign
Nov 10 22:02:08 ubuntu kernel: pci 0000:00:16.7: bridge window [io  size 0x1000]: can't assign; no space
Nov 10 22:02:08 ubuntu kernel: pci 0000:00:16.7: bridge window [io  size 0x1000]: failed to assign
Nov 10 22:02:08 ubuntu kernel: pci 0000:00:16.6: bridge window [io  size 0x1000]: can't assign; no space
Nov 10 22:02:08 ubuntu kernel: pci 0000:00:16.6: bridge window [io  size 0x1000]: failed to assign
Nov 10 22:02:08 ubuntu kernel: pci 0000:00:16.5: bridge window [io  size 0x1000]: can't assign; no space
Nov 10 22:02:08 ubuntu kernel: pci 0000:00:16.5: bridge window [io  size 0x1000]: failed to assign
Nov 10 22:02:08 ubuntu kernel: pci 0000:00:16.4: bridge window [io  size 0x1000]: can't assign; no space
Nov 10 22:02:08 ubuntu kernel: pci 0000:00:16.4: bridge window [io  size 0x1000]: failed to assign
Nov 10 22:02:08 ubuntu kernel: pci 0000:00:16.3: bridge window [io  size 0x1000]: can't assign; no space
Nov 10 22:02:08 ubuntu kernel: pci 0000:00:16.3: bridge window [io  size 0x1000]: failed to assign
Nov 10 22:02:08 ubuntu kernel: pci 0000:00:15.7: bridge window [io  size 0x1000]: can't assign; no space
Nov 10 22:02:08 ubuntu kernel: pci 0000:00:15.7: bridge window [io  size 0x1000]: failed to assign
Nov 10 22:02:08 ubuntu kernel: pci 0000:00:15.6: bridge window [io  size 0x1000]: can't assign; no space
Nov 10 22:02:08 ubuntu kernel: pci 0000:00:15.6: bridge window [io  size 0x1000]: failed to assign
Nov 10 22:02:08 ubuntu kernel: pci 0000:00:15.5: bridge window [io  size 0x1000]: can't assign; no space
Nov 10 22:02:08 ubuntu kernel: pci 0000:00:15.5: bridge window [io  size 0x1000]: failed to assign
Nov 10 22:02:08 ubuntu kernel: pci 0000:00:15.4: bridge window [io  size 0x1000]: can't assign; no space
Nov 10 22:02:08 ubuntu kernel: pci 0000:00:15.4: bridge window [io  size 0x1000]: failed to assign
Nov 10 22:02:08 ubuntu kernel: pci 0000:00:15.3: bridge window [io  size 0x1000]: can't assign; no space
Nov 10 22:02:08 ubuntu kernel: pci 0000:00:15.3: bridge window [io  size 0x1000]: failed to assign
Nov 10 22:02:08 ubuntu kernel: pci 0000:00:01.0: PCI bridge to [bus 01]
Nov 10 22:02:08 ubuntu kernel: pci 0000:02:01.0: ROM [mem 0xfd500000-0xfd50ffff pref]: assigned
Nov 10 22:02:08 ubuntu kernel: pci 0000:02:04.0: ROM [mem 0xfd510000-0xfd51ffff pref]: assigned
Nov 10 22:02:08 ubuntu kernel: pci 0000:00:11.0: PCI bridge to [bus 02]
Nov 10 22:02:08 ubuntu kernel: pci 0000:00:11.0:   bridge window [io  0x2000-0x3fff]
Nov 10 22:02:08 ubuntu kernel: pci 0000:00:11.0:   bridge window [mem 0xfd500000-0xfdffffff]
Nov 10 22:02:08 ubuntu kernel: pci 0000:00:11.0:   bridge window [mem 0xe7b00000-0xe7ffffff 64bit pref]
Nov 10 22:02:08 ubuntu kernel: pci 0000:00:15.0: PCI bridge to [bus 03]
Nov 10 22:02:08 ubuntu kernel: pci 0000:00:15.0:   bridge window [io  0x4000-0x4fff]
Nov 10 22:02:08 ubuntu kernel: pci 0000:00:15.0:   bridge window [mem 0xfd400000-0xfd4fffff]
Nov 10 22:02:08 ubuntu kernel: pci 0000:00:15.0:   bridge window [mem 0xe7a00000-0xe7afffff 64bit pref]
Nov 10 22:02:08 ubuntu kernel: pci 0000:00:15.1: PCI bridge to [bus 04]
Nov 10 22:02:08 ubuntu kernel: pci 0000:00:15.1:   bridge window [io  0x8000-0x8fff]
Nov 10 22:02:08 ubuntu kernel: pci 0000:00:15.1:   bridge window [mem 0xfd000000-0xfd0fffff]
Nov 10 22:02:08 ubuntu kernel: pci 0000:00:15.1:   bridge window [mem 0xe7600000-0xe76fffff 64bit pref]
Nov 10 22:02:08 ubuntu kernel: pci 0000:00:15.2: PCI bridge to [bus 05]
Nov 10 22:02:08 ubuntu kernel: pci 0000:00:15.2:   bridge window [io  0xc000-0xcfff]
Nov 10 22:02:08 ubuntu kernel: pci 0000:00:15.2:   bridge window [mem 0xfcc00000-0xfccfffff]
Nov 10 22:02:08 ubuntu kernel: pci 0000:00:15.2:   bridge window [mem 0xe7200000-0xe72fffff 64bit pref]
Nov 10 22:02:08 ubuntu kernel: pci 0000:00:15.3: PCI bridge to [bus 06]
Nov 10 22:02:08 ubuntu kernel: pci 0000:00:15.3:   bridge window [mem 0xfc800000-0xfc8fffff]
Nov 10 22:02:08 ubuntu kernel: pci 0000:00:15.3:   bridge window [mem 0xe6e00000-0xe6efffff 64bit pref]
Nov 10 22:02:08 ubuntu kernel: pci 0000:00:15.4: PCI bridge to [bus 07]
Nov 10 22:02:08 ubuntu kernel: pci 0000:00:15.4:   bridge window [mem 0xfc400000-0xfc4fffff]
Nov 10 22:02:08 ubuntu kernel: pci 0000:00:15.4:   bridge window [mem 0xe6a00000-0xe6afffff 64bit pref]
Nov 10 22:02:08 ubuntu kernel: pci 0000:00:15.5: PCI bridge to [bus 08]
Nov 10 22:02:08 ubuntu kernel: pci 0000:00:15.5:   bridge window [mem 0xfc000000-0xfc0fffff]
Nov 10 22:02:08 ubuntu kernel: pci 0000:00:15.5:   bridge window [mem 0xe6600000-0xe66fffff 64bit pref]
Nov 10 22:02:08 ubuntu kernel: pci 0000:00:15.6: PCI bridge to [bus 09]
Nov 10 22:02:08 ubuntu kernel: pci 0000:00:15.6:   bridge window [mem 0xfbc00000-0xfbcfffff]
Nov 10 22:02:08 ubuntu kernel: pci 0000:00:15.6:   bridge window [mem 0xe6200000-0xe62fffff 64bit pref]
Nov 10 22:02:08 ubuntu kernel: pci 0000:00:15.7: PCI bridge to [bus 0a]
Nov 10 22:02:08 ubuntu kernel: pci 0000:00:15.7:   bridge window [mem 0xfb800000-0xfb8fffff]
Nov 10 22:02:08 ubuntu kernel: pci 0000:00:15.7:   bridge window [mem 0xe5e00000-0xe5efffff 64bit pref]
Nov 10 22:02:08 ubuntu kernel: pci 0000:00:16.0: PCI bridge to [bus 0b]
Nov 10 22:02:08 ubuntu kernel: pci 0000:00:16.0:   bridge window [io  0x5000-0x5fff]
Nov 10 22:02:08 ubuntu kernel: pci 0000:00:16.0:   bridge window [mem 0xfd300000-0xfd3fffff]
Nov 10 22:02:08 ubuntu kernel: pci 0000:00:16.0:   bridge window [mem 0xe7900000-0xe79fffff 64bit pref]
Nov 10 22:02:08 ubuntu kernel: pci 0000:00:16.1: PCI bridge to [bus 0c]
Nov 10 22:02:08 ubuntu kernel: pci 0000:00:16.1:   bridge window [io  0x9000-0x9fff]
Nov 10 22:02:08 ubuntu kernel: pci 0000:00:16.1:   bridge window [mem 0xfcf00000-0xfcffffff]
Nov 10 22:02:08 ubuntu kernel: pci 0000:00:16.1:   bridge window [mem 0xe7500000-0xe75fffff 64bit pref]
Nov 10 22:02:08 ubuntu kernel: pci 0000:00:16.2: PCI bridge to [bus 0d]
Nov 10 22:02:08 ubuntu kernel: pci 0000:00:16.2:   bridge window [io  0xd000-0xdfff]
Nov 10 22:02:08 ubuntu kernel: pci 0000:00:16.2:   bridge window [mem 0xfcb00000-0xfcbfffff]
Nov 10 22:02:08 ubuntu kernel: pci 0000:00:16.2:   bridge window [mem 0xe7100000-0xe71fffff 64bit pref]
Nov 10 22:02:08 ubuntu kernel: pci 0000:00:16.3: PCI bridge to [bus 0e]
Nov 10 22:02:08 ubuntu kernel: pci 0000:00:16.3:   bridge window [mem 0xfc700000-0xfc7fffff]
Nov 10 22:02:08 ubuntu kernel: pci 0000:00:16.3:   bridge window [mem 0xe6d00000-0xe6dfffff 64bit pref]
Nov 10 22:02:08 ubuntu kernel: pci 0000:00:16.4: PCI bridge to [bus 0f]
Nov 10 22:02:08 ubuntu kernel: pci 0000:00:16.4:   bridge window [mem 0xfc300000-0xfc3fffff]
Nov 10 22:02:08 ubuntu kernel: pci 0000:00:16.4:   bridge window [mem 0xe6900000-0xe69fffff 64bit pref]
Nov 10 22:02:08 ubuntu kernel: pci 0000:00:16.5: PCI bridge to [bus 10]
Nov 10 22:02:08 ubuntu kernel: pci 0000:00:16.5:   bridge window [mem 0xfbf00000-0xfbffffff]
Nov 10 22:02:08 ubuntu kernel: pci 0000:00:16.5:   bridge window [mem 0xe6500000-0xe65fffff 64bit pref]
Nov 10 22:02:08 ubuntu kernel: pci 0000:00:16.6: PCI bridge to [bus 11]
Nov 10 22:02:08 ubuntu kernel: pci 0000:00:16.6:   bridge window [mem 0xfbb00000-0xfbbfffff]
Nov 10 22:02:08 ubuntu kernel: pci 0000:00:16.6:   bridge window [mem 0xe6100000-0xe61fffff 64bit pref]
Nov 10 22:02:08 ubuntu kernel: pci 0000:00:16.7: PCI bridge to [bus 12]
Nov 10 22:02:08 ubuntu kernel: pci 0000:00:16.7:   bridge window [mem 0xfb700000-0xfb7fffff]
Nov 10 22:02:08 ubuntu kernel: pci 0000:00:16.7:   bridge window [mem 0xe5d00000-0xe5dfffff 64bit pref]
Nov 10 22:02:08 ubuntu kernel: pci 0000:00:17.0: PCI bridge to [bus 13]
Nov 10 22:02:08 ubuntu kernel: pci 0000:00:17.0:   bridge window [io  0x6000-0x6fff]
Nov 10 22:02:08 ubuntu kernel: pci 0000:00:17.0:   bridge window [mem 0xfd200000-0xfd2fffff]
Nov 10 22:02:08 ubuntu kernel: pci 0000:00:17.0:   bridge window [mem 0xe7800000-0xe78fffff 64bit pref]
Nov 10 22:02:08 ubuntu kernel: pci 0000:00:17.1: PCI bridge to [bus 14]
Nov 10 22:02:08 ubuntu kernel: pci 0000:00:17.1:   bridge window [io  0xa000-0xafff]
Nov 10 22:02:08 ubuntu kernel: pci 0000:00:17.1:   bridge window [mem 0xfce00000-0xfcefffff]
Nov 10 22:02:08 ubuntu kernel: pci 0000:00:17.1:   bridge window [mem 0xe7400000-0xe74fffff 64bit pref]
Nov 10 22:02:08 ubuntu kernel: pci 0000:00:17.2: PCI bridge to [bus 15]
Nov 10 22:02:08 ubuntu kernel: pci 0000:00:17.2:   bridge window [io  0xe000-0xefff]
Nov 10 22:02:08 ubuntu kernel: pci 0000:00:17.2:   bridge window [mem 0xfca00000-0xfcafffff]
Nov 10 22:02:08 ubuntu kernel: pci 0000:00:17.2:   bridge window [mem 0xe7000000-0xe70fffff 64bit pref]
Nov 10 22:02:08 ubuntu kernel: pci 0000:00:17.3: PCI bridge to [bus 16]
Nov 10 22:02:08 ubuntu kernel: pci 0000:00:17.3:   bridge window [mem 0xfc600000-0xfc6fffff]
Nov 10 22:02:08 ubuntu kernel: pci 0000:00:17.3:   bridge window [mem 0xe6c00000-0xe6cfffff 64bit pref]
Nov 10 22:02:08 ubuntu kernel: pci 0000:00:17.4: PCI bridge to [bus 17]
Nov 10 22:02:08 ubuntu kernel: pci 0000:00:17.4:   bridge window [mem 0xfc200000-0xfc2fffff]
Nov 10 22:02:08 ubuntu kernel: pci 0000:00:17.4:   bridge window [mem 0xe6800000-0xe68fffff 64bit pref]
Nov 10 22:02:08 ubuntu kernel: pci 0000:00:17.5: PCI bridge to [bus 18]
Nov 10 22:02:08 ubuntu kernel: pci 0000:00:17.5:   bridge window [mem 0xfbe00000-0xfbefffff]
Nov 10 22:02:08 ubuntu kernel: pci 0000:00:17.5:   bridge window [mem 0xe6400000-0xe64fffff 64bit pref]
Nov 10 22:02:08 ubuntu kernel: pci 0000:00:17.6: PCI bridge to [bus 19]
Nov 10 22:02:08 ubuntu kernel: pci 0000:00:17.6:   bridge window [mem 0xfba00000-0xfbafffff]
Nov 10 22:02:08 ubuntu kernel: pci 0000:00:17.6:   bridge window [mem 0xe6000000-0xe60fffff 64bit pref]
Nov 10 22:02:08 ubuntu kernel: pci 0000:00:17.7: PCI bridge to [bus 1a]
Nov 10 22:02:08 ubuntu kernel: pci 0000:00:17.7:   bridge window [mem 0xfb600000-0xfb6fffff]
Nov 10 22:02:08 ubuntu kernel: pci 0000:00:17.7:   bridge window [mem 0xe5c00000-0xe5cfffff 64bit pref]
Nov 10 22:02:08 ubuntu kernel: pci 0000:00:18.0: PCI bridge to [bus 1b]
Nov 10 22:02:08 ubuntu kernel: pci 0000:00:18.0:   bridge window [io  0x7000-0x7fff]
Nov 10 22:02:08 ubuntu kernel: pci 0000:00:18.0:   bridge window [mem 0xfd100000-0xfd1fffff]
Nov 10 22:02:08 ubuntu kernel: pci 0000:00:18.0:   bridge window [mem 0xe7700000-0xe77fffff 64bit pref]
Nov 10 22:02:08 ubuntu kernel: pci 0000:00:18.1: PCI bridge to [bus 1c]
Nov 10 22:02:08 ubuntu kernel: pci 0000:00:18.1:   bridge window [io  0xb000-0xbfff]
Nov 10 22:02:08 ubuntu kernel: pci 0000:00:18.1:   bridge window [mem 0xfcd00000-0xfcdfffff]
Nov 10 22:02:08 ubuntu kernel: pci 0000:00:18.1:   bridge window [mem 0xe7300000-0xe73fffff 64bit pref]
Nov 10 22:02:08 ubuntu kernel: pci 0000:00:18.2: PCI bridge to [bus 1d]
Nov 10 22:02:08 ubuntu kernel: pci 0000:00:18.2:   bridge window [mem 0xfc900000-0xfc9fffff]
Nov 10 22:02:08 ubuntu kernel: pci 0000:00:18.2:   bridge window [mem 0xe6f00000-0xe6ffffff 64bit pref]
Nov 10 22:02:08 ubuntu kernel: pci 0000:00:18.3: PCI bridge to [bus 1e]
Nov 10 22:02:08 ubuntu kernel: pci 0000:00:18.3:   bridge window [mem 0xfc500000-0xfc5fffff]
Nov 10 22:02:08 ubuntu kernel: pci 0000:00:18.3:   bridge window [mem 0xe6b00000-0xe6bfffff 64bit pref]
Nov 10 22:02:08 ubuntu kernel: pci 0000:00:18.4: PCI bridge to [bus 1f]
Nov 10 22:02:08 ubuntu kernel: pci 0000:00:18.4:   bridge window [mem 0xfc100000-0xfc1fffff]
Nov 10 22:02:08 ubuntu kernel: pci 0000:00:18.4:   bridge window [mem 0xe6700000-0xe67fffff 64bit pref]
Nov 10 22:02:08 ubuntu kernel: pci 0000:00:18.5: PCI bridge to [bus 20]
Nov 10 22:02:08 ubuntu kernel: pci 0000:00:18.5:   bridge window [mem 0xfbd00000-0xfbdfffff]
Nov 10 22:02:08 ubuntu kernel: pci 0000:00:18.5:   bridge window [mem 0xe6300000-0xe63fffff 64bit pref]
Nov 10 22:02:08 ubuntu kernel: pci 0000:00:18.6: PCI bridge to [bus 21]
Nov 10 22:02:08 ubuntu kernel: pci 0000:00:18.6:   bridge window [mem 0xfb900000-0xfb9fffff]
Nov 10 22:02:08 ubuntu kernel: pci 0000:00:18.6:   bridge window [mem 0xe5f00000-0xe5ffffff 64bit pref]
Nov 10 22:02:08 ubuntu kernel: pci 0000:00:18.7: PCI bridge to [bus 22]
Nov 10 22:02:08 ubuntu kernel: pci 0000:00:18.7:   bridge window [mem 0xfb500000-0xfb5fffff]
Nov 10 22:02:08 ubuntu kernel: pci 0000:00:18.7:   bridge window [mem 0xe5b00000-0xe5bfffff 64bit pref]
Nov 10 22:02:08 ubuntu kernel: pci_bus 0000:00: resource 4 [mem 0x000a0000-0x000bffff window]
Nov 10 22:02:08 ubuntu kernel: pci_bus 0000:00: resource 5 [mem 0x000d0000-0x000dbfff window]
Nov 10 22:02:08 ubuntu kernel: pci_bus 0000:00: resource 6 [mem 0xc0000000-0xfebfffff window]
Nov 10 22:02:08 ubuntu kernel: pci_bus 0000:00: resource 7 [io  0x0000-0x0cf7 window]
Nov 10 22:02:08 ubuntu kernel: pci_bus 0000:00: resource 8 [io  0x0d00-0xfeff window]
Nov 10 22:02:08 ubuntu kernel: pci_bus 0000:02: resource 0 [io  0x2000-0x3fff]
Nov 10 22:02:08 ubuntu kernel: pci_bus 0000:02: resource 1 [mem 0xfd500000-0xfdffffff]
Nov 10 22:02:08 ubuntu kernel: pci_bus 0000:02: resource 2 [mem 0xe7b00000-0xe7ffffff 64bit pref]
Nov 10 22:02:08 ubuntu kernel: pci_bus 0000:02: resource 4 [mem 0x000a0000-0x000bffff window]
Nov 10 22:02:08 ubuntu kernel: pci_bus 0000:02: resource 5 [mem 0x000d0000-0x000dbfff window]
Nov 10 22:02:08 ubuntu kernel: pci_bus 0000:02: resource 6 [mem 0xc0000000-0xfebfffff window]
Nov 10 22:02:08 ubuntu kernel: pci_bus 0000:02: resource 7 [io  0x0000-0x0cf7 window]
Nov 10 22:02:08 ubuntu kernel: pci_bus 0000:02: resource 8 [io  0x0d00-0xfeff window]
Nov 10 22:02:08 ubuntu kernel: pci_bus 0000:03: resource 0 [io  0x4000-0x4fff]
Nov 10 22:02:08 ubuntu kernel: pci_bus 0000:03: resource 1 [mem 0xfd400000-0xfd4fffff]
Nov 10 22:02:08 ubuntu kernel: pci_bus 0000:03: resource 2 [mem 0xe7a00000-0xe7afffff 64bit pref]
Nov 10 22:02:08 ubuntu kernel: pci_bus 0000:04: resource 0 [io  0x8000-0x8fff]
Nov 10 22:02:08 ubuntu kernel: pci_bus 0000:04: resource 1 [mem 0xfd000000-0xfd0fffff]
Nov 10 22:02:08 ubuntu kernel: pci_bus 0000:04: resource 2 [mem 0xe7600000-0xe76fffff 64bit pref]
Nov 10 22:02:08 ubuntu kernel: pci_bus 0000:05: resource 0 [io  0xc000-0xcfff]
Nov 10 22:02:08 ubuntu kernel: pci_bus 0000:05: resource 1 [mem 0xfcc00000-0xfccfffff]
Nov 10 22:02:08 ubuntu kernel: pci_bus 0000:05: resource 2 [mem 0xe7200000-0xe72fffff 64bit pref]
Nov 10 22:02:08 ubuntu kernel: pci_bus 0000:06: resource 1 [mem 0xfc800000-0xfc8fffff]
Nov 10 22:02:08 ubuntu kernel: pci_bus 0000:06: resource 2 [mem 0xe6e00000-0xe6efffff 64bit pref]
Nov 10 22:02:08 ubuntu kernel: pci_bus 0000:07: resource 1 [mem 0xfc400000-0xfc4fffff]
Nov 10 22:02:08 ubuntu kernel: pci_bus 0000:07: resource 2 [mem 0xe6a00000-0xe6afffff 64bit pref]
Nov 10 22:02:08 ubuntu kernel: pci_bus 0000:08: resource 1 [mem 0xfc000000-0xfc0fffff]
Nov 10 22:02:08 ubuntu kernel: pci_bus 0000:08: resource 2 [mem 0xe6600000-0xe66fffff 64bit pref]
Nov 10 22:02:08 ubuntu kernel: pci_bus 0000:09: resource 1 [mem 0xfbc00000-0xfbcfffff]
Nov 10 22:02:08 ubuntu kernel: pci_bus 0000:09: resource 2 [mem 0xe6200000-0xe62fffff 64bit pref]
Nov 10 22:02:08 ubuntu kernel: pci_bus 0000:0a: resource 1 [mem 0xfb800000-0xfb8fffff]
Nov 10 22:02:08 ubuntu kernel: pci_bus 0000:0a: resource 2 [mem 0xe5e00000-0xe5efffff 64bit pref]
Nov 10 22:02:08 ubuntu kernel: pci_bus 0000:0b: resource 0 [io  0x5000-0x5fff]
Nov 10 22:02:08 ubuntu kernel: pci_bus 0000:0b: resource 1 [mem 0xfd300000-0xfd3fffff]
Nov 10 22:02:08 ubuntu kernel: pci_bus 0000:0b: resource 2 [mem 0xe7900000-0xe79fffff 64bit pref]
Nov 10 22:02:08 ubuntu kernel: pci_bus 0000:0c: resource 0 [io  0x9000-0x9fff]
Nov 10 22:02:08 ubuntu kernel: pci_bus 0000:0c: resource 1 [mem 0xfcf00000-0xfcffffff]
Nov 10 22:02:08 ubuntu kernel: pci_bus 0000:0c: resource 2 [mem 0xe7500000-0xe75fffff 64bit pref]
Nov 10 22:02:08 ubuntu kernel: pci_bus 0000:0d: resource 0 [io  0xd000-0xdfff]
Nov 10 22:02:08 ubuntu kernel: pci_bus 0000:0d: resource 1 [mem 0xfcb00000-0xfcbfffff]
Nov 10 22:02:08 ubuntu kernel: pci_bus 0000:0d: resource 2 [mem 0xe7100000-0xe71fffff 64bit pref]
Nov 10 22:02:08 ubuntu kernel: pci_bus 0000:0e: resource 1 [mem 0xfc700000-0xfc7fffff]
Nov 10 22:02:08 ubuntu kernel: pci_bus 0000:0e: resource 2 [mem 0xe6d00000-0xe6dfffff 64bit pref]
Nov 10 22:02:08 ubuntu kernel: pci_bus 0000:0f: resource 1 [mem 0xfc300000-0xfc3fffff]
Nov 10 22:02:08 ubuntu kernel: pci_bus 0000:0f: resource 2 [mem 0xe6900000-0xe69fffff 64bit pref]
Nov 10 22:02:08 ubuntu kernel: pci_bus 0000:10: resource 1 [mem 0xfbf00000-0xfbffffff]
Nov 10 22:02:08 ubuntu kernel: pci_bus 0000:10: resource 2 [mem 0xe6500000-0xe65fffff 64bit pref]
Nov 10 22:02:08 ubuntu kernel: pci_bus 0000:11: resource 1 [mem 0xfbb00000-0xfbbfffff]
Nov 10 22:02:08 ubuntu kernel: pci_bus 0000:11: resource 2 [mem 0xe6100000-0xe61fffff 64bit pref]
Nov 10 22:02:08 ubuntu kernel: pci_bus 0000:12: resource 1 [mem 0xfb700000-0xfb7fffff]
Nov 10 22:02:08 ubuntu kernel: pci_bus 0000:12: resource 2 [mem 0xe5d00000-0xe5dfffff 64bit pref]
Nov 10 22:02:08 ubuntu kernel: pci_bus 0000:13: resource 0 [io  0x6000-0x6fff]
Nov 10 22:02:08 ubuntu kernel: pci_bus 0000:13: resource 1 [mem 0xfd200000-0xfd2fffff]
Nov 10 22:02:08 ubuntu kernel: pci_bus 0000:13: resource 2 [mem 0xe7800000-0xe78fffff 64bit pref]
Nov 10 22:02:08 ubuntu kernel: pci_bus 0000:14: resource 0 [io  0xa000-0xafff]
Nov 10 22:02:08 ubuntu kernel: pci_bus 0000:14: resource 1 [mem 0xfce00000-0xfcefffff]
Nov 10 22:02:08 ubuntu kernel: pci_bus 0000:14: resource 2 [mem 0xe7400000-0xe74fffff 64bit pref]
Nov 10 22:02:08 ubuntu kernel: pci_bus 0000:15: resource 0 [io  0xe000-0xefff]
Nov 10 22:02:08 ubuntu kernel: pci_bus 0000:15: resource 1 [mem 0xfca00000-0xfcafffff]
Nov 10 22:02:08 ubuntu kernel: pci_bus 0000:15: resource 2 [mem 0xe7000000-0xe70fffff 64bit pref]
Nov 10 22:02:08 ubuntu kernel: pci_bus 0000:16: resource 1 [mem 0xfc600000-0xfc6fffff]
Nov 10 22:02:08 ubuntu kernel: pci_bus 0000:16: resource 2 [mem 0xe6c00000-0xe6cfffff 64bit pref]
Nov 10 22:02:08 ubuntu kernel: pci_bus 0000:17: resource 1 [mem 0xfc200000-0xfc2fffff]
Nov 10 22:02:08 ubuntu kernel: pci_bus 0000:17: resource 2 [mem 0xe6800000-0xe68fffff 64bit pref]
Nov 10 22:02:08 ubuntu kernel: pci_bus 0000:18: resource 1 [mem 0xfbe00000-0xfbefffff]
Nov 10 22:02:08 ubuntu kernel: pci_bus 0000:18: resource 2 [mem 0xe6400000-0xe64fffff 64bit pref]
Nov 10 22:02:08 ubuntu kernel: pci_bus 0000:19: resource 1 [mem 0xfba00000-0xfbafffff]
Nov 10 22:02:08 ubuntu kernel: pci_bus 0000:19: resource 2 [mem 0xe6000000-0xe60fffff 64bit pref]
Nov 10 22:02:08 ubuntu kernel: pci_bus 0000:1a: resource 1 [mem 0xfb600000-0xfb6fffff]
Nov 10 22:02:08 ubuntu kernel: pci_bus 0000:1a: resource 2 [mem 0xe5c00000-0xe5cfffff 64bit pref]
Nov 10 22:02:08 ubuntu kernel: pci_bus 0000:1b: resource 0 [io  0x7000-0x7fff]
Nov 10 22:02:08 ubuntu kernel: pci_bus 0000:1b: resource 1 [mem 0xfd100000-0xfd1fffff]
Nov 10 22:02:08 ubuntu kernel: pci_bus 0000:1b: resource 2 [mem 0xe7700000-0xe77fffff 64bit pref]
Nov 10 22:02:08 ubuntu kernel: pci_bus 0000:1c: resource 0 [io  0xb000-0xbfff]
Nov 10 22:02:08 ubuntu kernel: pci_bus 0000:1c: resource 1 [mem 0xfcd00000-0xfcdfffff]
Nov 10 22:02:08 ubuntu kernel: pci_bus 0000:1c: resource 2 [mem 0xe7300000-0xe73fffff 64bit pref]
Nov 10 22:02:08 ubuntu kernel: pci_bus 0000:1d: resource 1 [mem 0xfc900000-0xfc9fffff]
Nov 10 22:02:08 ubuntu kernel: pci_bus 0000:1d: resource 2 [mem 0xe6f00000-0xe6ffffff 64bit pref]
Nov 10 22:02:08 ubuntu kernel: pci_bus 0000:1e: resource 1 [mem 0xfc500000-0xfc5fffff]
Nov 10 22:02:08 ubuntu kernel: pci_bus 0000:1e: resource 2 [mem 0xe6b00000-0xe6bfffff 64bit pref]
Nov 10 22:02:08 ubuntu kernel: pci_bus 0000:1f: resource 1 [mem 0xfc100000-0xfc1fffff]
Nov 10 22:02:08 ubuntu kernel: pci_bus 0000:1f: resource 2 [mem 0xe6700000-0xe67fffff 64bit pref]
Nov 10 22:02:08 ubuntu kernel: pci_bus 0000:20: resource 1 [mem 0xfbd00000-0xfbdfffff]
Nov 10 22:02:08 ubuntu kernel: pci_bus 0000:20: resource 2 [mem 0xe6300000-0xe63fffff 64bit pref]
Nov 10 22:02:08 ubuntu kernel: pci_bus 0000:21: resource 1 [mem 0xfb900000-0xfb9fffff]
Nov 10 22:02:08 ubuntu kernel: pci_bus 0000:21: resource 2 [mem 0xe5f00000-0xe5ffffff 64bit pref]
Nov 10 22:02:08 ubuntu kernel: pci_bus 0000:22: resource 1 [mem 0xfb500000-0xfb5fffff]
Nov 10 22:02:08 ubuntu kernel: pci_bus 0000:22: resource 2 [mem 0xe5b00000-0xe5bfffff 64bit pref]
Nov 10 22:02:08 ubuntu kernel: pci 0000:00:00.0: Limiting direct PCI/PCI transfers
Nov 10 22:02:08 ubuntu kernel: pci 0000:02:01.0: CLS mismatch (32 != 64), using 64 bytes
Nov 10 22:02:08 ubuntu kernel: PCI-DMA: Using software bounce buffering for IO (SWIOTLB)
Nov 10 22:02:08 ubuntu kernel: software IO TLB: mapped [mem 0x00000000bbed0000-0x00000000bfed0000] (64MB)
Nov 10 22:02:08 ubuntu kernel: Trying to unpack rootfs image as initramfs...
Nov 10 22:02:08 ubuntu kernel: clocksource: tsc: mask: 0xffffffffffffffff max_cycles: 0x2a11290c0c8, max_idle_ns: 440795344938 ns
Nov 10 22:02:08 ubuntu kernel: clocksource: Switched to clocksource tsc
Nov 10 22:02:08 ubuntu kernel: Initialise system trusted keyrings
Nov 10 22:02:08 ubuntu kernel: Key type blacklist registered
Nov 10 22:02:08 ubuntu kernel: workingset: timestamp_bits=36 max_order=20 bucket_order=0
Nov 10 22:02:08 ubuntu kernel: zbud: loaded
Nov 10 22:02:08 ubuntu kernel: squashfs: version 4.0 (2009/01/31) Phillip Lougher
Nov 10 22:02:08 ubuntu kernel: fuse: init (API version 7.42)
Nov 10 22:02:08 ubuntu kernel: integrity: Platform Keyring initialized
Nov 10 22:02:08 ubuntu kernel: integrity: Machine keyring initialized
Nov 10 22:02:08 ubuntu kernel: Key type asymmetric registered
Nov 10 22:02:08 ubuntu kernel: Asymmetric key parser 'x509' registered
Nov 10 22:02:08 ubuntu kernel: Block layer SCSI generic (bsg) driver version 0.4 loaded (major 243)
Nov 10 22:02:08 ubuntu kernel: io scheduler mq-deadline registered
Nov 10 22:02:08 ubuntu kernel: ledtrig-cpu: registered to indicate activity on CPUs
Nov 10 22:02:08 ubuntu kernel: pcieport 0000:00:15.0: PME: Signaling with IRQ 24
Nov 10 22:02:08 ubuntu kernel: pcieport 0000:00:15.0: pciehp: Slot #160 AttnBtn+ PwrCtrl+ MRL- AttnInd- PwrInd- HotPlug+ Surprise- Interlock- NoCompl+ IbPresDis- LLActRep+
Nov 10 22:02:08 ubuntu kernel: pcieport 0000:00:15.1: PME: Signaling with IRQ 25
Nov 10 22:02:08 ubuntu kernel: pcieport 0000:00:15.1: pciehp: Slot #161 AttnBtn+ PwrCtrl+ MRL- AttnInd- PwrInd- HotPlug+ Surprise- Interlock- NoCompl+ IbPresDis- LLActRep+
Nov 10 22:02:08 ubuntu kernel: pcieport 0000:00:15.2: PME: Signaling with IRQ 26
Nov 10 22:02:08 ubuntu kernel: pcieport 0000:00:15.2: pciehp: Slot #162 AttnBtn+ PwrCtrl+ MRL- AttnInd- PwrInd- HotPlug+ Surprise- Interlock- NoCompl+ IbPresDis- LLActRep+
Nov 10 22:02:08 ubuntu kernel: pcieport 0000:00:15.3: PME: Signaling with IRQ 27
Nov 10 22:02:08 ubuntu kernel: pcieport 0000:00:15.3: pciehp: Slot #163 AttnBtn+ PwrCtrl+ MRL- AttnInd- PwrInd- HotPlug+ Surprise- Interlock- NoCompl+ IbPresDis- LLActRep+
Nov 10 22:02:08 ubuntu kernel: pcieport 0000:00:15.4: PME: Signaling with IRQ 28
Nov 10 22:02:08 ubuntu kernel: pcieport 0000:00:15.4: pciehp: Slot #164 AttnBtn+ PwrCtrl+ MRL- AttnInd- PwrInd- HotPlug+ Surprise- Interlock- NoCompl+ IbPresDis- LLActRep+
Nov 10 22:02:08 ubuntu kernel: pcieport 0000:00:15.5: PME: Signaling with IRQ 29
Nov 10 22:02:08 ubuntu kernel: pcieport 0000:00:15.5: pciehp: Slot #165 AttnBtn+ PwrCtrl+ MRL- AttnInd- PwrInd- HotPlug+ Surprise- Interlock- NoCompl+ IbPresDis- LLActRep+
Nov 10 22:02:08 ubuntu kernel: pcieport 0000:00:15.6: PME: Signaling with IRQ 30
Nov 10 22:02:08 ubuntu kernel: pcieport 0000:00:15.6: pciehp: Slot #166 AttnBtn+ PwrCtrl+ MRL- AttnInd- PwrInd- HotPlug+ Surprise- Interlock- NoCompl+ IbPresDis- LLActRep+
Nov 10 22:02:08 ubuntu kernel: pcieport 0000:00:15.7: PME: Signaling with IRQ 31
Nov 10 22:02:08 ubuntu kernel: pcieport 0000:00:15.7: pciehp: Slot #167 AttnBtn+ PwrCtrl+ MRL- AttnInd- PwrInd- HotPlug+ Surprise- Interlock- NoCompl+ IbPresDis- LLActRep+
Nov 10 22:02:08 ubuntu kernel: pcieport 0000:00:16.0: PME: Signaling with IRQ 32
Nov 10 22:02:08 ubuntu kernel: pcieport 0000:00:16.0: pciehp: Slot #192 AttnBtn+ PwrCtrl+ MRL- AttnInd- PwrInd- HotPlug+ Surprise- Interlock- NoCompl+ IbPresDis- LLActRep+
Nov 10 22:02:08 ubuntu kernel: pcieport 0000:00:16.1: PME: Signaling with IRQ 33
Nov 10 22:02:08 ubuntu kernel: pcieport 0000:00:16.1: pciehp: Slot #193 AttnBtn+ PwrCtrl+ MRL- AttnInd- PwrInd- HotPlug+ Surprise- Interlock- NoCompl+ IbPresDis- LLActRep+
Nov 10 22:02:08 ubuntu kernel: pcieport 0000:00:16.2: PME: Signaling with IRQ 34
Nov 10 22:02:08 ubuntu kernel: pcieport 0000:00:16.2: pciehp: Slot #194 AttnBtn+ PwrCtrl+ MRL- AttnInd- PwrInd- HotPlug+ Surprise- Interlock- NoCompl+ IbPresDis- LLActRep+
Nov 10 22:02:08 ubuntu kernel: pcieport 0000:00:16.3: PME: Signaling with IRQ 35
Nov 10 22:02:08 ubuntu kernel: pcieport 0000:00:16.3: pciehp: Slot #195 AttnBtn+ PwrCtrl+ MRL- AttnInd- PwrInd- HotPlug+ Surprise- Interlock- NoCompl+ IbPresDis- LLActRep+
Nov 10 22:02:08 ubuntu kernel: pcieport 0000:00:16.4: PME: Signaling with IRQ 36
Nov 10 22:02:08 ubuntu kernel: pcieport 0000:00:16.4: pciehp: Slot #196 AttnBtn+ PwrCtrl+ MRL- AttnInd- PwrInd- HotPlug+ Surprise- Interlock- NoCompl+ IbPresDis- LLActRep+
Nov 10 22:02:08 ubuntu kernel: pcieport 0000:00:16.5: PME: Signaling with IRQ 37
Nov 10 22:02:08 ubuntu kernel: pcieport 0000:00:16.5: pciehp: Slot #197 AttnBtn+ PwrCtrl+ MRL- AttnInd- PwrInd- HotPlug+ Surprise- Interlock- NoCompl+ IbPresDis- LLActRep+
Nov 10 22:02:08 ubuntu kernel: pcieport 0000:00:16.6: PME: Signaling with IRQ 38
Nov 10 22:02:08 ubuntu kernel: pcieport 0000:00:16.6: pciehp: Slot #198 AttnBtn+ PwrCtrl+ MRL- AttnInd- PwrInd- HotPlug+ Surprise- Interlock- NoCompl+ IbPresDis- LLActRep+
Nov 10 22:02:08 ubuntu kernel: pcieport 0000:00:16.7: PME: Signaling with IRQ 39
Nov 10 22:02:08 ubuntu kernel: pcieport 0000:00:16.7: pciehp: Slot #199 AttnBtn+ PwrCtrl+ MRL- AttnInd- PwrInd- HotPlug+ Surprise- Interlock- NoCompl+ IbPresDis- LLActRep+
Nov 10 22:02:08 ubuntu kernel: pcieport 0000:00:17.0: PME: Signaling with IRQ 40
