[    0.000000] kernel: Linux version 6.14.0-35-generic (buildd@lcy02-amd64-078) (x86_64-linux-gnu-gcc-13 (Ubuntu 13.3.0-6ubuntu2~24.04) 13.3.0, GNU ld (GNU Binutils for Ubuntu) 2.42) #35~24.04.1-Ubuntu SMP PREEMPT_DYNAMIC Tue Oct 14 13:55:17 UTC 2 (Ubuntu 6.14.0-35.35~24.04.1-generic 6.14.11)
[    0.000000] kernel: Command line: BOOT_IMAGE=/boot/vmlinuz-6.14.0-35-generic root=UUID=d55d10f7-3be2-4fae-9f74-6ddb42a6afa5 ro quiet splash
[    0.000000] kernel: KERNEL supported cpus:
[    0.000000] kernel:   Intel GenuineIntel
[    0.000000] kernel:   AMD AuthenticAMD
[    0.000000] kernel:   Hygon HygonGenuine
[    0.000000] kernel:   Centaur CentaurHauls
[    0.000000] kernel:   zhaoxin   Shanghai  
[    0.000000] kernel: BIOS-provided physical RAM map:
[    0.000000] kernel: BIOS-e820: [mem 0x0000000000000000-0x000000000009e7ff] usable
[    0.000000] kernel: BIOS-e820: [mem 0x000000000009e800-0x000000000009ffff] reserved
[    0.000000] kernel: BIOS-e820: [mem 0x00000000000dc000-0x00000000000fffff] reserved
[    0.000000] kernel: BIOS-e820: [mem 0x0000000000100000-0x00000000bfecffff] usable
[    0.000000] kernel: BIOS-e820: [mem 0x00000000bfed0000-0x00000000bfefefff] ACPI data
[    0.000000] kernel: BIOS-e820: [mem 0x00000000bfeff000-0x00000000bfefffff] ACPI NVS
[    0.000000] kernel: BIOS-e820: [mem 0x00000000bff00000-0x00000000bfffffff] usable
[    0.000000] kernel: BIOS-e820: [mem 0x00000000f0000000-0x00000000f7ffffff] reserved
[    0.000000] kernel: BIOS-e820: [mem 0x00000000fec00000-0x00000000fec0ffff] reserved
[    0.000000] kernel: BIOS-e820: [mem 0x00000000fee00000-0x00000000fee00fff] reserved
[    0.000000] kernel: BIOS-e820: [mem 0x00000000fffe0000-0x00000000ffffffff] reserved
[    0.000000] kernel: BIOS-e820: [mem 0x0000000100000000-0x000000013fffffff] usable
[    0.000000] kernel: NX (Execute Disable) protection: active
[    0.000000] kernel: APIC: Static calls initialized
[    0.000000] kernel: SMBIOS 2.7 present.
[    0.000000] kernel: DMI: VMware, Inc. VMware Virtual Platform/440BX Desktop Reference Platform, BIOS 6.00 11/12/2020
[    0.000000] kernel: DMI: Memory slots populated: 1/128
[    0.000000] kernel: vmware: hypercall mode: 0x02
[    0.000000] kernel: Hypervisor detected: VMware
[    0.000000] kernel: vmware: TSC freq read from hypervisor : 2918.399 MHz
[    0.000000] kernel: vmware: Host bus clock speed read from hypervisor : 66000000 Hz
[    0.000000] kernel: vmware: using clock offset of 6078377003 ns
[    0.000012] kernel: tsc: Detected 2918.399 MHz processor
[    0.001359] kernel: e820: update [mem 0x00000000-0x00000fff] usable ==> reserved
[    0.001362] kernel: e820: remove [mem 0x000a0000-0x000fffff] usable
[    0.001367] kernel: last_pfn = 0x140000 max_arch_pfn = 0x400000000
[    0.001386] kernel: total RAM covered: 130048M
[    0.001470] kernel: Found optimal setting for mtrr clean up
[    0.001471] kernel:  gran_size: 64K         chunk_size: 64K         num_reg: 7          lose cover RAM: 0G
[    0.001474] kernel: MTRR map: 7 entries (5 fixed + 2 variable; max 21), built from 8 variable MTRRs
[    0.001476] kernel: x86/PAT: Configuration [0-7]: WB  WC  UC- UC  WB  WP  UC- WT  
[    0.001506] kernel: e820: update [mem 0xc0000000-0xffffffff] usable ==> reserved
[    0.001509] kernel: last_pfn = 0xc0000 max_arch_pfn = 0x400000000
[    0.007351] kernel: found SMP MP-table at [mem 0x000f6a70-0x000f6a7f]
[    0.007365] kernel: Using GB pages for direct mapping
[    0.007600] kernel: RAMDISK: [mem 0x2f529000-0x33a8bfff]
[    0.007895] kernel: ACPI: Early table checksum verification disabled
[    0.007900] kernel: ACPI: RSDP 0x00000000000F6A00 000024 (v02 PTLTD )
[    0.007904] kernel: ACPI: XSDT 0x00000000BFEDC633 00005C (v01 INTEL  440BX    06040000 VMW  01324272)
[    0.007910] kernel: ACPI: FACP 0x00000000BFEFEE73 0000F4 (v04 INTEL  440BX    06040000 PTL  000F4240)
[    0.007915] kernel: ACPI: DSDT 0x00000000BFEDD9E8 02148B (v01 PTLTD  Custom   06040000 MSFT 03000001)
[    0.007945] kernel: ACPI: FACS 0x00000000BFEFFFC0 000040
[    0.007947] kernel: ACPI: FACS 0x00000000BFEFFFC0 000040
[    0.007950] kernel: ACPI: BOOT 0x00000000BFEDD9C0 000028 (v01 PTLTD  $SBFTBL$ 06040000  LTP 00000001)
[    0.007952] kernel: ACPI: APIC 0x00000000BFEDD27E 000742 (v01 PTLTD  ? APIC   06040000  LTP 00000000)
[    0.007955] kernel: ACPI: MCFG 0x00000000BFEDD242 00003C (v01 PTLTD  $PCITBL$ 06040000  LTP 00000001)
[    0.007958] kernel: ACPI: SRAT 0x00000000BFEDC72F 0008D0 (v02 VMWARE MEMPLUG  06040000 VMW  00000001)
[    0.007960] kernel: ACPI: HPET 0x00000000BFEDC6F7 000038 (v01 VMWARE VMW HPET 06040000 VMW  00000001)
[    0.007963] kernel: ACPI: WAET 0x00000000BFEDC6CF 000028 (v01 VMWARE VMW WAET 06040000 VMW  00000001)
[    0.007964] kernel: ACPI: Reserving FACP table memory at [mem 0xbfefee73-0xbfefef66]
[    0.007966] kernel: ACPI: Reserving DSDT table memory at [mem 0xbfedd9e8-0xbfefee72]
[    0.007966] kernel: ACPI: Reserving FACS table memory at [mem 0xbfefffc0-0xbfefffff]
[    0.007967] kernel: ACPI: Reserving FACS table memory at [mem 0xbfefffc0-0xbfefffff]
[    0.007967] kernel: ACPI: Reserving BOOT table memory at [mem 0xbfedd9c0-0xbfedd9e7]
[    0.007968] kernel: ACPI: Reserving APIC table memory at [mem 0xbfedd27e-0xbfedd9bf]
[    0.007968] kernel: ACPI: Reserving MCFG table memory at [mem 0xbfedd242-0xbfedd27d]
[    0.007968] kernel: ACPI: Reserving SRAT table memory at [mem 0xbfedc72f-0xbfedcffe]
[    0.007969] kernel: ACPI: Reserving HPET table memory at [mem 0xbfedc6f7-0xbfedc72e]
[    0.007969] kernel: ACPI: Reserving WAET table memory at [mem 0xbfedc6cf-0xbfedc6f6]
[    0.008051] kernel: ACPI: SRAT: Node 0 PXM 0 [mem 0x00000000-0x0009ffff]
[    0.008052] kernel: ACPI: SRAT: Node 0 PXM 0 [mem 0x00100000-0xbfffffff]
[    0.008053] kernel: ACPI: SRAT: Node 0 PXM 0 [mem 0x100000000-0x13fffffff]
[    0.008054] kernel: ACPI: SRAT: Node 0 PXM 0 [mem 0x140000000-0x103fffffff] hotplug
[    0.008056] kernel: NUMA: Node 0 [mem 0x00001000-0x0009ffff] + [mem 0x00100000-0xbfffffff] -> [mem 0x00001000-0xbfffffff]
[    0.008058] kernel: NUMA: Node 0 [mem 0x00001000-0xbfffffff] + [mem 0x100000000-0x13fffffff] -> [mem 0x00001000-0x13fffffff]
[    0.008063] kernel: NODE_DATA(0) allocated [mem 0x13ffd3540-0x13fffdfff]
[    0.008791] kernel: Zone ranges:
[    0.008792] kernel:   DMA      [mem 0x0000000000001000-0x0000000000ffffff]
[    0.008794] kernel:   DMA32    [mem 0x0000000001000000-0x00000000ffffffff]
[    0.008795] kernel:   Normal   [mem 0x0000000100000000-0x000000013fffffff]
[    0.008796] kernel:   Device   empty
[    0.008796] kernel: Movable zone start for each node
[    0.008797] kernel: Early memory node ranges
[    0.008798] kernel:   node   0: [mem 0x0000000000001000-0x000000000009dfff]
[    0.008799] kernel:   node   0: [mem 0x0000000000100000-0x00000000bfecffff]
[    0.008800] kernel:   node   0: [mem 0x00000000bff00000-0x00000000bfffffff]
[    0.008800] kernel:   node   0: [mem 0x0000000100000000-0x000000013fffffff]
[    0.008801] kernel: Initmem setup node 0 [mem 0x0000000000001000-0x000000013fffffff]
[    0.008847] kernel: On node 0, zone DMA: 1 pages in unavailable ranges
[    0.009350] kernel: On node 0, zone DMA: 98 pages in unavailable ranges
[    0.098253] kernel: On node 0, zone DMA32: 48 pages in unavailable ranges
[    0.135421] kernel: ACPI: PM-Timer IO Port: 0x1008
[    0.135468] kernel: ACPI: LAPIC_NMI (acpi_id[0x00] high edge lint[0x1])
[    0.135471] kernel: ACPI: LAPIC_NMI (acpi_id[0x01] high edge lint[0x1])
[    0.135471] kernel: ACPI: LAPIC_NMI (acpi_id[0x02] high edge lint[0x1])
[    0.135472] kernel: ACPI: LAPIC_NMI (acpi_id[0x03] high edge lint[0x1])
[    0.135472] kernel: ACPI: LAPIC_NMI (acpi_id[0x04] high edge lint[0x1])
[    0.135472] kernel: ACPI: LAPIC_NMI (acpi_id[0x05] high edge lint[0x1])
[    0.135473] kernel: ACPI: LAPIC_NMI (acpi_id[0x06] high edge lint[0x1])
[    0.135473] kernel: ACPI: LAPIC_NMI (acpi_id[0x07] high edge lint[0x1])
[    0.135474] kernel: ACPI: LAPIC_NMI (acpi_id[0x08] high edge lint[0x1])
[    0.135474] kernel: ACPI: LAPIC_NMI (acpi_id[0x09] high edge lint[0x1])
[    0.135474] kernel: ACPI: LAPIC_NMI (acpi_id[0x0a] high edge lint[0x1])
[    0.135475] kernel: ACPI: LAPIC_NMI (acpi_id[0x0b] high edge lint[0x1])
[    0.135475] kernel: ACPI: LAPIC_NMI (acpi_id[0x0c] high edge lint[0x1])
[    0.135476] kernel: ACPI: LAPIC_NMI (acpi_id[0x0d] high edge lint[0x1])
[    0.135476] kernel: ACPI: LAPIC_NMI (acpi_id[0x0e] high edge lint[0x1])
[    0.135476] kernel: ACPI: LAPIC_NMI (acpi_id[0x0f] high edge lint[0x1])
[    0.135477] kernel: ACPI: LAPIC_NMI (acpi_id[0x10] high edge lint[0x1])
[    0.135477] kernel: ACPI: LAPIC_NMI (acpi_id[0x11] high edge lint[0x1])
[    0.135478] kernel: ACPI: LAPIC_NMI (acpi_id[0x12] high edge lint[0x1])
[    0.135478] kernel: ACPI: LAPIC_NMI (acpi_id[0x13] high edge lint[0x1])
[    0.135478] kernel: ACPI: LAPIC_NMI (acpi_id[0x14] high edge lint[0x1])
[    0.135479] kernel: ACPI: LAPIC_NMI (acpi_id[0x15] high edge lint[0x1])
[    0.135479] kernel: ACPI: LAPIC_NMI (acpi_id[0x16] high edge lint[0x1])
[    0.135480] kernel: ACPI: LAPIC_NMI (acpi_id[0x17] high edge lint[0x1])
[    0.135480] kernel: ACPI: LAPIC_NMI (acpi_id[0x18] high edge lint[0x1])
[    0.135480] kernel: ACPI: LAPIC_NMI (acpi_id[0x19] high edge lint[0x1])
[    0.135481] kernel: ACPI: LAPIC_NMI (acpi_id[0x1a] high edge lint[0x1])
[    0.135481] kernel: ACPI: LAPIC_NMI (acpi_id[0x1b] high edge lint[0x1])
[    0.135482] kernel: ACPI: LAPIC_NMI (acpi_id[0x1c] high edge lint[0x1])
[    0.135482] kernel: ACPI: LAPIC_NMI (acpi_id[0x1d] high edge lint[0x1])
[    0.135482] kernel: ACPI: LAPIC_NMI (acpi_id[0x1e] high edge lint[0x1])
[    0.135483] kernel: ACPI: LAPIC_NMI (acpi_id[0x1f] high edge lint[0x1])
[    0.135483] kernel: ACPI: LAPIC_NMI (acpi_id[0x20] high edge lint[0x1])
[    0.135484] kernel: ACPI: LAPIC_NMI (acpi_id[0x21] high edge lint[0x1])
[    0.135484] kernel: ACPI: LAPIC_NMI (acpi_id[0x22] high edge lint[0x1])
[    0.135484] kernel: ACPI: LAPIC_NMI (acpi_id[0x23] high edge lint[0x1])
[    0.135485] kernel: ACPI: LAPIC_NMI (acpi_id[0x24] high edge lint[0x1])
[    0.135485] kernel: ACPI: LAPIC_NMI (acpi_id[0x25] high edge lint[0x1])
[    0.135486] kernel: ACPI: LAPIC_NMI (acpi_id[0x26] high edge lint[0x1])
[    0.135486] kernel: ACPI: LAPIC_NMI (acpi_id[0x27] high edge lint[0x1])
[    0.135486] kernel: ACPI: LAPIC_NMI (acpi_id[0x28] high edge lint[0x1])
[    0.135487] kernel: ACPI: LAPIC_NMI (acpi_id[0x29] high edge lint[0x1])
[    0.135487] kernel: ACPI: LAPIC_NMI (acpi_id[0x2a] high edge lint[0x1])
[    0.135487] kernel: ACPI: LAPIC_NMI (acpi_id[0x2b] high edge lint[0x1])
[    0.135488] kernel: ACPI: LAPIC_NMI (acpi_id[0x2c] high edge lint[0x1])
[    0.135488] kernel: ACPI: LAPIC_NMI (acpi_id[0x2d] high edge lint[0x1])
[    0.135489] kernel: ACPI: LAPIC_NMI (acpi_id[0x2e] high edge lint[0x1])
[    0.135489] kernel: ACPI: LAPIC_NMI (acpi_id[0x2f] high edge lint[0x1])
[    0.135489] kernel: ACPI: LAPIC_NMI (acpi_id[0x30] high edge lint[0x1])
[    0.135490] kernel: ACPI: LAPIC_NMI (acpi_id[0x31] high edge lint[0x1])
[    0.135490] kernel: ACPI: LAPIC_NMI (acpi_id[0x32] high edge lint[0x1])
[    0.135491] kernel: ACPI: LAPIC_NMI (acpi_id[0x33] high edge lint[0x1])
[    0.135491] kernel: ACPI: LAPIC_NMI (acpi_id[0x34] high edge lint[0x1])
[    0.135491] kernel: ACPI: LAPIC_NMI (acpi_id[0x35] high edge lint[0x1])
[    0.135492] kernel: ACPI: LAPIC_NMI (acpi_id[0x36] high edge lint[0x1])
[    0.135492] kernel: ACPI: LAPIC_NMI (acpi_id[0x37] high edge lint[0x1])
[    0.135493] kernel: ACPI: LAPIC_NMI (acpi_id[0x38] high edge lint[0x1])
[    0.135493] kernel: ACPI: LAPIC_NMI (acpi_id[0x39] high edge lint[0x1])
[    0.135493] kernel: ACPI: LAPIC_NMI (acpi_id[0x3a] high edge lint[0x1])
[    0.135494] kernel: ACPI: LAPIC_NMI (acpi_id[0x3b] high edge lint[0x1])
[    0.135494] kernel: ACPI: LAPIC_NMI (acpi_id[0x3c] high edge lint[0x1])
[    0.135495] kernel: ACPI: LAPIC_NMI (acpi_id[0x3d] high edge lint[0x1])
[    0.135495] kernel: ACPI: LAPIC_NMI (acpi_id[0x3e] high edge lint[0x1])
[    0.135495] kernel: ACPI: LAPIC_NMI (acpi_id[0x3f] high edge lint[0x1])
[    0.135496] kernel: ACPI: LAPIC_NMI (acpi_id[0x40] high edge lint[0x1])
[    0.135496] kernel: ACPI: LAPIC_NMI (acpi_id[0x41] high edge lint[0x1])
[    0.135496] kernel: ACPI: LAPIC_NMI (acpi_id[0x42] high edge lint[0x1])
[    0.135497] kernel: ACPI: LAPIC_NMI (acpi_id[0x43] high edge lint[0x1])
[    0.135497] kernel: ACPI: LAPIC_NMI (acpi_id[0x44] high edge lint[0x1])
[    0.135498] kernel: ACPI: LAPIC_NMI (acpi_id[0x45] high edge lint[0x1])
[    0.135498] kernel: ACPI: LAPIC_NMI (acpi_id[0x46] high edge lint[0x1])
[    0.135498] kernel: ACPI: LAPIC_NMI (acpi_id[0x47] high edge lint[0x1])
[    0.135499] kernel: ACPI: LAPIC_NMI (acpi_id[0x48] high edge lint[0x1])
[    0.135499] kernel: ACPI: LAPIC_NMI (acpi_id[0x49] high edge lint[0x1])
[    0.135500] kernel: ACPI: LAPIC_NMI (acpi_id[0x4a] high edge lint[0x1])
[    0.135500] kernel: ACPI: LAPIC_NMI (acpi_id[0x4b] high edge lint[0x1])
[    0.135500] kernel: ACPI: LAPIC_NMI (acpi_id[0x4c] high edge lint[0x1])
[    0.135501] kernel: ACPI: LAPIC_NMI (acpi_id[0x4d] high edge lint[0x1])
[    0.135501] kernel: ACPI: LAPIC_NMI (acpi_id[0x4e] high edge lint[0x1])
[    0.135502] kernel: ACPI: LAPIC_NMI (acpi_id[0x4f] high edge lint[0x1])
[    0.135502] kernel: ACPI: LAPIC_NMI (acpi_id[0x50] high edge lint[0x1])
[    0.135503] kernel: ACPI: LAPIC_NMI (acpi_id[0x51] high edge lint[0x1])
[    0.135503] kernel: ACPI: LAPIC_NMI (acpi_id[0x52] high edge lint[0x1])
[    0.135503] kernel: ACPI: LAPIC_NMI (acpi_id[0x53] high edge lint[0x1])
[    0.135504] kernel: ACPI: LAPIC_NMI (acpi_id[0x54] high edge lint[0x1])
[    0.135504] kernel: ACPI: LAPIC_NMI (acpi_id[0x55] high edge lint[0x1])
[    0.135504] kernel: ACPI: LAPIC_NMI (acpi_id[0x56] high edge lint[0x1])
[    0.135505] kernel: ACPI: LAPIC_NMI (acpi_id[0x57] high edge lint[0x1])
[    0.135505] kernel: ACPI: LAPIC_NMI (acpi_id[0x58] high edge lint[0x1])
[    0.135506] kernel: ACPI: LAPIC_NMI (acpi_id[0x59] high edge lint[0x1])
[    0.135506] kernel: ACPI: LAPIC_NMI (acpi_id[0x5a] high edge lint[0x1])
[    0.135506] kernel: ACPI: LAPIC_NMI (acpi_id[0x5b] high edge lint[0x1])
[    0.135507] kernel: ACPI: LAPIC_NMI (acpi_id[0x5c] high edge lint[0x1])
[    0.135507] kernel: ACPI: LAPIC_NMI (acpi_id[0x5d] high edge lint[0x1])
[    0.135508] kernel: ACPI: LAPIC_NMI (acpi_id[0x5e] high edge lint[0x1])
[    0.135508] kernel: ACPI: LAPIC_NMI (acpi_id[0x5f] high edge lint[0x1])
[    0.135508] kernel: ACPI: LAPIC_NMI (acpi_id[0x60] high edge lint[0x1])
[    0.135509] kernel: ACPI: LAPIC_NMI (acpi_id[0x61] high edge lint[0x1])
[    0.135509] kernel: ACPI: LAPIC_NMI (acpi_id[0x62] high edge lint[0x1])
[    0.135510] kernel: ACPI: LAPIC_NMI (acpi_id[0x63] high edge lint[0x1])
[    0.135510] kernel: ACPI: LAPIC_NMI (acpi_id[0x64] high edge lint[0x1])
[    0.135510] kernel: ACPI: LAPIC_NMI (acpi_id[0x65] high edge lint[0x1])
[    0.135511] kernel: ACPI: LAPIC_NMI (acpi_id[0x66] high edge lint[0x1])
[    0.135511] kernel: ACPI: LAPIC_NMI (acpi_id[0x67] high edge lint[0x1])
[    0.135512] kernel: ACPI: LAPIC_NMI (acpi_id[0x68] high edge lint[0x1])
[    0.135512] kernel: ACPI: LAPIC_NMI (acpi_id[0x69] high edge lint[0x1])
[    0.135512] kernel: ACPI: LAPIC_NMI (acpi_id[0x6a] high edge lint[0x1])
[    0.135513] kernel: ACPI: LAPIC_NMI (acpi_id[0x6b] high edge lint[0x1])
[    0.135513] kernel: ACPI: LAPIC_NMI (acpi_id[0x6c] high edge lint[0x1])
[    0.135514] kernel: ACPI: LAPIC_NMI (acpi_id[0x6d] high edge lint[0x1])
[    0.135514] kernel: ACPI: LAPIC_NMI (acpi_id[0x6e] high edge lint[0x1])
[    0.135514] kernel: ACPI: LAPIC_NMI (acpi_id[0x6f] high edge lint[0x1])
[    0.135515] kernel: ACPI: LAPIC_NMI (acpi_id[0x70] high edge lint[0x1])
[    0.135515] kernel: ACPI: LAPIC_NMI (acpi_id[0x71] high edge lint[0x1])
[    0.135515] kernel: ACPI: LAPIC_NMI (acpi_id[0x72] high edge lint[0x1])
[    0.135516] kernel: ACPI: LAPIC_NMI (acpi_id[0x73] high edge lint[0x1])
[    0.135516] kernel: ACPI: LAPIC_NMI (acpi_id[0x74] high edge lint[0x1])
[    0.135517] kernel: ACPI: LAPIC_NMI (acpi_id[0x75] high edge lint[0x1])
[    0.135517] kernel: ACPI: LAPIC_NMI (acpi_id[0x76] high edge lint[0x1])
[    0.135517] kernel: ACPI: LAPIC_NMI (acpi_id[0x77] high edge lint[0x1])
[    0.135518] kernel: ACPI: LAPIC_NMI (acpi_id[0x78] high edge lint[0x1])
[    0.135518] kernel: ACPI: LAPIC_NMI (acpi_id[0x79] high edge lint[0x1])
[    0.135519] kernel: ACPI: LAPIC_NMI (acpi_id[0x7a] high edge lint[0x1])
[    0.135519] kernel: ACPI: LAPIC_NMI (acpi_id[0x7b] high edge lint[0x1])
[    0.135519] kernel: ACPI: LAPIC_NMI (acpi_id[0x7c] high edge lint[0x1])
[    0.135520] kernel: ACPI: LAPIC_NMI (acpi_id[0x7d] high edge lint[0x1])
[    0.135520] kernel: ACPI: LAPIC_NMI (acpi_id[0x7e] high edge lint[0x1])
[    0.135521] kernel: ACPI: LAPIC_NMI (acpi_id[0x7f] high edge lint[0x1])
[    0.135610] kernel: IOAPIC[0]: apic_id 1, version 32, address 0xfec00000, GSI 0-23
[    0.135614] kernel: ACPI: INT_SRC_OVR (bus 0 bus_irq 0 global_irq 2 high edge)
[    0.135620] kernel: ACPI: Using ACPI (MADT) for SMP configuration information
[    0.135622] kernel: ACPI: HPET id: 0x8086af01 base: 0xfed00000
[    0.135628] kernel: CPU topo: Max. logical packages: 128
[    0.135629] kernel: CPU topo: Max. logical dies:     128
[    0.135630] kernel: CPU topo: Max. dies per package:   1
[    0.135632] kernel: CPU topo: Max. threads per core:   1
[    0.135633] kernel: CPU topo: Num. cores per package:     1
[    0.135633] kernel: CPU topo: Num. threads per package:   1
[    0.135633] kernel: CPU topo: Allowing 4 present CPUs plus 124 hotplug CPUs
[    0.135645] kernel: PM: hibernation: Registered nosave memory: [mem 0x00000000-0x00000fff]
[    0.135646] kernel: PM: hibernation: Registered nosave memory: [mem 0x0009e000-0x000fffff]
[    0.135647] kernel: PM: hibernation: Registered nosave memory: [mem 0xbfed0000-0xbfefffff]
[    0.135648] kernel: PM: hibernation: Registered nosave memory: [mem 0xc0000000-0xffffffff]
[    0.135649] kernel: [mem 0xc0000000-0xefffffff] available for PCI devices
[    0.135651] kernel: Booting paravirtualized kernel on VMware hypervisor
[    0.135652] kernel: clocksource: refined-jiffies: mask: 0xffffffff max_cycles: 0xffffffff, max_idle_ns: 1910969940391419 ns
[    0.135657] kernel: setup_percpu: NR_CPUS:8192 nr_cpumask_bits:128 nr_cpu_ids:128 nr_node_ids:1
[    0.261631] kernel: percpu: Embedded 88 pages/cpu s237568 r8192 d114688 u524288
[    0.261658] kernel: pcpu-alloc: s237568 r8192 d114688 u524288 alloc=1*2097152
[    0.261660] kernel: pcpu-alloc: [0] 000 001 002 003 [0] 004 005 006 007 
[    0.261663] kernel: pcpu-alloc: [0] 008 009 010 011 [0] 012 013 014 015 
[    0.261666] kernel: pcpu-alloc: [0] 016 017 018 019 [0] 020 021 022 023 
[    0.261668] kernel: pcpu-alloc: [0] 024 025 026 027 [0] 028 029 030 031 
[    0.261670] kernel: pcpu-alloc: [0] 032 033 034 035 [0] 036 037 038 039 
[    0.261673] kernel: pcpu-alloc: [0] 040 041 042 043 [0] 044 045 046 047 
[    0.261675] kernel: pcpu-alloc: [0] 048 049 050 051 [0] 052 053 054 055 
[    0.261677] kernel: pcpu-alloc: [0] 056 057 058 059 [0] 060 061 062 063 
[    0.261680] kernel: pcpu-alloc: [0] 064 065 066 067 [0] 068 069 070 071 
[    0.261682] kernel: pcpu-alloc: [0] 072 073 074 075 [0] 076 077 078 079 
[    0.261685] kernel: pcpu-alloc: [0] 080 081 082 083 [0] 084 085 086 087 
[    0.261687] kernel: pcpu-alloc: [0] 088 089 090 091 [0] 092 093 094 095 
[    0.261690] kernel: pcpu-alloc: [0] 096 097 098 099 [0] 100 101 102 103 
[    0.261692] kernel: pcpu-alloc: [0] 104 105 106 107 [0] 108 109 110 111 
[    0.261695] kernel: pcpu-alloc: [0] 112 113 114 115 [0] 116 117 118 119 
[    0.261697] kernel: pcpu-alloc: [0] 120 121 122 123 [0] 124 125 126 127 
[    0.261743] kernel: Kernel command line: BOOT_IMAGE=/boot/vmlinuz-6.14.0-35-generic root=UUID=d55d10f7-3be2-4fae-9f74-6ddb42a6afa5 ro quiet splash
[    0.261789] kernel: Unknown kernel command line parameters "splash BOOT_IMAGE=/boot/vmlinuz-6.14.0-35-generic", will be passed to user space.
[    0.261800] kernel: random: crng init done
[    0.261801] kernel: printk: log_buf_len individual max cpu contribution: 4096 bytes
[    0.261802] kernel: printk: log_buf_len total cpu_extra contributions: 520192 bytes
[    0.261803] kernel: printk: log_buf_len min size: 262144 bytes
[    0.270287] kernel: printk: log buffer data + meta data: 1048576 + 3670016 = 4718592 bytes
[    0.270289] kernel: printk: early log buf free: 244888(93%)
[    0.277728] kernel: Dentry cache hash table entries: 524288 (order: 10, 4194304 bytes, linear)
[    0.281415] kernel: Inode-cache hash table entries: 262144 (order: 9, 2097152 bytes, linear)
[    0.283793] kernel: Fallback order for Node 0: 0 
[    0.283804] kernel: Built 1 zonelists, mobility grouping on.  Total pages: 1048429
[    0.283805] kernel: Policy zone: Normal
[    0.283813] kernel: mem auto-init: stack:all(zero), heap alloc:on, heap free:off
[    0.283819] kernel: software IO TLB: area num 128.
[    0.357885] kernel: SLUB: HWalign=64, Order=0-3, MinObjects=0, CPUs=128, Nodes=1
[    0.359746] kernel: Kernel/User page tables isolation: enabled
[    0.360203] kernel: ftrace: allocating 60406 entries in 236 pages
[    0.388866] kernel: ftrace: allocated 236 pages with 5 groups
[    0.390497] kernel: Dynamic Preempt: voluntary
[    0.392192] kernel: rcu: Preemptible hierarchical RCU implementation.
[    0.392194] kernel: rcu:         RCU restricting CPUs from NR_CPUS=8192 to nr_cpu_ids=128.
[    0.392195] kernel:         Trampoline variant of Tasks RCU enabled.
[    0.392195] kernel:         Rude variant of Tasks RCU enabled.
[    0.392196] kernel:         Tracing variant of Tasks RCU enabled.
[    0.392196] kernel: rcu: RCU calculated value of scheduler-enlistment delay is 100 jiffies.
[    0.392197] kernel: rcu: Adjusting geometry for rcu_fanout_leaf=16, nr_cpu_ids=128
[    0.392487] kernel: RCU Tasks: Setting shift to 7 and lim to 1 rcu_task_cb_adjust=1 rcu_task_cpu_ids=128.
[    0.392493] kernel: RCU Tasks Rude: Setting shift to 7 and lim to 1 rcu_task_cb_adjust=1 rcu_task_cpu_ids=128.
[    0.392499] kernel: RCU Tasks Trace: Setting shift to 7 and lim to 1 rcu_task_cb_adjust=1 rcu_task_cpu_ids=128.
[    0.395902] kernel: NR_IRQS: 524544, nr_irqs: 1448, preallocated irqs: 16
[    0.396483] kernel: rcu: srcu_init: Setting srcu_struct sizes to big.
[    0.407374] kernel: Console: colour VGA+ 80x25
[    0.407377] kernel: printk: legacy console [tty0] enabled
[    0.407483] kernel: ACPI: Core revision 20240827
[    0.408151] kernel: clocksource: hpet: mask: 0xffffffff max_cycles: 0xffffffff, max_idle_ns: 133484882848 ns
[    0.408261] kernel: APIC: Switch to symmetric I/O mode setup
[    0.408598] kernel: x2apic enabled
[    0.408853] kernel: APIC: Switched APIC routing to: physical x2apic
[    0.411820] kernel: ..TIMER: vector=0x30 apic1=0 pin1=2 apic2=-1 pin2=-1
[    0.411870] kernel: clocksource: tsc-early: mask: 0xffffffffffffffff max_cycles: 0x2a1127c03e1, max_idle_ns: 440795223858 ns
[    0.411878] kernel: Calibrating delay loop (skipped) preset value.. 5836.79 BogoMIPS (lpj=2918399)
[    0.412399] kernel: x86/cpu: User Mode Instruction Prevention (UMIP) activated
[    0.412960] kernel: Last level iTLB entries: 4KB 0, 2MB 0, 4MB 0
[    0.412962] kernel: Last level dTLB entries: 4KB 0, 2MB 0, 4MB 0, 1GB 0
[    0.412968] kernel: Spectre V1 : Mitigation: usercopy/swapgs barriers and __user pointer sanitization
[    0.412969] kernel: Spectre V2 : Spectre BHI mitigation: SW BHB clearing on syscall and VM exit
[    0.412970] kernel: Spectre V2 : Mitigation: IBRS
[    0.412971] kernel: Spectre V2 : Spectre v2 / SpectreRSB: Filling RSB on context switch and VMEXIT
[    0.412972] kernel: RETBleed: Mitigation: IBRS
[    0.412973] kernel: Spectre V2 : mitigation: Enabling conditional Indirect Branch Prediction Barrier
[    0.412974] kernel: Speculative Store Bypass: Mitigation: Speculative Store Bypass disabled via prctl
[    0.412976] kernel: MDS: Mitigation: Clear CPU buffers
[    0.412976] kernel: MMIO Stale Data: Unknown: No mitigations
[    0.412977] kernel: Register File Data Sampling: Vulnerable: No microcode
[    0.412977] kernel: ITS: Mitigation: Aligned branch/return thunks
[    0.413012] kernel: x86/fpu: Supporting XSAVE feature 0x001: 'x87 floating point registers'
[    0.413013] kernel: x86/fpu: Supporting XSAVE feature 0x002: 'SSE registers'
[    0.413014] kernel: x86/fpu: Supporting XSAVE feature 0x004: 'AVX registers'
[    0.413015] kernel: x86/fpu: xstate_offset[2]:  576, xstate_sizes[2]:  256
[    0.413016] kernel: x86/fpu: Enabled xstate features 0x7, context size is 832 bytes, using 'compacted' format.
[    0.655988] kernel: Freeing SMP alternatives memory: 48K
[    0.655995] kernel: pid_max: default: 131072 minimum: 1024
[    0.656128] kernel: LSM: initializing lsm=lockdown,capability,landlock,yama,apparmor,ima,evm
[    0.656140] kernel: landlock: Up and running.
[    0.656141] kernel: Yama: becoming mindful.
[    0.656265] kernel: AppArmor: AppArmor initialized
[    0.656472] kernel: Mount-cache hash table entries: 8192 (order: 4, 65536 bytes, linear)
[    0.656578] kernel: Mountpoint-cache hash table entries: 8192 (order: 4, 65536 bytes, linear)
[    0.658549] kernel: smpboot: CPU0: 13th Gen Intel(R) Core(TM) i7-13700H (family: 0x6, model: 0xba, stepping: 0x2)
[    0.660082] kernel: Performance Events: Alderlake Hybrid events, core PMU driver.
[    0.660365] kernel: core: CPUID marked event: 'cpu cycles' unavailable
[    0.660369] kernel: core: CPUID marked event: 'instructions' unavailable
[    0.660373] kernel: core: CPUID marked event: 'bus cycles' unavailable
[    0.660377] kernel: core: CPUID marked event: 'cache references' unavailable
[    0.660382] kernel: core: CPUID marked event: 'cache misses' unavailable
[    0.660386] kernel: core: CPUID marked event: 'branch instructions' unavailable
[    0.660390] kernel: core: CPUID marked event: 'branch misses' unavailable
[    0.660578] kernel: core: cpu_core PMU driver: 
[    0.660586] kernel: ... version:                1
[    0.660591] kernel: ... bit width:              48
[    0.660595] kernel: ... generic registers:      6
[    0.660599] kernel: ... value mask:             0000ffffffffffff
[    0.660603] kernel: ... max period:             000000007fffffff
[    0.660608] kernel: ... fixed-purpose events:   0
[    0.660612] kernel: ... event mask:             000100000000003f
[    0.660747] kernel: signal: max sigframe size: 1776
[    0.660963] kernel: rcu: Hierarchical SRCU implementation.
[    0.660967] kernel: rcu:         Max phase no-delay instances is 400.
[    0.661295] kernel: Timer migration: 3 hierarchy levels; 8 children per group; 3 crossnode level
[    0.662666] kernel: NMI watchdog: Perf NMI watchdog permanently disabled
[    0.671547] kernel: smp: Bringing up secondary CPUs ...
[    0.672533] kernel: smpboot: x86: Booting SMP configuration:
[    0.672538] kernel: .... node  #0, CPUs:          #1   #2   #3
[    0.677068] kernel: smp: Brought up 1 node, 4 CPUs
[    0.677075] kernel: smpboot: Total of 4 processors activated (23347.19 BogoMIPS)
[    0.679218] kernel: Memory: 3862396K/4193716K available (21451K kernel code, 4568K rwdata, 15064K rodata, 5140K init, 4432K bss, 313852K reserved, 0K cma-reserved)
[    0.680144] kernel: devtmpfs: initialized
[    0.680216] kernel: x86/mm: Memory block size: 128MB
[    0.681999] kernel: ACPI: PM: Registering ACPI NVS region [mem 0xbfeff000-0xbfefffff] (4096 bytes)
[    0.682210] kernel: clocksource: jiffies: mask: 0xffffffff max_cycles: 0xffffffff, max_idle_ns: 1911260446275000 ns
[    0.685941] kernel: futex hash table entries: 32768 (order: 9, 2097152 bytes, linear)
[    0.686650] kernel: pinctrl core: initialized pinctrl subsystem
[    0.687025] kernel: PM: RTC time: 17:43:34, date: 2025-11-17
[    0.691636] kernel: NET: Registered PF_NETLINK/PF_ROUTE protocol family
[    0.692771] kernel: DMA: preallocated 512 KiB GFP_KERNEL pool for atomic allocations
[    0.692819] kernel: DMA: preallocated 512 KiB GFP_KERNEL|GFP_DMA pool for atomic allocations
[    0.692908] kernel: DMA: preallocated 512 KiB GFP_KERNEL|GFP_DMA32 pool for atomic allocations
[    0.692926] kernel: audit: initializing netlink subsys (disabled)
[    0.693105] kernel: audit: type=2000 audit(1763401414.281:1): state=initialized audit_enabled=0 res=1
[    0.693204] kernel: thermal_sys: Registered thermal governor 'fair_share'
[    0.693209] kernel: thermal_sys: Registered thermal governor 'bang_bang'
[    0.693214] kernel: thermal_sys: Registered thermal governor 'step_wise'
[    0.693218] kernel: thermal_sys: Registered thermal governor 'user_space'
[    0.693222] kernel: thermal_sys: Registered thermal governor 'power_allocator'
[    0.693283] kernel: cpuidle: using governor ladder
[    0.693344] kernel: cpuidle: using governor menu
[    0.693427] kernel: Simple Boot Flag at 0x36 set to 0x80
[    0.693950] kernel: acpiphp: ACPI Hot Plug PCI Controller Driver version: 0.5
[    0.694361] kernel: PCI: ECAM [mem 0xf0000000-0xf7ffffff] (base 0xf0000000) for domain 0000 [bus 00-7f]
[    0.694374] kernel: PCI: Using configuration type 1 for base access
[    0.694724] kernel: kprobes: kprobe jump-optimization is enabled. All kprobes are optimized if possible.
[    0.697997] kernel: HugeTLB: registered 1.00 GiB page size, pre-allocated 0 pages
[    0.698003] kernel: HugeTLB: 16380 KiB vmemmap can be freed for a 1.00 GiB page
[    0.698008] kernel: HugeTLB: registered 2.00 MiB page size, pre-allocated 0 pages
[    0.698012] kernel: HugeTLB: 28 KiB vmemmap can be freed for a 2.00 MiB page
[    0.701102] kernel: ACPI: Added _OSI(Module Device)
[    0.701108] kernel: ACPI: Added _OSI(Processor Device)
[    0.701112] kernel: ACPI: Added _OSI(Processor Aggregator Device)
[    0.715192] kernel: ACPI: 1 ACPI AML tables successfully acquired and loaded
[    0.717157] kernel: ACPI: [Firmware Bug]: BIOS _OSI(Linux) query ignored
[    0.728367] kernel: ACPI: Interpreter enabled
[    0.728407] kernel: ACPI: PM: (supports S0 S1 S4 S5)
[    0.728412] kernel: ACPI: Using IOAPIC for interrupt routing
[    0.729732] kernel: PCI: Using host bridge windows from ACPI; if necessary, use "pci=nocrs" and report a bug
[    0.729737] kernel: PCI: Using E820 reservations for host bridge windows
[    0.730555] kernel: ACPI: Enabled 4 GPEs in block 00 to 0F
[    0.873444] kernel: ACPI: PCI Root Bridge [PCI0] (domain 0000 [bus 00-7f])
[    0.873455] kernel: acpi PNP0A03:00: _OSC: OS supports [ExtendedConfig ASPM ClockPM Segments MSI EDR HPX-Type3]
[    0.873526] kernel: acpi PNP0A03:00: _OSC: platform does not support [AER LTR DPC]
[    0.873639] kernel: acpi PNP0A03:00: _OSC: OS now controls [PCIeHotplug SHPCHotplug PME PCIeCapability]
[    0.875821] kernel: PCI host bridge to bus 0000:00
[    0.875829] kernel: pci_bus 0000:00: root bus resource [mem 0x000a0000-0x000bffff window]
[    0.875835] kernel: pci_bus 0000:00: root bus resource [mem 0x000d0000-0x000dbfff window]
[    0.875840] kernel: pci_bus 0000:00: root bus resource [mem 0xc0000000-0xfebfffff window]
[    0.875844] kernel: pci_bus 0000:00: root bus resource [io  0x0000-0x0cf7 window]
[    0.875849] kernel: pci_bus 0000:00: root bus resource [io  0x0d00-0xfeff window]
[    0.875854] kernel: pci_bus 0000:00: root bus resource [bus 00-7f]
[    0.875960] kernel: pci 0000:00:00.0: [8086:7190] type 00 class 0x060000 conventional PCI endpoint
[    0.876582] kernel: pci 0000:00:01.0: [8086:7191] type 01 class 0x060400 conventional PCI bridge
[    0.876782] kernel: pci 0000:00:01.0: PCI bridge to [bus 01]
[    0.882941] kernel: pci 0000:00:07.0: [8086:7110] type 00 class 0x060100 conventional PCI endpoint
[    0.883647] kernel: pci 0000:00:07.1: [8086:7111] type 00 class 0x01018a conventional PCI endpoint
[    0.884130] kernel: pci 0000:00:07.1: BAR 4 [io  0x1060-0x106f]
[    0.884173] kernel: pci 0000:00:07.1: BAR 0 [io  0x01f0-0x01f7]: legacy IDE quirk
[    0.884178] kernel: pci 0000:00:07.1: BAR 1 [io  0x03f6]: legacy IDE quirk
[    0.884183] kernel: pci 0000:00:07.1: BAR 2 [io  0x0170-0x0177]: legacy IDE quirk
[    0.884187] kernel: pci 0000:00:07.1: BAR 3 [io  0x0376]: legacy IDE quirk
[    0.884433] kernel: pci 0000:00:07.3: [8086:7113] type 00 class 0x068000 conventional PCI endpoint
[    0.884962] kernel: pci 0000:00:07.3: quirk: [io  0x1000-0x103f] claimed by PIIX4 ACPI
[    0.884976] kernel: pci 0000:00:07.3: quirk: [io  0x1040-0x104f] claimed by PIIX4 SMB
[    0.885280] kernel: pci 0000:00:07.7: [15ad:0740] type 00 class 0x088000 conventional PCI endpoint
[    0.885901] kernel: pci 0000:00:07.7: BAR 0 [io  0x1080-0x10bf]
[    0.885922] kernel: pci 0000:00:07.7: BAR 1 [mem 0xfebc0000-0xfebfffff 64bit]
[    0.894076] kernel: pci 0000:00:0f.0: [15ad:0405] type 00 class 0x030000 conventional PCI endpoint
[    0.894917] kernel: pci 0000:00:0f.0: BAR 0 [io  0x1070-0x107f]
[    0.894936] kernel: pci 0000:00:0f.0: BAR 1 [mem 0xe8000000-0xefffffff pref]
[    0.894950] kernel: pci 0000:00:0f.0: BAR 2 [mem 0xfe000000-0xfe7fffff]
[    0.894992] kernel: pci 0000:00:0f.0: ROM [mem 0x00000000-0x00007fff pref]
[    0.895071] kernel: pci 0000:00:0f.0: Video device with shadowed ROM at [mem 0x000c0000-0x000dffff]
[    0.895472] kernel: pci 0000:00:10.0: [1000:0030] type 00 class 0x010000 conventional PCI endpoint
[    0.896454] kernel: pci 0000:00:10.0: BAR 0 [io  0x1400-0x14ff]
[    0.896476] kernel: pci 0000:00:10.0: BAR 1 [mem 0xfeb80000-0xfeb9ffff 64bit]
[    0.896497] kernel: pci 0000:00:10.0: BAR 3 [mem 0xfeba0000-0xfebbffff 64bit]
[    0.896517] kernel: pci 0000:00:10.0: ROM [mem 0x00000000-0x00003fff pref]
[    0.896950] kernel: pci 0000:00:11.0: [15ad:0790] type 01 class 0x060401 conventional PCI bridge
[    0.897144] kernel: pci 0000:00:11.0: PCI bridge to [bus 02] (subtractive decode)
[    0.897166] kernel: pci 0000:00:11.0:   bridge window [io  0x2000-0x3fff]
[    0.897187] kernel: pci 0000:00:11.0:   bridge window [mem 0xfd500000-0xfdffffff]
[    0.897265] kernel: pci 0000:00:11.0:   bridge window [mem 0xe7b00000-0xe7ffffff 64bit pref]
[    0.903567] kernel: pci 0000:00:15.0: [15ad:07a0] type 01 class 0x060400 PCIe Root Port
[    0.903767] kernel: pci 0000:00:15.0: PCI bridge to [bus 03]
[    0.903791] kernel: pci 0000:00:15.0:   bridge window [io  0x4000-0x4fff]
[    0.903812] kernel: pci 0000:00:15.0:   bridge window [mem 0xfd400000-0xfd4fffff]
[    0.903905] kernel: pci 0000:00:15.0:   bridge window [mem 0xe7a00000-0xe7afffff 64bit pref]
[    0.904339] kernel: pci 0000:00:15.0: PME# supported from D0 D3hot D3cold
[    0.904838] kernel: pci 0000:00:15.1: [15ad:07a0] type 01 class 0x060400 PCIe Root Port
[    0.905056] kernel: pci 0000:00:15.1: PCI bridge to [bus 04]
[    0.905079] kernel: pci 0000:00:15.1:   bridge window [io  0x8000-0x8fff]
[    0.905100] kernel: pci 0000:00:15.1:   bridge window [mem 0xfd000000-0xfd0fffff]
[    0.905178] kernel: pci 0000:00:15.1:   bridge window [mem 0xe7600000-0xe76fffff 64bit pref]
[    0.905651] kernel: pci 0000:00:15.1: PME# supported from D0 D3hot D3cold
[    0.906080] kernel: pci 0000:00:15.2: [15ad:07a0] type 01 class 0x060400 PCIe Root Port
[    0.906275] kernel: pci 0000:00:15.2: PCI bridge to [bus 05]
[    0.906297] kernel: pci 0000:00:15.2:   bridge window [io  0xc000-0xcfff]
[    0.906317] kernel: pci 0000:00:15.2:   bridge window [mem 0xfcc00000-0xfccfffff]
[    0.906402] kernel: pci 0000:00:15.2:   bridge window [mem 0xe7200000-0xe72fffff 64bit pref]
[    0.906804] kernel: pci 0000:00:15.2: PME# supported from D0 D3hot D3cold
[    0.907227] kernel: pci 0000:00:15.3: [15ad:07a0] type 01 class 0x060400 PCIe Root Port
[    0.907424] kernel: pci 0000:00:15.3: PCI bridge to [bus 06]
[    0.907496] kernel: pci 0000:00:15.3:   bridge window [mem 0xfc800000-0xfc8fffff]
[    0.907572] kernel: pci 0000:00:15.3:   bridge window [mem 0xe6e00000-0xe6efffff 64bit pref]
[    0.908003] kernel: pci 0000:00:15.3: PME# supported from D0 D3hot D3cold
[    0.908411] kernel: pci 0000:00:15.4: [15ad:07a0] type 01 class 0x060400 PCIe Root Port
[    0.908607] kernel: pci 0000:00:15.4: PCI bridge to [bus 07]
[    0.908645] kernel: pci 0000:00:15.4:   bridge window [mem 0xfc400000-0xfc4fffff]
[    0.908724] kernel: pci 0000:00:15.4:   bridge window [mem 0xe6a00000-0xe6afffff 64bit pref]
[    0.909150] kernel: pci 0000:00:15.4: PME# supported from D0 D3hot D3cold
[    0.909604] kernel: pci 0000:00:15.5: [15ad:07a0] type 01 class 0x060400 PCIe Root Port
[    0.909818] kernel: pci 0000:00:15.5: PCI bridge to [bus 08]
[    0.909861] kernel: pci 0000:00:15.5:   bridge window [mem 0xfc000000-0xfc0fffff]
[    0.909966] kernel: pci 0000:00:15.5:   bridge window [mem 0xe6600000-0xe66fffff 64bit pref]
[    0.910432] kernel: pci 0000:00:15.5: PME# supported from D0 D3hot D3cold
[    0.910832] kernel: pci 0000:00:15.6: [15ad:07a0] type 01 class 0x060400 PCIe Root Port
[    0.911030] kernel: pci 0000:00:15.6: PCI bridge to [bus 09]
[    0.911068] kernel: pci 0000:00:15.6:   bridge window [mem 0xfbc00000-0xfbcfffff]
[    0.911152] kernel: pci 0000:00:15.6:   bridge window [mem 0xe6200000-0xe62fffff 64bit pref]
[    0.911572] kernel: pci 0000:00:15.6: PME# supported from D0 D3hot D3cold
[    0.912092] kernel: pci 0000:00:15.7: [15ad:07a0] type 01 class 0x060400 PCIe Root Port
[    0.912288] kernel: pci 0000:00:15.7: PCI bridge to [bus 0a]
[    0.912326] kernel: pci 0000:00:15.7:   bridge window [mem 0xfb800000-0xfb8fffff]
[    0.912412] kernel: pci 0000:00:15.7:   bridge window [mem 0xe5e00000-0xe5efffff 64bit pref]
[    0.912816] kernel: pci 0000:00:15.7: PME# supported from D0 D3hot D3cold
[    0.913248] kernel: pci 0000:00:16.0: [15ad:07a0] type 01 class 0x060400 PCIe Root Port
[    0.913448] kernel: pci 0000:00:16.0: PCI bridge to [bus 0b]
[    0.913470] kernel: pci 0000:00:16.0:   bridge window [io  0x5000-0x5fff]
[    0.913492] kernel: pci 0000:00:16.0:   bridge window [mem 0xfd300000-0xfd3fffff]
[    0.913569] kernel: pci 0000:00:16.0:   bridge window [mem 0xe7900000-0xe79fffff 64bit pref]
[    0.913994] kernel: pci 0000:00:16.0: PME# supported from D0 D3hot D3cold
[    0.914433] kernel: pci 0000:00:16.1: [15ad:07a0] type 01 class 0x060400 PCIe Root Port
[    0.914629] kernel: pci 0000:00:16.1: PCI bridge to [bus 0c]
[    0.914651] kernel: pci 0000:00:16.1:   bridge window [io  0x9000-0x9fff]
[    0.914671] kernel: pci 0000:00:16.1:   bridge window [mem 0xfcf00000-0xfcffffff]
[    0.914748] kernel: pci 0000:00:16.1:   bridge window [mem 0xe7500000-0xe75fffff 64bit pref]
[    0.915182] kernel: pci 0000:00:16.1: PME# supported from D0 D3hot D3cold
[    0.915619] kernel: pci 0000:00:16.2: [15ad:07a0] type 01 class 0x060400 PCIe Root Port
[    0.915815] kernel: pci 0000:00:16.2: PCI bridge to [bus 0d]
[    0.915837] kernel: pci 0000:00:16.2:   bridge window [io  0xd000-0xdfff]
[    0.915857] kernel: pci 0000:00:16.2:   bridge window [mem 0xfcb00000-0xfcbfffff]
[    0.915951] kernel: pci 0000:00:16.2:   bridge window [mem 0xe7100000-0xe71fffff 64bit pref]
[    0.916383] kernel: pci 0000:00:16.2: PME# supported from D0 D3hot D3cold
[    0.916808] kernel: pci 0000:00:16.3: [15ad:07a0] type 01 class 0x060400 PCIe Root Port
[    0.917026] kernel: pci 0000:00:16.3: PCI bridge to [bus 0e]
[    0.917064] kernel: pci 0000:00:16.3:   bridge window [mem 0xfc700000-0xfc7fffff]
[    0.917142] kernel: pci 0000:00:16.3:   bridge window [mem 0xe6d00000-0xe6dfffff 64bit pref]
[    0.917561] kernel: pci 0000:00:16.3: PME# supported from D0 D3hot D3cold
[    0.917994] kernel: pci 0000:00:16.4: [15ad:07a0] type 01 class 0x060400 PCIe Root Port
[    0.918186] kernel: pci 0000:00:16.4: PCI bridge to [bus 0f]
[    0.918223] kernel: pci 0000:00:16.4:   bridge window [mem 0xfc300000-0xfc3fffff]
[    0.918298] kernel: pci 0000:00:16.4:   bridge window [mem 0xe6900000-0xe69fffff 64bit pref]
[    0.918712] kernel: pci 0000:00:16.4: PME# supported from D0 D3hot D3cold
[    0.919153] kernel: pci 0000:00:16.5: [15ad:07a0] type 01 class 0x060400 PCIe Root Port
[    0.919350] kernel: pci 0000:00:16.5: PCI bridge to [bus 10]
[    0.919396] kernel: pci 0000:00:16.5:   bridge window [mem 0xfbf00000-0xfbffffff]
[    0.919471] kernel: pci 0000:00:16.5:   bridge window [mem 0xe6500000-0xe65fffff 64bit pref]
[    0.919903] kernel: pci 0000:00:16.5: PME# supported from D0 D3hot D3cold
[    0.920348] kernel: pci 0000:00:16.6: [15ad:07a0] type 01 class 0x060400 PCIe Root Port
[    0.920545] kernel: pci 0000:00:16.6: PCI bridge to [bus 11]
[    0.920583] kernel: pci 0000:00:16.6:   bridge window [mem 0xfbb00000-0xfbbfffff]
[    0.920655] kernel: pci 0000:00:16.6:   bridge window [mem 0xe6100000-0xe61fffff 64bit pref]
[    0.921057] kernel: pci 0000:00:16.6: PME# supported from D0 D3hot D3cold
[    0.921516] kernel: pci 0000:00:16.7: [15ad:07a0] type 01 class 0x060400 PCIe Root Port
[    0.921705] kernel: pci 0000:00:16.7: PCI bridge to [bus 12]
[    0.921751] kernel: pci 0000:00:16.7:   bridge window [mem 0xfb700000-0xfb7fffff]
[    0.921826] kernel: pci 0000:00:16.7:   bridge window [mem 0xe5d00000-0xe5dfffff 64bit pref]
[    0.922250] kernel: pci 0000:00:16.7: PME# supported from D0 D3hot D3cold
[    0.922669] kernel: pci 0000:00:17.0: [15ad:07a0] type 01 class 0x060400 PCIe Root Port
[    0.922863] kernel: pci 0000:00:17.0: PCI bridge to [bus 13]
[    0.922903] kernel: pci 0000:00:17.0:   bridge window [io  0x6000-0x6fff]
[    0.922923] kernel: pci 0000:00:17.0:   bridge window [mem 0xfd200000-0xfd2fffff]
[    0.922999] kernel: pci 0000:00:17.0:   bridge window [mem 0xe7800000-0xe78fffff 64bit pref]
[    0.923431] kernel: pci 0000:00:17.0: PME# supported from D0 D3hot D3cold
[    0.923845] kernel: pci 0000:00:17.1: [15ad:07a0] type 01 class 0x060400 PCIe Root Port
[    0.924045] kernel: pci 0000:00:17.1: PCI bridge to [bus 14]
[    0.924066] kernel: pci 0000:00:17.1:   bridge window [io  0xa000-0xafff]
[    0.924087] kernel: pci 0000:00:17.1:   bridge window [mem 0xfce00000-0xfcefffff]
[    0.924164] kernel: pci 0000:00:17.1:   bridge window [mem 0xe7400000-0xe74fffff 64bit pref]
[    0.924592] kernel: pci 0000:00:17.1: PME# supported from D0 D3hot D3cold
[    0.925021] kernel: pci 0000:00:17.2: [15ad:07a0] type 01 class 0x060400 PCIe Root Port
[    0.925216] kernel: pci 0000:00:17.2: PCI bridge to [bus 15]
[    0.925237] kernel: pci 0000:00:17.2:   bridge window [io  0xe000-0xefff]
[    0.925258] kernel: pci 0000:00:17.2:   bridge window [mem 0xfca00000-0xfcafffff]
[    0.925333] kernel: pci 0000:00:17.2:   bridge window [mem 0xe7000000-0xe70fffff 64bit pref]
[    0.925738] kernel: pci 0000:00:17.2: PME# supported from D0 D3hot D3cold
[    0.926158] kernel: pci 0000:00:17.3: [15ad:07a0] type 01 class 0x060400 PCIe Root Port
[    0.926353] kernel: pci 0000:00:17.3: PCI bridge to [bus 16]
[    0.926399] kernel: pci 0000:00:17.3:   bridge window [mem 0xfc600000-0xfc6fffff]
[    0.926477] kernel: pci 0000:00:17.3:   bridge window [mem 0xe6c00000-0xe6cfffff 64bit pref]
[    0.926864] kernel: pci 0000:00:17.3: PME# supported from D0 D3hot D3cold
[    0.927271] kernel: pci 0000:00:17.4: [15ad:07a0] type 01 class 0x060400 PCIe Root Port
[    0.927469] kernel: pci 0000:00:17.4: PCI bridge to [bus 17]
[    0.927505] kernel: pci 0000:00:17.4:   bridge window [mem 0xfc200000-0xfc2fffff]
[    0.927577] kernel: pci 0000:00:17.4:   bridge window [mem 0xe6800000-0xe68fffff 64bit pref]
[    0.927979] kernel: pci 0000:00:17.4: PME# supported from D0 D3hot D3cold
[    0.928381] kernel: pci 0000:00:17.5: [15ad:07a0] type 01 class 0x060400 PCIe Root Port
[    0.928571] kernel: pci 0000:00:17.5: PCI bridge to [bus 18]
[    0.928609] kernel: pci 0000:00:17.5:   bridge window [mem 0xfbe00000-0xfbefffff]
[    0.928684] kernel: pci 0000:00:17.5:   bridge window [mem 0xe6400000-0xe64fffff 64bit pref]
[    0.929113] kernel: pci 0000:00:17.5: PME# supported from D0 D3hot D3cold
[    0.929532] kernel: pci 0000:00:17.6: [15ad:07a0] type 01 class 0x060400 PCIe Root Port
[    0.929726] kernel: pci 0000:00:17.6: PCI bridge to [bus 19]
[    0.929764] kernel: pci 0000:00:17.6:   bridge window [mem 0xfba00000-0xfbafffff]
[    0.929841] kernel: pci 0000:00:17.6:   bridge window [mem 0xe6000000-0xe60fffff 64bit pref]
[    0.930271] kernel: pci 0000:00:17.6: PME# supported from D0 D3hot D3cold
[    0.932059] kernel: pci 0000:00:17.7: [15ad:07a0] type 01 class 0x060400 PCIe Root Port
[    0.932269] kernel: pci 0000:00:17.7: PCI bridge to [bus 1a]
[    0.932326] kernel: pci 0000:00:17.7:   bridge window [mem 0xfb600000-0xfb6fffff]
[    0.932404] kernel: pci 0000:00:17.7:   bridge window [mem 0xe5c00000-0xe5cfffff 64bit pref]
[    0.932913] kernel: pci 0000:00:17.7: PME# supported from D0 D3hot D3cold
[    0.933423] kernel: pci 0000:00:18.0: [15ad:07a0] type 01 class 0x060400 PCIe Root Port
[    0.933623] kernel: pci 0000:00:18.0: PCI bridge to [bus 1b]
[    0.933651] kernel: pci 0000:00:18.0:   bridge window [io  0x7000-0x7fff]
[    0.933671] kernel: pci 0000:00:18.0:   bridge window [mem 0xfd100000-0xfd1fffff]
[    0.933748] kernel: pci 0000:00:18.0:   bridge window [mem 0xe7700000-0xe77fffff 64bit pref]
[    0.934190] kernel: pci 0000:00:18.0: PME# supported from D0 D3hot D3cold
[    0.934635] kernel: pci 0000:00:18.1: [15ad:07a0] type 01 class 0x060400 PCIe Root Port
[    0.934817] kernel: pci 0000:00:18.1: PCI bridge to [bus 1c]
[    0.934838] kernel: pci 0000:00:18.1:   bridge window [io  0xb000-0xbfff]
[    0.934857] kernel: pci 0000:00:18.1:   bridge window [mem 0xfcd00000-0xfcdfffff]
[    0.934938] kernel: pci 0000:00:18.1:   bridge window [mem 0xe7300000-0xe73fffff 64bit pref]
[    0.935345] kernel: pci 0000:00:18.1: PME# supported from D0 D3hot D3cold
[    0.935803] kernel: pci 0000:00:18.2: [15ad:07a0] type 01 class 0x060400 PCIe Root Port
[    0.936010] kernel: pci 0000:00:18.2: PCI bridge to [bus 1d]
[    0.936047] kernel: pci 0000:00:18.2:   bridge window [mem 0xfc900000-0xfc9fffff]
[    0.936125] kernel: pci 0000:00:18.2:   bridge window [mem 0xe6f00000-0xe6ffffff 64bit pref]
[    0.936544] kernel: pci 0000:00:18.2: PME# supported from D0 D3hot D3cold
[    0.936987] kernel: pci 0000:00:18.3: [15ad:07a0] type 01 class 0x060400 PCIe Root Port
[    0.937186] kernel: pci 0000:00:18.3: PCI bridge to [bus 1e]
[    0.937224] kernel: pci 0000:00:18.3:   bridge window [mem 0xfc500000-0xfc5fffff]
[    0.937301] kernel: pci 0000:00:18.3:   bridge window [mem 0xe6b00000-0xe6bfffff 64bit pref]
[    0.937725] kernel: pci 0000:00:18.3: PME# supported from D0 D3hot D3cold
[    0.938162] kernel: pci 0000:00:18.4: [15ad:07a0] type 01 class 0x060400 PCIe Root Port
[    0.938354] kernel: pci 0000:00:18.4: PCI bridge to [bus 1f]
[    0.938401] kernel: pci 0000:00:18.4:   bridge window [mem 0xfc100000-0xfc1fffff]
[    0.938477] kernel: pci 0000:00:18.4:   bridge window [mem 0xe6700000-0xe67fffff 64bit pref]
[    0.938893] kernel: pci 0000:00:18.4: PME# supported from D0 D3hot D3cold
[    0.939303] kernel: pci 0000:00:18.5: [15ad:07a0] type 01 class 0x060400 PCIe Root Port
[    0.939522] kernel: pci 0000:00:18.5: PCI bridge to [bus 20]
[    0.939560] kernel: pci 0000:00:18.5:   bridge window [mem 0xfbd00000-0xfbdfffff]
[    0.939637] kernel: pci 0000:00:18.5:   bridge window [mem 0xe6300000-0xe63fffff 64bit pref]
[    0.940068] kernel: pci 0000:00:18.5: PME# supported from D0 D3hot D3cold
[    0.940474] kernel: pci 0000:00:18.6: [15ad:07a0] type 01 class 0x060400 PCIe Root Port
[    0.940656] kernel: pci 0000:00:18.6: PCI bridge to [bus 21]
[    0.940691] kernel: pci 0000:00:18.6:   bridge window [mem 0xfb900000-0xfb9fffff]
[    0.940763] kernel: pci 0000:00:18.6:   bridge window [mem 0xe5f00000-0xe5ffffff 64bit pref]
[    0.941173] kernel: pci 0000:00:18.6: PME# supported from D0 D3hot D3cold
[    0.941665] kernel: pci 0000:00:18.7: [15ad:07a0] type 01 class 0x060400 PCIe Root Port
[    0.941846] kernel: pci 0000:00:18.7: PCI bridge to [bus 22]
[    0.941893] kernel: pci 0000:00:18.7:   bridge window [mem 0xfb500000-0xfb5fffff]
[    0.941965] kernel: pci 0000:00:18.7:   bridge window [mem 0xe5b00000-0xe5bfffff 64bit pref]
[    0.942383] kernel: pci 0000:00:18.7: PME# supported from D0 D3hot D3cold
[    0.952638] kernel: pci_bus 0000:01: extended config space not accessible
[    0.988116] kernel: pci 0000:00:01.0: PCI bridge to [bus 01]
[    0.988307] kernel: pci_bus 0000:02: extended config space not accessible
[    0.988553] kernel: acpiphp: Slot [32] registered
[    0.988571] kernel: acpiphp: Slot [33] registered
[    0.988588] kernel: acpiphp: Slot [34] registered
[    0.988603] kernel: acpiphp: Slot [35] registered
[    0.988619] kernel: acpiphp: Slot [36] registered
[    0.988647] kernel: acpiphp: Slot [37] registered
[    0.988662] kernel: acpiphp: Slot [38] registered
[    0.988677] kernel: acpiphp: Slot [39] registered
[    0.988693] kernel: acpiphp: Slot [40] registered
[    0.988719] kernel: acpiphp: Slot [41] registered
[    0.988734] kernel: acpiphp: Slot [42] registered
[    0.988750] kernel: acpiphp: Slot [43] registered
[    0.988765] kernel: acpiphp: Slot [44] registered
[    0.988825] kernel: acpiphp: Slot [45] registered
[    0.988842] kernel: acpiphp: Slot [46] registered
[    0.988858] kernel: acpiphp: Slot [47] registered
[    0.988889] kernel: acpiphp: Slot [48] registered
[    0.988905] kernel: acpiphp: Slot [49] registered
[    0.988921] kernel: acpiphp: Slot [50] registered
[    0.988937] kernel: acpiphp: Slot [51] registered
[    0.988964] kernel: acpiphp: Slot [52] registered
[    0.988980] kernel: acpiphp: Slot [53] registered
[    0.988996] kernel: acpiphp: Slot [54] registered
[    0.989012] kernel: acpiphp: Slot [55] registered
[    0.989027] kernel: acpiphp: Slot [56] registered
[    0.989043] kernel: acpiphp: Slot [57] registered
[    0.989059] kernel: acpiphp: Slot [58] registered
[    0.989075] kernel: acpiphp: Slot [59] registered
[    0.989102] kernel: acpiphp: Slot [60] registered
[    0.989118] kernel: acpiphp: Slot [61] registered
[    0.989133] kernel: acpiphp: Slot [62] registered
[    0.989149] kernel: acpiphp: Slot [63] registered
[    0.989222] kernel: pci 0000:02:00.0: [15ad:0774] type 00 class 0x0c0300 conventional PCI endpoint
[    0.989710] kernel: pci 0000:02:00.0: BAR 4 [io  0x2080-0x209f]
[    0.990448] kernel: pci 0000:02:01.0: [8086:100f] type 00 class 0x020000 conventional PCI endpoint
[    0.991300] kernel: pci 0000:02:01.0: BAR 0 [mem 0xfd5c0000-0xfd5dffff 64bit]
[    0.991322] kernel: pci 0000:02:01.0: BAR 2 [mem 0xfdff0000-0xfdffffff 64bit]
[    0.991335] kernel: pci 0000:02:01.0: BAR 4 [io  0x2000-0x203f]
[    0.991356] kernel: pci 0000:02:01.0: ROM [mem 0x00000000-0x0000ffff pref]
[    0.991582] kernel: pci 0000:02:01.0: PME# supported from D0 D3hot D3cold
[    0.992063] kernel: pci 0000:02:02.0: [1274:1371] type 00 class 0x040100 conventional PCI endpoint
[    0.992670] kernel: pci 0000:02:02.0: BAR 0 [io  0x2040-0x207f]
[    0.993420] kernel: pci 0000:02:03.0: [15ad:0770] type 00 class 0x0c0320 conventional PCI endpoint
[    0.993905] kernel: pci 0000:02:03.0: BAR 0 [mem 0xfd5ef000-0xfd5effff]
[    0.994574] kernel: pci 0000:02:04.0: [15ad:07e0] type 00 class 0x010601 conventional PCI endpoint
[    0.995347] kernel: pci 0000:02:04.0: BAR 5 [mem 0xfd5ee000-0xfd5eefff]
[    0.995362] kernel: pci 0000:02:04.0: ROM [mem 0x00000000-0x0000ffff pref]
[    0.995681] kernel: pci 0000:02:04.0: PME# supported from D3hot
[    1.025911] kernel: pci 0000:00:11.0: PCI bridge to [bus 02] (subtractive decode)
[    1.025987] kernel: pci 0000:00:11.0:   bridge window [mem 0x000a0000-0x000bffff window] (subtractive decode)
[    1.025993] kernel: pci 0000:00:11.0:   bridge window [mem 0x000d0000-0x000dbfff window] (subtractive decode)
[    1.025998] kernel: pci 0000:00:11.0:   bridge window [mem 0xc0000000-0xfebfffff window] (subtractive decode)
[    1.026002] kernel: pci 0000:00:11.0:   bridge window [io  0x0000-0x0cf7 window] (subtractive decode)
[    1.026007] kernel: pci 0000:00:11.0:   bridge window [io  0x0d00-0xfeff window] (subtractive decode)
[    1.027516] kernel: pci 0000:00:15.0: PCI bridge to [bus 03]
[    1.028991] kernel: pci 0000:00:15.1: PCI bridge to [bus 04]
[    1.030442] kernel: pci 0000:00:15.2: PCI bridge to [bus 05]
[    1.031887] kernel: pci 0000:00:15.3: PCI bridge to [bus 06]
[    1.033315] kernel: pci 0000:00:15.4: PCI bridge to [bus 07]
[    1.034734] kernel: pci 0000:00:15.5: PCI bridge to [bus 08]
[    1.036182] kernel: pci 0000:00:15.6: PCI bridge to [bus 09]
[    1.037611] kernel: pci 0000:00:15.7: PCI bridge to [bus 0a]
[    1.039028] kernel: pci 0000:00:16.0: PCI bridge to [bus 0b]
[    1.040451] kernel: pci 0000:00:16.1: PCI bridge to [bus 0c]
[    1.042007] kernel: pci 0000:00:16.2: PCI bridge to [bus 0d]
[    1.043449] kernel: pci 0000:00:16.3: PCI bridge to [bus 0e]
[    1.044842] kernel: pci 0000:00:16.4: PCI bridge to [bus 0f]
[    1.046230] kernel: pci 0000:00:16.5: PCI bridge to [bus 10]
[    1.047676] kernel: pci 0000:00:16.6: PCI bridge to [bus 11]
[    1.049115] kernel: pci 0000:00:16.7: PCI bridge to [bus 12]
[    1.050527] kernel: pci 0000:00:17.0: PCI bridge to [bus 13]
[    1.051965] kernel: pci 0000:00:17.1: PCI bridge to [bus 14]
[    1.053345] kernel: pci 0000:00:17.2: PCI bridge to [bus 15]
[    1.054746] kernel: pci 0000:00:17.3: PCI bridge to [bus 16]
[    1.056135] kernel: pci 0000:00:17.4: PCI bridge to [bus 17]
[    1.057716] kernel: pci 0000:00:17.5: PCI bridge to [bus 18]
[    1.059119] kernel: pci 0000:00:17.6: PCI bridge to [bus 19]
[    1.060519] kernel: pci 0000:00:17.7: PCI bridge to [bus 1a]
[    1.061906] kernel: pci 0000:00:18.0: PCI bridge to [bus 1b]
[    1.063290] kernel: pci 0000:00:18.1: PCI bridge to [bus 1c]
[    1.064678] kernel: pci 0000:00:18.2: PCI bridge to [bus 1d]
[    1.066010] kernel: pci 0000:00:18.3: PCI bridge to [bus 1e]
[    1.067380] kernel: pci 0000:00:18.4: PCI bridge to [bus 1f]
[    1.068759] kernel: pci 0000:00:18.5: PCI bridge to [bus 20]
[    1.070261] kernel: pci 0000:00:18.6: PCI bridge to [bus 21]
[    1.071608] kernel: pci 0000:00:18.7: PCI bridge to [bus 22]
[    1.073475] kernel: ACPI: PCI: Interrupt link LNKA configured for IRQ 9
[    1.073522] kernel: ACPI: PCI: Interrupt link LNKB configured for IRQ 11
[    1.073564] kernel: ACPI: PCI: Interrupt link LNKC configured for IRQ 10
[    1.073606] kernel: ACPI: PCI: Interrupt link LNKD configured for IRQ 7
[    1.094906] kernel: iommu: Default domain type: Translated
[    1.094909] kernel: iommu: DMA domain TLB invalidation policy: lazy mode
[    1.095286] kernel: SCSI subsystem initialized
[    1.095905] kernel: libata version 3.00 loaded.
[    1.095905] kernel: ACPI: bus type USB registered
[    1.095905] kernel: usbcore: registered new interface driver usbfs
[    1.095905] kernel: usbcore: registered new interface driver hub
[    1.095905] kernel: usbcore: registered new device driver usb
[    1.095905] kernel: pps_core: LinuxPPS API ver. 1 registered
[    1.095905] kernel: pps_core: Software ver. 5.3.6 - Copyright 2005-2007 Rodolfo Giometti <giometti@linux.it>
[    1.095905] kernel: PTP clock support registered
[    1.096932] kernel: EDAC MC: Ver: 3.0.0
[    1.101475] kernel: NetLabel: Initializing
[    1.101481] kernel: NetLabel:  domain hash size = 128
[    1.101485] kernel: NetLabel:  protocols = UNLABELED CIPSOv4 CALIPSO
[    1.101498] kernel: NetLabel:  unlabeled traffic allowed by default
[    1.102019] kernel: mctp: management component transport protocol core
[    1.102019] kernel: NET: Registered PF_MCTP protocol family
[    1.102019] kernel: PCI: Using ACPI for IRQ routing
[    1.268373] kernel: PCI: pci_cache_line_size set to 64 bytes
[    1.269182] kernel: e820: reserve RAM buffer [mem 0x0009e800-0x0009ffff]
[    1.269185] kernel: e820: reserve RAM buffer [mem 0xbfed0000-0xbfffffff]
[    1.269237] kernel: pci 0000:00:0f.0: vgaarb: setting as boot VGA device
[    1.269237] kernel: pci 0000:00:0f.0: vgaarb: bridge control possible
[    1.269237] kernel: pci 0000:00:0f.0: vgaarb: VGA device added: decodes=io+mem,owns=io+mem,locks=none
[    1.269237] kernel: vgaarb: loaded
[    1.270032] kernel: hpet0: at MMIO 0xfed00000, IRQs 2, 8, 0, 0, 0, 0, 0, 0, 0, 0, 0, 0, 0, 0, 0, 0
[    1.270039] kernel: hpet0: 16 comparators, 64-bit 14.318180 MHz counter
[    1.272945] kernel: clocksource: Switched to clocksource tsc-early
[    1.273702] kernel: VFS: Disk quotas dquot_6.6.0
[    1.273742] kernel: VFS: Dquot-cache hash table entries: 512 (order 0, 4096 bytes)
[    1.274196] kernel: AppArmor: AppArmor Filesystem Enabled
[    1.274219] kernel: pnp: PnP ACPI init
[    1.274387] kernel: system 00:00: [io  0x1000-0x103f] has been reserved
[    1.274390] kernel: system 00:00: [io  0x1040-0x104f] has been reserved
[    1.274391] kernel: system 00:00: [io  0x0cf0-0x0cf1] has been reserved
[    1.274591] kernel: system 00:04: [mem 0xfed00000-0xfed003ff] has been reserved
[    1.275640] kernel: pnp 00:05: [dma 2]
[    1.275840] kernel: system 00:06: [io  0xfce0-0xfcff] has been reserved
[    1.275842] kernel: system 00:06: [mem 0xf0000000-0xf7ffffff] has been reserved
[    1.275844] kernel: system 00:06: [mem 0xfe800000-0xfe9fffff] has been reserved
[    1.288828] kernel: pnp: PnP ACPI: found 7 devices
[    1.297797] kernel: clocksource: acpi_pm: mask: 0xffffff max_cycles: 0xffffff, max_idle_ns: 2085701024 ns
[    1.297903] kernel: NET: Registered PF_INET protocol family
[    1.298881] kernel: IP idents hash table entries: 65536 (order: 7, 524288 bytes, linear)
[    1.318187] kernel: tcp_listen_portaddr_hash hash table entries: 2048 (order: 3, 32768 bytes, linear)
[    1.318187] kernel: Table-perturb hash table entries: 65536 (order: 6, 262144 bytes, linear)
[    1.318301] kernel: TCP established hash table entries: 32768 (order: 6, 262144 bytes, linear)
[    1.318380] kernel: TCP bind hash table entries: 32768 (order: 8, 1048576 bytes, linear)
[    1.318422] kernel: TCP: Hash tables configured (established 32768 bind 32768)
[    1.319279] kernel: MPTCP token hash table entries: 4096 (order: 4, 98304 bytes, linear)
[    1.319544] kernel: UDP hash table entries: 2048 (order: 5, 131072 bytes, linear)
[    1.319785] kernel: UDP-Lite hash table entries: 2048 (order: 5, 131072 bytes, linear)
[    1.320375] kernel: NET: Registered PF_UNIX/PF_LOCAL protocol family
[    1.320381] kernel: NET: Registered PF_XDP protocol family
[    1.320394] kernel: pci 0000:00:15.3: bridge window [io  0x1000-0x0fff] to [bus 06] add_size 1000
[    1.320397] kernel: pci 0000:00:15.4: bridge window [io  0x1000-0x0fff] to [bus 07] add_size 1000
[    1.320398] kernel: pci 0000:00:15.5: bridge window [io  0x1000-0x0fff] to [bus 08] add_size 1000
[    1.320399] kernel: pci 0000:00:15.6: bridge window [io  0x1000-0x0fff] to [bus 09] add_size 1000
[    1.320400] kernel: pci 0000:00:15.7: bridge window [io  0x1000-0x0fff] to [bus 0a] add_size 1000
[    1.320402] kernel: pci 0000:00:16.3: bridge window [io  0x1000-0x0fff] to [bus 0e] add_size 1000
[    1.320403] kernel: pci 0000:00:16.4: bridge window [io  0x1000-0x0fff] to [bus 0f] add_size 1000
[    1.320403] kernel: pci 0000:00:16.5: bridge window [io  0x1000-0x0fff] to [bus 10] add_size 1000
[    1.320405] kernel: pci 0000:00:16.6: bridge window [io  0x1000-0x0fff] to [bus 11] add_size 1000
[    1.320405] kernel: pci 0000:00:16.7: bridge window [io  0x1000-0x0fff] to [bus 12] add_size 1000
[    1.320407] kernel: pci 0000:00:17.3: bridge window [io  0x1000-0x0fff] to [bus 16] add_size 1000
[    1.320408] kernel: pci 0000:00:17.4: bridge window [io  0x1000-0x0fff] to [bus 17] add_size 1000
[    1.320409] kernel: pci 0000:00:17.5: bridge window [io  0x1000-0x0fff] to [bus 18] add_size 1000
[    1.320410] kernel: pci 0000:00:17.6: bridge window [io  0x1000-0x0fff] to [bus 19] add_size 1000
[    1.320411] kernel: pci 0000:00:17.7: bridge window [io  0x1000-0x0fff] to [bus 1a] add_size 1000
[    1.320412] kernel: pci 0000:00:18.2: bridge window [io  0x1000-0x0fff] to [bus 1d] add_size 1000
[    1.320413] kernel: pci 0000:00:18.3: bridge window [io  0x1000-0x0fff] to [bus 1e] add_size 1000
[    1.320414] kernel: pci 0000:00:18.4: bridge window [io  0x1000-0x0fff] to [bus 1f] add_size 1000
[    1.320415] kernel: pci 0000:00:18.5: bridge window [io  0x1000-0x0fff] to [bus 20] add_size 1000
[    1.320416] kernel: pci 0000:00:18.6: bridge window [io  0x1000-0x0fff] to [bus 21] add_size 1000
[    1.320421] kernel: pci 0000:00:18.7: bridge window [io  0x1000-0x0fff] to [bus 22] add_size 1000
[    1.320438] kernel: pci 0000:00:10.0: ROM [mem 0xc0000000-0xc0003fff pref]: assigned
[    1.320441] kernel: pci 0000:00:15.3: bridge window [io  size 0x1000]: can't assign; no space
[    1.320442] kernel: pci 0000:00:15.3: bridge window [io  size 0x1000]: failed to assign
[    1.320444] kernel: pci 0000:00:15.4: bridge window [io  size 0x1000]: can't assign; no space
[    1.320444] kernel: pci 0000:00:15.4: bridge window [io  size 0x1000]: failed to assign
[    1.320445] kernel: pci 0000:00:15.5: bridge window [io  size 0x1000]: can't assign; no space
[    1.320446] kernel: pci 0000:00:15.5: bridge window [io  size 0x1000]: failed to assign
[    1.320446] kernel: pci 0000:00:15.6: bridge window [io  size 0x1000]: can't assign; no space
[    1.320447] kernel: pci 0000:00:15.6: bridge window [io  size 0x1000]: failed to assign
[    1.320448] kernel: pci 0000:00:15.7: bridge window [io  size 0x1000]: can't assign; no space
[    1.320448] kernel: pci 0000:00:15.7: bridge window [io  size 0x1000]: failed to assign
[    1.320449] kernel: pci 0000:00:16.3: bridge window [io  size 0x1000]: can't assign; no space
[    1.320450] kernel: pci 0000:00:16.3: bridge window [io  size 0x1000]: failed to assign
[    1.320451] kernel: pci 0000:00:16.4: bridge window [io  size 0x1000]: can't assign; no space
[    1.320451] kernel: pci 0000:00:16.4: bridge window [io  size 0x1000]: failed to assign
[    1.320452] kernel: pci 0000:00:16.5: bridge window [io  size 0x1000]: can't assign; no space
[    1.320453] kernel: pci 0000:00:16.5: bridge window [io  size 0x1000]: failed to assign
[    1.320453] kernel: pci 0000:00:16.6: bridge window [io  size 0x1000]: can't assign; no space
[    1.320454] kernel: pci 0000:00:16.6: bridge window [io  size 0x1000]: failed to assign
[    1.320455] kernel: pci 0000:00:16.7: bridge window [io  size 0x1000]: can't assign; no space
[    1.320455] kernel: pci 0000:00:16.7: bridge window [io  size 0x1000]: failed to assign
[    1.320456] kernel: pci 0000:00:17.3: bridge window [io  size 0x1000]: can't assign; no space
[    1.320457] kernel: pci 0000:00:17.3: bridge window [io  size 0x1000]: failed to assign
[    1.320458] kernel: pci 0000:00:17.4: bridge window [io  size 0x1000]: can't assign; no space
[    1.320458] kernel: pci 0000:00:17.4: bridge window [io  size 0x1000]: failed to assign
[    1.320459] kernel: pci 0000:00:17.5: bridge window [io  size 0x1000]: can't assign; no space
[    1.320460] kernel: pci 0000:00:17.5: bridge window [io  size 0x1000]: failed to assign
[    1.320460] kernel: pci 0000:00:17.6: bridge window [io  size 0x1000]: can't assign; no space
[    1.320461] kernel: pci 0000:00:17.6: bridge window [io  size 0x1000]: failed to assign
[    1.320462] kernel: pci 0000:00:17.7: bridge window [io  size 0x1000]: can't assign; no space
[    1.320462] kernel: pci 0000:00:17.7: bridge window [io  size 0x1000]: failed to assign
[    1.320463] kernel: pci 0000:00:18.2: bridge window [io  size 0x1000]: can't assign; no space
[    1.320464] kernel: pci 0000:00:18.2: bridge window [io  size 0x1000]: failed to assign
[    1.320465] kernel: pci 0000:00:18.3: bridge window [io  size 0x1000]: can't assign; no space
[    1.320465] kernel: pci 0000:00:18.3: bridge window [io  size 0x1000]: failed to assign
[    1.320466] kernel: pci 0000:00:18.4: bridge window [io  size 0x1000]: can't assign; no space
[    1.320467] kernel: pci 0000:00:18.4: bridge window [io  size 0x1000]: failed to assign
[    1.320467] kernel: pci 0000:00:18.5: bridge window [io  size 0x1000]: can't assign; no space
[    1.320468] kernel: pci 0000:00:18.5: bridge window [io  size 0x1000]: failed to assign
[    1.320469] kernel: pci 0000:00:18.6: bridge window [io  size 0x1000]: can't assign; no space
[    1.320469] kernel: pci 0000:00:18.6: bridge window [io  size 0x1000]: failed to assign
[    1.320470] kernel: pci 0000:00:18.7: bridge window [io  size 0x1000]: can't assign; no space
[    1.320471] kernel: pci 0000:00:18.7: bridge window [io  size 0x1000]: failed to assign
[    1.320473] kernel: pci 0000:00:18.7: bridge window [io  size 0x1000]: can't assign; no space
[    1.320474] kernel: pci 0000:00:18.7: bridge window [io  size 0x1000]: failed to assign
[    1.320475] kernel: pci 0000:00:18.6: bridge window [io  size 0x1000]: can't assign; no space
[    1.320475] kernel: pci 0000:00:18.6: bridge window [io  size 0x1000]: failed to assign
[    1.320476] kernel: pci 0000:00:18.5: bridge window [io  size 0x1000]: can't assign; no space
[    1.320477] kernel: pci 0000:00:18.5: bridge window [io  size 0x1000]: failed to assign
[    1.320478] kernel: pci 0000:00:18.4: bridge window [io  size 0x1000]: can't assign; no space
[    1.320478] kernel: pci 0000:00:18.4: bridge window [io  size 0x1000]: failed to assign
[    1.320479] kernel: pci 0000:00:18.3: bridge window [io  size 0x1000]: can't assign; no space
[    1.320480] kernel: pci 0000:00:18.3: bridge window [io  size 0x1000]: failed to assign
[    1.320480] kernel: pci 0000:00:18.2: bridge window [io  size 0x1000]: can't assign; no space
[    1.320481] kernel: pci 0000:00:18.2: bridge window [io  size 0x1000]: failed to assign
[    1.320482] kernel: pci 0000:00:17.7: bridge window [io  size 0x1000]: can't assign; no space
[    1.320482] kernel: pci 0000:00:17.7: bridge window [io  size 0x1000]: failed to assign
[    1.320483] kernel: pci 0000:00:17.6: bridge window [io  size 0x1000]: can't assign; no space
[    1.320484] kernel: pci 0000:00:17.6: bridge window [io  size 0x1000]: failed to assign
[    1.320485] kernel: pci 0000:00:17.5: bridge window [io  size 0x1000]: can't assign; no space
[    1.320485] kernel: pci 0000:00:17.5: bridge window [io  size 0x1000]: failed to assign
[    1.320486] kernel: pci 0000:00:17.4: bridge window [io  size 0x1000]: can't assign; no space
[    1.320487] kernel: pci 0000:00:17.4: bridge window [io  size 0x1000]: failed to assign
[    1.320487] kernel: pci 0000:00:17.3: bridge window [io  size 0x1000]: can't assign; no space
[    1.320488] kernel: pci 0000:00:17.3: bridge window [io  size 0x1000]: failed to assign
[    1.320489] kernel: pci 0000:00:16.7: bridge window [io  size 0x1000]: can't assign; no space
[    1.320489] kernel: pci 0000:00:16.7: bridge window [io  size 0x1000]: failed to assign
[    1.320491] kernel: pci 0000:00:16.6: bridge window [io  size 0x1000]: can't assign; no space
[    1.320491] kernel: pci 0000:00:16.6: bridge window [io  size 0x1000]: failed to assign
[    1.320492] kernel: pci 0000:00:16.5: bridge window [io  size 0x1000]: can't assign; no space
[    1.320501] kernel: pci 0000:00:16.5: bridge window [io  size 0x1000]: failed to assign
[    1.320502] kernel: pci 0000:00:16.4: bridge window [io  size 0x1000]: can't assign; no space
[    1.320503] kernel: pci 0000:00:16.4: bridge window [io  size 0x1000]: failed to assign
[    1.320503] kernel: pci 0000:00:16.3: bridge window [io  size 0x1000]: can't assign; no space
[    1.320504] kernel: pci 0000:00:16.3: bridge window [io  size 0x1000]: failed to assign
[    1.320505] kernel: pci 0000:00:15.7: bridge window [io  size 0x1000]: can't assign; no space
[    1.320505] kernel: pci 0000:00:15.7: bridge window [io  size 0x1000]: failed to assign
[    1.320506] kernel: pci 0000:00:15.6: bridge window [io  size 0x1000]: can't assign; no space
[    1.320507] kernel: pci 0000:00:15.6: bridge window [io  size 0x1000]: failed to assign
[    1.320508] kernel: pci 0000:00:15.5: bridge window [io  size 0x1000]: can't assign; no space
[    1.320508] kernel: pci 0000:00:15.5: bridge window [io  size 0x1000]: failed to assign
[    1.320509] kernel: pci 0000:00:15.4: bridge window [io  size 0x1000]: can't assign; no space
[    1.320510] kernel: pci 0000:00:15.4: bridge window [io  size 0x1000]: failed to assign
[    1.320510] kernel: pci 0000:00:15.3: bridge window [io  size 0x1000]: can't assign; no space
[    1.320511] kernel: pci 0000:00:15.3: bridge window [io  size 0x1000]: failed to assign
[    1.320512] kernel: pci 0000:00:01.0: PCI bridge to [bus 01]
[    1.320613] kernel: pci 0000:02:01.0: ROM [mem 0xfd500000-0xfd50ffff pref]: assigned
[    1.320615] kernel: pci 0000:02:04.0: ROM [mem 0xfd510000-0xfd51ffff pref]: assigned
[    1.320616] kernel: pci 0000:00:11.0: PCI bridge to [bus 02]
[    1.320626] kernel: pci 0000:00:11.0:   bridge window [io  0x2000-0x3fff]
[    1.320655] kernel: pci 0000:00:11.0:   bridge window [mem 0xfd500000-0xfdffffff]
[    1.320672] kernel: pci 0000:00:11.0:   bridge window [mem 0xe7b00000-0xe7ffffff 64bit pref]
[    1.320704] kernel: pci 0000:00:15.0: PCI bridge to [bus 03]
[    1.320713] kernel: pci 0000:00:15.0:   bridge window [io  0x4000-0x4fff]
[    1.320737] kernel: pci 0000:00:15.0:   bridge window [mem 0xfd400000-0xfd4fffff]
[    1.320753] kernel: pci 0000:00:15.0:   bridge window [mem 0xe7a00000-0xe7afffff 64bit pref]
[    1.320788] kernel: pci 0000:00:15.1: PCI bridge to [bus 04]
[    1.320797] kernel: pci 0000:00:15.1:   bridge window [io  0x8000-0x8fff]
[    1.320822] kernel: pci 0000:00:15.1:   bridge window [mem 0xfd000000-0xfd0fffff]
[    1.320839] kernel: pci 0000:00:15.1:   bridge window [mem 0xe7600000-0xe76fffff 64bit pref]
[    1.320875] kernel: pci 0000:00:15.2: PCI bridge to [bus 05]
[    1.320884] kernel: pci 0000:00:15.2:   bridge window [io  0xc000-0xcfff]
[    1.320908] kernel: pci 0000:00:15.2:   bridge window [mem 0xfcc00000-0xfccfffff]
[    1.320924] kernel: pci 0000:00:15.2:   bridge window [mem 0xe7200000-0xe72fffff 64bit pref]
[    1.320959] kernel: pci 0000:00:15.3: PCI bridge to [bus 06]
[    1.320986] kernel: pci 0000:00:15.3:   bridge window [mem 0xfc800000-0xfc8fffff]
[    1.321002] kernel: pci 0000:00:15.3:   bridge window [mem 0xe6e00000-0xe6efffff 64bit pref]
[    1.321037] kernel: pci 0000:00:15.4: PCI bridge to [bus 07]
[    1.321061] kernel: pci 0000:00:15.4:   bridge window [mem 0xfc400000-0xfc4fffff]
[    1.321076] kernel: pci 0000:00:15.4:   bridge window [mem 0xe6a00000-0xe6afffff 64bit pref]
[    1.321107] kernel: pci 0000:00:15.5: PCI bridge to [bus 08]
[    1.321131] kernel: pci 0000:00:15.5:   bridge window [mem 0xfc000000-0xfc0fffff]
[    1.321147] kernel: pci 0000:00:15.5:   bridge window [mem 0xe6600000-0xe66fffff 64bit pref]
[    1.321177] kernel: pci 0000:00:15.6: PCI bridge to [bus 09]
[    1.321205] kernel: pci 0000:00:15.6:   bridge window [mem 0xfbc00000-0xfbcfffff]
[    1.321220] kernel: pci 0000:00:15.6:   bridge window [mem 0xe6200000-0xe62fffff 64bit pref]
[    1.321251] kernel: pci 0000:00:15.7: PCI bridge to [bus 0a]
[    1.321274] kernel: pci 0000:00:15.7:   bridge window [mem 0xfb800000-0xfb8fffff]
[    1.321290] kernel: pci 0000:00:15.7:   bridge window [mem 0xe5e00000-0xe5efffff 64bit pref]
[    1.321321] kernel: pci 0000:00:16.0: PCI bridge to [bus 0b]
[    1.321329] kernel: pci 0000:00:16.0:   bridge window [io  0x5000-0x5fff]
[    1.321352] kernel: pci 0000:00:16.0:   bridge window [mem 0xfd300000-0xfd3fffff]
[    1.321368] kernel: pci 0000:00:16.0:   bridge window [mem 0xe7900000-0xe79fffff 64bit pref]
[    1.321399] kernel: pci 0000:00:16.1: PCI bridge to [bus 0c]
[    1.321407] kernel: pci 0000:00:16.1:   bridge window [io  0x9000-0x9fff]
[    1.321430] kernel: pci 0000:00:16.1:   bridge window [mem 0xfcf00000-0xfcffffff]
[    1.321446] kernel: pci 0000:00:16.1:   bridge window [mem 0xe7500000-0xe75fffff 64bit pref]
[    1.321477] kernel: pci 0000:00:16.2: PCI bridge to [bus 0d]
[    1.321485] kernel: pci 0000:00:16.2:   bridge window [io  0xd000-0xdfff]
[    1.321509] kernel: pci 0000:00:16.2:   bridge window [mem 0xfcb00000-0xfcbfffff]
[    1.321527] kernel: pci 0000:00:16.2:   bridge window [mem 0xe7100000-0xe71fffff 64bit pref]
[    1.321565] kernel: pci 0000:00:16.3: PCI bridge to [bus 0e]
[    1.321594] kernel: pci 0000:00:16.3:   bridge window [mem 0xfc700000-0xfc7fffff]
[    1.321619] kernel: pci 0000:00:16.3:   bridge window [mem 0xe6d00000-0xe6dfffff 64bit pref]
[    1.321662] kernel: pci 0000:00:16.4: PCI bridge to [bus 0f]
[    1.321692] kernel: pci 0000:00:16.4:   bridge window [mem 0xfc300000-0xfc3fffff]
[    1.321709] kernel: pci 0000:00:16.4:   bridge window [mem 0xe6900000-0xe69fffff 64bit pref]
[    1.321741] kernel: pci 0000:00:16.5: PCI bridge to [bus 10]
[    1.321766] kernel: pci 0000:00:16.5:   bridge window [mem 0xfbf00000-0xfbffffff]
[    1.321782] kernel: pci 0000:00:16.5:   bridge window [mem 0xe6500000-0xe65fffff 64bit pref]
[    1.321817] kernel: pci 0000:00:16.6: PCI bridge to [bus 11]
[    1.321842] kernel: pci 0000:00:16.6:   bridge window [mem 0xfbb00000-0xfbbfffff]
[    1.321859] kernel: pci 0000:00:16.6:   bridge window [mem 0xe6100000-0xe61fffff 64bit pref]
[    1.321899] kernel: pci 0000:00:16.7: PCI bridge to [bus 12]
[    1.321924] kernel: pci 0000:00:16.7:   bridge window [mem 0xfb700000-0xfb7fffff]
[    1.321940] kernel: pci 0000:00:16.7:   bridge window [mem 0xe5d00000-0xe5dfffff 64bit pref]
[    1.321974] kernel: pci 0000:00:17.0: PCI bridge to [bus 13]
[    1.321983] kernel: pci 0000:00:17.0:   bridge window [io  0x6000-0x6fff]
[    1.322006] kernel: pci 0000:00:17.0:   bridge window [mem 0xfd200000-0xfd2fffff]
[    1.322025] kernel: pci 0000:00:17.0:   bridge window [mem 0xe7800000-0xe78fffff 64bit pref]
[    1.322057] kernel: pci 0000:00:17.1: PCI bridge to [bus 14]
[    1.322066] kernel: pci 0000:00:17.1:   bridge window [io  0xa000-0xafff]
[    1.322090] kernel: pci 0000:00:17.1:   bridge window [mem 0xfce00000-0xfcefffff]
[    1.322107] kernel: pci 0000:00:17.1:   bridge window [mem 0xe7400000-0xe74fffff 64bit pref]
[    1.322139] kernel: pci 0000:00:17.2: PCI bridge to [bus 15]
[    1.322148] kernel: pci 0000:00:17.2:   bridge window [io  0xe000-0xefff]
[    1.322172] kernel: pci 0000:00:17.2:   bridge window [mem 0xfca00000-0xfcafffff]
[    1.322193] kernel: pci 0000:00:17.2:   bridge window [mem 0xe7000000-0xe70fffff 64bit pref]
[    1.322226] kernel: pci 0000:00:17.3: PCI bridge to [bus 16]
[    1.322250] kernel: pci 0000:00:17.3:   bridge window [mem 0xfc600000-0xfc6fffff]
[    1.322270] kernel: pci 0000:00:17.3:   bridge window [mem 0xe6c00000-0xe6cfffff 64bit pref]
[    1.322301] kernel: pci 0000:00:17.4: PCI bridge to [bus 17]
[    1.322327] kernel: pci 0000:00:17.4:   bridge window [mem 0xfc200000-0xfc2fffff]
[    1.322343] kernel: pci 0000:00:17.4:   bridge window [mem 0xe6800000-0xe68fffff 64bit pref]
[    1.322378] kernel: pci 0000:00:17.5: PCI bridge to [bus 18]
[    1.322402] kernel: pci 0000:00:17.5:   bridge window [mem 0xfbe00000-0xfbefffff]
[    1.322417] kernel: pci 0000:00:17.5:   bridge window [mem 0xe6400000-0xe64fffff 64bit pref]
[    1.322449] kernel: pci 0000:00:17.6: PCI bridge to [bus 19]
[    1.322472] kernel: pci 0000:00:17.6:   bridge window [mem 0xfba00000-0xfbafffff]
[    1.322488] kernel: pci 0000:00:17.6:   bridge window [mem 0xe6000000-0xe60fffff 64bit pref]
[    1.322519] kernel: pci 0000:00:17.7: PCI bridge to [bus 1a]
[    1.322542] kernel: pci 0000:00:17.7:   bridge window [mem 0xfb600000-0xfb6fffff]
[    1.322558] kernel: pci 0000:00:17.7:   bridge window [mem 0xe5c00000-0xe5cfffff 64bit pref]
[    1.322589] kernel: pci 0000:00:18.0: PCI bridge to [bus 1b]
[    1.322597] kernel: pci 0000:00:18.0:   bridge window [io  0x7000-0x7fff]
[    1.322620] kernel: pci 0000:00:18.0:   bridge window [mem 0xfd100000-0xfd1fffff]
[    1.322636] kernel: pci 0000:00:18.0:   bridge window [mem 0xe7700000-0xe77fffff 64bit pref]
[    1.322673] kernel: pci 0000:00:18.1: PCI bridge to [bus 1c]
[    1.322681] kernel: pci 0000:00:18.1:   bridge window [io  0xb000-0xbfff]
[    1.322704] kernel: pci 0000:00:18.1:   bridge window [mem 0xfcd00000-0xfcdfffff]
[    1.322720] kernel: pci 0000:00:18.1:   bridge window [mem 0xe7300000-0xe73fffff 64bit pref]
[    1.322751] kernel: pci 0000:00:18.2: PCI bridge to [bus 1d]
[    1.322774] kernel: pci 0000:00:18.2:   bridge window [mem 0xfc900000-0xfc9fffff]
[    1.322790] kernel: pci 0000:00:18.2:   bridge window [mem 0xe6f00000-0xe6ffffff 64bit pref]
[    1.322821] kernel: pci 0000:00:18.3: PCI bridge to [bus 1e]
[    1.322844] kernel: pci 0000:00:18.3:   bridge window [mem 0xfc500000-0xfc5fffff]
[    1.322860] kernel: pci 0000:00:18.3:   bridge window [mem 0xe6b00000-0xe6bfffff 64bit pref]
[    1.322890] kernel: pci 0000:00:18.4: PCI bridge to [bus 1f]
[    1.322914] kernel: pci 0000:00:18.4:   bridge window [mem 0xfc100000-0xfc1fffff]
[    1.322929] kernel: pci 0000:00:18.4:   bridge window [mem 0xe6700000-0xe67fffff 64bit pref]
[    1.322960] kernel: pci 0000:00:18.5: PCI bridge to [bus 20]
[    1.322984] kernel: pci 0000:00:18.5:   bridge window [mem 0xfbd00000-0xfbdfffff]
[    1.322999] kernel: pci 0000:00:18.5:   bridge window [mem 0xe6300000-0xe63fffff 64bit pref]
[    1.323030] kernel: pci 0000:00:18.6: PCI bridge to [bus 21]
[    1.323054] kernel: pci 0000:00:18.6:   bridge window [mem 0xfb900000-0xfb9fffff]
[    1.323069] kernel: pci 0000:00:18.6:   bridge window [mem 0xe5f00000-0xe5ffffff 64bit pref]
[    1.323100] kernel: pci 0000:00:18.7: PCI bridge to [bus 22]
[    1.323124] kernel: pci 0000:00:18.7:   bridge window [mem 0xfb500000-0xfb5fffff]
[    1.323140] kernel: pci 0000:00:18.7:   bridge window [mem 0xe5b00000-0xe5bfffff 64bit pref]
[    1.323171] kernel: pci_bus 0000:00: resource 4 [mem 0x000a0000-0x000bffff window]
[    1.323173] kernel: pci_bus 0000:00: resource 5 [mem 0x000d0000-0x000dbfff window]
[    1.323174] kernel: pci_bus 0000:00: resource 6 [mem 0xc0000000-0xfebfffff window]
[    1.323174] kernel: pci_bus 0000:00: resource 7 [io  0x0000-0x0cf7 window]
[    1.323175] kernel: pci_bus 0000:00: resource 8 [io  0x0d00-0xfeff window]
[    1.323177] kernel: pci_bus 0000:02: resource 0 [io  0x2000-0x3fff]
[    1.323177] kernel: pci_bus 0000:02: resource 1 [mem 0xfd500000-0xfdffffff]
[    1.323178] kernel: pci_bus 0000:02: resource 2 [mem 0xe7b00000-0xe7ffffff 64bit pref]
[    1.323178] kernel: pci_bus 0000:02: resource 4 [mem 0x000a0000-0x000bffff window]
[    1.323179] kernel: pci_bus 0000:02: resource 5 [mem 0x000d0000-0x000dbfff window]
[    1.323180] kernel: pci_bus 0000:02: resource 6 [mem 0xc0000000-0xfebfffff window]
[    1.323180] kernel: pci_bus 0000:02: resource 7 [io  0x0000-0x0cf7 window]
[    1.323181] kernel: pci_bus 0000:02: resource 8 [io  0x0d00-0xfeff window]
[    1.323182] kernel: pci_bus 0000:03: resource 0 [io  0x4000-0x4fff]
[    1.323183] kernel: pci_bus 0000:03: resource 1 [mem 0xfd400000-0xfd4fffff]
[    1.323183] kernel: pci_bus 0000:03: resource 2 [mem 0xe7a00000-0xe7afffff 64bit pref]
[    1.323184] kernel: pci_bus 0000:04: resource 0 [io  0x8000-0x8fff]
[    1.323187] kernel: pci_bus 0000:04: resource 1 [mem 0xfd000000-0xfd0fffff]
[    1.323188] kernel: pci_bus 0000:04: resource 2 [mem 0xe7600000-0xe76fffff 64bit pref]
[    1.323189] kernel: pci_bus 0000:05: resource 0 [io  0xc000-0xcfff]
[    1.323189] kernel: pci_bus 0000:05: resource 1 [mem 0xfcc00000-0xfccfffff]
[    1.323190] kernel: pci_bus 0000:05: resource 2 [mem 0xe7200000-0xe72fffff 64bit pref]
[    1.323191] kernel: pci_bus 0000:06: resource 1 [mem 0xfc800000-0xfc8fffff]
[    1.323191] kernel: pci_bus 0000:06: resource 2 [mem 0xe6e00000-0xe6efffff 64bit pref]
[    1.323192] kernel: pci_bus 0000:07: resource 1 [mem 0xfc400000-0xfc4fffff]
[    1.323193] kernel: pci_bus 0000:07: resource 2 [mem 0xe6a00000-0xe6afffff 64bit pref]
[    1.323193] kernel: pci_bus 0000:08: resource 1 [mem 0xfc000000-0xfc0fffff]
[    1.323194] kernel: pci_bus 0000:08: resource 2 [mem 0xe6600000-0xe66fffff 64bit pref]
[    1.323195] kernel: pci_bus 0000:09: resource 1 [mem 0xfbc00000-0xfbcfffff]
[    1.323195] kernel: pci_bus 0000:09: resource 2 [mem 0xe6200000-0xe62fffff 64bit pref]
[    1.323196] kernel: pci_bus 0000:0a: resource 1 [mem 0xfb800000-0xfb8fffff]
[    1.323197] kernel: pci_bus 0000:0a: resource 2 [mem 0xe5e00000-0xe5efffff 64bit pref]
[    1.323197] kernel: pci_bus 0000:0b: resource 0 [io  0x5000-0x5fff]
[    1.323198] kernel: pci_bus 0000:0b: resource 1 [mem 0xfd300000-0xfd3fffff]
[    1.323199] kernel: pci_bus 0000:0b: resource 2 [mem 0xe7900000-0xe79fffff 64bit pref]
[    1.323199] kernel: pci_bus 0000:0c: resource 0 [io  0x9000-0x9fff]
[    1.323200] kernel: pci_bus 0000:0c: resource 1 [mem 0xfcf00000-0xfcffffff]
[    1.323200] kernel: pci_bus 0000:0c: resource 2 [mem 0xe7500000-0xe75fffff 64bit pref]
[    1.323201] kernel: pci_bus 0000:0d: resource 0 [io  0xd000-0xdfff]
[    1.323202] kernel: pci_bus 0000:0d: resource 1 [mem 0xfcb00000-0xfcbfffff]
[    1.323202] kernel: pci_bus 0000:0d: resource 2 [mem 0xe7100000-0xe71fffff 64bit pref]
[    1.323203] kernel: pci_bus 0000:0e: resource 1 [mem 0xfc700000-0xfc7fffff]
[    1.323204] kernel: pci_bus 0000:0e: resource 2 [mem 0xe6d00000-0xe6dfffff 64bit pref]
[    1.323204] kernel: pci_bus 0000:0f: resource 1 [mem 0xfc300000-0xfc3fffff]
[    1.323205] kernel: pci_bus 0000:0f: resource 2 [mem 0xe6900000-0xe69fffff 64bit pref]
[    1.323206] kernel: pci_bus 0000:10: resource 1 [mem 0xfbf00000-0xfbffffff]
[    1.323206] kernel: pci_bus 0000:10: resource 2 [mem 0xe6500000-0xe65fffff 64bit pref]
[    1.323207] kernel: pci_bus 0000:11: resource 1 [mem 0xfbb00000-0xfbbfffff]
[    1.323207] kernel: pci_bus 0000:11: resource 2 [mem 0xe6100000-0xe61fffff 64bit pref]
[    1.323208] kernel: pci_bus 0000:12: resource 1 [mem 0xfb700000-0xfb7fffff]
[    1.323209] kernel: pci_bus 0000:12: resource 2 [mem 0xe5d00000-0xe5dfffff 64bit pref]
[    1.323210] kernel: pci_bus 0000:13: resource 0 [io  0x6000-0x6fff]
[    1.323210] kernel: pci_bus 0000:13: resource 1 [mem 0xfd200000-0xfd2fffff]
[    1.323211] kernel: pci_bus 0000:13: resource 2 [mem 0xe7800000-0xe78fffff 64bit pref]
[    1.323211] kernel: pci_bus 0000:14: resource 0 [io  0xa000-0xafff]
[    1.323212] kernel: pci_bus 0000:14: resource 1 [mem 0xfce00000-0xfcefffff]
[    1.323212] kernel: pci_bus 0000:14: resource 2 [mem 0xe7400000-0xe74fffff 64bit pref]
[    1.323213] kernel: pci_bus 0000:15: resource 0 [io  0xe000-0xefff]
[    1.323214] kernel: pci_bus 0000:15: resource 1 [mem 0xfca00000-0xfcafffff]
[    1.323214] kernel: pci_bus 0000:15: resource 2 [mem 0xe7000000-0xe70fffff 64bit pref]
[    1.323215] kernel: pci_bus 0000:16: resource 1 [mem 0xfc600000-0xfc6fffff]
[    1.323216] kernel: pci_bus 0000:16: resource 2 [mem 0xe6c00000-0xe6cfffff 64bit pref]
[    1.323216] kernel: pci_bus 0000:17: resource 1 [mem 0xfc200000-0xfc2fffff]
[    1.323217] kernel: pci_bus 0000:17: resource 2 [mem 0xe6800000-0xe68fffff 64bit pref]
[    1.323217] kernel: pci_bus 0000:18: resource 1 [mem 0xfbe00000-0xfbefffff]
[    1.323218] kernel: pci_bus 0000:18: resource 2 [mem 0xe6400000-0xe64fffff 64bit pref]
[    1.323219] kernel: pci_bus 0000:19: resource 1 [mem 0xfba00000-0xfbafffff]
[    1.323219] kernel: pci_bus 0000:19: resource 2 [mem 0xe6000000-0xe60fffff 64bit pref]
[    1.323220] kernel: pci_bus 0000:1a: resource 1 [mem 0xfb600000-0xfb6fffff]
[    1.323221] kernel: pci_bus 0000:1a: resource 2 [mem 0xe5c00000-0xe5cfffff 64bit pref]
[    1.323221] kernel: pci_bus 0000:1b: resource 0 [io  0x7000-0x7fff]
[    1.323222] kernel: pci_bus 0000:1b: resource 1 [mem 0xfd100000-0xfd1fffff]
[    1.323222] kernel: pci_bus 0000:1b: resource 2 [mem 0xe7700000-0xe77fffff 64bit pref]
[    1.323223] kernel: pci_bus 0000:1c: resource 0 [io  0xb000-0xbfff]
[    1.323224] kernel: pci_bus 0000:1c: resource 1 [mem 0xfcd00000-0xfcdfffff]
[    1.323224] kernel: pci_bus 0000:1c: resource 2 [mem 0xe7300000-0xe73fffff 64bit pref]
[    1.323225] kernel: pci_bus 0000:1d: resource 1 [mem 0xfc900000-0xfc9fffff]
[    1.323225] kernel: pci_bus 0000:1d: resource 2 [mem 0xe6f00000-0xe6ffffff 64bit pref]
[    1.323226] kernel: pci_bus 0000:1e: resource 1 [mem 0xfc500000-0xfc5fffff]
[    1.323227] kernel: pci_bus 0000:1e: resource 2 [mem 0xe6b00000-0xe6bfffff 64bit pref]
[    1.323227] kernel: pci_bus 0000:1f: resource 1 [mem 0xfc100000-0xfc1fffff]
[    1.323228] kernel: pci_bus 0000:1f: resource 2 [mem 0xe6700000-0xe67fffff 64bit pref]
[    1.323228] kernel: pci_bus 0000:20: resource 1 [mem 0xfbd00000-0xfbdfffff]
[    1.323229] kernel: pci_bus 0000:20: resource 2 [mem 0xe6300000-0xe63fffff 64bit pref]
[    1.323230] kernel: pci_bus 0000:21: resource 1 [mem 0xfb900000-0xfb9fffff]
[    1.323230] kernel: pci_bus 0000:21: resource 2 [mem 0xe5f00000-0xe5ffffff 64bit pref]
[    1.323231] kernel: pci_bus 0000:22: resource 1 [mem 0xfb500000-0xfb5fffff]
[    1.323232] kernel: pci_bus 0000:22: resource 2 [mem 0xe5b00000-0xe5bfffff 64bit pref]
[    1.323336] kernel: pci 0000:00:00.0: Limiting direct PCI/PCI transfers
[    1.324102] kernel: pci 0000:02:01.0: CLS mismatch (32 != 64), using 64 bytes
[    1.324568] kernel: PCI-DMA: Using software bounce buffering for IO (SWIOTLB)
[    1.324569] kernel: software IO TLB: mapped [mem 0x00000000bbed0000-0x00000000bfed0000] (64MB)
[    1.324614] kernel: clocksource: tsc: mask: 0xffffffffffffffff max_cycles: 0x2a1127c03e1, max_idle_ns: 440795223858 ns
[    1.324818] kernel: Trying to unpack rootfs image as initramfs...
[    1.326300] kernel: clocksource: Switched to clocksource tsc
[    1.336547] kernel: Initialise system trusted keyrings
[    1.336569] kernel: Key type blacklist registered
[    1.337066] kernel: workingset: timestamp_bits=36 max_order=20 bucket_order=0
[    1.337146] kernel: zbud: loaded
[    1.337954] kernel: squashfs: version 4.0 (2009/01/31) Phillip Lougher
[    1.338471] kernel: fuse: init (API version 7.42)
[    1.339364] kernel: integrity: Platform Keyring initialized
[    1.339368] kernel: integrity: Machine keyring initialized
[    1.343885] kernel: Key type asymmetric registered
[    1.343887] kernel: Asymmetric key parser 'x509' registered
[    1.344003] kernel: Block layer SCSI generic (bsg) driver version 0.4 loaded (major 243)
[    1.344392] kernel: io scheduler mq-deadline registered
[    1.345261] kernel: ledtrig-cpu: registered to indicate activity on CPUs
[    1.345879] kernel: pcieport 0000:00:15.0: PME: Signaling with IRQ 24
[    1.345947] kernel: pcieport 0000:00:15.0: pciehp: Slot #160 AttnBtn+ PwrCtrl+ MRL- AttnInd- PwrInd- HotPlug+ Surprise- Interlock- NoCompl+ IbPresDis- LLActRep+
[    1.347435] kernel: pcieport 0000:00:15.1: PME: Signaling with IRQ 25
[    1.347496] kernel: pcieport 0000:00:15.1: pciehp: Slot #161 AttnBtn+ PwrCtrl+ MRL- AttnInd- PwrInd- HotPlug+ Surprise- Interlock- NoCompl+ IbPresDis- LLActRep+
[    1.348706] kernel: pcieport 0000:00:15.2: PME: Signaling with IRQ 26
[    1.348775] kernel: pcieport 0000:00:15.2: pciehp: Slot #162 AttnBtn+ PwrCtrl+ MRL- AttnInd- PwrInd- HotPlug+ Surprise- Interlock- NoCompl+ IbPresDis- LLActRep+
[    1.350183] kernel: pcieport 0000:00:15.3: PME: Signaling with IRQ 27
[    1.350250] kernel: pcieport 0000:00:15.3: pciehp: Slot #163 AttnBtn+ PwrCtrl+ MRL- AttnInd- PwrInd- HotPlug+ Surprise- Interlock- NoCompl+ IbPresDis- LLActRep+
[    1.351700] kernel: pcieport 0000:00:15.4: PME: Signaling with IRQ 28
[    1.351769] kernel: pcieport 0000:00:15.4: pciehp: Slot #164 AttnBtn+ PwrCtrl+ MRL- AttnInd- PwrInd- HotPlug+ Surprise- Interlock- NoCompl+ IbPresDis- LLActRep+
[    1.353355] kernel: pcieport 0000:00:15.5: PME: Signaling with IRQ 29
[    1.353425] kernel: pcieport 0000:00:15.5: pciehp: Slot #165 AttnBtn+ PwrCtrl+ MRL- AttnInd- PwrInd- HotPlug+ Surprise- Interlock- NoCompl+ IbPresDis- LLActRep+
[    1.354581] kernel: pcieport 0000:00:15.6: PME: Signaling with IRQ 30
[    1.354639] kernel: pcieport 0000:00:15.6: pciehp: Slot #166 AttnBtn+ PwrCtrl+ MRL- AttnInd- PwrInd- HotPlug+ Surprise- Interlock- NoCompl+ IbPresDis- LLActRep+
[    1.355994] kernel: pcieport 0000:00:15.7: PME: Signaling with IRQ 31
[    1.356073] kernel: pcieport 0000:00:15.7: pciehp: Slot #167 AttnBtn+ PwrCtrl+ MRL- AttnInd- PwrInd- HotPlug+ Surprise- Interlock- NoCompl+ IbPresDis- LLActRep+
[    1.357367] kernel: pcieport 0000:00:16.0: PME: Signaling with IRQ 32
[    1.357426] kernel: pcieport 0000:00:16.0: pciehp: Slot #192 AttnBtn+ PwrCtrl+ MRL- AttnInd- PwrInd- HotPlug+ Surprise- Interlock- NoCompl+ IbPresDis- LLActRep+
[    1.358539] kernel: pcieport 0000:00:16.1: PME: Signaling with IRQ 33
[    1.358608] kernel: pcieport 0000:00:16.1: pciehp: Slot #193 AttnBtn+ PwrCtrl+ MRL- AttnInd- PwrInd- HotPlug+ Surprise- Interlock- NoCompl+ IbPresDis- LLActRep+
[    1.360215] kernel: pcieport 0000:00:16.2: PME: Signaling with IRQ 34
[    1.360275] kernel: pcieport 0000:00:16.2: pciehp: Slot #194 AttnBtn+ PwrCtrl+ MRL- AttnInd- PwrInd- HotPlug+ Surprise- Interlock- NoCompl+ IbPresDis- LLActRep+
[    1.361446] kernel: pcieport 0000:00:16.3: PME: Signaling with IRQ 35
[    1.361517] kernel: pcieport 0000:00:16.3: pciehp: Slot #195 AttnBtn+ PwrCtrl+ MRL- AttnInd- PwrInd- HotPlug+ Surprise- Interlock- NoCompl+ IbPresDis- LLActRep+
[    1.362508] kernel: pcieport 0000:00:16.4: PME: Signaling with IRQ 36
[    1.362568] kernel: pcieport 0000:00:16.4: pciehp: Slot #196 AttnBtn+ PwrCtrl+ MRL- AttnInd- PwrInd- HotPlug+ Surprise- Interlock- NoCompl+ IbPresDis- LLActRep+
[    1.363645] kernel: pcieport 0000:00:16.5: PME: Signaling with IRQ 37
[    1.363716] kernel: pcieport 0000:00:16.5: pciehp: Slot #197 AttnBtn+ PwrCtrl+ MRL- AttnInd- PwrInd- HotPlug+ Surprise- Interlock- NoCompl+ IbPresDis- LLActRep+
[    1.364749] kernel: pcieport 0000:00:16.6: PME: Signaling with IRQ 38
[    1.364808] kernel: pcieport 0000:00:16.6: pciehp: Slot #198 AttnBtn+ PwrCtrl+ MRL- AttnInd- PwrInd- HotPlug+ Surprise- Interlock- NoCompl+ IbPresDis- LLActRep+
[    1.365690] kernel: pcieport 0000:00:16.7: PME: Signaling with IRQ 39
[    1.365806] kernel: pcieport 0000:00:16.7: pciehp: Slot #199 AttnBtn+ PwrCtrl+ MRL- AttnInd- PwrInd- HotPlug+ Surprise- Interlock- NoCompl+ IbPresDis- LLActRep+
[    1.366951] kernel: pcieport 0000:00:17.0: PME: Signaling with IRQ 40
[    1.367010] kernel: pcieport 0000:00:17.0: pciehp: Slot #224 AttnBtn+ PwrCtrl+ MRL- AttnInd- PwrInd- HotPlug+ Surprise- Interlock- NoCompl+ IbPresDis- LLActRep+
[    1.368052] kernel: pcieport 0000:00:17.1: PME: Signaling with IRQ 41
[    1.368123] kernel: pcieport 0000:00:17.1: pciehp: Slot #225 AttnBtn+ PwrCtrl+ MRL- AttnInd- PwrInd- HotPlug+ Surprise- Interlock- NoCompl+ IbPresDis- LLActRep+
[    1.369233] kernel: pcieport 0000:00:17.2: PME: Signaling with IRQ 42
[    1.369294] kernel: pcieport 0000:00:17.2: pciehp: Slot #226 AttnBtn+ PwrCtrl+ MRL- AttnInd- PwrInd- HotPlug+ Surprise- Interlock- NoCompl+ IbPresDis- LLActRep+
[    1.370336] kernel: pcieport 0000:00:17.3: PME: Signaling with IRQ 43
[    1.370395] kernel: pcieport 0000:00:17.3: pciehp: Slot #227 AttnBtn+ PwrCtrl+ MRL- AttnInd- PwrInd- HotPlug+ Surprise- Interlock- NoCompl+ IbPresDis- LLActRep+
[    1.371271] kernel: pcieport 0000:00:17.4: PME: Signaling with IRQ 44
[    1.371338] kernel: pcieport 0000:00:17.4: pciehp: Slot #228 AttnBtn+ PwrCtrl+ MRL- AttnInd- PwrInd- HotPlug+ Surprise- Interlock- NoCompl+ IbPresDis- LLActRep+
[    1.372161] kernel: pcieport 0000:00:17.5: PME: Signaling with IRQ 45
[    1.372236] kernel: pcieport 0000:00:17.5: pciehp: Slot #229 AttnBtn+ PwrCtrl+ MRL- AttnInd- PwrInd- HotPlug+ Surprise- Interlock- NoCompl+ IbPresDis- LLActRep+
[    1.373290] kernel: pcieport 0000:00:17.6: PME: Signaling with IRQ 46
[    1.373371] kernel: pcieport 0000:00:17.6: pciehp: Slot #230 AttnBtn+ PwrCtrl+ MRL- AttnInd- PwrInd- HotPlug+ Surprise- Interlock- NoCompl+ IbPresDis- LLActRep+
[    1.374459] kernel: pcieport 0000:00:17.7: PME: Signaling with IRQ 47
[    1.374543] kernel: pcieport 0000:00:17.7: pciehp: Slot #231 AttnBtn+ PwrCtrl+ MRL- AttnInd- PwrInd- HotPlug+ Surprise- Interlock- NoCompl+ IbPresDis- LLActRep+
[    1.375696] kernel: pcieport 0000:00:18.0: PME: Signaling with IRQ 48
[    1.375763] kernel: pcieport 0000:00:18.0: pciehp: Slot #256 AttnBtn+ PwrCtrl+ MRL- AttnInd- PwrInd- HotPlug+ Surprise- Interlock- NoCompl+ IbPresDis- LLActRep+
[    1.376792] kernel: pcieport 0000:00:18.1: PME: Signaling with IRQ 49
[    1.376849] kernel: pcieport 0000:00:18.1: pciehp: Slot #257 AttnBtn+ PwrCtrl+ MRL- AttnInd- PwrInd- HotPlug+ Surprise- Interlock- NoCompl+ IbPresDis- LLActRep+
[    1.377872] kernel: pcieport 0000:00:18.2: PME: Signaling with IRQ 50
[    1.377939] kernel: pcieport 0000:00:18.2: pciehp: Slot #258 AttnBtn+ PwrCtrl+ MRL- AttnInd- PwrInd- HotPlug+ Surprise- Interlock- NoCompl+ IbPresDis- LLActRep+
[    1.378859] kernel: pcieport 0000:00:18.3: PME: Signaling with IRQ 51
[    1.378919] kernel: pcieport 0000:00:18.3: pciehp: Slot #259 AttnBtn+ PwrCtrl+ MRL- AttnInd- PwrInd- HotPlug+ Surprise- Interlock- NoCompl+ IbPresDis- LLActRep+
[    1.380029] kernel: pcieport 0000:00:18.4: PME: Signaling with IRQ 52
[    1.380094] kernel: pcieport 0000:00:18.4: pciehp: Slot #260 AttnBtn+ PwrCtrl+ MRL- AttnInd- PwrInd- HotPlug+ Surprise- Interlock- NoCompl+ IbPresDis- LLActRep+
[    1.381447] kernel: pcieport 0000:00:18.5: PME: Signaling with IRQ 53
[    1.381527] kernel: pcieport 0000:00:18.5: pciehp: Slot #261 AttnBtn+ PwrCtrl+ MRL- AttnInd- PwrInd- HotPlug+ Surprise- Interlock- NoCompl+ IbPresDis- LLActRep+
[    1.382382] kernel: pcieport 0000:00:18.6: PME: Signaling with IRQ 54
[    1.382453] kernel: pcieport 0000:00:18.6: pciehp: Slot #262 AttnBtn+ PwrCtrl+ MRL- AttnInd- PwrInd- HotPlug+ Surprise- Interlock- NoCompl+ IbPresDis- LLActRep+
[    1.383565] kernel: pcieport 0000:00:18.7: PME: Signaling with IRQ 55
[    1.383653] kernel: pcieport 0000:00:18.7: pciehp: Slot #263 AttnBtn+ PwrCtrl+ MRL- AttnInd- PwrInd- HotPlug+ Surprise- Interlock- NoCompl+ IbPresDis- LLActRep+
[    1.384394] kernel: shpchp: Standard Hot Plug PCI Controller Driver version: 0.4
[    1.385137] kernel: ACPI: AC: AC Adapter [ACAD] (on-line)
[    1.385309] kernel: input: Power Button as /devices/LNXSYSTM:00/LNXPWRBN:00/input/input0
[    1.385586] kernel: ACPI: button: Power Button [PWRF]
[    1.386980] kernel: Serial: 8250/16550 driver, 32 ports, IRQ sharing enabled
[    1.391272] kernel: Linux agpgart interface v0.103
[    1.391347] kernel: agpgart-intel 0000:00:00.0: Intel 440BX Chipset
[    1.401119] kernel: agpgart-intel 0000:00:00.0: AGP aperture is 256M @ 0x0
[    1.417551] kernel: loop: module loaded
[    1.418097] kernel: ata_piix 0000:00:07.1: version 2.13
[    1.419606] kernel: scsi host0: ata_piix
[    1.420245] kernel: scsi host1: ata_piix
[    1.420300] kernel: ata1: PATA max UDMA/33 cmd 0x1f0 ctl 0x3f6 bmdma 0x1060 irq 14 lpm-pol 0
[    1.420302] kernel: ata2: PATA max UDMA/33 cmd 0x170 ctl 0x376 bmdma 0x1068 irq 15 lpm-pol 0
[    1.420368] kernel: ACPI: bus type drm_connector registered
[    1.421499] kernel: tun: Universal TUN/TAP device driver, 1.6
[    1.421782] kernel: PPP generic driver version 2.4.2
[    1.422597] kernel: ehci-pci 0000:02:03.0: EHCI Host Controller
[    1.422616] kernel: ehci-pci 0000:02:03.0: new USB bus registered, assigned bus number 1
[    1.422891] kernel: ehci-pci 0000:02:03.0: irq 17, io mem 0xfd5ef000
[    1.428261] kernel: ehci-pci 0000:02:03.0: USB 2.0 started, EHCI 1.00
[    1.428321] kernel: usb usb1: New USB device found, idVendor=1d6b, idProduct=0002, bcdDevice= 6.14
[    1.428322] kernel: usb usb1: New USB device strings: Mfr=3, Product=2, SerialNumber=1
[    1.428323] kernel: usb usb1: Product: EHCI Host Controller
[    1.428324] kernel: usb usb1: Manufacturer: Linux 6.14.0-35-generic ehci_hcd
[    1.428325] kernel: usb usb1: SerialNumber: 0000:02:03.0
[    1.428492] kernel: hub 1-0:1.0: USB hub found
[    1.428515] kernel: hub 1-0:1.0: 6 ports detected
[    1.428726] kernel: uhci_hcd 0000:02:00.0: UHCI Host Controller
[    1.428729] kernel: uhci_hcd 0000:02:00.0: new USB bus registered, assigned bus number 2
[    1.428751] kernel: uhci_hcd 0000:02:00.0: detected 2 ports
[    1.428872] kernel: uhci_hcd 0000:02:00.0: irq 18, io port 0x00002080
[    1.429033] kernel: usb usb2: New USB device found, idVendor=1d6b, idProduct=0001, bcdDevice= 6.14
[    1.429035] kernel: usb usb2: New USB device strings: Mfr=3, Product=2, SerialNumber=1
[    1.429035] kernel: usb usb2: Product: UHCI Host Controller
[    1.429036] kernel: usb usb2: Manufacturer: Linux 6.14.0-35-generic uhci_hcd
[    1.429037] kernel: usb usb2: SerialNumber: 0000:02:00.0
[    1.429389] kernel: hub 2-0:1.0: USB hub found
[    1.429394] kernel: hub 2-0:1.0: 2 ports detected
[    1.429650] kernel: i8042: PNP: PS/2 Controller [PNP0303:KBC,PNP0f13:MOUS] at 0x60,0x64 irq 1,12
[    1.430436] kernel: serio: i8042 KBD port at 0x60,0x64 irq 1
[    1.430441] kernel: serio: i8042 AUX port at 0x60,0x64 irq 12
[    1.430637] kernel: mousedev: PS/2 mouse device common for all mice
[    1.431407] kernel: rtc_cmos 00:01: registered as rtc0
[    1.431466] kernel: rtc_cmos 00:01: setting system clock to 2025-11-17T17:43:35 UTC (1763401415)
[    1.431554] kernel: rtc_cmos 00:01: alarms up to one month, y3k, 114 bytes nvram
[    1.431560] kernel: i2c_dev: i2c /dev entries driver
[    1.431596] kernel: device-mapper: core: CONFIG_IMA_DISABLE_HTABLE is disabled. Duplicate IMA measurements will not be recorded in the IMA log.
[    1.431617] kernel: device-mapper: uevent: version 1.0.3
[    1.431895] kernel: device-mapper: ioctl: 4.49.0-ioctl (2025-01-17) initialised: dm-devel@lists.linux.dev
[    1.431899] kernel: intel_pstate: CPU model not supported
[    1.432103] kernel: drop_monitor: Initializing network drop monitor service
[    1.432325] kernel: NET: Registered PF_INET6 protocol family
[    1.556679] kernel: Freeing initrd memory: 71052K
[    1.563737] kernel: input: AT Translated Set 2 keyboard as /devices/platform/i8042/serio0/input/input1
[    1.565133] kernel: Segment Routing with IPv6
[    1.565146] kernel: In-situ OAM (IOAM) with IPv6
[    1.565166] kernel: NET: Registered PF_PACKET protocol family
[    1.565354] kernel: Key type dns_resolver registered
[    1.565872] kernel: IPI shorthand broadcast: enabled
[    1.567349] kernel: sched_clock: Marking stable (1552008141, 15184948)->(1570491672, -3298583)
[    1.568583] kernel: registered taskstats version 1
[    1.572378] kernel: Loading compiled-in X.509 certificates
[    1.572952] kernel: Loaded X.509 cert 'Build time autogenerated kernel key: 41d22baa63dd1c71f702c24bd4d59d850d38a476'
[    1.573158] kernel: Loaded X.509 cert 'Canonical Ltd. Live Patch Signing 2025 Kmod: d541cef61dc7e793b7eb7e899970a2eef0b5dc8c'
[    1.573410] kernel: Loaded X.509 cert 'Canonical Ltd. Live Patch Signing: 14df34d1a87cf37625abec039ef2bf521249b969'
[    1.573653] kernel: Loaded X.509 cert 'Canonical Ltd. Kernel Module Signing: 88f752e560a1e0737e31163a466ad7b70a850c19'
[    1.573654] kernel: blacklist: Loading compiled-in revocation X.509 certificates
[    1.573663] kernel: Loaded X.509 cert 'Canonical Ltd. Secure Boot Signing: 61482aa2830d0ab2ad5af10b7250da9033ddcef0'
[    1.573678] kernel: Loaded X.509 cert 'Canonical Ltd. Secure Boot Signing (2017): 242ade75ac4a15e50d50c84b0d45ff3eae707a03'
[    1.573684] kernel: Loaded X.509 cert 'Canonical Ltd. Secure Boot Signing (ESM 2018): 365188c1d374d6b07c3c8f240f8ef722433d6a8b'
[    1.573690] kernel: Loaded X.509 cert 'Canonical Ltd. Secure Boot Signing (2019): c0746fd6c5da3ae827864651ad66ae47fe24b3e8'
[    1.573696] kernel: Loaded X.509 cert 'Canonical Ltd. Secure Boot Signing (2021 v1): a8d54bbb3825cfb94fa13c9f8a594a195c107b8d'
[    1.573702] kernel: Loaded X.509 cert 'Canonical Ltd. Secure Boot Signing (2021 v2): 4cf046892d6fd3c9a5b03f98d845f90851dc6a8c'
