[    0.000000] kernel: Linux version 6.14.0-35-generic (buildd@lcy02-amd64-078) (x86_64-linux-gnu-gcc-13 (Ubuntu 13.3.0-6ubuntu2~24.04) 13.3.0, GNU ld (GNU Binutils for Ubuntu) 2.42) #35~24.04.1-Ubuntu SMP PREEMPT_DYNAMIC Tue Oct 14 13:55:17 UTC 2 (Ubuntu 6.14.0-35.35~24.04.1-generic 6.14.11)
[    0.000000] kernel: Command line: BOOT_IMAGE=/boot/vmlinuz-6.14.0-35-generic root=UUID=d55d10f7-3be2-4fae-9f74-6ddb42a6afa5 ro quiet splash
[    0.000000] kernel: KERNEL supported cpus:
[    0.000000] kernel:   Intel GenuineIntel
[    0.000000] kernel:   AMD AuthenticAMD
[    0.000000] kernel:   Hygon HygonGenuine
[    0.000000] kernel:   Centaur CentaurHauls
[    0.000000] kernel:   zhaoxin   Shanghai  
[    0.000000] kernel: BIOS-provided physical RAM map:
[    0.000000] kernel: BIOS-e820: [mem 0x0000000000000000-0x000000000009e7ff] usable
[    0.000000] kernel: BIOS-e820: [mem 0x000000000009e800-0x000000000009ffff] reserved
[    0.000000] kernel: BIOS-e820: [mem 0x00000000000dc000-0x00000000000fffff] reserved
[    0.000000] kernel: BIOS-e820: [mem 0x0000000000100000-0x00000000bfecffff] usable
[    0.000000] kernel: BIOS-e820: [mem 0x00000000bfed0000-0x00000000bfefefff] ACPI data
[    0.000000] kernel: BIOS-e820: [mem 0x00000000bfeff000-0x00000000bfefffff] ACPI NVS
[    0.000000] kernel: BIOS-e820: [mem 0x00000000bff00000-0x00000000bfffffff] usable
[    0.000000] kernel: BIOS-e820: [mem 0x00000000f0000000-0x00000000f7ffffff] reserved
[    0.000000] kernel: BIOS-e820: [mem 0x00000000fec00000-0x00000000fec0ffff] reserved
[    0.000000] kernel: BIOS-e820: [mem 0x00000000fee00000-0x00000000fee00fff] reserved
[    0.000000] kernel: BIOS-e820: [mem 0x00000000fffe0000-0x00000000ffffffff] reserved
[    0.000000] kernel: BIOS-e820: [mem 0x0000000100000000-0x000000013fffffff] usable
[    0.000000] kernel: NX (Execute Disable) protection: active
[    0.000000] kernel: APIC: Static calls initialized
[    0.000000] kernel: SMBIOS 2.7 present.
[    0.000000] kernel: DMI: VMware, Inc. VMware Virtual Platform/440BX Desktop Reference Platform, BIOS 6.00 11/12/2020
[    0.000000] kernel: DMI: Memory slots populated: 1/128
[    0.000000] kernel: vmware: hypercall mode: 0x02
[    0.000000] kernel: Hypervisor detected: VMware
[    0.000000] kernel: vmware: TSC freq read from hypervisor : 2918.400 MHz
[    0.000000] kernel: vmware: Host bus clock speed read from hypervisor : 66000000 Hz
[    0.000000] kernel: vmware: using clock offset of 9400866772 ns
[    0.000011] kernel: tsc: Detected 2918.400 MHz processor
[    0.001365] kernel: e820: update [mem 0x00000000-0x00000fff] usable ==> reserved
[    0.001368] kernel: e820: remove [mem 0x000a0000-0x000fffff] usable
[    0.001372] kernel: last_pfn = 0x140000 max_arch_pfn = 0x400000000
[    0.001390] kernel: total RAM covered: 130048M
[    0.001469] kernel: Found optimal setting for mtrr clean up
[    0.001469] kernel:  gran_size: 64K         chunk_size: 64K         num_reg: 7          lose cover RAM: 0G
[    0.001472] kernel: MTRR map: 7 entries (5 fixed + 2 variable; max 21), built from 8 variable MTRRs
[    0.001474] kernel: x86/PAT: Configuration [0-7]: WB  WC  UC- UC  WB  WP  UC- WT  
[    0.001501] kernel: e820: update [mem 0xc0000000-0xffffffff] usable ==> reserved
[    0.001504] kernel: last_pfn = 0xc0000 max_arch_pfn = 0x400000000
[    0.007358] kernel: found SMP MP-table at [mem 0x000f6a70-0x000f6a7f]
[    0.007377] kernel: Using GB pages for direct mapping
[    0.007597] kernel: RAMDISK: [mem 0x2f529000-0x33a8bfff]
[    0.007893] kernel: ACPI: Early table checksum verification disabled
[    0.007899] kernel: ACPI: RSDP 0x00000000000F6A00 000024 (v02 PTLTD )
[    0.007905] kernel: ACPI: XSDT 0x00000000BFEDC633 00005C (v01 INTEL  440BX    06040000 VMW  01324272)
[    0.007910] kernel: ACPI: FACP 0x00000000BFEFEE73 0000F4 (v04 INTEL  440BX    06040000 PTL  000F4240)
[    0.007916] kernel: ACPI: DSDT 0x00000000BFEDD9E8 02148B (v01 PTLTD  Custom   06040000 MSFT 03000001)
[    0.007949] kernel: ACPI: FACS 0x00000000BFEFFFC0 000040
[    0.007951] kernel: ACPI: FACS 0x00000000BFEFFFC0 000040
[    0.007954] kernel: ACPI: BOOT 0x00000000BFEDD9C0 000028 (v01 PTLTD  $SBFTBL$ 06040000  LTP 00000001)
[    0.007957] kernel: ACPI: APIC 0x00000000BFEDD27E 000742 (v01 PTLTD  ? APIC   06040000  LTP 00000000)
[    0.007959] kernel: ACPI: MCFG 0x00000000BFEDD242 00003C (v01 PTLTD  $PCITBL$ 06040000  LTP 00000001)
[    0.007962] kernel: ACPI: SRAT 0x00000000BFEDC72F 0008D0 (v02 VMWARE MEMPLUG  06040000 VMW  00000001)
[    0.007964] kernel: ACPI: HPET 0x00000000BFEDC6F7 000038 (v01 VMWARE VMW HPET 06040000 VMW  00000001)
[    0.007967] kernel: ACPI: WAET 0x00000000BFEDC6CF 000028 (v01 VMWARE VMW WAET 06040000 VMW  00000001)
[    0.007969] kernel: ACPI: Reserving FACP table memory at [mem 0xbfefee73-0xbfefef66]
[    0.007970] kernel: ACPI: Reserving DSDT table memory at [mem 0xbfedd9e8-0xbfefee72]
[    0.007970] kernel: ACPI: Reserving FACS table memory at [mem 0xbfefffc0-0xbfefffff]
[    0.007971] kernel: ACPI: Reserving FACS table memory at [mem 0xbfefffc0-0xbfefffff]
[    0.007971] kernel: ACPI: Reserving BOOT table memory at [mem 0xbfedd9c0-0xbfedd9e7]
[    0.007972] kernel: ACPI: Reserving APIC table memory at [mem 0xbfedd27e-0xbfedd9bf]
[    0.007972] kernel: ACPI: Reserving MCFG table memory at [mem 0xbfedd242-0xbfedd27d]
[    0.007972] kernel: ACPI: Reserving SRAT table memory at [mem 0xbfedc72f-0xbfedcffe]
[    0.007973] kernel: ACPI: Reserving HPET table memory at [mem 0xbfedc6f7-0xbfedc72e]
[    0.007973] kernel: ACPI: Reserving WAET table memory at [mem 0xbfedc6cf-0xbfedc6f6]
[    0.008054] kernel: ACPI: SRAT: Node 0 PXM 0 [mem 0x00000000-0x0009ffff]
[    0.008055] kernel: ACPI: SRAT: Node 0 PXM 0 [mem 0x00100000-0xbfffffff]
[    0.008056] kernel: ACPI: SRAT: Node 0 PXM 0 [mem 0x100000000-0x13fffffff]
[    0.008057] kernel: ACPI: SRAT: Node 0 PXM 0 [mem 0x140000000-0x103fffffff] hotplug
[    0.008059] kernel: NUMA: Node 0 [mem 0x00001000-0x0009ffff] + [mem 0x00100000-0xbfffffff] -> [mem 0x00001000-0xbfffffff]
[    0.008061] kernel: NUMA: Node 0 [mem 0x00001000-0xbfffffff] + [mem 0x100000000-0x13fffffff] -> [mem 0x00001000-0x13fffffff]
[    0.008066] kernel: NODE_DATA(0) allocated [mem 0x13ffd5540-0x13fffffff]
[    0.008613] kernel: Zone ranges:
[    0.008614] kernel:   DMA      [mem 0x0000000000001000-0x0000000000ffffff]
[    0.008615] kernel:   DMA32    [mem 0x0000000001000000-0x00000000ffffffff]
[    0.008616] kernel:   Normal   [mem 0x0000000100000000-0x000000013fffffff]
[    0.008617] kernel:   Device   empty
[    0.008618] kernel: Movable zone start for each node
[    0.008619] kernel: Early memory node ranges
[    0.008619] kernel:   node   0: [mem 0x0000000000001000-0x000000000009dfff]
[    0.008620] kernel:   node   0: [mem 0x0000000000100000-0x00000000bfecffff]
[    0.008621] kernel:   node   0: [mem 0x00000000bff00000-0x00000000bfffffff]
[    0.008621] kernel:   node   0: [mem 0x0000000100000000-0x000000013fffffff]
[    0.008622] kernel: Initmem setup node 0 [mem 0x0000000000001000-0x000000013fffffff]
[    0.008673] kernel: On node 0, zone DMA: 1 pages in unavailable ranges
[    0.009138] kernel: On node 0, zone DMA: 98 pages in unavailable ranges
[    0.097234] kernel: On node 0, zone DMA32: 48 pages in unavailable ranges
[    0.133868] kernel: ACPI: PM-Timer IO Port: 0x1008
[    0.133894] kernel: ACPI: LAPIC_NMI (acpi_id[0x00] high edge lint[0x1])
[    0.133895] kernel: ACPI: LAPIC_NMI (acpi_id[0x01] high edge lint[0x1])
[    0.133896] kernel: ACPI: LAPIC_NMI (acpi_id[0x02] high edge lint[0x1])
[    0.133896] kernel: ACPI: LAPIC_NMI (acpi_id[0x03] high edge lint[0x1])
[    0.133897] kernel: ACPI: LAPIC_NMI (acpi_id[0x04] high edge lint[0x1])
[    0.133897] kernel: ACPI: LAPIC_NMI (acpi_id[0x05] high edge lint[0x1])
[    0.133897] kernel: ACPI: LAPIC_NMI (acpi_id[0x06] high edge lint[0x1])
[    0.133898] kernel: ACPI: LAPIC_NMI (acpi_id[0x07] high edge lint[0x1])
[    0.133898] kernel: ACPI: LAPIC_NMI (acpi_id[0x08] high edge lint[0x1])
[    0.133898] kernel: ACPI: LAPIC_NMI (acpi_id[0x09] high edge lint[0x1])
[    0.133899] kernel: ACPI: LAPIC_NMI (acpi_id[0x0a] high edge lint[0x1])
[    0.133899] kernel: ACPI: LAPIC_NMI (acpi_id[0x0b] high edge lint[0x1])
[    0.133900] kernel: ACPI: LAPIC_NMI (acpi_id[0x0c] high edge lint[0x1])
[    0.133900] kernel: ACPI: LAPIC_NMI (acpi_id[0x0d] high edge lint[0x1])
[    0.133900] kernel: ACPI: LAPIC_NMI (acpi_id[0x0e] high edge lint[0x1])
[    0.133901] kernel: ACPI: LAPIC_NMI (acpi_id[0x0f] high edge lint[0x1])
[    0.133901] kernel: ACPI: LAPIC_NMI (acpi_id[0x10] high edge lint[0x1])
[    0.133902] kernel: ACPI: LAPIC_NMI (acpi_id[0x11] high edge lint[0x1])
[    0.133902] kernel: ACPI: LAPIC_NMI (acpi_id[0x12] high edge lint[0x1])
[    0.133902] kernel: ACPI: LAPIC_NMI (acpi_id[0x13] high edge lint[0x1])
[    0.133903] kernel: ACPI: LAPIC_NMI (acpi_id[0x14] high edge lint[0x1])
[    0.133903] kernel: ACPI: LAPIC_NMI (acpi_id[0x15] high edge lint[0x1])
[    0.133903] kernel: ACPI: LAPIC_NMI (acpi_id[0x16] high edge lint[0x1])
[    0.133904] kernel: ACPI: LAPIC_NMI (acpi_id[0x17] high edge lint[0x1])
[    0.133904] kernel: ACPI: LAPIC_NMI (acpi_id[0x18] high edge lint[0x1])
[    0.133905] kernel: ACPI: LAPIC_NMI (acpi_id[0x19] high edge lint[0x1])
[    0.133905] kernel: ACPI: LAPIC_NMI (acpi_id[0x1a] high edge lint[0x1])
[    0.133905] kernel: ACPI: LAPIC_NMI (acpi_id[0x1b] high edge lint[0x1])
[    0.133906] kernel: ACPI: LAPIC_NMI (acpi_id[0x1c] high edge lint[0x1])
[    0.133906] kernel: ACPI: LAPIC_NMI (acpi_id[0x1d] high edge lint[0x1])
[    0.133907] kernel: ACPI: LAPIC_NMI (acpi_id[0x1e] high edge lint[0x1])
[    0.133907] kernel: ACPI: LAPIC_NMI (acpi_id[0x1f] high edge lint[0x1])
[    0.133907] kernel: ACPI: LAPIC_NMI (acpi_id[0x20] high edge lint[0x1])
[    0.133908] kernel: ACPI: LAPIC_NMI (acpi_id[0x21] high edge lint[0x1])
[    0.133908] kernel: ACPI: LAPIC_NMI (acpi_id[0x22] high edge lint[0x1])
[    0.133908] kernel: ACPI: LAPIC_NMI (acpi_id[0x23] high edge lint[0x1])
[    0.133909] kernel: ACPI: LAPIC_NMI (acpi_id[0x24] high edge lint[0x1])
[    0.133909] kernel: ACPI: LAPIC_NMI (acpi_id[0x25] high edge lint[0x1])
[    0.133910] kernel: ACPI: LAPIC_NMI (acpi_id[0x26] high edge lint[0x1])
[    0.133910] kernel: ACPI: LAPIC_NMI (acpi_id[0x27] high edge lint[0x1])
[    0.133910] kernel: ACPI: LAPIC_NMI (acpi_id[0x28] high edge lint[0x1])
[    0.133911] kernel: ACPI: LAPIC_NMI (acpi_id[0x29] high edge lint[0x1])
[    0.133911] kernel: ACPI: LAPIC_NMI (acpi_id[0x2a] high edge lint[0x1])
[    0.133912] kernel: ACPI: LAPIC_NMI (acpi_id[0x2b] high edge lint[0x1])
[    0.133912] kernel: ACPI: LAPIC_NMI (acpi_id[0x2c] high edge lint[0x1])
[    0.133912] kernel: ACPI: LAPIC_NMI (acpi_id[0x2d] high edge lint[0x1])
[    0.133913] kernel: ACPI: LAPIC_NMI (acpi_id[0x2e] high edge lint[0x1])
[    0.133913] kernel: ACPI: LAPIC_NMI (acpi_id[0x2f] high edge lint[0x1])
[    0.133913] kernel: ACPI: LAPIC_NMI (acpi_id[0x30] high edge lint[0x1])
[    0.133914] kernel: ACPI: LAPIC_NMI (acpi_id[0x31] high edge lint[0x1])
[    0.133914] kernel: ACPI: LAPIC_NMI (acpi_id[0x32] high edge lint[0x1])
[    0.133915] kernel: ACPI: LAPIC_NMI (acpi_id[0x33] high edge lint[0x1])
[    0.133915] kernel: ACPI: LAPIC_NMI (acpi_id[0x34] high edge lint[0x1])
[    0.133915] kernel: ACPI: LAPIC_NMI (acpi_id[0x35] high edge lint[0x1])
[    0.133916] kernel: ACPI: LAPIC_NMI (acpi_id[0x36] high edge lint[0x1])
[    0.133916] kernel: ACPI: LAPIC_NMI (acpi_id[0x37] high edge lint[0x1])
[    0.133917] kernel: ACPI: LAPIC_NMI (acpi_id[0x38] high edge lint[0x1])
[    0.133917] kernel: ACPI: LAPIC_NMI (acpi_id[0x39] high edge lint[0x1])
[    0.133917] kernel: ACPI: LAPIC_NMI (acpi_id[0x3a] high edge lint[0x1])
[    0.133918] kernel: ACPI: LAPIC_NMI (acpi_id[0x3b] high edge lint[0x1])
[    0.133918] kernel: ACPI: LAPIC_NMI (acpi_id[0x3c] high edge lint[0x1])
[    0.133918] kernel: ACPI: LAPIC_NMI (acpi_id[0x3d] high edge lint[0x1])
[    0.133919] kernel: ACPI: LAPIC_NMI (acpi_id[0x3e] high edge lint[0x1])
[    0.133919] kernel: ACPI: LAPIC_NMI (acpi_id[0x3f] high edge lint[0x1])
[    0.133920] kernel: ACPI: LAPIC_NMI (acpi_id[0x40] high edge lint[0x1])
[    0.133920] kernel: ACPI: LAPIC_NMI (acpi_id[0x41] high edge lint[0x1])
[    0.133920] kernel: ACPI: LAPIC_NMI (acpi_id[0x42] high edge lint[0x1])
[    0.133921] kernel: ACPI: LAPIC_NMI (acpi_id[0x43] high edge lint[0x1])
[    0.133921] kernel: ACPI: LAPIC_NMI (acpi_id[0x44] high edge lint[0x1])
[    0.133922] kernel: ACPI: LAPIC_NMI (acpi_id[0x45] high edge lint[0x1])
[    0.133922] kernel: ACPI: LAPIC_NMI (acpi_id[0x46] high edge lint[0x1])
[    0.133922] kernel: ACPI: LAPIC_NMI (acpi_id[0x47] high edge lint[0x1])
[    0.133923] kernel: ACPI: LAPIC_NMI (acpi_id[0x48] high edge lint[0x1])
[    0.133924] kernel: ACPI: LAPIC_NMI (acpi_id[0x49] high edge lint[0x1])
[    0.133925] kernel: ACPI: LAPIC_NMI (acpi_id[0x4a] high edge lint[0x1])
[    0.133925] kernel: ACPI: LAPIC_NMI (acpi_id[0x4b] high edge lint[0x1])
[    0.133926] kernel: ACPI: LAPIC_NMI (acpi_id[0x4c] high edge lint[0x1])
[    0.133926] kernel: ACPI: LAPIC_NMI (acpi_id[0x4d] high edge lint[0x1])
[    0.133927] kernel: ACPI: LAPIC_NMI (acpi_id[0x4e] high edge lint[0x1])
[    0.133927] kernel: ACPI: LAPIC_NMI (acpi_id[0x4f] high edge lint[0x1])
[    0.133927] kernel: ACPI: LAPIC_NMI (acpi_id[0x50] high edge lint[0x1])
[    0.133928] kernel: ACPI: LAPIC_NMI (acpi_id[0x51] high edge lint[0x1])
[    0.133928] kernel: ACPI: LAPIC_NMI (acpi_id[0x52] high edge lint[0x1])
[    0.133929] kernel: ACPI: LAPIC_NMI (acpi_id[0x53] high edge lint[0x1])
[    0.133929] kernel: ACPI: LAPIC_NMI (acpi_id[0x54] high edge lint[0x1])
[    0.133929] kernel: ACPI: LAPIC_NMI (acpi_id[0x55] high edge lint[0x1])
[    0.133930] kernel: ACPI: LAPIC_NMI (acpi_id[0x56] high edge lint[0x1])
[    0.133930] kernel: ACPI: LAPIC_NMI (acpi_id[0x57] high edge lint[0x1])
[    0.133931] kernel: ACPI: LAPIC_NMI (acpi_id[0x58] high edge lint[0x1])
[    0.133931] kernel: ACPI: LAPIC_NMI (acpi_id[0x59] high edge lint[0x1])
[    0.133931] kernel: ACPI: LAPIC_NMI (acpi_id[0x5a] high edge lint[0x1])
[    0.133932] kernel: ACPI: LAPIC_NMI (acpi_id[0x5b] high edge lint[0x1])
[    0.133932] kernel: ACPI: LAPIC_NMI (acpi_id[0x5c] high edge lint[0x1])
[    0.133933] kernel: ACPI: LAPIC_NMI (acpi_id[0x5d] high edge lint[0x1])
[    0.133933] kernel: ACPI: LAPIC_NMI (acpi_id[0x5e] high edge lint[0x1])
[    0.133933] kernel: ACPI: LAPIC_NMI (acpi_id[0x5f] high edge lint[0x1])
[    0.133934] kernel: ACPI: LAPIC_NMI (acpi_id[0x60] high edge lint[0x1])
[    0.133934] kernel: ACPI: LAPIC_NMI (acpi_id[0x61] high edge lint[0x1])
[    0.133935] kernel: ACPI: LAPIC_NMI (acpi_id[0x62] high edge lint[0x1])
[    0.133935] kernel: ACPI: LAPIC_NMI (acpi_id[0x63] high edge lint[0x1])
[    0.133935] kernel: ACPI: LAPIC_NMI (acpi_id[0x64] high edge lint[0x1])
[    0.133936] kernel: ACPI: LAPIC_NMI (acpi_id[0x65] high edge lint[0x1])
[    0.133936] kernel: ACPI: LAPIC_NMI (acpi_id[0x66] high edge lint[0x1])
[    0.133936] kernel: ACPI: LAPIC_NMI (acpi_id[0x67] high edge lint[0x1])
[    0.133937] kernel: ACPI: LAPIC_NMI (acpi_id[0x68] high edge lint[0x1])
[    0.133937] kernel: ACPI: LAPIC_NMI (acpi_id[0x69] high edge lint[0x1])
[    0.133938] kernel: ACPI: LAPIC_NMI (acpi_id[0x6a] high edge lint[0x1])
[    0.133938] kernel: ACPI: LAPIC_NMI (acpi_id[0x6b] high edge lint[0x1])
[    0.133938] kernel: ACPI: LAPIC_NMI (acpi_id[0x6c] high edge lint[0x1])
[    0.133939] kernel: ACPI: LAPIC_NMI (acpi_id[0x6d] high edge lint[0x1])
[    0.133939] kernel: ACPI: LAPIC_NMI (acpi_id[0x6e] high edge lint[0x1])
[    0.133940] kernel: ACPI: LAPIC_NMI (acpi_id[0x6f] high edge lint[0x1])
[    0.133940] kernel: ACPI: LAPIC_NMI (acpi_id[0x70] high edge lint[0x1])
[    0.133940] kernel: ACPI: LAPIC_NMI (acpi_id[0x71] high edge lint[0x1])
[    0.133941] kernel: ACPI: LAPIC_NMI (acpi_id[0x72] high edge lint[0x1])
[    0.133941] kernel: ACPI: LAPIC_NMI (acpi_id[0x73] high edge lint[0x1])
[    0.133942] kernel: ACPI: LAPIC_NMI (acpi_id[0x74] high edge lint[0x1])
[    0.133942] kernel: ACPI: LAPIC_NMI (acpi_id[0x75] high edge lint[0x1])
[    0.133942] kernel: ACPI: LAPIC_NMI (acpi_id[0x76] high edge lint[0x1])
[    0.133943] kernel: ACPI: LAPIC_NMI (acpi_id[0x77] high edge lint[0x1])
[    0.133943] kernel: ACPI: LAPIC_NMI (acpi_id[0x78] high edge lint[0x1])
[    0.133944] kernel: ACPI: LAPIC_NMI (acpi_id[0x79] high edge lint[0x1])
[    0.133944] kernel: ACPI: LAPIC_NMI (acpi_id[0x7a] high edge lint[0x1])
[    0.133944] kernel: ACPI: LAPIC_NMI (acpi_id[0x7b] high edge lint[0x1])
[    0.133945] kernel: ACPI: LAPIC_NMI (acpi_id[0x7c] high edge lint[0x1])
[    0.133945] kernel: ACPI: LAPIC_NMI (acpi_id[0x7d] high edge lint[0x1])
[    0.133946] kernel: ACPI: LAPIC_NMI (acpi_id[0x7e] high edge lint[0x1])
[    0.133946] kernel: ACPI: LAPIC_NMI (acpi_id[0x7f] high edge lint[0x1])
[    0.134026] kernel: IOAPIC[0]: apic_id 1, version 32, address 0xfec00000, GSI 0-23
[    0.134029] kernel: ACPI: INT_SRC_OVR (bus 0 bus_irq 0 global_irq 2 high edge)
[    0.134035] kernel: ACPI: Using ACPI (MADT) for SMP configuration information
[    0.134036] kernel: ACPI: HPET id: 0x8086af01 base: 0xfed00000
[    0.134042] kernel: CPU topo: Max. logical packages: 128
[    0.134043] kernel: CPU topo: Max. logical dies:     128
[    0.134043] kernel: CPU topo: Max. dies per package:   1
[    0.134046] kernel: CPU topo: Max. threads per core:   1
[    0.134046] kernel: CPU topo: Num. cores per package:     1
[    0.134047] kernel: CPU topo: Num. threads per package:   1
[    0.134047] kernel: CPU topo: Allowing 4 present CPUs plus 124 hotplug CPUs
[    0.134058] kernel: PM: hibernation: Registered nosave memory: [mem 0x00000000-0x00000fff]
[    0.134059] kernel: PM: hibernation: Registered nosave memory: [mem 0x0009e000-0x000fffff]
[    0.134060] kernel: PM: hibernation: Registered nosave memory: [mem 0xbfed0000-0xbfefffff]
[    0.134061] kernel: PM: hibernation: Registered nosave memory: [mem 0xc0000000-0xffffffff]
[    0.134062] kernel: [mem 0xc0000000-0xefffffff] available for PCI devices
[    0.134063] kernel: Booting paravirtualized kernel on VMware hypervisor
[    0.134065] kernel: clocksource: refined-jiffies: mask: 0xffffffff max_cycles: 0xffffffff, max_idle_ns: 1910969940391419 ns
[    0.134070] kernel: setup_percpu: NR_CPUS:8192 nr_cpumask_bits:128 nr_cpu_ids:128 nr_node_ids:1
[    0.265865] kernel: percpu: Embedded 88 pages/cpu s237568 r8192 d114688 u524288
[    0.265893] kernel: pcpu-alloc: s237568 r8192 d114688 u524288 alloc=1*2097152
[    0.265896] kernel: pcpu-alloc: [0] 000 001 002 003 [0] 004 005 006 007 
[    0.265899] kernel: pcpu-alloc: [0] 008 009 010 011 [0] 012 013 014 015 
[    0.265901] kernel: pcpu-alloc: [0] 016 017 018 019 [0] 020 021 022 023 
[    0.265904] kernel: pcpu-alloc: [0] 024 025 026 027 [0] 028 029 030 031 
[    0.265906] kernel: pcpu-alloc: [0] 032 033 034 035 [0] 036 037 038 039 
[    0.265909] kernel: pcpu-alloc: [0] 040 041 042 043 [0] 044 045 046 047 
[    0.265911] kernel: pcpu-alloc: [0] 048 049 050 051 [0] 052 053 054 055 
[    0.265914] kernel: pcpu-alloc: [0] 056 057 058 059 [0] 060 061 062 063 
[    0.265916] kernel: pcpu-alloc: [0] 064 065 066 067 [0] 068 069 070 071 
[    0.265918] kernel: pcpu-alloc: [0] 072 073 074 075 [0] 076 077 078 079 
[    0.265921] kernel: pcpu-alloc: [0] 080 081 082 083 [0] 084 085 086 087 
[    0.265923] kernel: pcpu-alloc: [0] 088 089 090 091 [0] 092 093 094 095 
[    0.265926] kernel: pcpu-alloc: [0] 096 097 098 099 [0] 100 101 102 103 
[    0.265928] kernel: pcpu-alloc: [0] 104 105 106 107 [0] 108 109 110 111 
[    0.265931] kernel: pcpu-alloc: [0] 112 113 114 115 [0] 116 117 118 119 
[    0.265933] kernel: pcpu-alloc: [0] 120 121 122 123 [0] 124 125 126 127 
[    0.265985] kernel: Kernel command line: BOOT_IMAGE=/boot/vmlinuz-6.14.0-35-generic root=UUID=d55d10f7-3be2-4fae-9f74-6ddb42a6afa5 ro quiet splash
[    0.266035] kernel: Unknown kernel command line parameters "splash BOOT_IMAGE=/boot/vmlinuz-6.14.0-35-generic", will be passed to user space.
[    0.266048] kernel: random: crng init done
[    0.266050] kernel: printk: log_buf_len individual max cpu contribution: 4096 bytes
[    0.266051] kernel: printk: log_buf_len total cpu_extra contributions: 520192 bytes
[    0.266052] kernel: printk: log_buf_len min size: 262144 bytes
[    0.274770] kernel: printk: log buffer data + meta data: 1048576 + 3670016 = 4718592 bytes
[    0.274772] kernel: printk: early log buf free: 244888(93%)
[    0.282172] kernel: Dentry cache hash table entries: 524288 (order: 10, 4194304 bytes, linear)
[    0.285807] kernel: Inode-cache hash table entries: 262144 (order: 9, 2097152 bytes, linear)
[    0.288254] kernel: Fallback order for Node 0: 0 
[    0.288263] kernel: Built 1 zonelists, mobility grouping on.  Total pages: 1048429
[    0.288264] kernel: Policy zone: Normal
[    0.288272] kernel: mem auto-init: stack:all(zero), heap alloc:on, heap free:off
[    0.288278] kernel: software IO TLB: area num 128.
[    0.358725] kernel: SLUB: HWalign=64, Order=0-3, MinObjects=0, CPUs=128, Nodes=1
[    0.360713] kernel: Kernel/User page tables isolation: enabled
[    0.361194] kernel: ftrace: allocating 60406 entries in 236 pages
[    0.389256] kernel: ftrace: allocated 236 pages with 5 groups
[    0.390773] kernel: Dynamic Preempt: voluntary
[    0.392498] kernel: rcu: Preemptible hierarchical RCU implementation.
[    0.392499] kernel: rcu:         RCU restricting CPUs from NR_CPUS=8192 to nr_cpu_ids=128.
[    0.392500] kernel:         Trampoline variant of Tasks RCU enabled.
[    0.392500] kernel:         Rude variant of Tasks RCU enabled.
[    0.392501] kernel:         Tracing variant of Tasks RCU enabled.
[    0.392501] kernel: rcu: RCU calculated value of scheduler-enlistment delay is 100 jiffies.
[    0.392502] kernel: rcu: Adjusting geometry for rcu_fanout_leaf=16, nr_cpu_ids=128
[    0.392823] kernel: RCU Tasks: Setting shift to 7 and lim to 1 rcu_task_cb_adjust=1 rcu_task_cpu_ids=128.
[    0.392830] kernel: RCU Tasks Rude: Setting shift to 7 and lim to 1 rcu_task_cb_adjust=1 rcu_task_cpu_ids=128.
[    0.392838] kernel: RCU Tasks Trace: Setting shift to 7 and lim to 1 rcu_task_cb_adjust=1 rcu_task_cpu_ids=128.
[    0.396089] kernel: NR_IRQS: 524544, nr_irqs: 1448, preallocated irqs: 16
[    0.396652] kernel: rcu: srcu_init: Setting srcu_struct sizes to big.
[    0.407905] kernel: Console: colour VGA+ 80x25
[    0.407910] kernel: printk: legacy console [tty0] enabled
[    0.408023] kernel: ACPI: Core revision 20240827
[    0.408782] kernel: clocksource: hpet: mask: 0xffffffff max_cycles: 0xffffffff, max_idle_ns: 133484882848 ns
[    0.408882] kernel: APIC: Switch to symmetric I/O mode setup
[    0.409289] kernel: x2apic enabled
[    0.409500] kernel: APIC: Switched APIC routing to: physical x2apic
[    0.410777] kernel: ..TIMER: vector=0x30 apic1=0 pin1=2 apic2=-1 pin2=-1
[    0.410813] kernel: clocksource: tsc-early: mask: 0xffffffffffffffff max_cycles: 0x2a11290c0c8, max_idle_ns: 440795344938 ns
[    0.410818] kernel: Calibrating delay loop (skipped) preset value.. 5836.80 BogoMIPS (lpj=2918400)
[    0.412135] kernel: x86/cpu: User Mode Instruction Prevention (UMIP) activated
[    0.412307] kernel: Last level iTLB entries: 4KB 0, 2MB 0, 4MB 0
[    0.412308] kernel: Last level dTLB entries: 4KB 0, 2MB 0, 4MB 0, 1GB 0
[    0.412313] kernel: Spectre V1 : Mitigation: usercopy/swapgs barriers and __user pointer sanitization
[    0.412315] kernel: Spectre V2 : Spectre BHI mitigation: SW BHB clearing on syscall and VM exit
[    0.412315] kernel: Spectre V2 : Mitigation: IBRS
[    0.412316] kernel: Spectre V2 : Spectre v2 / SpectreRSB: Filling RSB on context switch and VMEXIT
[    0.412316] kernel: RETBleed: Mitigation: IBRS
[    0.412318] kernel: Spectre V2 : mitigation: Enabling conditional Indirect Branch Prediction Barrier
[    0.412318] kernel: Speculative Store Bypass: Mitigation: Speculative Store Bypass disabled via prctl
[    0.412320] kernel: MDS: Mitigation: Clear CPU buffers
[    0.412320] kernel: MMIO Stale Data: Unknown: No mitigations
[    0.412321] kernel: Register File Data Sampling: Vulnerable: No microcode
[    0.412321] kernel: ITS: Mitigation: Aligned branch/return thunks
[    0.412358] kernel: x86/fpu: Supporting XSAVE feature 0x001: 'x87 floating point registers'
[    0.412359] kernel: x86/fpu: Supporting XSAVE feature 0x002: 'SSE registers'
[    0.412360] kernel: x86/fpu: Supporting XSAVE feature 0x004: 'AVX registers'
[    0.412380] kernel: x86/fpu: xstate_offset[2]:  576, xstate_sizes[2]:  256
[    0.412381] kernel: x86/fpu: Enabled xstate features 0x7, context size is 832 bytes, using 'compacted' format.
[    0.660138] kernel: Freeing SMP alternatives memory: 48K
[    0.660145] kernel: pid_max: default: 131072 minimum: 1024
[    0.660277] kernel: LSM: initializing lsm=lockdown,capability,landlock,yama,apparmor,ima,evm
[    0.660296] kernel: landlock: Up and running.
[    0.660297] kernel: Yama: becoming mindful.
[    0.660552] kernel: AppArmor: AppArmor initialized
[    0.660744] kernel: Mount-cache hash table entries: 8192 (order: 4, 65536 bytes, linear)
[    0.660869] kernel: Mountpoint-cache hash table entries: 8192 (order: 4, 65536 bytes, linear)
[    0.664195] kernel: smpboot: CPU0: 13th Gen Intel(R) Core(TM) i7-13700H (family: 0x6, model: 0xba, stepping: 0x2)
[    0.665050] kernel: Performance Events: Alderlake Hybrid events, core PMU driver.
[    0.665323] kernel: core: CPUID marked event: 'cpu cycles' unavailable
[    0.665324] kernel: core: CPUID marked event: 'instructions' unavailable
[    0.665324] kernel: core: CPUID marked event: 'bus cycles' unavailable
[    0.665325] kernel: core: CPUID marked event: 'cache references' unavailable
[    0.665325] kernel: core: CPUID marked event: 'cache misses' unavailable
[    0.665326] kernel: core: CPUID marked event: 'branch instructions' unavailable
[    0.665326] kernel: core: CPUID marked event: 'branch misses' unavailable
[    0.665514] kernel: core: cpu_core PMU driver: 
[    0.665515] kernel: ... version:                1
[    0.665516] kernel: ... bit width:              48
[    0.665517] kernel: ... generic registers:      6
[    0.665517] kernel: ... value mask:             0000ffffffffffff
[    0.665518] kernel: ... max period:             000000007fffffff
[    0.665518] kernel: ... fixed-purpose events:   0
[    0.665519] kernel: ... event mask:             000100000000003f
[    0.665651] kernel: signal: max sigframe size: 1776
[    0.665743] kernel: rcu: Hierarchical SRCU implementation.
[    0.665744] kernel: rcu:         Max phase no-delay instances is 400.
[    0.665922] kernel: Timer migration: 3 hierarchy levels; 8 children per group; 3 crossnode level
[    0.667141] kernel: NMI watchdog: Perf NMI watchdog permanently disabled
[    0.674929] kernel: smp: Bringing up secondary CPUs ...
[    0.675467] kernel: smpboot: x86: Booting SMP configuration:
[    0.675469] kernel: .... node  #0, CPUs:          #1   #2   #3
[    0.678935] kernel: smp: Brought up 1 node, 4 CPUs
[    0.678938] kernel: smpboot: Total of 4 processors activated (23347.20 BogoMIPS)
[    0.680232] kernel: Memory: 3865928K/4193716K available (21451K kernel code, 4568K rwdata, 15064K rodata, 5140K init, 4432K bss, 313864K reserved, 0K cma-reserved)
[    0.681014] kernel: devtmpfs: initialized
[    0.681114] kernel: x86/mm: Memory block size: 128MB
[    0.682413] kernel: ACPI: PM: Registering ACPI NVS region [mem 0xbfeff000-0xbfefffff] (4096 bytes)
[    0.682413] kernel: clocksource: jiffies: mask: 0xffffffff max_cycles: 0xffffffff, max_idle_ns: 1911260446275000 ns
[    0.686227] kernel: futex hash table entries: 32768 (order: 9, 2097152 bytes, linear)
[    0.686831] kernel: pinctrl core: initialized pinctrl subsystem
[    0.687217] kernel: PM: RTC time: 20:55:50, date: 2025-11-10
[    0.691802] kernel: NET: Registered PF_NETLINK/PF_ROUTE protocol family
[    0.692895] kernel: DMA: preallocated 512 KiB GFP_KERNEL pool for atomic allocations
[    0.692946] kernel: DMA: preallocated 512 KiB GFP_KERNEL|GFP_DMA pool for atomic allocations
[    0.693000] kernel: DMA: preallocated 512 KiB GFP_KERNEL|GFP_DMA32 pool for atomic allocations
[    0.693013] kernel: audit: initializing netlink subsys (disabled)
[    0.693158] kernel: audit: type=2000 audit(1762808149.282:1): state=initialized audit_enabled=0 res=1
[    0.693158] kernel: thermal_sys: Registered thermal governor 'fair_share'
[    0.693158] kernel: thermal_sys: Registered thermal governor 'bang_bang'
[    0.693158] kernel: thermal_sys: Registered thermal governor 'step_wise'
[    0.693158] kernel: thermal_sys: Registered thermal governor 'user_space'
[    0.693158] kernel: thermal_sys: Registered thermal governor 'power_allocator'
[    0.693158] kernel: cpuidle: using governor ladder
[    0.693158] kernel: cpuidle: using governor menu
[    0.693158] kernel: Simple Boot Flag at 0x36 set to 0x80
[    0.693286] kernel: acpiphp: ACPI Hot Plug PCI Controller Driver version: 0.5
[    0.694047] kernel: PCI: ECAM [mem 0xf0000000-0xf7ffffff] (base 0xf0000000) for domain 0000 [bus 00-7f]
[    0.694056] kernel: PCI: Using configuration type 1 for base access
[    0.694290] kernel: kprobes: kprobe jump-optimization is enabled. All kprobes are optimized if possible.
[    0.700890] kernel: HugeTLB: registered 1.00 GiB page size, pre-allocated 0 pages
[    0.700892] kernel: HugeTLB: 16380 KiB vmemmap can be freed for a 1.00 GiB page
[    0.700893] kernel: HugeTLB: registered 2.00 MiB page size, pre-allocated 0 pages
[    0.700893] kernel: HugeTLB: 28 KiB vmemmap can be freed for a 2.00 MiB page
[    0.704198] kernel: ACPI: Added _OSI(Module Device)
[    0.704198] kernel: ACPI: Added _OSI(Processor Device)
[    0.704198] kernel: ACPI: Added _OSI(Processor Aggregator Device)
[    0.717114] kernel: ACPI: 1 ACPI AML tables successfully acquired and loaded
[    0.718980] kernel: ACPI: [Firmware Bug]: BIOS _OSI(Linux) query ignored
[    0.730163] kernel: ACPI: Interpreter enabled
[    0.730177] kernel: ACPI: PM: (supports S0 S1 S4 S5)
[    0.730178] kernel: ACPI: Using IOAPIC for interrupt routing
[    0.731268] kernel: PCI: Using host bridge windows from ACPI; if necessary, use "pci=nocrs" and report a bug
[    0.731269] kernel: PCI: Using E820 reservations for host bridge windows
[    0.732080] kernel: ACPI: Enabled 4 GPEs in block 00 to 0F
[    0.866599] kernel: ACPI: PCI Root Bridge [PCI0] (domain 0000 [bus 00-7f])
[    0.866607] kernel: acpi PNP0A03:00: _OSC: OS supports [ExtendedConfig ASPM ClockPM Segments MSI EDR HPX-Type3]
[    0.866683] kernel: acpi PNP0A03:00: _OSC: platform does not support [AER LTR DPC]
[    0.866791] kernel: acpi PNP0A03:00: _OSC: OS now controls [PCIeHotplug SHPCHotplug PME PCIeCapability]
[    0.868396] kernel: PCI host bridge to bus 0000:00
[    0.868399] kernel: pci_bus 0000:00: root bus resource [mem 0x000a0000-0x000bffff window]
[    0.868401] kernel: pci_bus 0000:00: root bus resource [mem 0x000d0000-0x000dbfff window]
[    0.868402] kernel: pci_bus 0000:00: root bus resource [mem 0xc0000000-0xfebfffff window]
[    0.868402] kernel: pci_bus 0000:00: root bus resource [io  0x0000-0x0cf7 window]
[    0.868403] kernel: pci_bus 0000:00: root bus resource [io  0x0d00-0xfeff window]
[    0.868404] kernel: pci_bus 0000:00: root bus resource [bus 00-7f]
[    0.868565] kernel: pci 0000:00:00.0: [8086:7190] type 00 class 0x060000 conventional PCI endpoint
[    0.869819] kernel: pci 0000:00:01.0: [8086:7191] type 01 class 0x060400 conventional PCI bridge
[    0.869819] kernel: pci 0000:00:01.0: PCI bridge to [bus 01]
[    0.875458] kernel: pci 0000:00:07.0: [8086:7110] type 00 class 0x060100 conventional PCI endpoint
[    0.876096] kernel: pci 0000:00:07.1: [8086:7111] type 00 class 0x01018a conventional PCI endpoint
[    0.876636] kernel: pci 0000:00:07.1: BAR 4 [io  0x1060-0x106f]
[    0.876677] kernel: pci 0000:00:07.1: BAR 0 [io  0x01f0-0x01f7]: legacy IDE quirk
[    0.876678] kernel: pci 0000:00:07.1: BAR 1 [io  0x03f6]: legacy IDE quirk
[    0.876679] kernel: pci 0000:00:07.1: BAR 2 [io  0x0170-0x0177]: legacy IDE quirk
[    0.876680] kernel: pci 0000:00:07.1: BAR 3 [io  0x0376]: legacy IDE quirk
[    0.876921] kernel: pci 0000:00:07.3: [8086:7113] type 00 class 0x068000 conventional PCI endpoint
[    0.877436] kernel: pci 0000:00:07.3: quirk: [io  0x1000-0x103f] claimed by PIIX4 ACPI
[    0.877446] kernel: pci 0000:00:07.3: quirk: [io  0x1040-0x104f] claimed by PIIX4 SMB
[    0.877707] kernel: pci 0000:00:07.7: [15ad:0740] type 00 class 0x088000 conventional PCI endpoint
[    0.878144] kernel: pci 0000:00:07.7: BAR 0 [io  0x1080-0x10bf]
[    0.878162] kernel: pci 0000:00:07.7: BAR 1 [mem 0xfebc0000-0xfebfffff 64bit]
[    0.886180] kernel: pci 0000:00:0f.0: [15ad:0405] type 00 class 0x030000 conventional PCI endpoint
[    0.886828] kernel: pci 0000:00:0f.0: BAR 0 [io  0x1070-0x107f]
[    0.886838] kernel: pci 0000:00:0f.0: BAR 1 [mem 0xe8000000-0xefffffff pref]
[    0.886847] kernel: pci 0000:00:0f.0: BAR 2 [mem 0xfe000000-0xfe7fffff]
[    0.886881] kernel: pci 0000:00:0f.0: ROM [mem 0x00000000-0x00007fff pref]
[    0.886930] kernel: pci 0000:00:0f.0: Video device with shadowed ROM at [mem 0x000c0000-0x000dffff]
[    0.887286] kernel: pci 0000:00:10.0: [1000:0030] type 00 class 0x010000 conventional PCI endpoint
[    0.888195] kernel: pci 0000:00:10.0: BAR 0 [io  0x1400-0x14ff]
[    0.888214] kernel: pci 0000:00:10.0: BAR 1 [mem 0xfeb80000-0xfeb9ffff 64bit]
[    0.888235] kernel: pci 0000:00:10.0: BAR 3 [mem 0xfeba0000-0xfebbffff 64bit]
[    0.888252] kernel: pci 0000:00:10.0: ROM [mem 0x00000000-0x00003fff pref]
[    0.888632] kernel: pci 0000:00:11.0: [15ad:0790] type 01 class 0x060401 conventional PCI bridge
[    0.888950] kernel: pci 0000:00:11.0: PCI bridge to [bus 02] (subtractive decode)
[    0.888968] kernel: pci 0000:00:11.0:   bridge window [io  0x2000-0x3fff]
[    0.888985] kernel: pci 0000:00:11.0:   bridge window [mem 0xfd500000-0xfdffffff]
[    0.889056] kernel: pci 0000:00:11.0:   bridge window [mem 0xe7b00000-0xe7ffffff 64bit pref]
[    0.892835] kernel: pci 0000:00:15.0: [15ad:07a0] type 01 class 0x060400 PCIe Root Port
[    0.893031] kernel: pci 0000:00:15.0: PCI bridge to [bus 03]
[    0.893050] kernel: pci 0000:00:15.0:   bridge window [io  0x4000-0x4fff]
[    0.893067] kernel: pci 0000:00:15.0:   bridge window [mem 0xfd400000-0xfd4fffff]
[    0.893139] kernel: pci 0000:00:15.0:   bridge window [mem 0xe7a00000-0xe7afffff 64bit pref]
[    0.893549] kernel: pci 0000:00:15.0: PME# supported from D0 D3hot D3cold
[    0.893980] kernel: pci 0000:00:15.1: [15ad:07a0] type 01 class 0x060400 PCIe Root Port
[    0.894168] kernel: pci 0000:00:15.1: PCI bridge to [bus 04]
[    0.894185] kernel: pci 0000:00:15.1:   bridge window [io  0x8000-0x8fff]
[    0.894203] kernel: pci 0000:00:15.1:   bridge window [mem 0xfd000000-0xfd0fffff]
[    0.894275] kernel: pci 0000:00:15.1:   bridge window [mem 0xe7600000-0xe76fffff 64bit pref]
[    0.894690] kernel: pci 0000:00:15.1: PME# supported from D0 D3hot D3cold
[    0.895137] kernel: pci 0000:00:15.2: [15ad:07a0] type 01 class 0x060400 PCIe Root Port
[    0.895323] kernel: pci 0000:00:15.2: PCI bridge to [bus 05]
[    0.895341] kernel: pci 0000:00:15.2:   bridge window [io  0xc000-0xcfff]
[    0.895357] kernel: pci 0000:00:15.2:   bridge window [mem 0xfcc00000-0xfccfffff]
[    0.895426] kernel: pci 0000:00:15.2:   bridge window [mem 0xe7200000-0xe72fffff 64bit pref]
[    0.895832] kernel: pci 0000:00:15.2: PME# supported from D0 D3hot D3cold
[    0.896231] kernel: pci 0000:00:15.3: [15ad:07a0] type 01 class 0x060400 PCIe Root Port
[    0.896410] kernel: pci 0000:00:15.3: PCI bridge to [bus 06]
[    0.896446] kernel: pci 0000:00:15.3:   bridge window [mem 0xfc800000-0xfc8fffff]
[    0.896522] kernel: pci 0000:00:15.3:   bridge window [mem 0xe6e00000-0xe6efffff 64bit pref]
[    0.896934] kernel: pci 0000:00:15.3: PME# supported from D0 D3hot D3cold
[    0.897298] kernel: pci 0000:00:15.4: [15ad:07a0] type 01 class 0x060400 PCIe Root Port
[    0.897483] kernel: pci 0000:00:15.4: PCI bridge to [bus 07]
[    0.897521] kernel: pci 0000:00:15.4:   bridge window [mem 0xfc400000-0xfc4fffff]
[    0.897592] kernel: pci 0000:00:15.4:   bridge window [mem 0xe6a00000-0xe6afffff 64bit pref]
[    0.898001] kernel: pci 0000:00:15.4: PME# supported from D0 D3hot D3cold
[    0.898410] kernel: pci 0000:00:15.5: [15ad:07a0] type 01 class 0x060400 PCIe Root Port
[    0.898610] kernel: pci 0000:00:15.5: PCI bridge to [bus 08]
[    0.898645] kernel: pci 0000:00:15.5:   bridge window [mem 0xfc000000-0xfc0fffff]
[    0.898745] kernel: pci 0000:00:15.5:   bridge window [mem 0xe6600000-0xe66fffff 64bit pref]
[    0.899213] kernel: pci 0000:00:15.5: PME# supported from D0 D3hot D3cold
[    0.899652] kernel: pci 0000:00:15.6: [15ad:07a0] type 01 class 0x060400 PCIe Root Port
[    0.899840] kernel: pci 0000:00:15.6: PCI bridge to [bus 09]
[    0.899876] kernel: pci 0000:00:15.6:   bridge window [mem 0xfbc00000-0xfbcfffff]
[    0.899950] kernel: pci 0000:00:15.6:   bridge window [mem 0xe6200000-0xe62fffff 64bit pref]
[    0.900349] kernel: pci 0000:00:15.6: PME# supported from D0 D3hot D3cold
[    0.900902] kernel: pci 0000:00:15.7: [15ad:07a0] type 01 class 0x060400 PCIe Root Port
[    0.901090] kernel: pci 0000:00:15.7: PCI bridge to [bus 0a]
[    0.901124] kernel: pci 0000:00:15.7:   bridge window [mem 0xfb800000-0xfb8fffff]
[    0.901196] kernel: pci 0000:00:15.7:   bridge window [mem 0xe5e00000-0xe5efffff 64bit pref]
[    0.901660] kernel: pci 0000:00:15.7: PME# supported from D0 D3hot D3cold
[    0.902110] kernel: pci 0000:00:16.0: [15ad:07a0] type 01 class 0x060400 PCIe Root Port
[    0.902302] kernel: pci 0000:00:16.0: PCI bridge to [bus 0b]
[    0.902319] kernel: pci 0000:00:16.0:   bridge window [io  0x5000-0x5fff]
[    0.902335] kernel: pci 0000:00:16.0:   bridge window [mem 0xfd300000-0xfd3fffff]
[    0.902405] kernel: pci 0000:00:16.0:   bridge window [mem 0xe7900000-0xe79fffff 64bit pref]
[    0.902849] kernel: pci 0000:00:16.0: PME# supported from D0 D3hot D3cold
[    0.903242] kernel: pci 0000:00:16.1: [15ad:07a0] type 01 class 0x060400 PCIe Root Port
[    0.903422] kernel: pci 0000:00:16.1: PCI bridge to [bus 0c]
[    0.903442] kernel: pci 0000:00:16.1:   bridge window [io  0x9000-0x9fff]
[    0.903459] kernel: pci 0000:00:16.1:   bridge window [mem 0xfcf00000-0xfcffffff]
[    0.903784] kernel: pci 0000:00:16.1:   bridge window [mem 0xe7500000-0xe75fffff 64bit pref]
[    0.904221] kernel: pci 0000:00:16.1: PME# supported from D0 D3hot D3cold
[    0.904687] kernel: pci 0000:00:16.2: [15ad:07a0] type 01 class 0x060400 PCIe Root Port
[    0.904892] kernel: pci 0000:00:16.2: PCI bridge to [bus 0d]
[    0.904913] kernel: pci 0000:00:16.2:   bridge window [io  0xd000-0xdfff]
[    0.904931] kernel: pci 0000:00:16.2:   bridge window [mem 0xfcb00000-0xfcbfffff]
[    0.905009] kernel: pci 0000:00:16.2:   bridge window [mem 0xe7100000-0xe71fffff 64bit pref]
[    0.905422] kernel: pci 0000:00:16.2: PME# supported from D0 D3hot D3cold
[    0.905852] kernel: pci 0000:00:16.3: [15ad:07a0] type 01 class 0x060400 PCIe Root Port
[    0.906450] kernel: pci 0000:00:16.3: PCI bridge to [bus 0e]
[    0.906488] kernel: pci 0000:00:16.3:   bridge window [mem 0xfc700000-0xfc7fffff]
[    0.906568] kernel: pci 0000:00:16.3:   bridge window [mem 0xe6d00000-0xe6dfffff 64bit pref]
[    0.906996] kernel: pci 0000:00:16.3: PME# supported from D0 D3hot D3cold
[    0.907495] kernel: pci 0000:00:16.4: [15ad:07a0] type 01 class 0x060400 PCIe Root Port
[    0.907686] kernel: pci 0000:00:16.4: PCI bridge to [bus 0f]
[    0.907719] kernel: pci 0000:00:16.4:   bridge window [mem 0xfc300000-0xfc3fffff]
[    0.907791] kernel: pci 0000:00:16.4:   bridge window [mem 0xe6900000-0xe69fffff 64bit pref]
[    0.908204] kernel: pci 0000:00:16.4: PME# supported from D0 D3hot D3cold
[    0.908639] kernel: pci 0000:00:16.5: [15ad:07a0] type 01 class 0x060400 PCIe Root Port
[    0.908825] kernel: pci 0000:00:16.5: PCI bridge to [bus 10]
[    0.908859] kernel: pci 0000:00:16.5:   bridge window [mem 0xfbf00000-0xfbffffff]
[    0.908931] kernel: pci 0000:00:16.5:   bridge window [mem 0xe6500000-0xe65fffff 64bit pref]
[    0.909344] kernel: pci 0000:00:16.5: PME# supported from D0 D3hot D3cold
[    0.909784] kernel: pci 0000:00:16.6: [15ad:07a0] type 01 class 0x060400 PCIe Root Port
[    0.909983] kernel: pci 0000:00:16.6: PCI bridge to [bus 11]
[    0.910018] kernel: pci 0000:00:16.6:   bridge window [mem 0xfbb00000-0xfbbfffff]
[    0.910091] kernel: pci 0000:00:16.6:   bridge window [mem 0xe6100000-0xe61fffff 64bit pref]
[    0.910502] kernel: pci 0000:00:16.6: PME# supported from D0 D3hot D3cold
[    0.910954] kernel: pci 0000:00:16.7: [15ad:07a0] type 01 class 0x060400 PCIe Root Port
[    0.911146] kernel: pci 0000:00:16.7: PCI bridge to [bus 12]
[    0.911180] kernel: pci 0000:00:16.7:   bridge window [mem 0xfb700000-0xfb7fffff]
[    0.911255] kernel: pci 0000:00:16.7:   bridge window [mem 0xe5d00000-0xe5dfffff 64bit pref]
[    0.911666] kernel: pci 0000:00:16.7: PME# supported from D0 D3hot D3cold
[    0.912067] kernel: pci 0000:00:17.0: [15ad:07a0] type 01 class 0x060400 PCIe Root Port
[    0.912260] kernel: pci 0000:00:17.0: PCI bridge to [bus 13]
[    0.912279] kernel: pci 0000:00:17.0:   bridge window [io  0x6000-0x6fff]
[    0.912296] kernel: pci 0000:00:17.0:   bridge window [mem 0xfd200000-0xfd2fffff]
[    0.912370] kernel: pci 0000:00:17.0:   bridge window [mem 0xe7800000-0xe78fffff 64bit pref]
[    0.912800] kernel: pci 0000:00:17.0: PME# supported from D0 D3hot D3cold
[    0.913221] kernel: pci 0000:00:17.1: [15ad:07a0] type 01 class 0x060400 PCIe Root Port
[    0.913413] kernel: pci 0000:00:17.1: PCI bridge to [bus 14]
[    0.913431] kernel: pci 0000:00:17.1:   bridge window [io  0xa000-0xafff]
[    0.913448] kernel: pci 0000:00:17.1:   bridge window [mem 0xfce00000-0xfcefffff]
[    0.913526] kernel: pci 0000:00:17.1:   bridge window [mem 0xe7400000-0xe74fffff 64bit pref]
[    0.913931] kernel: pci 0000:00:17.1: PME# supported from D0 D3hot D3cold
[    0.914308] kernel: pci 0000:00:17.2: [15ad:07a0] type 01 class 0x060400 PCIe Root Port
[    0.914499] kernel: pci 0000:00:17.2: PCI bridge to [bus 15]
[    0.914521] kernel: pci 0000:00:17.2:   bridge window [io  0xe000-0xefff]
[    0.914539] kernel: pci 0000:00:17.2:   bridge window [mem 0xfca00000-0xfcafffff]
[    0.914613] kernel: pci 0000:00:17.2:   bridge window [mem 0xe7000000-0xe70fffff 64bit pref]
[    0.915031] kernel: pci 0000:00:17.2: PME# supported from D0 D3hot D3cold
[    0.915429] kernel: pci 0000:00:17.3: [15ad:07a0] type 01 class 0x060400 PCIe Root Port
[    0.915623] kernel: pci 0000:00:17.3: PCI bridge to [bus 16]
[    0.915657] kernel: pci 0000:00:17.3:   bridge window [mem 0xfc600000-0xfc6fffff]
[    0.915728] kernel: pci 0000:00:17.3:   bridge window [mem 0xe6c00000-0xe6cfffff 64bit pref]
[    0.916117] kernel: pci 0000:00:17.3: PME# supported from D0 D3hot D3cold
[    0.916496] kernel: pci 0000:00:17.4: [15ad:07a0] type 01 class 0x060400 PCIe Root Port
[    0.916691] kernel: pci 0000:00:17.4: PCI bridge to [bus 17]
[    0.916727] kernel: pci 0000:00:17.4:   bridge window [mem 0xfc200000-0xfc2fffff]
[    0.916800] kernel: pci 0000:00:17.4:   bridge window [mem 0xe6800000-0xe68fffff 64bit pref]
[    0.917218] kernel: pci 0000:00:17.4: PME# supported from D0 D3hot D3cold
[    0.917605] kernel: pci 0000:00:17.5: [15ad:07a0] type 01 class 0x060400 PCIe Root Port
[    0.917792] kernel: pci 0000:00:17.5: PCI bridge to [bus 18]
[    0.917824] kernel: pci 0000:00:17.5:   bridge window [mem 0xfbe00000-0xfbefffff]
[    0.917898] kernel: pci 0000:00:17.5:   bridge window [mem 0xe6400000-0xe64fffff 64bit pref]
[    0.918287] kernel: pci 0000:00:17.5: PME# supported from D0 D3hot D3cold
[    0.918680] kernel: pci 0000:00:17.6: [15ad:07a0] type 01 class 0x060400 PCIe Root Port
[    0.918875] kernel: pci 0000:00:17.6: PCI bridge to [bus 19]
[    0.918912] kernel: pci 0000:00:17.6:   bridge window [mem 0xfba00000-0xfbafffff]
[    0.918991] kernel: pci 0000:00:17.6:   bridge window [mem 0xe6000000-0xe60fffff 64bit pref]
[    0.919437] kernel: pci 0000:00:17.6: PME# supported from D0 D3hot D3cold
[    0.920319] kernel: pci 0000:00:17.7: [15ad:07a0] type 01 class 0x060400 PCIe Root Port
[    0.920519] kernel: pci 0000:00:17.7: PCI bridge to [bus 1a]
[    0.920557] kernel: pci 0000:00:17.7:   bridge window [mem 0xfb600000-0xfb6fffff]
[    0.920631] kernel: pci 0000:00:17.7:   bridge window [mem 0xe5c00000-0xe5cfffff 64bit pref]
[    0.921092] kernel: pci 0000:00:17.7: PME# supported from D0 D3hot D3cold
[    0.921503] kernel: pci 0000:00:18.0: [15ad:07a0] type 01 class 0x060400 PCIe Root Port
[    0.921696] kernel: pci 0000:00:18.0: PCI bridge to [bus 1b]
[    0.921714] kernel: pci 0000:00:18.0:   bridge window [io  0x7000-0x7fff]
[    0.921730] kernel: pci 0000:00:18.0:   bridge window [mem 0xfd100000-0xfd1fffff]
[    0.921802] kernel: pci 0000:00:18.0:   bridge window [mem 0xe7700000-0xe77fffff 64bit pref]
[    0.922194] kernel: pci 0000:00:18.0: PME# supported from D0 D3hot D3cold
[    0.922586] kernel: pci 0000:00:18.1: [15ad:07a0] type 01 class 0x060400 PCIe Root Port
[    0.922772] kernel: pci 0000:00:18.1: PCI bridge to [bus 1c]
[    0.922790] kernel: pci 0000:00:18.1:   bridge window [io  0xb000-0xbfff]
[    0.922816] kernel: pci 0000:00:18.1:   bridge window [mem 0xfcd00000-0xfcdfffff]
[    0.922891] kernel: pci 0000:00:18.1:   bridge window [mem 0xe7300000-0xe73fffff 64bit pref]
[    0.923276] kernel: pci 0000:00:18.1: PME# supported from D0 D3hot D3cold
[    0.923663] kernel: pci 0000:00:18.2: [15ad:07a0] type 01 class 0x060400 PCIe Root Port
[    0.923848] kernel: pci 0000:00:18.2: PCI bridge to [bus 1d]
[    0.923884] kernel: pci 0000:00:18.2:   bridge window [mem 0xfc900000-0xfc9fffff]
[    0.923955] kernel: pci 0000:00:18.2:   bridge window [mem 0xe6f00000-0xe6ffffff 64bit pref]
[    0.924344] kernel: pci 0000:00:18.2: PME# supported from D0 D3hot D3cold
[    0.924740] kernel: pci 0000:00:18.3: [15ad:07a0] type 01 class 0x060400 PCIe Root Port
[    0.924937] kernel: pci 0000:00:18.3: PCI bridge to [bus 1e]
[    0.924971] kernel: pci 0000:00:18.3:   bridge window [mem 0xfc500000-0xfc5fffff]
[    0.925047] kernel: pci 0000:00:18.3:   bridge window [mem 0xe6b00000-0xe6bfffff 64bit pref]
[    0.925446] kernel: pci 0000:00:18.3: PME# supported from D0 D3hot D3cold
[    0.925862] kernel: pci 0000:00:18.4: [15ad:07a0] type 01 class 0x060400 PCIe Root Port
[    0.926110] kernel: pci 0000:00:18.4: PCI bridge to [bus 1f]
[    0.926147] kernel: pci 0000:00:18.4:   bridge window [mem 0xfc100000-0xfc1fffff]
[    0.926220] kernel: pci 0000:00:18.4:   bridge window [mem 0xe6700000-0xe67fffff 64bit pref]
[    0.926654] kernel: pci 0000:00:18.4: PME# supported from D0 D3hot D3cold
[    0.927111] kernel: pci 0000:00:18.5: [15ad:07a0] type 01 class 0x060400 PCIe Root Port
[    0.927303] kernel: pci 0000:00:18.5: PCI bridge to [bus 20]
[    0.927339] kernel: pci 0000:00:18.5:   bridge window [mem 0xfbd00000-0xfbdfffff]
[    0.927411] kernel: pci 0000:00:18.5:   bridge window [mem 0xe6300000-0xe63fffff 64bit pref]
[    0.927857] kernel: pci 0000:00:18.5: PME# supported from D0 D3hot D3cold
[    0.928276] kernel: pci 0000:00:18.6: [15ad:07a0] type 01 class 0x060400 PCIe Root Port
[    0.928462] kernel: pci 0000:00:18.6: PCI bridge to [bus 21]
[    0.928497] kernel: pci 0000:00:18.6:   bridge window [mem 0xfb900000-0xfb9fffff]
[    0.928573] kernel: pci 0000:00:18.6:   bridge window [mem 0xe5f00000-0xe5ffffff 64bit pref]
[    0.929000] kernel: pci 0000:00:18.6: PME# supported from D0 D3hot D3cold
[    0.929476] kernel: pci 0000:00:18.7: [15ad:07a0] type 01 class 0x060400 PCIe Root Port
[    0.929671] kernel: pci 0000:00:18.7: PCI bridge to [bus 22]
[    0.929705] kernel: pci 0000:00:18.7:   bridge window [mem 0xfb500000-0xfb5fffff]
[    0.929777] kernel: pci 0000:00:18.7:   bridge window [mem 0xe5b00000-0xe5bfffff 64bit pref]
[    0.930184] kernel: pci 0000:00:18.7: PME# supported from D0 D3hot D3cold
[    0.938538] kernel: pci_bus 0000:01: extended config space not accessible
[    0.973917] kernel: pci 0000:00:01.0: PCI bridge to [bus 01]
[    0.974102] kernel: pci_bus 0000:02: extended config space not accessible
[    0.974319] kernel: acpiphp: Slot [32] registered
[    0.974336] kernel: acpiphp: Slot [33] registered
[    0.974350] kernel: acpiphp: Slot [34] registered
[    0.974362] kernel: acpiphp: Slot [35] registered
[    0.974375] kernel: acpiphp: Slot [36] registered
[    0.974396] kernel: acpiphp: Slot [37] registered
[    0.974408] kernel: acpiphp: Slot [38] registered
[    0.974420] kernel: acpiphp: Slot [39] registered
[    0.974432] kernel: acpiphp: Slot [40] registered
[    0.974444] kernel: acpiphp: Slot [41] registered
[    0.974456] kernel: acpiphp: Slot [42] registered
[    0.974468] kernel: acpiphp: Slot [43] registered
[    0.974479] kernel: acpiphp: Slot [44] registered
[    0.974501] kernel: acpiphp: Slot [45] registered
[    0.974512] kernel: acpiphp: Slot [46] registered
[    0.974525] kernel: acpiphp: Slot [47] registered
[    0.974537] kernel: acpiphp: Slot [48] registered
[    0.974548] kernel: acpiphp: Slot [49] registered
[    0.974560] kernel: acpiphp: Slot [50] registered
[    0.974572] kernel: acpiphp: Slot [51] registered
[    0.974629] kernel: acpiphp: Slot [52] registered
[    0.974643] kernel: acpiphp: Slot [53] registered
[    0.974655] kernel: acpiphp: Slot [54] registered
[    0.974667] kernel: acpiphp: Slot [55] registered
[    0.974679] kernel: acpiphp: Slot [56] registered
[    0.974691] kernel: acpiphp: Slot [57] registered
[    0.974703] kernel: acpiphp: Slot [58] registered
[    0.974715] kernel: acpiphp: Slot [59] registered
[    0.974736] kernel: acpiphp: Slot [60] registered
[    0.974748] kernel: acpiphp: Slot [61] registered
[    0.974760] kernel: acpiphp: Slot [62] registered
[    0.974772] kernel: acpiphp: Slot [63] registered
[    0.974840] kernel: pci 0000:02:00.0: [15ad:0774] type 00 class 0x0c0300 conventional PCI endpoint
[    0.975381] kernel: pci 0000:02:00.0: BAR 4 [io  0x2080-0x209f]
[    0.976102] kernel: pci 0000:02:01.0: [8086:100f] type 00 class 0x020000 conventional PCI endpoint
[    0.976594] kernel: pci 0000:02:01.0: BAR 0 [mem 0xfd5c0000-0xfd5dffff 64bit]
[    0.976612] kernel: pci 0000:02:01.0: BAR 2 [mem 0xfdff0000-0xfdffffff 64bit]
[    0.976621] kernel: pci 0000:02:01.0: BAR 4 [io  0x2000-0x203f]
[    0.976638] kernel: pci 0000:02:01.0: ROM [mem 0x00000000-0x0000ffff pref]
[    0.976879] kernel: pci 0000:02:01.0: PME# supported from D0 D3hot D3cold
[    0.977296] kernel: pci 0000:02:02.0: [1274:1371] type 00 class 0x040100 conventional PCI endpoint
[    0.977783] kernel: pci 0000:02:02.0: BAR 0 [io  0x2040-0x207f]
[    0.978346] kernel: pci 0000:02:03.0: [15ad:0770] type 00 class 0x0c0320 conventional PCI endpoint
[    0.978817] kernel: pci 0000:02:03.0: BAR 0 [mem 0xfd5ef000-0xfd5effff]
[    0.979399] kernel: pci 0000:02:04.0: [15ad:07e0] type 00 class 0x010601 conventional PCI endpoint
[    0.979868] kernel: pci 0000:02:04.0: BAR 5 [mem 0xfd5ee000-0xfd5eefff]
[    0.979881] kernel: pci 0000:02:04.0: ROM [mem 0x00000000-0x0000ffff pref]
[    0.980185] kernel: pci 0000:02:04.0: PME# supported from D3hot
[    1.013876] kernel: pci 0000:00:11.0: PCI bridge to [bus 02] (subtractive decode)
[    1.013948] kernel: pci 0000:00:11.0:   bridge window [mem 0x000a0000-0x000bffff window] (subtractive decode)
[    1.013949] kernel: pci 0000:00:11.0:   bridge window [mem 0x000d0000-0x000dbfff window] (subtractive decode)
[    1.013950] kernel: pci 0000:00:11.0:   bridge window [mem 0xc0000000-0xfebfffff window] (subtractive decode)
[    1.013951] kernel: pci 0000:00:11.0:   bridge window [io  0x0000-0x0cf7 window] (subtractive decode)
[    1.013952] kernel: pci 0000:00:11.0:   bridge window [io  0x0d00-0xfeff window] (subtractive decode)
[    1.015294] kernel: pci 0000:00:15.0: PCI bridge to [bus 03]
[    1.016731] kernel: pci 0000:00:15.1: PCI bridge to [bus 04]
[    1.018146] kernel: pci 0000:00:15.2: PCI bridge to [bus 05]
[    1.019482] kernel: pci 0000:00:15.3: PCI bridge to [bus 06]
[    1.020820] kernel: pci 0000:00:15.4: PCI bridge to [bus 07]
[    1.022196] kernel: pci 0000:00:15.5: PCI bridge to [bus 08]
[    1.023587] kernel: pci 0000:00:15.6: PCI bridge to [bus 09]
[    1.024983] kernel: pci 0000:00:15.7: PCI bridge to [bus 0a]
[    1.026345] kernel: pci 0000:00:16.0: PCI bridge to [bus 0b]
[    1.028040] kernel: pci 0000:00:16.1: PCI bridge to [bus 0c]
[    1.029556] kernel: pci 0000:00:16.2: PCI bridge to [bus 0d]
[    1.030966] kernel: pci 0000:00:16.3: PCI bridge to [bus 0e]
[    1.032365] kernel: pci 0000:00:16.4: PCI bridge to [bus 0f]
[    1.033739] kernel: pci 0000:00:16.5: PCI bridge to [bus 10]
[    1.035092] kernel: pci 0000:00:16.6: PCI bridge to [bus 11]
[    1.036474] kernel: pci 0000:00:16.7: PCI bridge to [bus 12]
[    1.037866] kernel: pci 0000:00:17.0: PCI bridge to [bus 13]
[    1.039218] kernel: pci 0000:00:17.1: PCI bridge to [bus 14]
[    1.040551] kernel: pci 0000:00:17.2: PCI bridge to [bus 15]
[    1.041915] kernel: pci 0000:00:17.3: PCI bridge to [bus 16]
[    1.043393] kernel: pci 0000:00:17.4: PCI bridge to [bus 17]
[    1.044837] kernel: pci 0000:00:17.5: PCI bridge to [bus 18]
[    1.046181] kernel: pci 0000:00:17.6: PCI bridge to [bus 19]
[    1.047506] kernel: pci 0000:00:17.7: PCI bridge to [bus 1a]
[    1.048870] kernel: pci 0000:00:18.0: PCI bridge to [bus 1b]
[    1.050199] kernel: pci 0000:00:18.1: PCI bridge to [bus 1c]
[    1.051676] kernel: pci 0000:00:18.2: PCI bridge to [bus 1d]
[    1.053046] kernel: pci 0000:00:18.3: PCI bridge to [bus 1e]
[    1.054379] kernel: pci 0000:00:18.4: PCI bridge to [bus 1f]
[    1.055717] kernel: pci 0000:00:18.5: PCI bridge to [bus 20]
[    1.057060] kernel: pci 0000:00:18.6: PCI bridge to [bus 21]
[    1.058480] kernel: pci 0000:00:18.7: PCI bridge to [bus 22]
[    1.060150] kernel: ACPI: PCI: Interrupt link LNKA configured for IRQ 9
[    1.060194] kernel: ACPI: PCI: Interrupt link LNKB configured for IRQ 11
[    1.060230] kernel: ACPI: PCI: Interrupt link LNKC configured for IRQ 10
[    1.060266] kernel: ACPI: PCI: Interrupt link LNKD configured for IRQ 7
[    1.079830] kernel: iommu: Default domain type: Translated
[    1.079830] kernel: iommu: DMA domain TLB invalidation policy: lazy mode
[    1.079955] kernel: SCSI subsystem initialized
[    1.080828] kernel: libata version 3.00 loaded.
[    1.080854] kernel: ACPI: bus type USB registered
[    1.080862] kernel: usbcore: registered new interface driver usbfs
[    1.080871] kernel: usbcore: registered new interface driver hub
[    1.080989] kernel: usbcore: registered new device driver usb
[    1.080999] kernel: pps_core: LinuxPPS API ver. 1 registered
[    1.081000] kernel: pps_core: Software ver. 5.3.6 - Copyright 2005-2007 Rodolfo Giometti <giometti@linux.it>
[    1.081001] kernel: PTP clock support registered
[    1.081180] kernel: EDAC MC: Ver: 3.0.0
[    1.084152] kernel: NetLabel: Initializing
[    1.084153] kernel: NetLabel:  domain hash size = 128
[    1.084154] kernel: NetLabel:  protocols = UNLABELED CIPSOv4 CALIPSO
[    1.084162] kernel: NetLabel:  unlabeled traffic allowed by default
[    1.084229] kernel: mctp: management component transport protocol core
[    1.084230] kernel: NET: Registered PF_MCTP protocol family
[    1.084241] kernel: PCI: Using ACPI for IRQ routing
[    1.248562] kernel: PCI: pci_cache_line_size set to 64 bytes
[    1.249361] kernel: e820: reserve RAM buffer [mem 0x0009e800-0x0009ffff]
[    1.249364] kernel: e820: reserve RAM buffer [mem 0xbfed0000-0xbfffffff]
[    1.249444] kernel: pci 0000:00:0f.0: vgaarb: setting as boot VGA device
[    1.249445] kernel: pci 0000:00:0f.0: vgaarb: bridge control possible
[    1.249446] kernel: pci 0000:00:0f.0: vgaarb: VGA device added: decodes=io+mem,owns=io+mem,locks=none
[    1.249453] kernel: vgaarb: loaded
[    1.249882] kernel: hpet0: at MMIO 0xfed00000, IRQs 2, 8, 0, 0, 0, 0, 0, 0, 0, 0, 0, 0, 0, 0, 0, 0
[    1.249889] kernel: hpet0: 16 comparators, 64-bit 14.318180 MHz counter
[    1.252992] kernel: clocksource: Switched to clocksource tsc-early
[    1.254376] kernel: VFS: Disk quotas dquot_6.6.0
[    1.254683] kernel: VFS: Dquot-cache hash table entries: 512 (order 0, 4096 bytes)
[    1.255089] kernel: AppArmor: AppArmor Filesystem Enabled
[    1.255110] kernel: pnp: PnP ACPI init
[    1.255354] kernel: system 00:00: [io  0x1000-0x103f] has been reserved
[    1.255356] kernel: system 00:00: [io  0x1040-0x104f] has been reserved
[    1.255358] kernel: system 00:00: [io  0x0cf0-0x0cf1] has been reserved
[    1.255553] kernel: system 00:04: [mem 0xfed00000-0xfed003ff] has been reserved
[    1.256413] kernel: pnp 00:05: [dma 2]
[    1.256592] kernel: system 00:06: [io  0xfce0-0xfcff] has been reserved
[    1.256594] kernel: system 00:06: [mem 0xf0000000-0xf7ffffff] has been reserved
[    1.256595] kernel: system 00:06: [mem 0xfe800000-0xfe9fffff] has been reserved
[    1.269361] kernel: pnp: PnP ACPI: found 7 devices
[    1.275452] kernel: clocksource: acpi_pm: mask: 0xffffff max_cycles: 0xffffff, max_idle_ns: 2085701024 ns
[    1.275652] kernel: NET: Registered PF_INET protocol family
[    1.276662] kernel: IP idents hash table entries: 65536 (order: 7, 524288 bytes, linear)
[    1.297841] kernel: tcp_listen_portaddr_hash hash table entries: 2048 (order: 3, 32768 bytes, linear)
[    1.297864] kernel: Table-perturb hash table entries: 65536 (order: 6, 262144 bytes, linear)
[    1.297900] kernel: TCP established hash table entries: 32768 (order: 6, 262144 bytes, linear)
[    1.298058] kernel: TCP bind hash table entries: 32768 (order: 8, 1048576 bytes, linear)
[    1.298097] kernel: TCP: Hash tables configured (established 32768 bind 32768)
[    1.298708] kernel: MPTCP token hash table entries: 4096 (order: 4, 98304 bytes, linear)
[    1.298730] kernel: UDP hash table entries: 2048 (order: 5, 131072 bytes, linear)
[    1.298802] kernel: UDP-Lite hash table entries: 2048 (order: 5, 131072 bytes, linear)
[    1.299134] kernel: NET: Registered PF_UNIX/PF_LOCAL protocol family
[    1.299140] kernel: NET: Registered PF_XDP protocol family
[    1.299152] kernel: pci 0000:00:15.3: bridge window [io  0x1000-0x0fff] to [bus 06] add_size 1000
[    1.299155] kernel: pci 0000:00:15.4: bridge window [io  0x1000-0x0fff] to [bus 07] add_size 1000
[    1.299156] kernel: pci 0000:00:15.5: bridge window [io  0x1000-0x0fff] to [bus 08] add_size 1000
[    1.299157] kernel: pci 0000:00:15.6: bridge window [io  0x1000-0x0fff] to [bus 09] add_size 1000
[    1.299158] kernel: pci 0000:00:15.7: bridge window [io  0x1000-0x0fff] to [bus 0a] add_size 1000
[    1.299159] kernel: pci 0000:00:16.3: bridge window [io  0x1000-0x0fff] to [bus 0e] add_size 1000
[    1.299160] kernel: pci 0000:00:16.4: bridge window [io  0x1000-0x0fff] to [bus 0f] add_size 1000
[    1.299161] kernel: pci 0000:00:16.5: bridge window [io  0x1000-0x0fff] to [bus 10] add_size 1000
[    1.299162] kernel: pci 0000:00:16.6: bridge window [io  0x1000-0x0fff] to [bus 11] add_size 1000
[    1.299163] kernel: pci 0000:00:16.7: bridge window [io  0x1000-0x0fff] to [bus 12] add_size 1000
[    1.299164] kernel: pci 0000:00:17.3: bridge window [io  0x1000-0x0fff] to [bus 16] add_size 1000
[    1.299165] kernel: pci 0000:00:17.4: bridge window [io  0x1000-0x0fff] to [bus 17] add_size 1000
[    1.299166] kernel: pci 0000:00:17.5: bridge window [io  0x1000-0x0fff] to [bus 18] add_size 1000
[    1.299166] kernel: pci 0000:00:17.6: bridge window [io  0x1000-0x0fff] to [bus 19] add_size 1000
[    1.299167] kernel: pci 0000:00:17.7: bridge window [io  0x1000-0x0fff] to [bus 1a] add_size 1000
[    1.299168] kernel: pci 0000:00:18.2: bridge window [io  0x1000-0x0fff] to [bus 1d] add_size 1000
[    1.299177] kernel: pci 0000:00:18.3: bridge window [io  0x1000-0x0fff] to [bus 1e] add_size 1000
[    1.299178] kernel: pci 0000:00:18.4: bridge window [io  0x1000-0x0fff] to [bus 1f] add_size 1000
[    1.299179] kernel: pci 0000:00:18.5: bridge window [io  0x1000-0x0fff] to [bus 20] add_size 1000
[    1.299180] kernel: pci 0000:00:18.6: bridge window [io  0x1000-0x0fff] to [bus 21] add_size 1000
[    1.299180] kernel: pci 0000:00:18.7: bridge window [io  0x1000-0x0fff] to [bus 22] add_size 1000
[    1.299190] kernel: pci 0000:00:10.0: ROM [mem 0xc0000000-0xc0003fff pref]: assigned
[    1.299193] kernel: pci 0000:00:15.3: bridge window [io  size 0x1000]: can't assign; no space
[    1.299194] kernel: pci 0000:00:15.3: bridge window [io  size 0x1000]: failed to assign
[    1.299195] kernel: pci 0000:00:15.4: bridge window [io  size 0x1000]: can't assign; no space
[    1.299196] kernel: pci 0000:00:15.4: bridge window [io  size 0x1000]: failed to assign
[    1.299197] kernel: pci 0000:00:15.5: bridge window [io  size 0x1000]: can't assign; no space
[    1.299197] kernel: pci 0000:00:15.5: bridge window [io  size 0x1000]: failed to assign
[    1.299198] kernel: pci 0000:00:15.6: bridge window [io  size 0x1000]: can't assign; no space
[    1.299199] kernel: pci 0000:00:15.6: bridge window [io  size 0x1000]: failed to assign
[    1.299200] kernel: pci 0000:00:15.7: bridge window [io  size 0x1000]: can't assign; no space
[    1.299200] kernel: pci 0000:00:15.7: bridge window [io  size 0x1000]: failed to assign
[    1.299201] kernel: pci 0000:00:16.3: bridge window [io  size 0x1000]: can't assign; no space
[    1.299202] kernel: pci 0000:00:16.3: bridge window [io  size 0x1000]: failed to assign
[    1.299202] kernel: pci 0000:00:16.4: bridge window [io  size 0x1000]: can't assign; no space
[    1.299203] kernel: pci 0000:00:16.4: bridge window [io  size 0x1000]: failed to assign
[    1.299204] kernel: pci 0000:00:16.5: bridge window [io  size 0x1000]: can't assign; no space
[    1.299204] kernel: pci 0000:00:16.5: bridge window [io  size 0x1000]: failed to assign
[    1.299205] kernel: pci 0000:00:16.6: bridge window [io  size 0x1000]: can't assign; no space
[    1.299206] kernel: pci 0000:00:16.6: bridge window [io  size 0x1000]: failed to assign
[    1.299206] kernel: pci 0000:00:16.7: bridge window [io  size 0x1000]: can't assign; no space
[    1.299207] kernel: pci 0000:00:16.7: bridge window [io  size 0x1000]: failed to assign
[    1.299208] kernel: pci 0000:00:17.3: bridge window [io  size 0x1000]: can't assign; no space
[    1.299208] kernel: pci 0000:00:17.3: bridge window [io  size 0x1000]: failed to assign
[    1.299209] kernel: pci 0000:00:17.4: bridge window [io  size 0x1000]: can't assign; no space
[    1.299210] kernel: pci 0000:00:17.4: bridge window [io  size 0x1000]: failed to assign
[    1.299210] kernel: pci 0000:00:17.5: bridge window [io  size 0x1000]: can't assign; no space
[    1.299211] kernel: pci 0000:00:17.5: bridge window [io  size 0x1000]: failed to assign
[    1.299212] kernel: pci 0000:00:17.6: bridge window [io  size 0x1000]: can't assign; no space
[    1.299212] kernel: pci 0000:00:17.6: bridge window [io  size 0x1000]: failed to assign
[    1.299213] kernel: pci 0000:00:17.7: bridge window [io  size 0x1000]: can't assign; no space
[    1.299214] kernel: pci 0000:00:17.7: bridge window [io  size 0x1000]: failed to assign
[    1.299214] kernel: pci 0000:00:18.2: bridge window [io  size 0x1000]: can't assign; no space
[    1.299215] kernel: pci 0000:00:18.2: bridge window [io  size 0x1000]: failed to assign
[    1.299216] kernel: pci 0000:00:18.3: bridge window [io  size 0x1000]: can't assign; no space
[    1.299216] kernel: pci 0000:00:18.3: bridge window [io  size 0x1000]: failed to assign
[    1.299217] kernel: pci 0000:00:18.4: bridge window [io  size 0x1000]: can't assign; no space
[    1.299218] kernel: pci 0000:00:18.4: bridge window [io  size 0x1000]: failed to assign
[    1.299218] kernel: pci 0000:00:18.5: bridge window [io  size 0x1000]: can't assign; no space
[    1.299219] kernel: pci 0000:00:18.5: bridge window [io  size 0x1000]: failed to assign
[    1.299220] kernel: pci 0000:00:18.6: bridge window [io  size 0x1000]: can't assign; no space
[    1.299220] kernel: pci 0000:00:18.6: bridge window [io  size 0x1000]: failed to assign
[    1.299221] kernel: pci 0000:00:18.7: bridge window [io  size 0x1000]: can't assign; no space
[    1.299222] kernel: pci 0000:00:18.7: bridge window [io  size 0x1000]: failed to assign
[    1.299224] kernel: pci 0000:00:18.7: bridge window [io  size 0x1000]: can't assign; no space
[    1.299224] kernel: pci 0000:00:18.7: bridge window [io  size 0x1000]: failed to assign
[    1.299225] kernel: pci 0000:00:18.6: bridge window [io  size 0x1000]: can't assign; no space
[    1.299226] kernel: pci 0000:00:18.6: bridge window [io  size 0x1000]: failed to assign
[    1.299227] kernel: pci 0000:00:18.5: bridge window [io  size 0x1000]: can't assign; no space
[    1.299227] kernel: pci 0000:00:18.5: bridge window [io  size 0x1000]: failed to assign
[    1.299228] kernel: pci 0000:00:18.4: bridge window [io  size 0x1000]: can't assign; no space
[    1.299229] kernel: pci 0000:00:18.4: bridge window [io  size 0x1000]: failed to assign
[    1.299229] kernel: pci 0000:00:18.3: bridge window [io  size 0x1000]: can't assign; no space
[    1.299230] kernel: pci 0000:00:18.3: bridge window [io  size 0x1000]: failed to assign
[    1.299231] kernel: pci 0000:00:18.2: bridge window [io  size 0x1000]: can't assign; no space
[    1.299231] kernel: pci 0000:00:18.2: bridge window [io  size 0x1000]: failed to assign
[    1.299232] kernel: pci 0000:00:17.7: bridge window [io  size 0x1000]: can't assign; no space
[    1.299233] kernel: pci 0000:00:17.7: bridge window [io  size 0x1000]: failed to assign
[    1.299234] kernel: pci 0000:00:17.6: bridge window [io  size 0x1000]: can't assign; no space
[    1.299234] kernel: pci 0000:00:17.6: bridge window [io  size 0x1000]: failed to assign
[    1.299235] kernel: pci 0000:00:17.5: bridge window [io  size 0x1000]: can't assign; no space
[    1.299236] kernel: pci 0000:00:17.5: bridge window [io  size 0x1000]: failed to assign
[    1.299237] kernel: pci 0000:00:17.4: bridge window [io  size 0x1000]: can't assign; no space
[    1.299237] kernel: pci 0000:00:17.4: bridge window [io  size 0x1000]: failed to assign
[    1.299238] kernel: pci 0000:00:17.3: bridge window [io  size 0x1000]: can't assign; no space
[    1.299239] kernel: pci 0000:00:17.3: bridge window [io  size 0x1000]: failed to assign
[    1.299239] kernel: pci 0000:00:16.7: bridge window [io  size 0x1000]: can't assign; no space
[    1.299240] kernel: pci 0000:00:16.7: bridge window [io  size 0x1000]: failed to assign
[    1.299241] kernel: pci 0000:00:16.6: bridge window [io  size 0x1000]: can't assign; no space
[    1.299241] kernel: pci 0000:00:16.6: bridge window [io  size 0x1000]: failed to assign
[    1.299242] kernel: pci 0000:00:16.5: bridge window [io  size 0x1000]: can't assign; no space
[    1.299243] kernel: pci 0000:00:16.5: bridge window [io  size 0x1000]: failed to assign
[    1.299244] kernel: pci 0000:00:16.4: bridge window [io  size 0x1000]: can't assign; no space
[    1.299244] kernel: pci 0000:00:16.4: bridge window [io  size 0x1000]: failed to assign
[    1.299245] kernel: pci 0000:00:16.3: bridge window [io  size 0x1000]: can't assign; no space
[    1.299246] kernel: pci 0000:00:16.3: bridge window [io  size 0x1000]: failed to assign
[    1.299246] kernel: pci 0000:00:15.7: bridge window [io  size 0x1000]: can't assign; no space
[    1.299247] kernel: pci 0000:00:15.7: bridge window [io  size 0x1000]: failed to assign
[    1.299248] kernel: pci 0000:00:15.6: bridge window [io  size 0x1000]: can't assign; no space
[    1.299248] kernel: pci 0000:00:15.6: bridge window [io  size 0x1000]: failed to assign
[    1.299249] kernel: pci 0000:00:15.5: bridge window [io  size 0x1000]: can't assign; no space
[    1.299250] kernel: pci 0000:00:15.5: bridge window [io  size 0x1000]: failed to assign
[    1.299250] kernel: pci 0000:00:15.4: bridge window [io  size 0x1000]: can't assign; no space
[    1.299251] kernel: pci 0000:00:15.4: bridge window [io  size 0x1000]: failed to assign
[    1.299252] kernel: pci 0000:00:15.3: bridge window [io  size 0x1000]: can't assign; no space
[    1.299252] kernel: pci 0000:00:15.3: bridge window [io  size 0x1000]: failed to assign
[    1.299253] kernel: pci 0000:00:01.0: PCI bridge to [bus 01]
[    1.299345] kernel: pci 0000:02:01.0: ROM [mem 0xfd500000-0xfd50ffff pref]: assigned
[    1.299346] kernel: pci 0000:02:04.0: ROM [mem 0xfd510000-0xfd51ffff pref]: assigned
[    1.299347] kernel: pci 0000:00:11.0: PCI bridge to [bus 02]
[    1.299357] kernel: pci 0000:00:11.0:   bridge window [io  0x2000-0x3fff]
[    1.299381] kernel: pci 0000:00:11.0:   bridge window [mem 0xfd500000-0xfdffffff]
[    1.299397] kernel: pci 0000:00:11.0:   bridge window [mem 0xe7b00000-0xe7ffffff 64bit pref]
[    1.299428] kernel: pci 0000:00:15.0: PCI bridge to [bus 03]
[    1.299437] kernel: pci 0000:00:15.0:   bridge window [io  0x4000-0x4fff]
[    1.299460] kernel: pci 0000:00:15.0:   bridge window [mem 0xfd400000-0xfd4fffff]
[    1.299476] kernel: pci 0000:00:15.0:   bridge window [mem 0xe7a00000-0xe7afffff 64bit pref]
[    1.299507] kernel: pci 0000:00:15.1: PCI bridge to [bus 04]
[    1.299516] kernel: pci 0000:00:15.1:   bridge window [io  0x8000-0x8fff]
[    1.299539] kernel: pci 0000:00:15.1:   bridge window [mem 0xfd000000-0xfd0fffff]
[    1.299554] kernel: pci 0000:00:15.1:   bridge window [mem 0xe7600000-0xe76fffff 64bit pref]
[    1.299585] kernel: pci 0000:00:15.2: PCI bridge to [bus 05]
[    1.299594] kernel: pci 0000:00:15.2:   bridge window [io  0xc000-0xcfff]
[    1.299617] kernel: pci 0000:00:15.2:   bridge window [mem 0xfcc00000-0xfccfffff]
[    1.299633] kernel: pci 0000:00:15.2:   bridge window [mem 0xe7200000-0xe72fffff 64bit pref]
[    1.299664] kernel: pci 0000:00:15.3: PCI bridge to [bus 06]
[    1.299687] kernel: pci 0000:00:15.3:   bridge window [mem 0xfc800000-0xfc8fffff]
[    1.299703] kernel: pci 0000:00:15.3:   bridge window [mem 0xe6e00000-0xe6efffff 64bit pref]
[    1.299734] kernel: pci 0000:00:15.4: PCI bridge to [bus 07]
[    1.299757] kernel: pci 0000:00:15.4:   bridge window [mem 0xfc400000-0xfc4fffff]
[    1.299773] kernel: pci 0000:00:15.4:   bridge window [mem 0xe6a00000-0xe6afffff 64bit pref]
[    1.299804] kernel: pci 0000:00:15.5: PCI bridge to [bus 08]
[    1.299827] kernel: pci 0000:00:15.5:   bridge window [mem 0xfc000000-0xfc0fffff]
[    1.299843] kernel: pci 0000:00:15.5:   bridge window [mem 0xe6600000-0xe66fffff 64bit pref]
[    1.299874] kernel: pci 0000:00:15.6: PCI bridge to [bus 09]
[    1.299897] kernel: pci 0000:00:15.6:   bridge window [mem 0xfbc00000-0xfbcfffff]
[    1.299913] kernel: pci 0000:00:15.6:   bridge window [mem 0xe6200000-0xe62fffff 64bit pref]
[    1.299944] kernel: pci 0000:00:15.7: PCI bridge to [bus 0a]
[    1.299972] kernel: pci 0000:00:15.7:   bridge window [mem 0xfb800000-0xfb8fffff]
[    1.299988] kernel: pci 0000:00:15.7:   bridge window [mem 0xe5e00000-0xe5efffff 64bit pref]
[    1.300019] kernel: pci 0000:00:16.0: PCI bridge to [bus 0b]
[    1.300027] kernel: pci 0000:00:16.0:   bridge window [io  0x5000-0x5fff]
[    1.300050] kernel: pci 0000:00:16.0:   bridge window [mem 0xfd300000-0xfd3fffff]
[    1.300066] kernel: pci 0000:00:16.0:   bridge window [mem 0xe7900000-0xe79fffff 64bit pref]
[    1.300097] kernel: pci 0000:00:16.1: PCI bridge to [bus 0c]
[    1.300106] kernel: pci 0000:00:16.1:   bridge window [io  0x9000-0x9fff]
[    1.300129] kernel: pci 0000:00:16.1:   bridge window [mem 0xfcf00000-0xfcffffff]
[    1.300144] kernel: pci 0000:00:16.1:   bridge window [mem 0xe7500000-0xe75fffff 64bit pref]
[    1.300183] kernel: pci 0000:00:16.2: PCI bridge to [bus 0d]
[    1.300191] kernel: pci 0000:00:16.2:   bridge window [io  0xd000-0xdfff]
[    1.300215] kernel: pci 0000:00:16.2:   bridge window [mem 0xfcb00000-0xfcbfffff]
[    1.300230] kernel: pci 0000:00:16.2:   bridge window [mem 0xe7100000-0xe71fffff 64bit pref]
[    1.300261] kernel: pci 0000:00:16.3: PCI bridge to [bus 0e]
[    1.300285] kernel: pci 0000:00:16.3:   bridge window [mem 0xfc700000-0xfc7fffff]
[    1.300301] kernel: pci 0000:00:16.3:   bridge window [mem 0xe6d00000-0xe6dfffff 64bit pref]
[    1.300332] kernel: pci 0000:00:16.4: PCI bridge to [bus 0f]
[    1.300355] kernel: pci 0000:00:16.4:   bridge window [mem 0xfc300000-0xfc3fffff]
[    1.300371] kernel: pci 0000:00:16.4:   bridge window [mem 0xe6900000-0xe69fffff 64bit pref]
[    1.300402] kernel: pci 0000:00:16.5: PCI bridge to [bus 10]
[    1.300425] kernel: pci 0000:00:16.5:   bridge window [mem 0xfbf00000-0xfbffffff]
[    1.300441] kernel: pci 0000:00:16.5:   bridge window [mem 0xe6500000-0xe65fffff 64bit pref]
[    1.300472] kernel: pci 0000:00:16.6: PCI bridge to [bus 11]
[    1.300495] kernel: pci 0000:00:16.6:   bridge window [mem 0xfbb00000-0xfbbfffff]
[    1.300511] kernel: pci 0000:00:16.6:   bridge window [mem 0xe6100000-0xe61fffff 64bit pref]
[    1.300542] kernel: pci 0000:00:16.7: PCI bridge to [bus 12]
[    1.300565] kernel: pci 0000:00:16.7:   bridge window [mem 0xfb700000-0xfb7fffff]
[    1.300581] kernel: pci 0000:00:16.7:   bridge window [mem 0xe5d00000-0xe5dfffff 64bit pref]
[    1.300612] kernel: pci 0000:00:17.0: PCI bridge to [bus 13]
[    1.300620] kernel: pci 0000:00:17.0:   bridge window [io  0x6000-0x6fff]
[    1.300643] kernel: pci 0000:00:17.0:   bridge window [mem 0xfd200000-0xfd2fffff]
[    1.300659] kernel: pci 0000:00:17.0:   bridge window [mem 0xe7800000-0xe78fffff 64bit pref]
[    1.300690] kernel: pci 0000:00:17.1: PCI bridge to [bus 14]
[    1.300699] kernel: pci 0000:00:17.1:   bridge window [io  0xa000-0xafff]
[    1.300722] kernel: pci 0000:00:17.1:   bridge window [mem 0xfce00000-0xfcefffff]
[    1.300738] kernel: pci 0000:00:17.1:   bridge window [mem 0xe7400000-0xe74fffff 64bit pref]
[    1.300768] kernel: pci 0000:00:17.2: PCI bridge to [bus 15]
[    1.300777] kernel: pci 0000:00:17.2:   bridge window [io  0xe000-0xefff]
[    1.300800] kernel: pci 0000:00:17.2:   bridge window [mem 0xfca00000-0xfcafffff]
[    1.300816] kernel: pci 0000:00:17.2:   bridge window [mem 0xe7000000-0xe70fffff 64bit pref]
[    1.300847] kernel: pci 0000:00:17.3: PCI bridge to [bus 16]
[    1.300877] kernel: pci 0000:00:17.3:   bridge window [mem 0xfc600000-0xfc6fffff]
[    1.300893] kernel: pci 0000:00:17.3:   bridge window [mem 0xe6c00000-0xe6cfffff 64bit pref]
[    1.300926] kernel: pci 0000:00:17.4: PCI bridge to [bus 17]
[    1.300950] kernel: pci 0000:00:17.4:   bridge window [mem 0xfc200000-0xfc2fffff]
[    1.300970] kernel: pci 0000:00:17.4:   bridge window [mem 0xe6800000-0xe68fffff 64bit pref]
[    1.301001] kernel: pci 0000:00:17.5: PCI bridge to [bus 18]
[    1.301024] kernel: pci 0000:00:17.5:   bridge window [mem 0xfbe00000-0xfbefffff]
[    1.301040] kernel: pci 0000:00:17.5:   bridge window [mem 0xe6400000-0xe64fffff 64bit pref]
[    1.301071] kernel: pci 0000:00:17.6: PCI bridge to [bus 19]
[    1.301094] kernel: pci 0000:00:17.6:   bridge window [mem 0xfba00000-0xfbafffff]
[    1.301110] kernel: pci 0000:00:17.6:   bridge window [mem 0xe6000000-0xe60fffff 64bit pref]
[    1.301141] kernel: pci 0000:00:17.7: PCI bridge to [bus 1a]
[    1.301164] kernel: pci 0000:00:17.7:   bridge window [mem 0xfb600000-0xfb6fffff]
[    1.301180] kernel: pci 0000:00:17.7:   bridge window [mem 0xe5c00000-0xe5cfffff 64bit pref]
[    1.301211] kernel: pci 0000:00:18.0: PCI bridge to [bus 1b]
[    1.301220] kernel: pci 0000:00:18.0:   bridge window [io  0x7000-0x7fff]
[    1.301243] kernel: pci 0000:00:18.0:   bridge window [mem 0xfd100000-0xfd1fffff]
[    1.301259] kernel: pci 0000:00:18.0:   bridge window [mem 0xe7700000-0xe77fffff 64bit pref]
[    1.301289] kernel: pci 0000:00:18.1: PCI bridge to [bus 1c]
[    1.301298] kernel: pci 0000:00:18.1:   bridge window [io  0xb000-0xbfff]
[    1.301321] kernel: pci 0000:00:18.1:   bridge window [mem 0xfcd00000-0xfcdfffff]
[    1.301337] kernel: pci 0000:00:18.1:   bridge window [mem 0xe7300000-0xe73fffff 64bit pref]
[    1.301368] kernel: pci 0000:00:18.2: PCI bridge to [bus 1d]
[    1.301391] kernel: pci 0000:00:18.2:   bridge window [mem 0xfc900000-0xfc9fffff]
[    1.301407] kernel: pci 0000:00:18.2:   bridge window [mem 0xe6f00000-0xe6ffffff 64bit pref]
[    1.301437] kernel: pci 0000:00:18.3: PCI bridge to [bus 1e]
[    1.301461] kernel: pci 0000:00:18.3:   bridge window [mem 0xfc500000-0xfc5fffff]
[    1.301476] kernel: pci 0000:00:18.3:   bridge window [mem 0xe6b00000-0xe6bfffff 64bit pref]
[    1.301507] kernel: pci 0000:00:18.4: PCI bridge to [bus 1f]
[    1.301531] kernel: pci 0000:00:18.4:   bridge window [mem 0xfc100000-0xfc1fffff]
[    1.301546] kernel: pci 0000:00:18.4:   bridge window [mem 0xe6700000-0xe67fffff 64bit pref]
[    1.301577] kernel: pci 0000:00:18.5: PCI bridge to [bus 20]
[    1.301601] kernel: pci 0000:00:18.5:   bridge window [mem 0xfbd00000-0xfbdfffff]
[    1.301616] kernel: pci 0000:00:18.5:   bridge window [mem 0xe6300000-0xe63fffff 64bit pref]
[    1.301650] kernel: pci 0000:00:18.6: PCI bridge to [bus 21]
[    1.301676] kernel: pci 0000:00:18.6:   bridge window [mem 0xfb900000-0xfb9fffff]
[    1.301693] kernel: pci 0000:00:18.6:   bridge window [mem 0xe5f00000-0xe5ffffff 64bit pref]
[    1.301725] kernel: pci 0000:00:18.7: PCI bridge to [bus 22]
[    1.301750] kernel: pci 0000:00:18.7:   bridge window [mem 0xfb500000-0xfb5fffff]
[    1.301767] kernel: pci 0000:00:18.7:   bridge window [mem 0xe5b00000-0xe5bfffff 64bit pref]
[    1.301800] kernel: pci_bus 0000:00: resource 4 [mem 0x000a0000-0x000bffff window]
[    1.301802] kernel: pci_bus 0000:00: resource 5 [mem 0x000d0000-0x000dbfff window]
[    1.301802] kernel: pci_bus 0000:00: resource 6 [mem 0xc0000000-0xfebfffff window]
[    1.301803] kernel: pci_bus 0000:00: resource 7 [io  0x0000-0x0cf7 window]
[    1.301804] kernel: pci_bus 0000:00: resource 8 [io  0x0d00-0xfeff window]
[    1.301805] kernel: pci_bus 0000:02: resource 0 [io  0x2000-0x3fff]
[    1.301806] kernel: pci_bus 0000:02: resource 1 [mem 0xfd500000-0xfdffffff]
[    1.301806] kernel: pci_bus 0000:02: resource 2 [mem 0xe7b00000-0xe7ffffff 64bit pref]
[    1.301807] kernel: pci_bus 0000:02: resource 4 [mem 0x000a0000-0x000bffff window]
[    1.301808] kernel: pci_bus 0000:02: resource 5 [mem 0x000d0000-0x000dbfff window]
[    1.301808] kernel: pci_bus 0000:02: resource 6 [mem 0xc0000000-0xfebfffff window]
[    1.301809] kernel: pci_bus 0000:02: resource 7 [io  0x0000-0x0cf7 window]
[    1.301810] kernel: pci_bus 0000:02: resource 8 [io  0x0d00-0xfeff window]
[    1.301811] kernel: pci_bus 0000:03: resource 0 [io  0x4000-0x4fff]
[    1.301812] kernel: pci_bus 0000:03: resource 1 [mem 0xfd400000-0xfd4fffff]
[    1.301812] kernel: pci_bus 0000:03: resource 2 [mem 0xe7a00000-0xe7afffff 64bit pref]
[    1.301813] kernel: pci_bus 0000:04: resource 0 [io  0x8000-0x8fff]
[    1.301814] kernel: pci_bus 0000:04: resource 1 [mem 0xfd000000-0xfd0fffff]
[    1.301814] kernel: pci_bus 0000:04: resource 2 [mem 0xe7600000-0xe76fffff 64bit pref]
[    1.301815] kernel: pci_bus 0000:05: resource 0 [io  0xc000-0xcfff]
[    1.301816] kernel: pci_bus 0000:05: resource 1 [mem 0xfcc00000-0xfccfffff]
[    1.301816] kernel: pci_bus 0000:05: resource 2 [mem 0xe7200000-0xe72fffff 64bit pref]
[    1.301817] kernel: pci_bus 0000:06: resource 1 [mem 0xfc800000-0xfc8fffff]
[    1.301818] kernel: pci_bus 0000:06: resource 2 [mem 0xe6e00000-0xe6efffff 64bit pref]
[    1.301819] kernel: pci_bus 0000:07: resource 1 [mem 0xfc400000-0xfc4fffff]
[    1.301819] kernel: pci_bus 0000:07: resource 2 [mem 0xe6a00000-0xe6afffff 64bit pref]
[    1.301820] kernel: pci_bus 0000:08: resource 1 [mem 0xfc000000-0xfc0fffff]
[    1.301821] kernel: pci_bus 0000:08: resource 2 [mem 0xe6600000-0xe66fffff 64bit pref]
[    1.301822] kernel: pci_bus 0000:09: resource 1 [mem 0xfbc00000-0xfbcfffff]
[    1.301822] kernel: pci_bus 0000:09: resource 2 [mem 0xe6200000-0xe62fffff 64bit pref]
[    1.301823] kernel: pci_bus 0000:0a: resource 1 [mem 0xfb800000-0xfb8fffff]
[    1.301824] kernel: pci_bus 0000:0a: resource 2 [mem 0xe5e00000-0xe5efffff 64bit pref]
[    1.301825] kernel: pci_bus 0000:0b: resource 0 [io  0x5000-0x5fff]
[    1.301825] kernel: pci_bus 0000:0b: resource 1 [mem 0xfd300000-0xfd3fffff]
[    1.301826] kernel: pci_bus 0000:0b: resource 2 [mem 0xe7900000-0xe79fffff 64bit pref]
[    1.301827] kernel: pci_bus 0000:0c: resource 0 [io  0x9000-0x9fff]
[    1.301827] kernel: pci_bus 0000:0c: resource 1 [mem 0xfcf00000-0xfcffffff]
[    1.301828] kernel: pci_bus 0000:0c: resource 2 [mem 0xe7500000-0xe75fffff 64bit pref]
[    1.301829] kernel: pci_bus 0000:0d: resource 0 [io  0xd000-0xdfff]
[    1.301829] kernel: pci_bus 0000:0d: resource 1 [mem 0xfcb00000-0xfcbfffff]
[    1.301830] kernel: pci_bus 0000:0d: resource 2 [mem 0xe7100000-0xe71fffff 64bit pref]
[    1.301831] kernel: pci_bus 0000:0e: resource 1 [mem 0xfc700000-0xfc7fffff]
[    1.301831] kernel: pci_bus 0000:0e: resource 2 [mem 0xe6d00000-0xe6dfffff 64bit pref]
[    1.301832] kernel: pci_bus 0000:0f: resource 1 [mem 0xfc300000-0xfc3fffff]
[    1.301833] kernel: pci_bus 0000:0f: resource 2 [mem 0xe6900000-0xe69fffff 64bit pref]
[    1.301833] kernel: pci_bus 0000:10: resource 1 [mem 0xfbf00000-0xfbffffff]
[    1.301834] kernel: pci_bus 0000:10: resource 2 [mem 0xe6500000-0xe65fffff 64bit pref]
[    1.301835] kernel: pci_bus 0000:11: resource 1 [mem 0xfbb00000-0xfbbfffff]
[    1.301835] kernel: pci_bus 0000:11: resource 2 [mem 0xe6100000-0xe61fffff 64bit pref]
[    1.301836] kernel: pci_bus 0000:12: resource 1 [mem 0xfb700000-0xfb7fffff]
[    1.301837] kernel: pci_bus 0000:12: resource 2 [mem 0xe5d00000-0xe5dfffff 64bit pref]
[    1.301838] kernel: pci_bus 0000:13: resource 0 [io  0x6000-0x6fff]
[    1.301838] kernel: pci_bus 0000:13: resource 1 [mem 0xfd200000-0xfd2fffff]
[    1.301839] kernel: pci_bus 0000:13: resource 2 [mem 0xe7800000-0xe78fffff 64bit pref]
[    1.301840] kernel: pci_bus 0000:14: resource 0 [io  0xa000-0xafff]
[    1.301840] kernel: pci_bus 0000:14: resource 1 [mem 0xfce00000-0xfcefffff]
[    1.301841] kernel: pci_bus 0000:14: resource 2 [mem 0xe7400000-0xe74fffff 64bit pref]
[    1.301841] kernel: pci_bus 0000:15: resource 0 [io  0xe000-0xefff]
[    1.301842] kernel: pci_bus 0000:15: resource 1 [mem 0xfca00000-0xfcafffff]
[    1.301843] kernel: pci_bus 0000:15: resource 2 [mem 0xe7000000-0xe70fffff 64bit pref]
[    1.301843] kernel: pci_bus 0000:16: resource 1 [mem 0xfc600000-0xfc6fffff]
[    1.301844] kernel: pci_bus 0000:16: resource 2 [mem 0xe6c00000-0xe6cfffff 64bit pref]
[    1.301845] kernel: pci_bus 0000:17: resource 1 [mem 0xfc200000-0xfc2fffff]
[    1.301845] kernel: pci_bus 0000:17: resource 2 [mem 0xe6800000-0xe68fffff 64bit pref]
[    1.301846] kernel: pci_bus 0000:18: resource 1 [mem 0xfbe00000-0xfbefffff]
[    1.301847] kernel: pci_bus 0000:18: resource 2 [mem 0xe6400000-0xe64fffff 64bit pref]
[    1.301848] kernel: pci_bus 0000:19: resource 1 [mem 0xfba00000-0xfbafffff]
[    1.301848] kernel: pci_bus 0000:19: resource 2 [mem 0xe6000000-0xe60fffff 64bit pref]
[    1.301849] kernel: pci_bus 0000:1a: resource 1 [mem 0xfb600000-0xfb6fffff]
[    1.301850] kernel: pci_bus 0000:1a: resource 2 [mem 0xe5c00000-0xe5cfffff 64bit pref]
[    1.301850] kernel: pci_bus 0000:1b: resource 0 [io  0x7000-0x7fff]
[    1.301851] kernel: pci_bus 0000:1b: resource 1 [mem 0xfd100000-0xfd1fffff]
[    1.301851] kernel: pci_bus 0000:1b: resource 2 [mem 0xe7700000-0xe77fffff 64bit pref]
[    1.301852] kernel: pci_bus 0000:1c: resource 0 [io  0xb000-0xbfff]
[    1.301853] kernel: pci_bus 0000:1c: resource 1 [mem 0xfcd00000-0xfcdfffff]
[    1.301853] kernel: pci_bus 0000:1c: resource 2 [mem 0xe7300000-0xe73fffff 64bit pref]
[    1.301854] kernel: pci_bus 0000:1d: resource 1 [mem 0xfc900000-0xfc9fffff]
[    1.301855] kernel: pci_bus 0000:1d: resource 2 [mem 0xe6f00000-0xe6ffffff 64bit pref]
[    1.301855] kernel: pci_bus 0000:1e: resource 1 [mem 0xfc500000-0xfc5fffff]
[    1.301856] kernel: pci_bus 0000:1e: resource 2 [mem 0xe6b00000-0xe6bfffff 64bit pref]
[    1.301857] kernel: pci_bus 0000:1f: resource 1 [mem 0xfc100000-0xfc1fffff]
[    1.301857] kernel: pci_bus 0000:1f: resource 2 [mem 0xe6700000-0xe67fffff 64bit pref]
[    1.301858] kernel: pci_bus 0000:20: resource 1 [mem 0xfbd00000-0xfbdfffff]
[    1.301859] kernel: pci_bus 0000:20: resource 2 [mem 0xe6300000-0xe63fffff 64bit pref]
[    1.301859] kernel: pci_bus 0000:21: resource 1 [mem 0xfb900000-0xfb9fffff]
[    1.301860] kernel: pci_bus 0000:21: resource 2 [mem 0xe5f00000-0xe5ffffff 64bit pref]
[    1.301861] kernel: pci_bus 0000:22: resource 1 [mem 0xfb500000-0xfb5fffff]
[    1.301861] kernel: pci_bus 0000:22: resource 2 [mem 0xe5b00000-0xe5bfffff 64bit pref]
[    1.301984] kernel: pci 0000:00:00.0: Limiting direct PCI/PCI transfers
[    1.302894] kernel: pci 0000:02:01.0: CLS mismatch (32 != 64), using 64 bytes
[    1.303444] kernel: Trying to unpack rootfs image as initramfs...
[    1.304088] kernel: PCI-DMA: Using software bounce buffering for IO (SWIOTLB)
[    1.304090] kernel: software IO TLB: mapped [mem 0x00000000bbed0000-0x00000000bfed0000] (64MB)
[    1.304190] kernel: clocksource: tsc: mask: 0xffffffffffffffff max_cycles: 0x2a11290c0c8, max_idle_ns: 440795344938 ns
[    1.304284] kernel: clocksource: Switched to clocksource tsc
[    1.314849] kernel: Initialise system trusted keyrings
[    1.314885] kernel: Key type blacklist registered
[    1.315107] kernel: workingset: timestamp_bits=36 max_order=20 bucket_order=0
[    1.315165] kernel: zbud: loaded
[    1.315804] kernel: squashfs: version 4.0 (2009/01/31) Phillip Lougher
[    1.316128] kernel: fuse: init (API version 7.42)
[    1.316630] kernel: integrity: Platform Keyring initialized
[    1.316634] kernel: integrity: Machine keyring initialized
[    1.321333] kernel: Key type asymmetric registered
[    1.321336] kernel: Asymmetric key parser 'x509' registered
[    1.321665] kernel: Block layer SCSI generic (bsg) driver version 0.4 loaded (major 243)
[    1.322107] kernel: io scheduler mq-deadline registered
[    1.323333] kernel: ledtrig-cpu: registered to indicate activity on CPUs
[    1.324051] kernel: pcieport 0000:00:15.0: PME: Signaling with IRQ 24
[    1.324143] kernel: pcieport 0000:00:15.0: pciehp: Slot #160 AttnBtn+ PwrCtrl+ MRL- AttnInd- PwrInd- HotPlug+ Surprise- Interlock- NoCompl+ IbPresDis- LLActRep+
[    1.325202] kernel: pcieport 0000:00:15.1: PME: Signaling with IRQ 25
[    1.325261] kernel: pcieport 0000:00:15.1: pciehp: Slot #161 AttnBtn+ PwrCtrl+ MRL- AttnInd- PwrInd- HotPlug+ Surprise- Interlock- NoCompl+ IbPresDis- LLActRep+
[    1.326214] kernel: pcieport 0000:00:15.2: PME: Signaling with IRQ 26
[    1.326283] kernel: pcieport 0000:00:15.2: pciehp: Slot #162 AttnBtn+ PwrCtrl+ MRL- AttnInd- PwrInd- HotPlug+ Surprise- Interlock- NoCompl+ IbPresDis- LLActRep+
[    1.327252] kernel: pcieport 0000:00:15.3: PME: Signaling with IRQ 27
[    1.327315] kernel: pcieport 0000:00:15.3: pciehp: Slot #163 AttnBtn+ PwrCtrl+ MRL- AttnInd- PwrInd- HotPlug+ Surprise- Interlock- NoCompl+ IbPresDis- LLActRep+
[    1.328328] kernel: pcieport 0000:00:15.4: PME: Signaling with IRQ 28
[    1.328399] kernel: pcieport 0000:00:15.4: pciehp: Slot #164 AttnBtn+ PwrCtrl+ MRL- AttnInd- PwrInd- HotPlug+ Surprise- Interlock- NoCompl+ IbPresDis- LLActRep+
[    1.329391] kernel: pcieport 0000:00:15.5: PME: Signaling with IRQ 29
[    1.329495] kernel: pcieport 0000:00:15.5: pciehp: Slot #165 AttnBtn+ PwrCtrl+ MRL- AttnInd- PwrInd- HotPlug+ Surprise- Interlock- NoCompl+ IbPresDis- LLActRep+
[    1.330509] kernel: pcieport 0000:00:15.6: PME: Signaling with IRQ 30
[    1.330587] kernel: pcieport 0000:00:15.6: pciehp: Slot #166 AttnBtn+ PwrCtrl+ MRL- AttnInd- PwrInd- HotPlug+ Surprise- Interlock- NoCompl+ IbPresDis- LLActRep+
[    1.331511] kernel: pcieport 0000:00:15.7: PME: Signaling with IRQ 31
[    1.331571] kernel: pcieport 0000:00:15.7: pciehp: Slot #167 AttnBtn+ PwrCtrl+ MRL- AttnInd- PwrInd- HotPlug+ Surprise- Interlock- NoCompl+ IbPresDis- LLActRep+
[    1.332504] kernel: pcieport 0000:00:16.0: PME: Signaling with IRQ 32
[    1.332571] kernel: pcieport 0000:00:16.0: pciehp: Slot #192 AttnBtn+ PwrCtrl+ MRL- AttnInd- PwrInd- HotPlug+ Surprise- Interlock- NoCompl+ IbPresDis- LLActRep+
[    1.333638] kernel: pcieport 0000:00:16.1: PME: Signaling with IRQ 33
[    1.333708] kernel: pcieport 0000:00:16.1: pciehp: Slot #193 AttnBtn+ PwrCtrl+ MRL- AttnInd- PwrInd- HotPlug+ Surprise- Interlock- NoCompl+ IbPresDis- LLActRep+
[    1.334642] kernel: pcieport 0000:00:16.2: PME: Signaling with IRQ 34
[    1.334699] kernel: pcieport 0000:00:16.2: pciehp: Slot #194 AttnBtn+ PwrCtrl+ MRL- AttnInd- PwrInd- HotPlug+ Surprise- Interlock- NoCompl+ IbPresDis- LLActRep+
[    1.335642] kernel: pcieport 0000:00:16.3: PME: Signaling with IRQ 35
[    1.335711] kernel: pcieport 0000:00:16.3: pciehp: Slot #195 AttnBtn+ PwrCtrl+ MRL- AttnInd- PwrInd- HotPlug+ Surprise- Interlock- NoCompl+ IbPresDis- LLActRep+
[    1.336693] kernel: pcieport 0000:00:16.4: PME: Signaling with IRQ 36
[    1.336752] kernel: pcieport 0000:00:16.4: pciehp: Slot #196 AttnBtn+ PwrCtrl+ MRL- AttnInd- PwrInd- HotPlug+ Surprise- Interlock- NoCompl+ IbPresDis- LLActRep+
[    1.337693] kernel: pcieport 0000:00:16.5: PME: Signaling with IRQ 37
[    1.337783] kernel: pcieport 0000:00:16.5: pciehp: Slot #197 AttnBtn+ PwrCtrl+ MRL- AttnInd- PwrInd- HotPlug+ Surprise- Interlock- NoCompl+ IbPresDis- LLActRep+
[    1.338719] kernel: pcieport 0000:00:16.6: PME: Signaling with IRQ 38
[    1.338779] kernel: pcieport 0000:00:16.6: pciehp: Slot #198 AttnBtn+ PwrCtrl+ MRL- AttnInd- PwrInd- HotPlug+ Surprise- Interlock- NoCompl+ IbPresDis- LLActRep+
[    1.339837] kernel: pcieport 0000:00:16.7: PME: Signaling with IRQ 39
[    1.339907] kernel: pcieport 0000:00:16.7: pciehp: Slot #199 AttnBtn+ PwrCtrl+ MRL- AttnInd- PwrInd- HotPlug+ Surprise- Interlock- NoCompl+ IbPresDis- LLActRep+
[    1.340915] kernel: pcieport 0000:00:17.0: PME: Signaling with IRQ 40
[    1.341022] kernel: pcieport 0000:00:17.0: pciehp: Slot #224 AttnBtn+ PwrCtrl+ MRL- AttnInd- PwrInd- HotPlug+ Surprise- Interlock- NoCompl+ IbPresDis- LLActRep+
[    1.341952] kernel: pcieport 0000:00:17.1: PME: Signaling with IRQ 41
[    1.342029] kernel: pcieport 0000:00:17.1: pciehp: Slot #225 AttnBtn+ PwrCtrl+ MRL- AttnInd- PwrInd- HotPlug+ Surprise- Interlock- NoCompl+ IbPresDis- LLActRep+
[    1.343010] kernel: pcieport 0000:00:17.2: PME: Signaling with IRQ 42
[    1.343070] kernel: pcieport 0000:00:17.2: pciehp: Slot #226 AttnBtn+ PwrCtrl+ MRL- AttnInd- PwrInd- HotPlug+ Surprise- Interlock- NoCompl+ IbPresDis- LLActRep+
[    1.344092] kernel: pcieport 0000:00:17.3: PME: Signaling with IRQ 43
[    1.344155] kernel: pcieport 0000:00:17.3: pciehp: Slot #227 AttnBtn+ PwrCtrl+ MRL- AttnInd- PwrInd- HotPlug+ Surprise- Interlock- NoCompl+ IbPresDis- LLActRep+
[    1.345034] kernel: pcieport 0000:00:17.4: PME: Signaling with IRQ 44
[    1.345095] kernel: pcieport 0000:00:17.4: pciehp: Slot #228 AttnBtn+ PwrCtrl+ MRL- AttnInd- PwrInd- HotPlug+ Surprise- Interlock- NoCompl+ IbPresDis- LLActRep+
[    1.346149] kernel: pcieport 0000:00:17.5: PME: Signaling with IRQ 45
[    1.346225] kernel: pcieport 0000:00:17.5: pciehp: Slot #229 AttnBtn+ PwrCtrl+ MRL- AttnInd- PwrInd- HotPlug+ Surprise- Interlock- NoCompl+ IbPresDis- LLActRep+
[    1.347229] kernel: pcieport 0000:00:17.6: PME: Signaling with IRQ 46
[    1.347291] kernel: pcieport 0000:00:17.6: pciehp: Slot #230 AttnBtn+ PwrCtrl+ MRL- AttnInd- PwrInd- HotPlug+ Surprise- Interlock- NoCompl+ IbPresDis- LLActRep+
[    1.348255] kernel: pcieport 0000:00:17.7: PME: Signaling with IRQ 47
[    1.348328] kernel: pcieport 0000:00:17.7: pciehp: Slot #231 AttnBtn+ PwrCtrl+ MRL- AttnInd- PwrInd- HotPlug+ Surprise- Interlock- NoCompl+ IbPresDis- LLActRep+
[    1.349446] kernel: pcieport 0000:00:18.0: PME: Signaling with IRQ 48
[    1.349517] kernel: pcieport 0000:00:18.0: pciehp: Slot #256 AttnBtn+ PwrCtrl+ MRL- AttnInd- PwrInd- HotPlug+ Surprise- Interlock- NoCompl+ IbPresDis- LLActRep+
[    1.350408] kernel: pcieport 0000:00:18.1: PME: Signaling with IRQ 49
[    1.350473] kernel: pcieport 0000:00:18.1: pciehp: Slot #257 AttnBtn+ PwrCtrl+ MRL- AttnInd- PwrInd- HotPlug+ Surprise- Interlock- NoCompl+ IbPresDis- LLActRep+
[    1.351551] kernel: pcieport 0000:00:18.2: PME: Signaling with IRQ 50
[    1.351622] kernel: pcieport 0000:00:18.2: pciehp: Slot #258 AttnBtn+ PwrCtrl+ MRL- AttnInd- PwrInd- HotPlug+ Surprise- Interlock- NoCompl+ IbPresDis- LLActRep+
[    1.352724] kernel: pcieport 0000:00:18.3: PME: Signaling with IRQ 51
[    1.352785] kernel: pcieport 0000:00:18.3: pciehp: Slot #259 AttnBtn+ PwrCtrl+ MRL- AttnInd- PwrInd- HotPlug+ Surprise- Interlock- NoCompl+ IbPresDis- LLActRep+
[    1.353704] kernel: pcieport 0000:00:18.4: PME: Signaling with IRQ 52
[    1.353768] kernel: pcieport 0000:00:18.4: pciehp: Slot #260 AttnBtn+ PwrCtrl+ MRL- AttnInd- PwrInd- HotPlug+ Surprise- Interlock- NoCompl+ IbPresDis- LLActRep+
[    1.354645] kernel: pcieport 0000:00:18.5: PME: Signaling with IRQ 53
[    1.354735] kernel: pcieport 0000:00:18.5: pciehp: Slot #261 AttnBtn+ PwrCtrl+ MRL- AttnInd- PwrInd- HotPlug+ Surprise- Interlock- NoCompl+ IbPresDis- LLActRep+
[    1.355745] kernel: pcieport 0000:00:18.6: PME: Signaling with IRQ 54
[    1.355812] kernel: pcieport 0000:00:18.6: pciehp: Slot #262 AttnBtn+ PwrCtrl+ MRL- AttnInd- PwrInd- HotPlug+ Surprise- Interlock- NoCompl+ IbPresDis- LLActRep+
[    1.356740] kernel: pcieport 0000:00:18.7: PME: Signaling with IRQ 55
[    1.356800] kernel: pcieport 0000:00:18.7: pciehp: Slot #263 AttnBtn+ PwrCtrl+ MRL- AttnInd- PwrInd- HotPlug+ Surprise- Interlock- NoCompl+ IbPresDis- LLActRep+
[    1.357440] kernel: shpchp: Standard Hot Plug PCI Controller Driver version: 0.4
[    1.358281] kernel: ACPI: AC: AC Adapter [ACAD] (on-line)
[    1.358449] kernel: input: Power Button as /devices/LNXSYSTM:00/LNXPWRBN:00/input/input0
[    1.358846] kernel: ACPI: button: Power Button [PWRF]
[    1.360280] kernel: Serial: 8250/16550 driver, 32 ports, IRQ sharing enabled
[    1.362683] kernel: Linux agpgart interface v0.103
[    1.362745] kernel: agpgart-intel 0000:00:00.0: Intel 440BX Chipset
[    1.372275] kernel: agpgart-intel 0000:00:00.0: AGP aperture is 256M @ 0x0
[    1.386486] kernel: loop: module loaded
[    1.386900] kernel: ata_piix 0000:00:07.1: version 2.13
[    1.388310] kernel: scsi host0: ata_piix
[    1.389030] kernel: scsi host1: ata_piix
[    1.389091] kernel: ata1: PATA max UDMA/33 cmd 0x1f0 ctl 0x3f6 bmdma 0x1060 irq 14 lpm-pol 0
[    1.389093] kernel: ata2: PATA max UDMA/33 cmd 0x170 ctl 0x376 bmdma 0x1068 irq 15 lpm-pol 0
[    1.389148] kernel: ACPI: bus type drm_connector registered
[    1.390311] kernel: tun: Universal TUN/TAP device driver, 1.6
[    1.390359] kernel: PPP generic driver version 2.4.2
[    1.391012] kernel: ehci-pci 0000:02:03.0: EHCI Host Controller
[    1.391016] kernel: ehci-pci 0000:02:03.0: new USB bus registered, assigned bus number 1
[    1.391317] kernel: ehci-pci 0000:02:03.0: irq 17, io mem 0xfd5ef000
[    1.397097] kernel: ehci-pci 0000:02:03.0: USB 2.0 started, EHCI 1.00
[    1.397202] kernel: usb usb1: New USB device found, idVendor=1d6b, idProduct=0002, bcdDevice= 6.14
[    1.397204] kernel: usb usb1: New USB device strings: Mfr=3, Product=2, SerialNumber=1
[    1.397205] kernel: usb usb1: Product: EHCI Host Controller
[    1.397206] kernel: usb usb1: Manufacturer: Linux 6.14.0-35-generic ehci_hcd
[    1.397207] kernel: usb usb1: SerialNumber: 0000:02:03.0
[    1.397302] kernel: hub 1-0:1.0: USB hub found
[    1.397314] kernel: hub 1-0:1.0: 6 ports detected
[    1.397548] kernel: uhci_hcd 0000:02:00.0: UHCI Host Controller
[    1.397552] kernel: uhci_hcd 0000:02:00.0: new USB bus registered, assigned bus number 2
[    1.397575] kernel: uhci_hcd 0000:02:00.0: detected 2 ports
[    1.397689] kernel: uhci_hcd 0000:02:00.0: irq 18, io port 0x00002080
[    1.397846] kernel: usb usb2: New USB device found, idVendor=1d6b, idProduct=0001, bcdDevice= 6.14
[    1.397847] kernel: usb usb2: New USB device strings: Mfr=3, Product=2, SerialNumber=1
[    1.397848] kernel: usb usb2: Product: UHCI Host Controller
[    1.397849] kernel: usb usb2: Manufacturer: Linux 6.14.0-35-generic uhci_hcd
[    1.397849] kernel: usb usb2: SerialNumber: 0000:02:00.0
[    1.397939] kernel: hub 2-0:1.0: USB hub found
[    1.397943] kernel: hub 2-0:1.0: 2 ports detected
[    1.398157] kernel: i8042: PNP: PS/2 Controller [PNP0303:KBC,PNP0f13:MOUS] at 0x60,0x64 irq 1,12
[    1.398998] kernel: serio: i8042 KBD port at 0x60,0x64 irq 1
[    1.399004] kernel: serio: i8042 AUX port at 0x60,0x64 irq 12
[    1.399305] kernel: mousedev: PS/2 mouse device common for all mice
[    1.400111] kernel: rtc_cmos 00:01: registered as rtc0
[    1.400171] kernel: rtc_cmos 00:01: setting system clock to 2025-11-10T20:55:50 UTC (1762808150)
[    1.400230] kernel: rtc_cmos 00:01: alarms up to one month, y3k, 114 bytes nvram
[    1.400243] kernel: i2c_dev: i2c /dev entries driver
[    1.400272] kernel: device-mapper: core: CONFIG_IMA_DISABLE_HTABLE is disabled. Duplicate IMA measurements will not be recorded in the IMA log.
[    1.400316] kernel: device-mapper: uevent: version 1.0.3
[    1.400535] kernel: device-mapper: ioctl: 4.49.0-ioctl (2025-01-17) initialised: dm-devel@lists.linux.dev
[    1.400539] kernel: intel_pstate: CPU model not supported
[    1.400779] kernel: drop_monitor: Initializing network drop monitor service
[    1.401076] kernel: NET: Registered PF_INET6 protocol family
[    1.532775] kernel: Freeing initrd memory: 71052K
[    1.540933] kernel: input: AT Translated Set 2 keyboard as /devices/platform/i8042/serio0/input/input1
[    1.541455] kernel: Segment Routing with IPv6
[    1.541484] kernel: In-situ OAM (IOAM) with IPv6
[    1.541507] kernel: NET: Registered PF_PACKET protocol family
[    1.541681] kernel: Key type dns_resolver registered
[    1.542381] kernel: IPI shorthand broadcast: enabled
[    1.544285] kernel: sched_clock: Marking stable (1530130762, 13959181)->(1545132061, -1042118)
[    1.545295] kernel: registered taskstats version 1
[    1.549428] kernel: Loading compiled-in X.509 certificates
[    1.552043] kernel: Loaded X.509 cert 'Build time autogenerated kernel key: 41d22baa63dd1c71f702c24bd4d59d850d38a476'
[    1.552258] kernel: Loaded X.509 cert 'Canonical Ltd. Live Patch Signing 2025 Kmod: d541cef61dc7e793b7eb7e899970a2eef0b5dc8c'
[    1.552476] kernel: Loaded X.509 cert 'Canonical Ltd. Live Patch Signing: 14df34d1a87cf37625abec039ef2bf521249b969'
[    1.552689] kernel: Loaded X.509 cert 'Canonical Ltd. Kernel Module Signing: 88f752e560a1e0737e31163a466ad7b70a850c19'
[    1.552690] kernel: blacklist: Loading compiled-in revocation X.509 certificates
[    1.552700] kernel: Loaded X.509 cert 'Canonical Ltd. Secure Boot Signing: 61482aa2830d0ab2ad5af10b7250da9033ddcef0'
[    1.552706] kernel: Loaded X.509 cert 'Canonical Ltd. Secure Boot Signing (2017): 242ade75ac4a15e50d50c84b0d45ff3eae707a03'
[    1.552724] kernel: Loaded X.509 cert 'Canonical Ltd. Secure Boot Signing (ESM 2018): 365188c1d374d6b07c3c8f240f8ef722433d6a8b'
[    1.552731] kernel: Loaded X.509 cert 'Canonical Ltd. Secure Boot Signing (2019): c0746fd6c5da3ae827864651ad66ae47fe24b3e8'
[    1.552737] kernel: Loaded X.509 cert 'Canonical Ltd. Secure Boot Signing (2021 v1): a8d54bbb3825cfb94fa13c9f8a594a195c107b8d'
[    1.552744] kernel: Loaded X.509 cert 'Canonical Ltd. Secure Boot Signing (2021 v2): 4cf046892d6fd3c9a5b03f98d845f90851dc6a8c'
