2025-11-10T18:11:20.624361+00:00 meaow kernel: Linux version 6.14.0-35-generic (buildd@lcy02-amd64-078) (x86_64-linux-gnu-gcc-13 (Ubuntu 13.3.0-6ubuntu2~24.04) 13.3.0, GNU ld (GNU Binutils for Ubuntu) 2.42) #35~24.04.1-Ubuntu SMP PREEMPT_DYNAMIC Tue Oct 14 13:55:17 UTC 2 (Ubuntu 6.14.0-35.35~24.04.1-generic 6.14.11)
2025-11-10T18:11:20.625994+00:00 meaow kernel: Command line: BOOT_IMAGE=/boot/vmlinuz-6.14.0-35-generic root=UUID=d55d10f7-3be2-4fae-9f74-6ddb42a6afa5 ro quiet splash
2025-11-10T18:11:20.625017+00:00 meaow systemd-modules-load[422]: Inserted module 'lp'
2025-11-10T18:11:20.625999+00:00 meaow kernel: KERNEL supported cpus:
2025-11-10T18:11:20.626009+00:00 meaow systemd-modules-load[422]: Inserted module 'ppdev'
2025-11-10T18:11:20.626053+00:00 meaow kernel:   Intel GenuineIntel
2025-11-10T18:11:20.626091+00:00 meaow kernel:   AMD AuthenticAMD
2025-11-10T18:11:20.626092+00:00 meaow kernel:   Hygon HygonGenuine
2025-11-10T18:11:20.626090+00:00 meaow systemd-modules-load[422]: Inserted module 'parport_pc'
2025-11-10T18:11:20.626094+00:00 meaow systemd-modules-load[422]: Inserted module 'msr'
2025-11-10T18:11:20.626097+00:00 meaow kernel:   Centaur CentaurHauls
2025-11-10T18:11:20.626097+00:00 meaow kernel:   zhaoxin   Shanghai  
2025-11-10T18:11:20.626098+00:00 meaow kernel: BIOS-provided physical RAM map:
2025-11-10T18:11:20.626098+00:00 meaow kernel: BIOS-e820: [mem 0x0000000000000000-0x000000000009e7ff] usable
2025-11-10T18:11:20.626098+00:00 meaow kernel: BIOS-e820: [mem 0x000000000009e800-0x000000000009ffff] reserved
2025-11-10T18:11:20.626097+00:00 meaow systemd[1]: Finished systemd-tmpfiles-setup-dev-early.service - Create Static Device Nodes in /dev gracefully.
2025-11-10T18:11:20.626099+00:00 meaow kernel: BIOS-e820: [mem 0x00000000000dc000-0x00000000000fffff] reserved
2025-11-10T18:11:20.626100+00:00 meaow kernel: BIOS-e820: [mem 0x0000000000100000-0x00000000bfecffff] usable
2025-11-10T18:11:20.626101+00:00 meaow systemd[1]: Finished systemd-sysctl.service - Apply Kernel Variables.
2025-11-10T18:11:20.626102+00:00 meaow kernel: BIOS-e820: [mem 0x00000000bfed0000-0x00000000bfefefff] ACPI data
2025-11-10T18:11:20.626103+00:00 meaow kernel: BIOS-e820: [mem 0x00000000bfeff000-0x00000000bfefffff] ACPI NVS
2025-11-10T18:11:20.626103+00:00 meaow kernel: BIOS-e820: [mem 0x00000000bff00000-0x00000000bfffffff] usable
2025-11-10T18:11:20.626103+00:00 meaow kernel: BIOS-e820: [mem 0x00000000f0000000-0x00000000f7ffffff] reserved
2025-11-10T18:11:20.626104+00:00 meaow kernel: BIOS-e820: [mem 0x00000000fec00000-0x00000000fec0ffff] reserved
2025-11-10T18:11:20.626104+00:00 meaow kernel: BIOS-e820: [mem 0x00000000fee00000-0x00000000fee00fff] reserved
2025-11-10T18:11:20.626104+00:00 meaow systemd[1]: Starting systemd-journal-flush.service - Flush Journal to Persistent Storage...
2025-11-10T18:11:20.626105+00:00 meaow kernel: BIOS-e820: [mem 0x00000000fffe0000-0x00000000ffffffff] reserved
2025-11-10T18:11:20.626106+00:00 meaow kernel: BIOS-e820: [mem 0x0000000100000000-0x000000013fffffff] usable
2025-11-10T18:11:20.626106+00:00 meaow kernel: NX (Execute Disable) protection: active
2025-11-10T18:11:20.626106+00:00 meaow kernel: APIC: Static calls initialized
2025-11-10T18:11:20.626107+00:00 meaow kernel: SMBIOS 2.7 present.
2025-11-10T18:11:20.626107+00:00 meaow kernel: DMI: VMware, Inc. VMware Virtual Platform/440BX Desktop Reference Platform, BIOS 6.00 11/12/2020
2025-11-10T18:11:20.626107+00:00 meaow kernel: DMI: Memory slots populated: 1/128
2025-11-10T18:11:20.626109+00:00 meaow kernel: vmware: hypercall mode: 0x02
2025-11-10T18:11:20.626109+00:00 meaow kernel: Hypervisor detected: VMware
2025-11-10T18:11:20.626110+00:00 meaow kernel: vmware: TSC freq read from hypervisor : 2918.400 MHz
2025-11-10T18:11:20.626107+00:00 meaow systemd[1]: Starting systemd-sysusers.service - Create System Users...
2025-11-10T18:11:20.626110+00:00 meaow kernel: vmware: Host bus clock speed read from hypervisor : 66000000 Hz
2025-11-10T18:11:20.626111+00:00 meaow kernel: vmware: using clock offset of 5242302916 ns
2025-11-10T18:11:20.626112+00:00 meaow kernel: tsc: Detected 2918.400 MHz processor
2025-11-10T18:11:20.626112+00:00 meaow systemd[1]: Finished systemd-journal-flush.service - Flush Journal to Persistent Storage.
2025-11-10T18:11:20.626113+00:00 meaow kernel: e820: update [mem 0x00000000-0x00000fff] usable ==> reserved
2025-11-10T18:11:20.626114+00:00 meaow kernel: e820: remove [mem 0x000a0000-0x000fffff] usable
2025-11-10T18:11:20.626114+00:00 meaow kernel: last_pfn = 0x140000 max_arch_pfn = 0x400000000
2025-11-10T18:11:20.626114+00:00 meaow kernel: total RAM covered: 130048M
2025-11-10T18:11:20.626115+00:00 meaow kernel: Found optimal setting for mtrr clean up
2025-11-10T18:11:20.626115+00:00 meaow kernel:  gran_size: 64K 	chunk_size: 64K 	num_reg: 7  	lose cover RAM: 0G
2025-11-10T18:11:20.626115+00:00 meaow systemd-sysusers[469]: Creating group 'gamemode' with GID 986.
2025-11-10T18:11:20.626116+00:00 meaow kernel: MTRR map: 7 entries (5 fixed + 2 variable; max 21), built from 8 variable MTRRs
2025-11-10T18:11:20.626117+00:00 meaow kernel: x86/PAT: Configuration [0-7]: WB  WC  UC- UC  WB  WP  UC- WT  
2025-11-10T18:11:20.626117+00:00 meaow kernel: e820: update [mem 0xc0000000-0xffffffff] usable ==> reserved
2025-11-10T18:11:20.626117+00:00 meaow kernel: last_pfn = 0xc0000 max_arch_pfn = 0x400000000
2025-11-10T18:11:20.626117+00:00 meaow kernel: found SMP MP-table at [mem 0x000f6a70-0x000f6a7f]
2025-11-10T18:11:20.626118+00:00 meaow kernel: Using GB pages for direct mapping
2025-11-10T18:11:20.626118+00:00 meaow kernel: RAMDISK: [mem 0x2f529000-0x33a8bfff]
2025-11-10T18:11:20.626118+00:00 meaow systemd-sysusers[469]: Creating group 'gnome-initial-setup' with GID 985.
2025-11-10T18:11:20.626119+00:00 meaow kernel: ACPI: Early table checksum verification disabled
2025-11-10T18:11:20.626122+00:00 meaow systemd[1]: Finished systemd-sysusers.service - Create System Users.
2025-11-10T18:11:20.626124+00:00 meaow systemd[1]: Starting systemd-tmpfiles-setup-dev.service - Create Static Device Nodes in /dev...
2025-11-10T18:11:20.626127+00:00 meaow systemd[1]: Finished systemd-tmpfiles-setup-dev.service - Create Static Device Nodes in /dev.
2025-11-10T18:11:20.626131+00:00 meaow systemd[1]: Reached target local-fs-pre.target - Preparation for Local File Systems.
2025-11-10T18:11:20.626133+00:00 meaow systemd[1]: Mounting snap-bare-5.mount - Mount unit for bare, revision 5...
2025-11-10T18:11:20.626135+00:00 meaow systemd[1]: Mounting snap-core22-2045.mount - Mount unit for core22, revision 2045...
2025-11-10T18:11:20.626138+00:00 meaow systemd[1]: Mounting snap-firefox-6565.mount - Mount unit for firefox, revision 6565...
2025-11-10T18:11:20.626141+00:00 meaow systemd[1]: Mounting snap-firmware\x2dupdater-167.mount - Mount unit for firmware-updater, revision 167...
2025-11-10T18:11:20.626144+00:00 meaow systemd[1]: Mounting snap-gnome\x2d42\x2d2204-202.mount - Mount unit for gnome-42-2204, revision 202...
2025-11-10T18:11:20.626148+00:00 meaow systemd[1]: Mounting snap-gtk\x2dcommon\x2dthemes-1535.mount - Mount unit for gtk-common-themes, revision 1535...
2025-11-10T18:11:20.626151+00:00 meaow systemd[1]: Mounting snap-snap\x2dstore-1270.mount - Mount unit for snap-store, revision 1270...
2025-11-10T18:11:20.626153+00:00 meaow systemd[1]: Mounting snap-snapd-24792.mount - Mount unit for snapd, revision 24792...
2025-11-10T18:11:20.626156+00:00 meaow systemd[1]: Mounting snap-snapd\x2ddesktop\x2dintegration-315.mount - Mount unit for snapd-desktop-integration, revision 315...
2025-11-10T18:11:20.626159+00:00 meaow systemd[1]: Starting systemd-udevd.service - Rule-based Manager for Device Events and Files...
2025-11-10T18:11:20.626162+00:00 meaow systemd[1]: Mounted snap-bare-5.mount - Mount unit for bare, revision 5.
2025-11-10T18:11:20.626165+00:00 meaow systemd[1]: Mounted snap-core22-2045.mount - Mount unit for core22, revision 2045.
2025-11-10T18:11:20.626167+00:00 meaow systemd[1]: Mounted snap-firefox-6565.mount - Mount unit for firefox, revision 6565.
2025-11-10T18:11:20.626170+00:00 meaow systemd[1]: Mounted snap-firmware\x2dupdater-167.mount - Mount unit for firmware-updater, revision 167.
2025-11-10T18:11:20.626172+00:00 meaow systemd[1]: Mounted snap-gnome\x2d42\x2d2204-202.mount - Mount unit for gnome-42-2204, revision 202.
2025-11-10T18:11:20.626176+00:00 meaow systemd[1]: Mounted snap-gtk\x2dcommon\x2dthemes-1535.mount - Mount unit for gtk-common-themes, revision 1535.
2025-11-10T18:11:20.626179+00:00 meaow systemd[1]: Mounted snap-snap\x2dstore-1270.mount - Mount unit for snap-store, revision 1270.
2025-11-10T18:11:20.626181+00:00 meaow systemd[1]: Mounted snap-snapd-24792.mount - Mount unit for snapd, revision 24792.
2025-11-10T18:11:20.626184+00:00 meaow systemd[1]: Mounted snap-snapd\x2ddesktop\x2dintegration-315.mount - Mount unit for snapd-desktop-integration, revision 315.
2025-11-10T18:11:20.626186+00:00 meaow systemd[1]: Reached target snapd.mounts.target - Mounted snaps.
2025-11-10T18:11:20.626188+00:00 meaow systemd[1]: Reached target local-fs.target - Local File Systems.
2025-11-10T18:11:20.626192+00:00 meaow systemd[1]: Listening on systemd-sysext.socket - System Extension Image Management (Varlink).
2025-11-10T18:11:20.626195+00:00 meaow systemd[1]: Starting apparmor.service - Load AppArmor profiles...
2025-11-10T18:11:20.626197+00:00 meaow systemd[1]: Starting console-setup.service - Set console font and keymap...
2025-11-10T18:11:20.626200+00:00 meaow systemd[1]: Starting ldconfig.service - Rebuild Dynamic Linker Cache...
2025-11-10T18:11:20.626202+00:00 meaow systemd-udevd[486]: Using default interface naming scheme 'v255'.
2025-11-10T18:11:20.626205+00:00 meaow systemd[1]: Starting plymouth-read-write.service - Tell Plymouth To Write Out Runtime Data...
2025-11-10T18:11:20.626209+00:00 meaow systemd[1]: Starting systemd-binfmt.service - Set Up Additional Binary Formats...
2025-11-10T18:11:20.626212+00:00 meaow apparmor.systemd[497]: Restarting AppArmor
2025-11-10T18:11:20.626218+00:00 meaow systemd[1]: Starting systemd-tmpfiles-setup.service - Create Volatile Files and Directories...
2025-11-10T18:11:20.626220+00:00 meaow systemd[1]: Starting ufw.service - Uncomplicated firewall...
2025-11-10T18:11:20.626222+00:00 meaow systemd[1]: Finished console-setup.service - Set console font and keymap.
2025-11-10T18:11:20.626225+00:00 meaow apparmor.systemd[497]: Reloading AppArmor profiles
2025-11-10T18:11:20.626229+00:00 meaow systemd[1]: Finished ufw.service - Uncomplicated firewall.
2025-11-10T18:11:20.626231+00:00 meaow systemd[1]: Finished plymouth-read-write.service - Tell Plymouth To Write Out Runtime Data.
2025-11-10T18:11:20.626234+00:00 meaow systemd[1]: Received SIGRTMIN+20 from PID 334 (plymouthd).
2025-11-10T18:11:20.626237+00:00 meaow systemd[1]: proc-sys-fs-binfmt_misc.automount: Got automount request for /proc/sys/fs/binfmt_misc, triggered by 506 (systemd-binfmt)
2025-11-10T18:11:20.626239+00:00 meaow systemd[1]: Finished systemd-tmpfiles-setup.service - Create Volatile Files and Directories.
2025-11-10T18:11:20.626242+00:00 meaow systemd[1]: systemd-firstboot.service - First Boot Wizard was skipped because of an unmet condition check (ConditionFirstBoot=yes).
2025-11-10T18:11:20.626246+00:00 meaow systemd[1]: first-boot-complete.target - First Boot Complete was skipped because of an unmet condition check (ConditionFirstBoot=yes).
2025-11-10T18:11:20.626249+00:00 meaow systemd[1]: Starting systemd-journal-catalog-update.service - Rebuild Journal Catalog...
2025-11-10T18:11:20.626252+00:00 meaow systemd[1]: systemd-machine-id-commit.service - Commit a transient machine-id on disk was skipped because of an unmet condition check (ConditionPathIsMountPoint=/etc/machine-id).
2025-11-10T18:11:20.626254+00:00 meaow systemd[1]: Starting systemd-oomd.service - Userspace Out-Of-Memory (OOM) Killer...
2025-11-10T18:11:20.626257+00:00 meaow systemd[1]: Starting systemd-resolved.service - Network Name Resolution...
2025-11-10T18:11:20.626261+00:00 meaow systemd[1]: Starting systemd-timesyncd.service - Network Time Synchronization...
2025-11-10T18:11:20.626263+00:00 meaow systemd[1]: Starting systemd-update-utmp.service - Record System Boot/Shutdown in UTMP...
2025-11-10T18:11:20.626266+00:00 meaow systemd[1]: Finished systemd-udev-trigger.service - Coldplug All udev Devices.
2025-11-10T18:11:20.626268+00:00 meaow systemd[1]: Finished ldconfig.service - Rebuild Dynamic Linker Cache.
2025-11-10T18:11:20.626271+00:00 meaow systemd[1]: Finished systemd-journal-catalog-update.service - Rebuild Journal Catalog.
2025-11-10T18:11:20.626274+00:00 meaow systemd[1]: Started systemd-udevd.service - Rule-based Manager for Device Events and Files.
2025-11-10T18:11:20.626278+00:00 meaow systemd[1]: Starting plymouth-start.service - Show Plymouth Boot Screen...
2025-11-10T18:11:20.626280+00:00 meaow systemd[1]: Starting systemd-update-done.service - Update is Completed...
2025-11-10T18:11:20.626282+00:00 meaow systemd[1]: Finished systemd-update-utmp.service - Record System Boot/Shutdown in UTMP.
2025-11-10T18:11:20.626285+00:00 meaow systemd[1]: Finished systemd-update-done.service - Update is Completed.
2025-11-10T18:11:20.626288+00:00 meaow systemd[1]: Started plymouth-start.service - Show Plymouth Boot Screen.
2025-11-10T18:11:20.626291+00:00 meaow systemd[1]: systemd-ask-password-console.path - Dispatch Password Requests to Console Directory Watch was skipped because of an unmet condition check (ConditionPathExists=!/run/plymouth/pid).
2025-11-10T18:11:20.626295+00:00 meaow systemd[1]: Started systemd-ask-password-plymouth.path - Forward Password Requests to Plymouth Directory Watch.
2025-11-10T18:11:20.626297+00:00 meaow systemd[1]: Reached target cryptsetup.target - Local Encrypted Volumes.
2025-11-10T18:11:20.626300+00:00 meaow mtp-probe: checking bus 2, device 2: "/sys/devices/pci0000:00/0000:00:11.0/0000:02:00.0/usb2/2-1"
2025-11-10T18:11:20.626305+00:00 meaow mtp-probe: bus: 2, device: 2 was not an MTP device
2025-11-10T18:11:20.626308+00:00 meaow cloud-init[688]: Cloud-init v. 25.1.4-0ubuntu0~24.04.1 running 'init-local' at Mon, 10 Nov 2025 18:11:16 +0000. Up 6.19 seconds.
2025-11-10T18:11:20.626313+00:00 meaow systemd[1]: Mounting proc-sys-fs-binfmt_misc.mount - Arbitrary Executable File Formats File System...
2025-11-10T18:11:20.626315+00:00 meaow systemd[1]: Mounted proc-sys-fs-binfmt_misc.mount - Arbitrary Executable File Formats File System.
2025-11-10T18:11:20.626318+00:00 meaow systemd[1]: Finished systemd-binfmt.service - Set Up Additional Binary Formats.
2025-11-10T18:11:20.626321+00:00 meaow systemd[1]: Started systemd-timesyncd.service - Network Time Synchronization.
2025-11-10T18:11:20.626323+00:00 meaow systemd[1]: Reached target time-set.target - System Time Set.
2025-11-10T18:11:20.626326+00:00 meaow systemd-resolved[539]: Positive Trust Anchors:
2025-11-10T18:11:20.626330+00:00 meaow systemd-resolved[539]: . IN DS 20326 8 2 e06d44b80b8f1d39a95c0b0d7c65d08458e880409bbc683457104237c7f8ec8d
2025-11-10T18:11:20.626333+00:00 meaow systemd-resolved[539]: Negative trust anchors: home.arpa 10.in-addr.arpa 16.172.in-addr.arpa 17.172.in-addr.arpa 18.172.in-addr.arpa 19.172.in-addr.arpa 20.172.in-addr.arpa 21.172.in-addr.arpa 22.172.in-addr.arpa 23.172.in-addr.arpa 24.172.in-addr.arpa 25.172.in-addr.arpa 26.172.in-addr.arpa 27.172.in-addr.arpa 28.172.in-addr.arpa 29.172.in-addr.arpa 30.172.in-addr.arpa 31.172.in-addr.arpa 170.0.0.192.in-addr.arpa 171.0.0.192.in-addr.arpa 168.192.in-addr.arpa d.f.ip6.arpa ipv4only.arpa corp home internal intranet lan local private test
2025-11-10T18:11:20.626336+00:00 meaow systemd[1]: Started systemd-oomd.service - Userspace Out-Of-Memory (OOM) Killer.
2025-11-10T18:11:20.626338+00:00 meaow systemd[1]: Listening on systemd-rfkill.socket - Load/Save RF Kill Switch Status /dev/rfkill Watch.
2025-11-10T18:11:20.626341+00:00 meaow (udev-worker)[615]: id: Truncating stdout of 'dmi_memory_id' up to 16384 byte.
2025-11-10T18:11:20.626348+00:00 meaow systemd-resolved[539]: Using system hostname 'meaow'.
2025-11-10T18:11:20.626350+00:00 meaow systemd[1]: Started systemd-resolved.service - Network Name Resolution.
2025-11-10T18:11:20.626353+00:00 meaow systemd[1]: Reached target nss-lookup.target - Host and Network Name Lookups.
2025-11-10T18:11:20.626355+00:00 meaow apparmor.systemd[838]: Warning: found usr.sbin.sssd in /etc/apparmor.d/force-complain, forcing complain mode
2025-11-10T18:11:20.626359+00:00 meaow systemd[1]: netplan-ovs-cleanup.service - OpenVSwitch configuration for cleanup was skipped because of an unmet condition check (ConditionFileIsExecutable=/usr/bin/ovs-vsctl).
2025-11-10T18:11:20.626361+00:00 meaow apparmor.systemd[838]: Warning from /etc/apparmor.d (/etc/apparmor.d/usr.sbin.sssd line 63): Caching disabled for: 'usr.sbin.sssd' due to force complain
2025-11-10T18:11:20.626367+00:00 meaow systemd[1]: Reloading requested from client PID 857 ('systemctl') (unit cloud-init-local.service)...
2025-11-10T18:11:20.626369+00:00 meaow systemd[1]: Reloading...
2025-11-10T18:11:20.626371+00:00 meaow systemd[1]: Reloading finished in 619 ms.
2025-11-10T18:11:20.626374+00:00 meaow systemd[1]: Finished cloud-init-local.service - Cloud-init: Local Stage (pre-network).
2025-11-10T18:11:20.626377+00:00 meaow systemd[1]: Reached target network-pre.target - Preparation for Network.
2025-11-10T18:11:20.626389+00:00 meaow (udev-worker)[1022]: controlC0: Process '/usr/sbin/alsactl -E HOME=/run/alsa -E XDG_RUNTIME_DIR=/run/alsa/runtime restore 0' failed with exit code 2.
2025-11-10T18:11:20.626392+00:00 meaow systemd[1]: systemd-ask-password-console.path - Dispatch Password Requests to Console Directory Watch was skipped because of an unmet condition check (ConditionPathExists=!/run/plymouth/pid).
2025-11-10T18:11:20.626395+00:00 meaow systemd[1]: Starting modprobe@dm_mod.service - Load Kernel Module dm_mod...
2025-11-10T18:11:20.626398+00:00 meaow systemd[1]: Starting modprobe@efi_pstore.service - Load Kernel Module efi_pstore...
2025-11-10T18:11:20.626400+00:00 meaow systemd[1]: Starting modprobe@loop.service - Load Kernel Module loop...
2025-11-10T18:11:20.626403+00:00 meaow systemd[1]: systemd-firstboot.service - First Boot Wizard was skipped because of an unmet condition check (ConditionFirstBoot=yes).
2025-11-10T18:11:20.626406+00:00 meaow systemd[1]: first-boot-complete.target - First Boot Complete was skipped because of an unmet condition check (ConditionFirstBoot=yes).
2025-11-10T18:11:20.626409+00:00 meaow systemd[1]: systemd-hwdb-update.service - Rebuild Hardware Database was skipped because of an unmet condition check (ConditionNeedsUpdate=/etc).
2025-11-10T18:11:20.626411+00:00 meaow systemd[1]: systemd-machine-id-commit.service - Commit a transient machine-id on disk was skipped because of an unmet condition check (ConditionPathIsMountPoint=/etc/machine-id).
2025-11-10T18:11:20.626414+00:00 meaow systemd[1]: systemd-pcrmachine.service - TPM2 PCR Machine ID Measurement was skipped because of an unmet condition check (ConditionSecurity=measured-uki).
2025-11-10T18:11:20.626417+00:00 meaow systemd[1]: systemd-tpm2-setup-early.service - TPM2 SRK Setup (Early) was skipped because of an unmet condition check (ConditionSecurity=measured-uki).
2025-11-10T18:11:20.626420+00:00 meaow systemd[1]: systemd-tpm2-setup.service - TPM2 SRK Setup was skipped because of an unmet condition check (ConditionSecurity=measured-uki).
2025-11-10T18:11:20.626422+00:00 meaow systemd[1]: modprobe@dm_mod.service: Deactivated successfully.
2025-11-10T18:11:20.626425+00:00 meaow systemd[1]: Finished modprobe@dm_mod.service - Load Kernel Module dm_mod.
2025-11-10T18:11:20.626429+00:00 meaow systemd[1]: modprobe@efi_pstore.service: Deactivated successfully.
2025-11-10T18:11:20.626441+00:00 meaow systemd[1]: Finished modprobe@efi_pstore.service - Load Kernel Module efi_pstore.
2025-11-10T18:11:20.626447+00:00 meaow systemd[1]: systemd-pstore.service - Platform Persistent Storage Archival was skipped because of an unmet condition check (ConditionDirectoryNotEmpty=/sys/fs/pstore).
2025-11-10T18:11:20.626450+00:00 meaow systemd[1]: modprobe@loop.service: Deactivated successfully.
2025-11-10T18:11:20.626453+00:00 meaow systemd[1]: Finished modprobe@loop.service - Load Kernel Module loop.
2025-11-10T18:11:20.626457+00:00 meaow systemd[1]: systemd-repart.service - Repartition Root Disk was skipped because no trigger condition checks were met.
2025-11-10T18:11:20.626464+00:00 meaow systemd[1]: Finished apparmor.service - Load AppArmor profiles.
2025-11-10T18:11:20.626466+00:00 meaow systemd[1]: Starting snapd.apparmor.service - Load AppArmor profiles managed internally by snapd...
2025-11-10T18:11:20.626471+00:00 meaow snapd-apparmor[1031]: main.go:146: Loading profiles [/var/lib/snapd/apparmor/profiles/snap-confine.snapd.24792 /var/lib/snapd/apparmor/profiles/snap-update-ns.firefox /var/lib/snapd/apparmor/profiles/snap-update-ns.firmware-updater /var/lib/snapd/apparmor/profiles/snap-update-ns.snap-store /var/lib/snapd/apparmor/profiles/snap-update-ns.snapd-desktop-integration /var/lib/snapd/apparmor/profiles/snap.firefox.firefox /var/lib/snapd/apparmor/profiles/snap.firefox.geckodriver /var/lib/snapd/apparmor/profiles/snap.firefox.hook.configure /var/lib/snapd/apparmor/profiles/snap.firefox.hook.disconnect-plug-host-hunspell /var/lib/snapd/apparmor/profiles/snap.firefox.hook.install /var/lib/snapd/apparmor/profiles/snap.firefox.hook.post-refresh /var/lib/snapd/apparmor/profiles/snap.firmware-updater.firmware-notifier /var/lib/snapd/apparmor/profiles/snap.firmware-updater.firmware-updater /var/lib/snapd/apparmor/profiles/snap.firmware-updater.firmware-updater-app /var/lib/snapd/apparmor/profiles/snap.firmware-updater.hook.configure /var/lib/snapd/apparmor/profiles/snap.snap-store.hook.configure /var/lib/snapd/apparmor/profiles/snap.snap-store.show-updates /var/lib/snapd/apparmor/profiles/snap.snap-store.snap-store /var/lib/snapd/apparmor/profiles/snap.snapd-desktop-integration.hook.configure /var/lib/snapd/apparmor/profiles/snap.snapd-desktop-integration.snapd-desktop-integration]
2025-11-10T18:11:20.626475+00:00 meaow systemd[1]: Finished snapd.apparmor.service - Load AppArmor profiles managed internally by snapd.
2025-11-10T18:11:20.626479+00:00 meaow systemd[1]: Reached target sysinit.target - System Initialization.
2025-11-10T18:11:20.626482+00:00 meaow systemd[1]: apport-autoreport.path - Process error reports when automatic reporting is enabled (file watch) was skipped because of an unmet condition check (ConditionPathExists=/var/lib/apport/autoreport).
2025-11-10T18:11:20.626485+00:00 meaow systemd[1]: Started cups.path - CUPS Scheduler.
2025-11-10T18:11:20.626487+00:00 meaow systemd[1]: tpm-udev.path - Handle dynamically added tpm devices was skipped because of an unmet condition check (ConditionVirtualization=container).
2025-11-10T18:11:20.626490+00:00 meaow systemd[1]: Started whoopsie.path - Start whoopsie on modification of the /var/crash directory.
2025-11-10T18:11:20.626493+00:00 meaow systemd[1]: Started anacron.timer - Trigger anacron every hour.
2025-11-10T18:11:20.626495+00:00 meaow systemd[1]: apport-autoreport.timer - Process error reports when automatic reporting is enabled (timer based) was skipped because of an unmet condition check (ConditionPathExists=/var/lib/apport/autoreport).
2025-11-10T18:11:20.626500+00:00 meaow systemd[1]: Started apt-daily.timer - Daily apt download activities.
2025-11-10T18:11:20.626502+00:00 meaow kernel: ACPI: RSDP 0x00000000000F6A00 000024 (v02 PTLTD )
2025-11-10T18:11:20.626504+00:00 meaow systemd[1]: Started apt-daily-upgrade.timer - Daily apt upgrade and clean activities.
2025-11-10T18:11:20.626506+00:00 meaow kernel: ACPI: XSDT 0x00000000BFEDC633 00005C (v01 INTEL  440BX    06040000 VMW  01324272)
2025-11-10T18:11:20.626508+00:00 meaow kernel: ACPI: FACP 0x00000000BFEFEE73 0000F4 (v04 INTEL  440BX    06040000 PTL  000F4240)
2025-11-10T18:11:20.626508+00:00 meaow systemd[1]: Started dpkg-db-backup.timer - Daily dpkg database backup timer.
2025-11-10T18:11:20.626509+00:00 meaow kernel: ACPI: DSDT 0x00000000BFEDD9E8 02148B (v01 PTLTD  Custom   06040000 MSFT 03000001)
2025-11-10T18:11:20.626509+00:00 meaow kernel: ACPI: FACS 0x00000000BFEFFFC0 000040
2025-11-10T18:11:20.626509+00:00 meaow kernel: ACPI: FACS 0x00000000BFEFFFC0 000040
2025-11-10T18:11:20.626511+00:00 meaow kernel: ACPI: BOOT 0x00000000BFEDD9C0 000028 (v01 PTLTD  $SBFTBL$ 06040000  LTP 00000001)
2025-11-10T18:11:20.626511+00:00 meaow kernel: ACPI: APIC 0x00000000BFEDD27E 000742 (v01 PTLTD  ? APIC   06040000  LTP 00000000)
2025-11-10T18:11:20.626510+00:00 meaow systemd[1]: Started e2scrub_all.timer - Periodic ext4 Online Metadata Check for All Filesystems.
2025-11-10T18:11:20.626511+00:00 meaow kernel: ACPI: MCFG 0x00000000BFEDD242 00003C (v01 PTLTD  $PCITBL$ 06040000  LTP 00000001)
2025-11-10T18:11:20.626513+00:00 meaow kernel: ACPI: SRAT 0x00000000BFEDC72F 0008D0 (v02 VMWARE MEMPLUG  06040000 VMW  00000001)
2025-11-10T18:11:20.626513+00:00 meaow kernel: ACPI: HPET 0x00000000BFEDC6F7 000038 (v01 VMWARE VMW HPET 06040000 VMW  00000001)
2025-11-10T18:11:20.626513+00:00 meaow kernel: ACPI: WAET 0x00000000BFEDC6CF 000028 (v01 VMWARE VMW WAET 06040000 VMW  00000001)
2025-11-10T18:11:20.626514+00:00 meaow kernel: ACPI: Reserving FACP table memory at [mem 0xbfefee73-0xbfefef66]
2025-11-10T18:11:20.626514+00:00 meaow kernel: ACPI: Reserving DSDT table memory at [mem 0xbfedd9e8-0xbfefee72]
2025-11-10T18:11:20.626513+00:00 meaow systemd[1]: Started fstrim.timer - Discard unused filesystem blocks once a week.
2025-11-10T18:11:20.626514+00:00 meaow kernel: ACPI: Reserving FACS table memory at [mem 0xbfefffc0-0xbfefffff]
2025-11-10T18:11:20.626515+00:00 meaow kernel: ACPI: Reserving FACS table memory at [mem 0xbfefffc0-0xbfefffff]
2025-11-10T18:11:20.626516+00:00 meaow kernel: ACPI: Reserving BOOT table memory at [mem 0xbfedd9c0-0xbfedd9e7]
2025-11-10T18:11:20.626517+00:00 meaow kernel: ACPI: Reserving APIC table memory at [mem 0xbfedd27e-0xbfedd9bf]
2025-11-10T18:11:20.626517+00:00 meaow kernel: ACPI: Reserving MCFG table memory at [mem 0xbfedd242-0xbfedd27d]
2025-11-10T18:11:20.626517+00:00 meaow kernel: ACPI: Reserving SRAT table memory at [mem 0xbfedc72f-0xbfedcffe]
2025-11-10T18:11:20.626517+00:00 meaow systemd[1]: Started fwupd-refresh.timer - Refresh fwupd metadata regularly.
2025-11-10T18:11:20.626517+00:00 meaow kernel: ACPI: Reserving HPET table memory at [mem 0xbfedc6f7-0xbfedc72e]
2025-11-10T18:11:20.626519+00:00 meaow kernel: ACPI: Reserving WAET table memory at [mem 0xbfedc6cf-0xbfedc6f6]
2025-11-10T18:11:20.626520+00:00 meaow kernel: ACPI: SRAT: Node 0 PXM 0 [mem 0x00000000-0x0009ffff]
2025-11-10T18:11:20.626520+00:00 meaow kernel: ACPI: SRAT: Node 0 PXM 0 [mem 0x00100000-0xbfffffff]
2025-11-10T18:11:20.626520+00:00 meaow kernel: ACPI: SRAT: Node 0 PXM 0 [mem 0x100000000-0x13fffffff]
2025-11-10T18:11:20.626520+00:00 meaow kernel: ACPI: SRAT: Node 0 PXM 0 [mem 0x140000000-0x103fffffff] hotplug
2025-11-10T18:11:20.626521+00:00 meaow kernel: NUMA: Node 0 [mem 0x00001000-0x0009ffff] + [mem 0x00100000-0xbfffffff] -> [mem 0x00001000-0xbfffffff]
2025-11-10T18:11:20.626521+00:00 meaow kernel: NUMA: Node 0 [mem 0x00001000-0xbfffffff] + [mem 0x100000000-0x13fffffff] -> [mem 0x00001000-0x13fffffff]
2025-11-10T18:11:20.626520+00:00 meaow systemd[1]: Started logrotate.timer - Daily rotation of log files.
2025-11-10T18:11:20.626521+00:00 meaow kernel: NODE_DATA(0) allocated [mem 0x13ffd5540-0x13fffffff]
2025-11-10T18:11:20.626523+00:00 meaow kernel: Zone ranges:
2025-11-10T18:11:20.626523+00:00 meaow kernel:   DMA      [mem 0x0000000000001000-0x0000000000ffffff]
2025-11-10T18:11:20.626523+00:00 meaow kernel:   DMA32    [mem 0x0000000001000000-0x00000000ffffffff]
2025-11-10T18:11:20.626524+00:00 meaow kernel:   Normal   [mem 0x0000000100000000-0x000000013fffffff]
2025-11-10T18:11:20.626524+00:00 meaow kernel:   Device   empty
2025-11-10T18:11:20.626524+00:00 meaow kernel: Movable zone start for each node
2025-11-10T18:11:20.626524+00:00 meaow kernel: Early memory node ranges
2025-11-10T18:11:20.626525+00:00 meaow kernel:   node   0: [mem 0x0000000000001000-0x000000000009dfff]
2025-11-10T18:11:20.626525+00:00 meaow kernel:   node   0: [mem 0x0000000000100000-0x00000000bfecffff]
2025-11-10T18:11:20.626525+00:00 meaow kernel:   node   0: [mem 0x00000000bff00000-0x00000000bfffffff]
2025-11-10T18:11:20.626525+00:00 meaow kernel:   node   0: [mem 0x0000000100000000-0x000000013fffffff]
2025-11-10T18:11:20.626523+00:00 meaow systemd[1]: Started man-db.timer - Daily man-db regeneration.
2025-11-10T18:11:20.626525+00:00 meaow kernel: Initmem setup node 0 [mem 0x0000000000001000-0x000000013fffffff]
2025-11-10T18:11:20.626527+00:00 meaow kernel: On node 0, zone DMA: 1 pages in unavailable ranges
2025-11-10T18:11:20.626527+00:00 meaow kernel: On node 0, zone DMA: 98 pages in unavailable ranges
2025-11-10T18:11:20.626528+00:00 meaow kernel: On node 0, zone DMA32: 48 pages in unavailable ranges
2025-11-10T18:11:20.626528+00:00 meaow kernel: ACPI: PM-Timer IO Port: 0x1008
2025-11-10T18:11:20.626528+00:00 meaow kernel: ACPI: LAPIC_NMI (acpi_id[0x00] high edge lint[0x1])
2025-11-10T18:11:20.626527+00:00 meaow systemd[1]: Started motd-news.timer - Message of the Day.
2025-11-10T18:11:20.626530+00:00 meaow systemd[1]: snapd.snap-repair.timer - Timer to automatically fetch and run repair assertions was skipped because no trigger condition checks were met.
2025-11-10T18:11:20.626532+00:00 meaow kernel: ACPI: LAPIC_NMI (acpi_id[0x01] high edge lint[0x1])
2025-11-10T18:11:20.626533+00:00 meaow kernel: ACPI: LAPIC_NMI (acpi_id[0x02] high edge lint[0x1])
2025-11-10T18:11:20.626533+00:00 meaow kernel: ACPI: LAPIC_NMI (acpi_id[0x03] high edge lint[0x1])
2025-11-10T18:11:20.626533+00:00 meaow kernel: ACPI: LAPIC_NMI (acpi_id[0x04] high edge lint[0x1])
2025-11-10T18:11:20.626533+00:00 meaow kernel: ACPI: LAPIC_NMI (acpi_id[0x05] high edge lint[0x1])
2025-11-10T18:11:20.626533+00:00 meaow systemd[1]: Started sysstat-collect.timer - Run system activity accounting tool every 10 minutes.
2025-11-10T18:11:20.626534+00:00 meaow kernel: ACPI: LAPIC_NMI (acpi_id[0x06] high edge lint[0x1])
2025-11-10T18:11:20.626535+00:00 meaow kernel: ACPI: LAPIC_NMI (acpi_id[0x07] high edge lint[0x1])
2025-11-10T18:11:20.626537+00:00 meaow kernel: ACPI: LAPIC_NMI (acpi_id[0x08] high edge lint[0x1])
2025-11-10T18:11:20.626536+00:00 meaow systemd[1]: Started sysstat-summary.timer - Generate summary of yesterday's process accounting.
2025-11-10T18:11:20.626537+00:00 meaow kernel: ACPI: LAPIC_NMI (acpi_id[0x09] high edge lint[0x1])
2025-11-10T18:11:20.626538+00:00 meaow kernel: ACPI: LAPIC_NMI (acpi_id[0x0a] high edge lint[0x1])
2025-11-10T18:11:20.626538+00:00 meaow kernel: ACPI: LAPIC_NMI (acpi_id[0x0b] high edge lint[0x1])
2025-11-10T18:11:20.626538+00:00 meaow kernel: ACPI: LAPIC_NMI (acpi_id[0x0c] high edge lint[0x1])
2025-11-10T18:11:20.626538+00:00 meaow kernel: ACPI: LAPIC_NMI (acpi_id[0x0d] high edge lint[0x1])
2025-11-10T18:11:20.626539+00:00 meaow systemd[1]: Started systemd-tmpfiles-clean.timer - Daily Cleanup of Temporary Directories.
2025-11-10T18:11:20.626540+00:00 meaow kernel: ACPI: LAPIC_NMI (acpi_id[0x0e] high edge lint[0x1])
2025-11-10T18:11:20.626540+00:00 meaow kernel: ACPI: LAPIC_NMI (acpi_id[0x0f] high edge lint[0x1])
2025-11-10T18:11:20.626541+00:00 meaow kernel: ACPI: LAPIC_NMI (acpi_id[0x10] high edge lint[0x1])
2025-11-10T18:11:20.626541+00:00 meaow systemd[1]: ua-timer.timer - Ubuntu Pro Timer for running repeated jobs was skipped because of an unmet condition check (ConditionPathExists=/var/lib/ubuntu-advantage/private/machine-token.json).
2025-11-10T18:11:20.626544+00:00 meaow systemd[1]: Reached target paths.target - Path Units.
2025-11-10T18:11:20.626547+00:00 meaow systemd[1]: apport-forward.socket - Unix socket for apport crash forwarding was skipped because of an unmet condition check (ConditionVirtualization=container).
2025-11-10T18:11:20.626549+00:00 meaow systemd[1]: Listening on avahi-daemon.socket - Avahi mDNS/DNS-SD Stack Activation Socket.
2025-11-10T18:11:20.626552+00:00 meaow systemd[1]: Listening on cups.socket - CUPS Scheduler.
2025-11-10T18:11:20.626555+00:00 meaow systemd[1]: Listening on dbus.socket - D-Bus System Message Bus Socket.
2025-11-10T18:11:20.626557+00:00 meaow systemd[1]: Starting snapd.socket - Socket activation for snappy daemon...
2025-11-10T18:11:20.626560+00:00 meaow systemd[1]: Listening on uuidd.socket - UUID daemon activation socket.
2025-11-10T18:11:20.626563+00:00 meaow kernel: ACPI: LAPIC_NMI (acpi_id[0x11] high edge lint[0x1])
2025-11-10T18:11:20.626562+00:00 meaow systemd[1]: systemd-pcrphase-sysinit.service - TPM2 PCR Barrier (Initialization) was skipped because of an unmet condition check (ConditionSecurity=measured-uki).
2025-11-10T18:11:20.626563+00:00 meaow kernel: ACPI: LAPIC_NMI (acpi_id[0x12] high edge lint[0x1])
2025-11-10T18:11:20.626565+00:00 meaow kernel: ACPI: LAPIC_NMI (acpi_id[0x13] high edge lint[0x1])
2025-11-10T18:11:20.626566+00:00 meaow systemd[1]: Listening on snapd.socket - Socket activation for snappy daemon.
2025-11-10T18:11:20.628407+00:00 meaow kernel: ACPI: LAPIC_NMI (acpi_id[0x14] high edge lint[0x1])
2025-11-10T18:11:20.628411+00:00 meaow kernel: ACPI: LAPIC_NMI (acpi_id[0x15] high edge lint[0x1])
2025-11-10T18:11:20.628411+00:00 meaow kernel: ACPI: LAPIC_NMI (acpi_id[0x16] high edge lint[0x1])
2025-11-10T18:11:20.628411+00:00 meaow kernel: ACPI: LAPIC_NMI (acpi_id[0x17] high edge lint[0x1])
2025-11-10T18:11:20.628412+00:00 meaow kernel: ACPI: LAPIC_NMI (acpi_id[0x18] high edge lint[0x1])
2025-11-10T18:11:20.628412+00:00 meaow kernel: ACPI: LAPIC_NMI (acpi_id[0x19] high edge lint[0x1])
2025-11-10T18:11:20.628412+00:00 meaow kernel: ACPI: LAPIC_NMI (acpi_id[0x1a] high edge lint[0x1])
2025-11-10T18:11:20.628412+00:00 meaow kernel: ACPI: LAPIC_NMI (acpi_id[0x1b] high edge lint[0x1])
2025-11-10T18:11:20.628413+00:00 meaow kernel: ACPI: LAPIC_NMI (acpi_id[0x1c] high edge lint[0x1])
2025-11-10T18:11:20.628413+00:00 meaow kernel: ACPI: LAPIC_NMI (acpi_id[0x1d] high edge lint[0x1])
2025-11-10T18:11:20.628413+00:00 meaow kernel: ACPI: LAPIC_NMI (acpi_id[0x1e] high edge lint[0x1])
2025-11-10T18:11:20.628413+00:00 meaow kernel: ACPI: LAPIC_NMI (acpi_id[0x1f] high edge lint[0x1])
2025-11-10T18:11:20.628414+00:00 meaow kernel: ACPI: LAPIC_NMI (acpi_id[0x20] high edge lint[0x1])
2025-11-10T18:11:20.628414+00:00 meaow kernel: ACPI: LAPIC_NMI (acpi_id[0x21] high edge lint[0x1])
2025-11-10T18:11:20.628414+00:00 meaow kernel: ACPI: LAPIC_NMI (acpi_id[0x22] high edge lint[0x1])
2025-11-10T18:11:20.628414+00:00 meaow kernel: ACPI: LAPIC_NMI (acpi_id[0x23] high edge lint[0x1])
2025-11-10T18:11:20.628414+00:00 meaow kernel: ACPI: LAPIC_NMI (acpi_id[0x24] high edge lint[0x1])
2025-11-10T18:11:20.628415+00:00 meaow kernel: ACPI: LAPIC_NMI (acpi_id[0x25] high edge lint[0x1])
2025-11-10T18:11:20.628415+00:00 meaow kernel: ACPI: LAPIC_NMI (acpi_id[0x26] high edge lint[0x1])
2025-11-10T18:11:20.628415+00:00 meaow kernel: ACPI: LAPIC_NMI (acpi_id[0x27] high edge lint[0x1])
2025-11-10T18:11:20.628415+00:00 meaow kernel: ACPI: LAPIC_NMI (acpi_id[0x28] high edge lint[0x1])
2025-11-10T18:11:20.628415+00:00 meaow kernel: ACPI: LAPIC_NMI (acpi_id[0x29] high edge lint[0x1])
2025-11-10T18:11:20.628416+00:00 meaow kernel: ACPI: LAPIC_NMI (acpi_id[0x2a] high edge lint[0x1])
2025-11-10T18:11:20.628416+00:00 meaow kernel: ACPI: LAPIC_NMI (acpi_id[0x2b] high edge lint[0x1])
2025-11-10T18:11:20.628416+00:00 meaow kernel: ACPI: LAPIC_NMI (acpi_id[0x2c] high edge lint[0x1])
2025-11-10T18:11:20.628416+00:00 meaow kernel: ACPI: LAPIC_NMI (acpi_id[0x2d] high edge lint[0x1])
2025-11-10T18:11:20.628416+00:00 meaow kernel: ACPI: LAPIC_NMI (acpi_id[0x2e] high edge lint[0x1])
2025-11-10T18:11:20.628417+00:00 meaow kernel: ACPI: LAPIC_NMI (acpi_id[0x2f] high edge lint[0x1])
2025-11-10T18:11:20.628417+00:00 meaow kernel: ACPI: LAPIC_NMI (acpi_id[0x30] high edge lint[0x1])
2025-11-10T18:11:20.628417+00:00 meaow kernel: ACPI: LAPIC_NMI (acpi_id[0x31] high edge lint[0x1])
2025-11-10T18:11:20.628417+00:00 meaow kernel: ACPI: LAPIC_NMI (acpi_id[0x32] high edge lint[0x1])
2025-11-10T18:11:20.628417+00:00 meaow kernel: ACPI: LAPIC_NMI (acpi_id[0x33] high edge lint[0x1])
2025-11-10T18:11:20.628418+00:00 meaow kernel: ACPI: LAPIC_NMI (acpi_id[0x34] high edge lint[0x1])
2025-11-10T18:11:20.628418+00:00 meaow kernel: ACPI: LAPIC_NMI (acpi_id[0x35] high edge lint[0x1])
2025-11-10T18:11:20.628418+00:00 meaow kernel: ACPI: LAPIC_NMI (acpi_id[0x36] high edge lint[0x1])
2025-11-10T18:11:20.628418+00:00 meaow kernel: ACPI: LAPIC_NMI (acpi_id[0x37] high edge lint[0x1])
2025-11-10T18:11:20.628418+00:00 meaow kernel: ACPI: LAPIC_NMI (acpi_id[0x38] high edge lint[0x1])
2025-11-10T18:11:20.628419+00:00 meaow kernel: ACPI: LAPIC_NMI (acpi_id[0x39] high edge lint[0x1])
2025-11-10T18:11:20.628419+00:00 meaow kernel: ACPI: LAPIC_NMI (acpi_id[0x3a] high edge lint[0x1])
2025-11-10T18:11:20.628419+00:00 meaow kernel: ACPI: LAPIC_NMI (acpi_id[0x3b] high edge lint[0x1])
2025-11-10T18:11:20.628421+00:00 meaow kernel: ACPI: LAPIC_NMI (acpi_id[0x3c] high edge lint[0x1])
2025-11-10T18:11:20.628422+00:00 meaow kernel: ACPI: LAPIC_NMI (acpi_id[0x3d] high edge lint[0x1])
2025-11-10T18:11:20.628422+00:00 meaow kernel: ACPI: LAPIC_NMI (acpi_id[0x3e] high edge lint[0x1])
2025-11-10T18:11:20.628422+00:00 meaow kernel: ACPI: LAPIC_NMI (acpi_id[0x3f] high edge lint[0x1])
2025-11-10T18:11:20.628416+00:00 meaow systemd[1]: Reached target sockets.target - Socket Units.
2025-11-10T18:11:20.628422+00:00 meaow kernel: ACPI: LAPIC_NMI (acpi_id[0x40] high edge lint[0x1])
2025-11-10T18:11:20.628424+00:00 meaow kernel: ACPI: LAPIC_NMI (acpi_id[0x41] high edge lint[0x1])
2025-11-10T18:11:20.628425+00:00 meaow kernel: ACPI: LAPIC_NMI (acpi_id[0x42] high edge lint[0x1])
2025-11-10T18:11:20.628425+00:00 meaow kernel: ACPI: LAPIC_NMI (acpi_id[0x43] high edge lint[0x1])
2025-11-10T18:11:20.628425+00:00 meaow kernel: ACPI: LAPIC_NMI (acpi_id[0x44] high edge lint[0x1])
2025-11-10T18:11:20.628425+00:00 meaow kernel: ACPI: LAPIC_NMI (acpi_id[0x45] high edge lint[0x1])
2025-11-10T18:11:20.628426+00:00 meaow kernel: ACPI: LAPIC_NMI (acpi_id[0x46] high edge lint[0x1])
2025-11-10T18:11:20.628426+00:00 meaow kernel: ACPI: LAPIC_NMI (acpi_id[0x47] high edge lint[0x1])
2025-11-10T18:11:20.628425+00:00 meaow systemd[1]: Reached target basic.target - Basic System.
2025-11-10T18:11:20.628426+00:00 meaow kernel: ACPI: LAPIC_NMI (acpi_id[0x48] high edge lint[0x1])
2025-11-10T18:11:20.628428+00:00 meaow kernel: ACPI: LAPIC_NMI (acpi_id[0x49] high edge lint[0x1])
2025-11-10T18:11:20.628428+00:00 meaow kernel: ACPI: LAPIC_NMI (acpi_id[0x4a] high edge lint[0x1])
2025-11-10T18:11:20.628428+00:00 meaow kernel: ACPI: LAPIC_NMI (acpi_id[0x4b] high edge lint[0x1])
2025-11-10T18:11:20.628428+00:00 meaow kernel: ACPI: LAPIC_NMI (acpi_id[0x4c] high edge lint[0x1])
2025-11-10T18:11:20.628429+00:00 meaow kernel: ACPI: LAPIC_NMI (acpi_id[0x4d] high edge lint[0x1])
2025-11-10T18:11:20.628429+00:00 meaow kernel: ACPI: LAPIC_NMI (acpi_id[0x4e] high edge lint[0x1])
2025-11-10T18:11:20.628429+00:00 meaow kernel: ACPI: LAPIC_NMI (acpi_id[0x4f] high edge lint[0x1])
2025-11-10T18:11:20.628429+00:00 meaow kernel: ACPI: LAPIC_NMI (acpi_id[0x50] high edge lint[0x1])
2025-11-10T18:11:20.628429+00:00 meaow kernel: ACPI: LAPIC_NMI (acpi_id[0x51] high edge lint[0x1])
2025-11-10T18:11:20.628428+00:00 meaow systemd[1]: Started anacron.service - Run anacron jobs.
2025-11-10T18:11:20.628430+00:00 meaow kernel: ACPI: LAPIC_NMI (acpi_id[0x52] high edge lint[0x1])
2025-11-10T18:11:20.628434+00:00 meaow kernel: ACPI: LAPIC_NMI (acpi_id[0x53] high edge lint[0x1])
2025-11-10T18:11:20.628434+00:00 meaow kernel: ACPI: LAPIC_NMI (acpi_id[0x54] high edge lint[0x1])
2025-11-10T18:11:20.628435+00:00 meaow kernel: ACPI: LAPIC_NMI (acpi_id[0x55] high edge lint[0x1])
2025-11-10T18:11:20.628435+00:00 meaow kernel: ACPI: LAPIC_NMI (acpi_id[0x56] high edge lint[0x1])
2025-11-10T18:11:20.628435+00:00 meaow kernel: ACPI: LAPIC_NMI (acpi_id[0x57] high edge lint[0x1])
2025-11-10T18:11:20.628435+00:00 meaow kernel: ACPI: LAPIC_NMI (acpi_id[0x58] high edge lint[0x1])
2025-11-10T18:11:20.628436+00:00 meaow kernel: ACPI: LAPIC_NMI (acpi_id[0x59] high edge lint[0x1])
2025-11-10T18:11:20.628437+00:00 meaow kernel: ACPI: LAPIC_NMI (acpi_id[0x5a] high edge lint[0x1])
2025-11-10T18:11:20.628438+00:00 meaow kernel: ACPI: LAPIC_NMI (acpi_id[0x5b] high edge lint[0x1])
2025-11-10T18:11:20.628438+00:00 meaow kernel: ACPI: LAPIC_NMI (acpi_id[0x5c] high edge lint[0x1])
2025-11-10T18:11:20.628438+00:00 meaow kernel: ACPI: LAPIC_NMI (acpi_id[0x5d] high edge lint[0x1])
2025-11-10T18:11:20.628437+00:00 meaow systemd[1]: Starting apport.service - automatic crash report generation...
2025-11-10T18:11:20.628438+00:00 meaow kernel: ACPI: LAPIC_NMI (acpi_id[0x5e] high edge lint[0x1])
2025-11-10T18:11:20.628440+00:00 meaow kernel: ACPI: LAPIC_NMI (acpi_id[0x5f] high edge lint[0x1])
2025-11-10T18:11:20.628441+00:00 meaow systemd[1]: Starting avahi-daemon.service - Avahi mDNS/DNS-SD Stack...
2025-11-10T18:11:20.628442+00:00 meaow kernel: ACPI: LAPIC_NMI (acpi_id[0x60] high edge lint[0x1])
2025-11-10T18:11:20.628445+00:00 meaow kernel: ACPI: LAPIC_NMI (acpi_id[0x61] high edge lint[0x1])
2025-11-10T18:11:20.628444+00:00 meaow systemd[1]: Starting dbus.service - D-Bus System Message Bus...
2025-11-10T18:11:20.628445+00:00 meaow kernel: ACPI: LAPIC_NMI (acpi_id[0x62] high edge lint[0x1])
2025-11-10T18:11:20.628447+00:00 meaow kernel: ACPI: LAPIC_NMI (acpi_id[0x63] high edge lint[0x1])
2025-11-10T18:11:20.628447+00:00 meaow kernel: ACPI: LAPIC_NMI (acpi_id[0x64] high edge lint[0x1])
2025-11-10T18:11:20.628447+00:00 meaow kernel: ACPI: LAPIC_NMI (acpi_id[0x65] high edge lint[0x1])
2025-11-10T18:11:20.628448+00:00 meaow kernel: ACPI: LAPIC_NMI (acpi_id[0x66] high edge lint[0x1])
2025-11-10T18:11:20.628447+00:00 meaow systemd[1]: Started dmesg.service - Save initial kernel messages after boot.
2025-11-10T18:11:20.628449+00:00 meaow kernel: ACPI: LAPIC_NMI (acpi_id[0x67] high edge lint[0x1])
2025-11-10T18:11:20.628450+00:00 meaow kernel: ACPI: LAPIC_NMI (acpi_id[0x68] high edge lint[0x1])
2025-11-10T18:11:20.628450+00:00 meaow kernel: ACPI: LAPIC_NMI (acpi_id[0x69] high edge lint[0x1])
2025-11-10T18:11:20.628450+00:00 meaow kernel: ACPI: LAPIC_NMI (acpi_id[0x6a] high edge lint[0x1])
2025-11-10T18:11:20.628450+00:00 meaow kernel: ACPI: LAPIC_NMI (acpi_id[0x6b] high edge lint[0x1])
2025-11-10T18:11:20.628451+00:00 meaow kernel: ACPI: LAPIC_NMI (acpi_id[0x6c] high edge lint[0x1])
2025-11-10T18:11:20.628450+00:00 meaow systemd[1]: Starting e2scrub_reap.service - Remove Stale Online ext4 Metadata Check Snapshots...
2025-11-10T18:11:20.628452+00:00 meaow kernel: ACPI: LAPIC_NMI (acpi_id[0x6d] high edge lint[0x1])
2025-11-10T18:11:20.628453+00:00 meaow kernel: ACPI: LAPIC_NMI (acpi_id[0x6e] high edge lint[0x1])
2025-11-10T18:11:20.628453+00:00 meaow kernel: ACPI: LAPIC_NMI (acpi_id[0x6f] high edge lint[0x1])
2025-11-10T18:11:20.628453+00:00 meaow kernel: ACPI: LAPIC_NMI (acpi_id[0x70] high edge lint[0x1])
2025-11-10T18:11:20.628453+00:00 meaow kernel: ACPI: LAPIC_NMI (acpi_id[0x71] high edge lint[0x1])
2025-11-10T18:11:20.628454+00:00 meaow kernel: ACPI: LAPIC_NMI (acpi_id[0x72] high edge lint[0x1])
2025-11-10T18:11:20.628452+00:00 meaow anacron[1068]: Anacron 2.3 started on 2025-11-10
2025-11-10T18:11:20.628456+00:00 meaow kernel: ACPI: LAPIC_NMI (acpi_id[0x73] high edge lint[0x1])
2025-11-10T18:11:20.628456+00:00 meaow kernel: ACPI: LAPIC_NMI (acpi_id[0x74] high edge lint[0x1])
2025-11-10T18:11:20.628457+00:00 meaow kernel: ACPI: LAPIC_NMI (acpi_id[0x75] high edge lint[0x1])
2025-11-10T18:11:20.628457+00:00 meaow kernel: ACPI: LAPIC_NMI (acpi_id[0x76] high edge lint[0x1])
2025-11-10T18:11:20.628457+00:00 meaow kernel: ACPI: LAPIC_NMI (acpi_id[0x77] high edge lint[0x1])
2025-11-10T18:11:20.628457+00:00 meaow kernel: ACPI: LAPIC_NMI (acpi_id[0x78] high edge lint[0x1])
2025-11-10T18:11:20.628457+00:00 meaow kernel: ACPI: LAPIC_NMI (acpi_id[0x79] high edge lint[0x1])
2025-11-10T18:11:20.628457+00:00 meaow systemd[1]: getty-static.service - getty on tty2-tty6 if dbus and logind are not available was skipped because of an unmet condition check (ConditionPathExists=!/usr/bin/dbus-daemon).
2025-11-10T18:11:20.628460+00:00 meaow systemd[1]: Reached target getty.target - Login Prompts.
2025-11-10T18:11:20.628463+00:00 meaow kernel: ACPI: LAPIC_NMI (acpi_id[0x7a] high edge lint[0x1])
2025-11-10T18:11:20.628464+00:00 meaow kernel: ACPI: LAPIC_NMI (acpi_id[0x7b] high edge lint[0x1])
2025-11-10T18:11:20.628463+00:00 meaow anacron[1068]: Will run job `cron.daily' in 5 min.
2025-11-10T18:11:20.628464+00:00 meaow kernel: ACPI: LAPIC_NMI (acpi_id[0x7c] high edge lint[0x1])
2025-11-10T18:11:20.628465+00:00 meaow kernel: ACPI: LAPIC_NMI (acpi_id[0x7d] high edge lint[0x1])
2025-11-10T18:11:20.628466+00:00 meaow kernel: ACPI: LAPIC_NMI (acpi_id[0x7e] high edge lint[0x1])
2025-11-10T18:11:20.628466+00:00 meaow kernel: ACPI: LAPIC_NMI (acpi_id[0x7f] high edge lint[0x1])
2025-11-10T18:11:20.628466+00:00 meaow anacron[1068]: Will run job `cron.weekly' in 10 min.
2025-11-10T18:11:20.628468+00:00 meaow kernel: IOAPIC[0]: apic_id 1, version 32, address 0xfec00000, GSI 0-23
2025-11-10T18:11:20.628468+00:00 meaow kernel: ACPI: INT_SRC_OVR (bus 0 bus_irq 0 global_irq 2 high edge)
2025-11-10T18:11:20.628468+00:00 meaow kernel: ACPI: Using ACPI (MADT) for SMP configuration information
2025-11-10T18:11:20.628469+00:00 meaow kernel: ACPI: HPET id: 0x8086af01 base: 0xfed00000
2025-11-10T18:11:20.628469+00:00 meaow anacron[1068]: Will run job `cron.monthly' in 15 min.
2025-11-10T18:11:20.628472+00:00 meaow anacron[1068]: Jobs will be executed sequentially
2025-11-10T18:11:20.628475+00:00 meaow systemd[1]: Starting gnome-remote-desktop.service - GNOME Remote Desktop...
2025-11-10T18:11:20.628479+00:00 meaow systemd[1]: Starting gpu-manager.service - Detect the available GPUs and deal with any system changes...
2025-11-10T18:11:20.628482+00:00 meaow avahi-daemon[1070]: Found user 'avahi' (UID 108) and group 'avahi' (GID 111).
2025-11-10T18:11:20.628484+00:00 meaow systemd[1]: Starting grub-common.service - Record successful boot for GRUB...
2025-11-10T18:11:20.628487+00:00 meaow systemd[1]: networkd-dispatcher.service - Dispatcher daemon for systemd-networkd was skipped because no trigger condition checks were met.
2025-11-10T18:11:20.628490+00:00 meaow systemd[1]: Starting polkit.service - Authorization Manager...
2025-11-10T18:11:20.628491+00:00 meaow kernel: CPU topo: Max. logical packages: 128
2025-11-10T18:11:20.628492+00:00 meaow kernel: CPU topo: Max. logical dies:     128
2025-11-10T18:11:20.628492+00:00 meaow kernel: CPU topo: Max. dies per package:   1
2025-11-10T18:11:20.628492+00:00 meaow systemd[1]: Starting power-profiles-daemon.service - Power Profiles daemon...
2025-11-10T18:11:20.628493+00:00 meaow kernel: CPU topo: Max. threads per core:   1
2025-11-10T18:11:20.628495+00:00 meaow kernel: CPU topo: Num. cores per package:     1
2025-11-10T18:11:20.628496+00:00 meaow kernel: CPU topo: Num. threads per package:   1
2025-11-10T18:11:20.628496+00:00 meaow kernel: CPU topo: Allowing 4 present CPUs plus 124 hotplug CPUs
2025-11-10T18:11:20.628496+00:00 meaow kernel: PM: hibernation: Registered nosave memory: [mem 0x00000000-0x00000fff]
2025-11-10T18:11:20.628496+00:00 meaow kernel: PM: hibernation: Registered nosave memory: [mem 0x0009e000-0x000fffff]
2025-11-10T18:11:20.628496+00:00 meaow dbus-daemon[1071]: dbus[1071]: Unknown group "power" in message bus configuration file
2025-11-10T18:11:20.628498+00:00 meaow kernel: PM: hibernation: Registered nosave memory: [mem 0xbfed0000-0xbfefffff]
2025-11-10T18:11:20.628499+00:00 meaow kernel: PM: hibernation: Registered nosave memory: [mem 0xc0000000-0xffffffff]
2025-11-10T18:11:20.628499+00:00 meaow kernel: [mem 0xc0000000-0xefffffff] available for PCI devices
2025-11-10T18:11:20.628499+00:00 meaow kernel: Booting paravirtualized kernel on VMware hypervisor
2025-11-10T18:11:20.628499+00:00 meaow kernel: clocksource: refined-jiffies: mask: 0xffffffff max_cycles: 0xffffffff, max_idle_ns: 1910969940391419 ns
2025-11-10T18:11:20.628500+00:00 meaow kernel: setup_percpu: NR_CPUS:8192 nr_cpumask_bits:128 nr_cpu_ids:128 nr_node_ids:1
2025-11-10T18:11:20.628498+00:00 meaow systemd[1]: Starting rsyslog.service - System Logging Service...
2025-11-10T18:11:20.628501+00:00 meaow kernel: percpu: Embedded 88 pages/cpu s237568 r8192 d114688 u524288
2025-11-10T18:11:20.628502+00:00 meaow kernel: pcpu-alloc: s237568 r8192 d114688 u524288 alloc=1*2097152
2025-11-10T18:11:20.628502+00:00 meaow kernel: pcpu-alloc: [0] 000 001 002 003 [0] 004 005 006 007 
2025-11-10T18:11:20.628502+00:00 meaow kernel: pcpu-alloc: [0] 008 009 010 011 [0] 012 013 014 015 
2025-11-10T18:11:20.628502+00:00 meaow kernel: pcpu-alloc: [0] 016 017 018 019 [0] 020 021 022 023 
2025-11-10T18:11:20.628503+00:00 meaow kernel: pcpu-alloc: [0] 024 025 026 027 [0] 028 029 030 031 
2025-11-10T18:11:20.628503+00:00 meaow kernel: pcpu-alloc: [0] 032 033 034 035 [0] 036 037 038 039 
2025-11-10T18:11:20.628502+00:00 meaow systemd[1]: secureboot-db.service - Secure Boot updates for DB and DBX was skipped because of an unmet condition check (ConditionPathExists=/sys/firmware/efi/efivars/db-d719b2cb-3d3a-4596-a3bc-dad00e67656f).
2025-11-10T18:11:20.628504+00:00 meaow kernel: pcpu-alloc: [0] 040 041 042 043 [0] 044 045 046 047 
2025-11-10T18:11:20.628505+00:00 meaow kernel: pcpu-alloc: [0] 048 049 050 051 [0] 052 053 054 055 
2025-11-10T18:11:20.628505+00:00 meaow kernel: pcpu-alloc: [0] 056 057 058 059 [0] 060 061 062 063 
2025-11-10T18:11:20.628505+00:00 meaow kernel: pcpu-alloc: [0] 064 065 066 067 [0] 068 069 070 071 
2025-11-10T18:11:20.628506+00:00 meaow kernel: pcpu-alloc: [0] 072 073 074 075 [0] 076 077 078 079 
2025-11-10T18:11:20.628506+00:00 meaow kernel: pcpu-alloc: [0] 080 081 082 083 [0] 084 085 086 087 
2025-11-10T18:11:20.628505+00:00 meaow systemd[1]: snapd.core-fixup.service - Automatically repair incorrect owner/permissions on core devices was skipped because no trigger condition checks were met.
2025-11-10T18:11:20.628507+00:00 meaow kernel: pcpu-alloc: [0] 088 089 090 091 [0] 092 093 094 095 
2025-11-10T18:11:20.628508+00:00 meaow kernel: pcpu-alloc: [0] 096 097 098 099 [0] 100 101 102 103 
2025-11-10T18:11:20.628508+00:00 meaow kernel: pcpu-alloc: [0] 104 105 106 107 [0] 108 109 110 111 
2025-11-10T18:11:20.628508+00:00 meaow kernel: pcpu-alloc: [0] 112 113 114 115 [0] 116 117 118 119 
2025-11-10T18:11:20.628508+00:00 meaow kernel: pcpu-alloc: [0] 120 121 122 123 [0] 124 125 126 127 
2025-11-10T18:11:20.628509+00:00 meaow kernel: Kernel command line: BOOT_IMAGE=/boot/vmlinuz-6.14.0-35-generic root=UUID=d55d10f7-3be2-4fae-9f74-6ddb42a6afa5 ro quiet splash
2025-11-10T18:11:20.628508+00:00 meaow systemd[1]: snapd.recovery-chooser-trigger.service - Wait for the Ubuntu Core chooser trigger was skipped because of an unmet condition check (ConditionKernelCommandLine=snapd_recovery_mode).
2025-11-10T18:11:20.628510+00:00 meaow kernel: Unknown kernel command line parameters "splash BOOT_IMAGE=/boot/vmlinuz-6.14.0-35-generic", will be passed to user space.
2025-11-10T18:11:20.628511+00:00 meaow kernel: random: crng init done
2025-11-10T18:11:20.628511+00:00 meaow kernel: printk: log_buf_len individual max cpu contribution: 4096 bytes
2025-11-10T18:11:20.628511+00:00 meaow kernel: printk: log_buf_len total cpu_extra contributions: 520192 bytes
2025-11-10T18:11:20.628512+00:00 meaow kernel: printk: log_buf_len min size: 262144 bytes
2025-11-10T18:11:20.628512+00:00 meaow kernel: printk: log buffer data + meta data: 1048576 + 3670016 = 4718592 bytes
2025-11-10T18:11:20.628512+00:00 meaow kernel: printk: early log buf free: 244888(93%)
2025-11-10T18:11:20.628511+00:00 meaow systemd[1]: Reached target getty-pre.target - Preparation for Logins.
2025-11-10T18:11:20.628513+00:00 meaow kernel: Dentry cache hash table entries: 524288 (order: 10, 4194304 bytes, linear)
2025-11-10T18:11:20.628514+00:00 meaow kernel: Inode-cache hash table entries: 262144 (order: 9, 2097152 bytes, linear)
2025-11-10T18:11:20.628514+00:00 meaow kernel: Fallback order for Node 0: 0 
2025-11-10T18:11:20.628515+00:00 meaow kernel: Built 1 zonelists, mobility grouping on.  Total pages: 1048429
2025-11-10T18:11:20.628515+00:00 meaow kernel: Policy zone: Normal
2025-11-10T18:11:20.628515+00:00 meaow kernel: mem auto-init: stack:all(zero), heap alloc:on, heap free:off
2025-11-10T18:11:20.628514+00:00 meaow systemd[1]: Starting snapd.seeded.service - Wait until snapd is fully seeded...
2025-11-10T18:11:20.628516+00:00 meaow kernel: software IO TLB: area num 128.
2025-11-10T18:11:20.628517+00:00 meaow kernel: SLUB: HWalign=64, Order=0-3, MinObjects=0, CPUs=128, Nodes=1
2025-11-10T18:11:20.628517+00:00 meaow kernel: Kernel/User page tables isolation: enabled
2025-11-10T18:11:20.628517+00:00 meaow kernel: ftrace: allocating 60406 entries in 236 pages
2025-11-10T18:11:20.628518+00:00 meaow kernel: ftrace: allocated 236 pages with 5 groups
2025-11-10T18:11:20.628518+00:00 meaow kernel: Dynamic Preempt: voluntary
2025-11-10T18:11:20.628517+00:00 meaow systemd[1]: Starting snapd.service - Snap Daemon...
2025-11-10T18:11:20.628520+00:00 meaow kernel: rcu: Preemptible hierarchical RCU implementation.
2025-11-10T18:11:20.628520+00:00 meaow kernel: rcu: 	RCU restricting CPUs from NR_CPUS=8192 to nr_cpu_ids=128.
2025-11-10T18:11:20.628521+00:00 meaow kernel: 	Trampoline variant of Tasks RCU enabled.
2025-11-10T18:11:20.628521+00:00 meaow kernel: 	Rude variant of Tasks RCU enabled.
2025-11-10T18:11:20.628520+00:00 meaow systemd[1]: Starting ssl-cert.service - Generate snakeoil SSL keypair...
2025-11-10T18:11:20.628521+00:00 meaow kernel: 	Tracing variant of Tasks RCU enabled.
2025-11-10T18:11:20.628522+00:00 meaow kernel: rcu: RCU calculated value of scheduler-enlistment delay is 100 jiffies.
2025-11-10T18:11:20.628522+00:00 meaow kernel: rcu: Adjusting geometry for rcu_fanout_leaf=16, nr_cpu_ids=128
2025-11-10T18:11:20.628522+00:00 meaow systemd[1]: sssd.service - System Security Services Daemon was skipped because no trigger condition checks were met.
2025-11-10T18:11:20.628524+00:00 meaow kernel: RCU Tasks: Setting shift to 7 and lim to 1 rcu_task_cb_adjust=1 rcu_task_cpu_ids=128.
2025-11-10T18:11:20.628525+00:00 meaow kernel: RCU Tasks Rude: Setting shift to 7 and lim to 1 rcu_task_cb_adjust=1 rcu_task_cpu_ids=128.
2025-11-10T18:11:20.628525+00:00 meaow kernel: RCU Tasks Trace: Setting shift to 7 and lim to 1 rcu_task_cb_adjust=1 rcu_task_cpu_ids=128.
2025-11-10T18:11:20.628525+00:00 meaow kernel: NR_IRQS: 524544, nr_irqs: 1448, preallocated irqs: 16
2025-11-10T18:11:20.628525+00:00 meaow kernel: rcu: srcu_init: Setting srcu_struct sizes to big.
2025-11-10T18:11:20.628525+00:00 meaow kernel: Console: colour VGA+ 80x25
2025-11-10T18:11:20.628525+00:00 meaow systemd[1]: Reached target nss-user-lookup.target - User and Group Name Lookups.
2025-11-10T18:11:20.628527+00:00 meaow kernel: printk: legacy console [tty0] enabled
2025-11-10T18:11:20.628528+00:00 meaow kernel: ACPI: Core revision 20240827
2025-11-10T18:11:20.628528+00:00 meaow kernel: clocksource: hpet: mask: 0xffffffff max_cycles: 0xffffffff, max_idle_ns: 133484882848 ns
2025-11-10T18:11:20.628528+00:00 meaow kernel: APIC: Switch to symmetric I/O mode setup
2025-11-10T18:11:20.628528+00:00 meaow kernel: x2apic enabled
2025-11-10T18:11:20.628529+00:00 meaow kernel: APIC: Switched APIC routing to: physical x2apic
2025-11-10T18:11:20.628529+00:00 meaow kernel: ..TIMER: vector=0x30 apic1=0 pin1=2 apic2=-1 pin2=-1
2025-11-10T18:11:20.628528+00:00 meaow systemd[1]: sssd-nss.socket: Bound to unit sssd.service, but unit isn't active.
2025-11-10T18:11:20.628532+00:00 meaow kernel: clocksource: tsc-early: mask: 0xffffffffffffffff max_cycles: 0x2a11290c0c8, max_idle_ns: 440795344938 ns
2025-11-10T18:11:20.628531+00:00 meaow systemd[1]: Dependency failed for sssd-nss.socket - SSSD NSS Service responder socket.
2025-11-10T18:11:20.628532+00:00 meaow kernel: Calibrating delay loop (skipped) preset value.. 5836.80 BogoMIPS (lpj=2918400)
2025-11-10T18:11:20.628534+00:00 meaow kernel: x86/cpu: User Mode Instruction Prevention (UMIP) activated
2025-11-10T18:11:20.628534+00:00 meaow kernel: Last level iTLB entries: 4KB 0, 2MB 0, 4MB 0
2025-11-10T18:11:20.628535+00:00 meaow kernel: Last level dTLB entries: 4KB 0, 2MB 0, 4MB 0, 1GB 0
2025-11-10T18:11:20.628535+00:00 meaow kernel: Spectre V1 : Mitigation: usercopy/swapgs barriers and __user pointer sanitization
2025-11-10T18:11:20.628534+00:00 meaow systemd[1]: sssd-nss.socket: Job sssd-nss.socket/start failed with result 'dependency'.
2025-11-10T18:11:20.628536+00:00 meaow kernel: Spectre V2 : Spectre BHI mitigation: SW BHB clearing on syscall and VM exit
2025-11-10T18:11:20.628537+00:00 meaow kernel: Spectre V2 : Mitigation: IBRS
2025-11-10T18:11:20.628537+00:00 meaow kernel: Spectre V2 : Spectre v2 / SpectreRSB: Filling RSB on context switch and VMEXIT
2025-11-10T18:11:20.628537+00:00 meaow kernel: RETBleed: Mitigation: IBRS
2025-11-10T18:11:20.628537+00:00 meaow kernel: Spectre V2 : mitigation: Enabling conditional Indirect Branch Prediction Barrier
2025-11-10T18:11:20.628538+00:00 meaow kernel: Speculative Store Bypass: Mitigation: Speculative Store Bypass disabled via prctl
2025-11-10T18:11:20.628537+00:00 meaow systemd[1]: sssd-autofs.socket: Bound to unit sssd.service, but unit isn't active.
2025-11-10T18:11:20.628540+00:00 meaow systemd[1]: Dependency failed for sssd-autofs.socket - SSSD AutoFS Service responder socket.
2025-11-10T18:11:20.628543+00:00 meaow systemd[1]: sssd-autofs.socket: Job sssd-autofs.socket/start failed with result 'dependency'.
2025-11-10T18:11:20.628545+00:00 meaow systemd[1]: sssd-pac.socket: Bound to unit sssd.service, but unit isn't active.
2025-11-10T18:11:20.628548+00:00 meaow kernel: MDS: Mitigation: Clear CPU buffers
2025-11-10T18:11:20.628548+00:00 meaow systemd[1]: Dependency failed for sssd-pac.socket - SSSD PAC Service responder socket.
2025-11-10T18:11:20.628548+00:00 meaow kernel: MMIO Stale Data: Unknown: No mitigations
2025-11-10T18:11:20.628550+00:00 meaow kernel: Register File Data Sampling: Vulnerable: No microcode
2025-11-10T18:11:20.628550+00:00 meaow kernel: ITS: Mitigation: Aligned branch/return thunks
2025-11-10T18:11:20.628551+00:00 meaow kernel: x86/fpu: Supporting XSAVE feature 0x001: 'x87 floating point registers'
2025-11-10T18:11:20.628551+00:00 meaow kernel: x86/fpu: Supporting XSAVE feature 0x002: 'SSE registers'
2025-11-10T18:11:20.628551+00:00 meaow kernel: x86/fpu: Supporting XSAVE feature 0x004: 'AVX registers'
2025-11-10T18:11:20.628551+00:00 meaow systemd[1]: sssd-pac.socket: Job sssd-pac.socket/start failed with result 'dependency'.
2025-11-10T18:11:20.628553+00:00 meaow systemd[1]: sssd-pam-priv.socket: Bound to unit sssd.service, but unit isn't active.
2025-11-10T18:11:20.628555+00:00 meaow kernel: x86/fpu: xstate_offset[2]:  576, xstate_sizes[2]:  256
2025-11-10T18:11:20.628556+00:00 meaow systemd[1]: Dependency failed for sssd-pam-priv.socket - SSSD PAM Service responder private socket.
2025-11-10T18:11:20.628557+00:00 meaow kernel: x86/fpu: Enabled xstate features 0x7, context size is 832 bytes, using 'compacted' format.
2025-11-10T18:11:20.628558+00:00 meaow kernel: Freeing SMP alternatives memory: 48K
2025-11-10T18:11:20.628558+00:00 meaow kernel: pid_max: default: 131072 minimum: 1024
2025-11-10T18:11:20.628558+00:00 meaow kernel: LSM: initializing lsm=lockdown,capability,landlock,yama,apparmor,ima,evm
2025-11-10T18:11:20.628558+00:00 meaow kernel: landlock: Up and running.
2025-11-10T18:11:20.628559+00:00 meaow systemd[1]: Dependency failed for sssd-pam.socket - SSSD PAM Service responder socket.
2025-11-10T18:11:20.628561+00:00 meaow systemd[1]: sssd-pam.socket: Job sssd-pam.socket/start failed with result 'dependency'.
2025-11-10T18:11:20.628562+00:00 meaow kernel: Yama: becoming mindful.
2025-11-10T18:11:20.628564+00:00 meaow kernel: AppArmor: AppArmor initialized
2025-11-10T18:11:20.628564+00:00 meaow kernel: Mount-cache hash table entries: 8192 (order: 4, 65536 bytes, linear)
2025-11-10T18:11:20.628564+00:00 meaow kernel: Mountpoint-cache hash table entries: 8192 (order: 4, 65536 bytes, linear)
2025-11-10T18:11:20.628564+00:00 meaow kernel: smpboot: CPU0: 13th Gen Intel(R) Core(TM) i7-13700H (family: 0x6, model: 0xba, stepping: 0x2)
2025-11-10T18:11:20.628565+00:00 meaow kernel: Performance Events: Alderlake Hybrid events, core PMU driver.
2025-11-10T18:11:20.628564+00:00 meaow systemd[1]: sssd-pam-priv.socket: Job sssd-pam-priv.socket/start failed with result 'dependency'.
2025-11-10T18:11:20.628567+00:00 meaow systemd[1]: sssd-ssh.socket: Bound to unit sssd.service, but unit isn't active.
2025-11-10T18:11:20.628568+00:00 meaow kernel: core: CPUID marked event: 'cpu cycles' unavailable
2025-11-10T18:11:20.628569+00:00 meaow kernel: core: CPUID marked event: 'instructions' unavailable
2025-11-10T18:11:20.628569+00:00 meaow kernel: core: CPUID marked event: 'bus cycles' unavailable
2025-11-10T18:11:20.628569+00:00 meaow kernel: core: CPUID marked event: 'cache references' unavailable
2025-11-10T18:11:20.628569+00:00 meaow kernel: core: CPUID marked event: 'cache misses' unavailable
2025-11-10T18:11:20.628569+00:00 meaow systemd[1]: Dependency failed for sssd-ssh.socket - SSSD SSH Service responder socket.
2025-11-10T18:11:20.628572+00:00 meaow systemd[1]: sssd-ssh.socket: Job sssd-ssh.socket/start failed with result 'dependency'.
2025-11-10T18:11:20.628575+00:00 meaow systemd[1]: sssd-sudo.socket: Bound to unit sssd.service, but unit isn't active.
2025-11-10T18:11:20.628577+00:00 meaow systemd[1]: Dependency failed for sssd-sudo.socket - SSSD Sudo Service responder socket.
2025-11-10T18:11:20.628580+00:00 meaow systemd[1]: sssd-sudo.socket: Job sssd-sudo.socket/start failed with result 'dependency'.
2025-11-10T18:11:20.628582+00:00 meaow systemd[1]: Starting accounts-daemon.service - Accounts Service...
2025-11-10T18:11:20.628586+00:00 meaow systemd[1]: Started cron.service - Regular background program processing daemon.
2025-11-10T18:11:20.628588+00:00 meaow kernel: core: CPUID marked event: 'branch instructions' unavailable
2025-11-10T18:11:20.628589+00:00 meaow kernel: core: CPUID marked event: 'branch misses' unavailable
2025-11-10T18:11:20.628589+00:00 meaow systemd[1]: Starting switcheroo-control.service - Switcheroo Control Proxy service...
2025-11-10T18:11:20.628592+00:00 meaow kernel: core: cpu_core PMU driver: 
2025-11-10T18:11:20.628592+00:00 meaow systemd[1]: Starting sysstat.service - Resets System Activity Logs...
2025-11-10T18:11:20.628593+00:00 meaow kernel: ... version:                1
2025-11-10T18:11:20.628594+00:00 meaow kernel: ... bit width:              48
2025-11-10T18:11:20.628594+00:00 meaow kernel: ... generic registers:      6
2025-11-10T18:11:20.628595+00:00 meaow kernel: ... value mask:             0000ffffffffffff
2025-11-10T18:11:20.628595+00:00 meaow kernel: ... max period:             000000007fffffff
2025-11-10T18:11:20.628595+00:00 meaow (cron)[1094]: cron.service: Referenced but unset environment variable evaluates to an empty string: EXTRA_OPTS
2025-11-10T18:11:20.628598+00:00 meaow kernel: ... fixed-purpose events:   0
2025-11-10T18:11:20.628598+00:00 meaow systemd[1]: Starting systemd-logind.service - User Login Management...
2025-11-10T18:11:20.628599+00:00 meaow kernel: ... event mask:             000100000000003f
2025-11-10T18:11:20.628600+00:00 meaow kernel: signal: max sigframe size: 1776
2025-11-10T18:11:20.628601+00:00 meaow kernel: rcu: Hierarchical SRCU implementation.
2025-11-10T18:11:20.628601+00:00 meaow kernel: rcu: 	Max phase no-delay instances is 400.
2025-11-10T18:11:20.628601+00:00 meaow kernel: Timer migration: 3 hierarchy levels; 8 children per group; 3 crossnode level
2025-11-10T18:11:20.628601+00:00 meaow kernel: NMI watchdog: Perf NMI watchdog permanently disabled
2025-11-10T18:11:20.628601+00:00 meaow cron[1094]: (CRON) INFO (pidfile fd = 3)
2025-11-10T18:11:20.628604+00:00 meaow systemd[1]: systemd-pcrphase.service - TPM2 PCR Barrier (User) was skipped because of an unmet condition check (ConditionSecurity=measured-uki).
2025-11-10T18:11:20.628605+00:00 meaow kernel: smp: Bringing up secondary CPUs ...
2025-11-10T18:11:20.628606+00:00 meaow kernel: smpboot: x86: Booting SMP configuration:
2025-11-10T18:11:20.628606+00:00 meaow kernel: .... node  #0, CPUs:          #1   #2   #3
2025-11-10T18:11:20.628606+00:00 meaow kernel: smp: Brought up 1 node, 4 CPUs
2025-11-10T18:11:20.628606+00:00 meaow kernel: smpboot: Total of 4 processors activated (23347.20 BogoMIPS)
2025-11-10T18:11:20.628607+00:00 meaow kernel: Memory: 3866168K/4193716K available (21451K kernel code, 4568K rwdata, 15064K rodata, 5140K init, 4432K bss, 313844K reserved, 0K cma-reserved)
2025-11-10T18:11:20.628606+00:00 meaow systemd[1]: thermald.service - Thermal Daemon Service was skipped because of an unmet condition check (ConditionVirtualization=no).
2025-11-10T18:11:20.628609+00:00 meaow systemd[1]: ua-reboot-cmds.service - Ubuntu Pro reboot cmds was skipped because of an unmet condition check (ConditionPathExists=/var/lib/ubuntu-advantage/private/machine-token.json).
2025-11-10T18:11:20.628611+00:00 meaow kernel: devtmpfs: initialized
2025-11-10T18:11:20.628611+00:00 meaow kernel: x86/mm: Memory block size: 128MB
2025-11-10T18:11:20.628611+00:00 meaow kernel: ACPI: PM: Registering ACPI NVS region [mem 0xbfeff000-0xbfefffff] (4096 bytes)
2025-11-10T18:11:20.628612+00:00 meaow kernel: clocksource: jiffies: mask: 0xffffffff max_cycles: 0xffffffff, max_idle_ns: 1911260446275000 ns
2025-11-10T18:11:20.628612+00:00 meaow kernel: futex hash table entries: 32768 (order: 9, 2097152 bytes, linear)
2025-11-10T18:11:20.628612+00:00 meaow kernel: pinctrl core: initialized pinctrl subsystem
2025-11-10T18:11:20.628612+00:00 meaow dbus-daemon[1071]: [system] AppArmor D-Bus mediation is enabled
2025-11-10T18:11:20.628615+00:00 meaow kernel: PM: RTC time: 18:11:11, date: 2025-11-10
2025-11-10T18:11:20.628614+00:00 meaow systemd[1]: Starting udisks2.service - Disk Manager...
2025-11-10T18:11:20.628617+00:00 meaow kernel: NET: Registered PF_NETLINK/PF_ROUTE protocol family
2025-11-10T18:11:20.628617+00:00 meaow kernel: DMA: preallocated 512 KiB GFP_KERNEL pool for atomic allocations
2025-11-10T18:11:20.628617+00:00 meaow kernel: DMA: preallocated 512 KiB GFP_KERNEL|GFP_DMA pool for atomic allocations
2025-11-10T18:11:20.628617+00:00 meaow kernel: DMA: preallocated 512 KiB GFP_KERNEL|GFP_DMA32 pool for atomic allocations
2025-11-10T18:11:20.628618+00:00 meaow kernel: audit: initializing netlink subsys (disabled)
2025-11-10T18:11:20.628618+00:00 meaow kernel: audit: type=2000 audit(1762798270.336:1): state=initialized audit_enabled=0 res=1
2025-11-10T18:11:20.628618+00:00 meaow systemd[1]: Started dbus.service - D-Bus System Message Bus.
2025-11-10T18:11:20.628621+00:00 meaow dbus-daemon[1071]: [system] Activating systemd to hand-off: service name='org.freedesktop.PolicyKit1' unit='polkit.service' requested by ':1.3' (uid=0 pid=1081 comm="/usr/libexec/power-profiles-daemon" label="unconfined")
2025-11-10T18:11:20.628624+00:00 meaow cron[1094]: (CRON) INFO (Running @reboot jobs)
2025-11-10T18:11:20.628626+00:00 meaow systemd[1]: Finished sysstat.service - Resets System Activity Logs.
2025-11-10T18:11:20.628629+00:00 meaow avahi-daemon[1070]: Successfully dropped root privileges.
2025-11-10T18:11:20.628632+00:00 meaow dbus-daemon[1071]: [system] Successfully activated service 'org.freedesktop.systemd1'
2025-11-10T18:11:20.628634+00:00 meaow avahi-daemon[1070]: avahi-daemon 0.8 starting up.
2025-11-10T18:11:20.628637+00:00 meaow avahi-daemon[1070]: Successfully called chroot().
2025-11-10T18:11:20.628640+00:00 meaow avahi-daemon[1070]: Successfully dropped remaining capabilities.
2025-11-10T18:11:20.628642+00:00 meaow avahi-daemon[1070]: No service file found in /etc/avahi/services.
2025-11-10T18:11:20.628645+00:00 meaow avahi-daemon[1070]: Joining mDNS multicast group on interface lo.IPv6 with address ::1.
2025-11-10T18:11:20.628648+00:00 meaow avahi-daemon[1070]: New relevant interface lo.IPv6 for mDNS.
2025-11-10T18:11:20.628650+00:00 meaow avahi-daemon[1070]: Joining mDNS multicast group on interface lo.IPv4 with address 127.0.0.1.
2025-11-10T18:11:20.628652+00:00 meaow kernel: thermal_sys: Registered thermal governor 'fair_share'
2025-11-10T18:11:20.628653+00:00 meaow kernel: thermal_sys: Registered thermal governor 'bang_bang'
2025-11-10T18:11:20.628653+00:00 meaow kernel: thermal_sys: Registered thermal governor 'step_wise'
2025-11-10T18:11:20.628654+00:00 meaow kernel: thermal_sys: Registered thermal governor 'user_space'
2025-11-10T18:11:20.628653+00:00 meaow avahi-daemon[1070]: New relevant interface lo.IPv4 for mDNS.
2025-11-10T18:11:20.628654+00:00 meaow kernel: thermal_sys: Registered thermal governor 'power_allocator'
2025-11-10T18:11:20.628656+00:00 meaow kernel: cpuidle: using governor ladder
2025-11-10T18:11:20.628656+00:00 meaow avahi-daemon[1070]: Network interface enumeration completed.
2025-11-10T18:11:20.628659+00:00 meaow avahi-daemon[1070]: Registering new address record for ::1 on lo.*.
2025-11-10T18:11:20.628661+00:00 meaow avahi-daemon[1070]: Registering new address record for 127.0.0.1 on lo.IPv4.
2025-11-10T18:11:20.628663+00:00 meaow systemd[1]: Starting NetworkManager.service - Network Manager...
2025-11-10T18:11:20.628667+00:00 meaow kernel: cpuidle: using governor menu
2025-11-10T18:11:20.628668+00:00 meaow kernel: Simple Boot Flag at 0x36 set to 0x80
2025-11-10T18:11:20.628669+00:00 meaow kernel: acpiphp: ACPI Hot Plug PCI Controller Driver version: 0.5
2025-11-10T18:11:20.628669+00:00 meaow kernel: PCI: ECAM [mem 0xf0000000-0xf7ffffff] (base 0xf0000000) for domain 0000 [bus 00-7f]
2025-11-10T18:11:20.628666+00:00 meaow systemd[1]: Starting wpa_supplicant.service - WPA supplicant...
2025-11-10T18:11:20.628669+00:00 meaow kernel: PCI: Using configuration type 1 for base access
2025-11-10T18:11:20.628670+00:00 meaow kernel: kprobes: kprobe jump-optimization is enabled. All kprobes are optimized if possible.
2025-11-10T18:11:20.628671+00:00 meaow udisksd[1106]: udisks daemon version 2.10.1 starting
2025-11-10T18:11:20.628674+00:00 meaow systemd[1]: Started switcheroo-control.service - Switcheroo Control Proxy service.
2025-11-10T18:11:20.628677+00:00 meaow systemd[1]: Started avahi-daemon.service - Avahi mDNS/DNS-SD Stack.
2025-11-10T18:11:20.628679+00:00 meaow systemd[1]: alsa-state.service - Manage Sound Card State (restore and store) was skipped because of an unmet condition check (ConditionPathExists=/etc/alsa/state-daemon.conf).
2025-11-10T18:11:20.628680+00:00 meaow kernel: HugeTLB: registered 1.00 GiB page size, pre-allocated 0 pages
2025-11-10T18:11:20.628682+00:00 meaow kernel: HugeTLB: 16380 KiB vmemmap can be freed for a 1.00 GiB page
2025-11-10T18:11:20.628682+00:00 meaow kernel: HugeTLB: registered 2.00 MiB page size, pre-allocated 0 pages
2025-11-10T18:11:20.628683+00:00 meaow kernel: HugeTLB: 28 KiB vmemmap can be freed for a 2.00 MiB page
2025-11-10T18:11:20.628683+00:00 meaow kernel: ACPI: Added _OSI(Module Device)
2025-11-10T18:11:20.628684+00:00 meaow kernel: ACPI: Added _OSI(Processor Device)
2025-11-10T18:11:20.628683+00:00 meaow systemd[1]: Starting alsa-restore.service - Save/Restore Sound Card State...
2025-11-10T18:11:20.628684+00:00 meaow kernel: ACPI: Added _OSI(Processor Aggregator Device)
2025-11-10T18:11:20.628695+00:00 meaow kernel: ACPI: 1 ACPI AML tables successfully acquired and loaded
2025-11-10T18:11:20.628696+00:00 meaow kernel: ACPI: [Firmware Bug]: BIOS _OSI(Linux) query ignored
2025-11-10T18:11:20.628695+00:00 meaow systemd[1]: Started systemd-logind.service - User Login Management.
2025-11-10T18:11:20.628696+00:00 meaow kernel: ACPI: Interpreter enabled
2025-11-10T18:11:20.628698+00:00 meaow kernel: ACPI: PM: (supports S0 S1 S4 S5)
2025-11-10T18:11:20.628699+00:00 meaow kernel: ACPI: Using IOAPIC for interrupt routing
2025-11-10T18:11:20.628699+00:00 meaow kernel: PCI: Using host bridge windows from ACPI; if necessary, use "pci=nocrs" and report a bug
2025-11-10T18:11:20.628698+00:00 meaow systemd[1]: grub-common.service: Deactivated successfully.
2025-11-10T18:11:20.628701+00:00 meaow systemd[1]: Finished grub-common.service - Record successful boot for GRUB.
2025-11-10T18:11:20.628703+00:00 meaow wpa_supplicant[1127]: Successfully initialized wpa_supplicant
2025-11-10T18:11:20.628706+00:00 meaow systemd[1]: Started wpa_supplicant.service - WPA supplicant.
2025-11-10T18:11:20.628709+00:00 meaow kernel: PCI: Using E820 reservations for host bridge windows
2025-11-10T18:11:20.628710+00:00 meaow kernel: ACPI: Enabled 4 GPEs in block 00 to 0F
2025-11-10T18:11:20.628711+00:00 meaow kernel: ACPI: PCI Root Bridge [PCI0] (domain 0000 [bus 00-7f])
2025-11-10T18:11:20.628711+00:00 meaow kernel: acpi PNP0A03:00: _OSC: OS supports [ExtendedConfig ASPM ClockPM Segments MSI EDR HPX-Type3]
2025-11-10T18:11:20.628710+00:00 meaow systemd[1]: Starting grub-initrd-fallback.service - GRUB failed boot detection...
2025-11-10T18:11:20.628711+00:00 meaow kernel: acpi PNP0A03:00: _OSC: platform does not support [AER LTR DPC]
2025-11-10T18:11:20.628712+00:00 meaow kernel: acpi PNP0A03:00: _OSC: OS now controls [PCIeHotplug SHPCHotplug PME PCIeCapability]
2025-11-10T18:11:20.628712+00:00 meaow kernel: PCI host bridge to bus 0000:00
2025-11-10T18:11:20.628713+00:00 meaow alsactl[1143]: /usr/sbin/alsactl: load_state:1689: Cannot open /var/lib/alsa/asound.state for reading: No such file or directory
2025-11-10T18:11:20.628716+00:00 meaow alsactl[1143]: alsa-lib main.c:1554:(snd_use_case_mgr_open) error: failed to import hw:0 use case configuration -2
2025-11-10T18:11:20.628719+00:00 meaow polkitd[1079]: Started polkitd version 124
2025-11-10T18:11:20.628722+00:00 meaow systemd[1]: Finished alsa-restore.service - Save/Restore Sound Card State.
2025-11-10T18:11:20.628723+00:00 meaow kernel: pci_bus 0000:00: root bus resource [mem 0x000a0000-0x000bffff window]
2025-11-10T18:11:20.628724+00:00 meaow kernel: pci_bus 0000:00: root bus resource [mem 0x000d0000-0x000dbfff window]
2025-11-10T18:11:20.628724+00:00 meaow kernel: pci_bus 0000:00: root bus resource [mem 0xc0000000-0xfebfffff window]
2025-11-10T18:11:20.628725+00:00 meaow kernel: pci_bus 0000:00: root bus resource [io  0x0000-0x0cf7 window]
2025-11-10T18:11:20.628725+00:00 meaow kernel: pci_bus 0000:00: root bus resource [io  0x0d00-0xfeff window]
2025-11-10T18:11:20.628725+00:00 meaow kernel: pci_bus 0000:00: root bus resource [bus 00-7f]
2025-11-10T18:11:20.628724+00:00 meaow systemd[1]: Reached target sound.target - Sound Card.
2025-11-10T18:11:20.628734+00:00 meaow gnome-remote-de[1074]: Init TPM credentials failed because No TPM device found, using GKeyFile as fallback
2025-11-10T18:11:20.628736+00:00 meaow systemd[1]: e2scrub_reap.service: Deactivated successfully.
2025-11-10T18:11:20.628738+00:00 meaow kernel: pci 0000:00:00.0: [8086:7190] type 00 class 0x060000 conventional PCI endpoint
2025-11-10T18:11:20.628739+00:00 meaow kernel: pci 0000:00:01.0: [8086:7191] type 01 class 0x060400 conventional PCI bridge
2025-11-10T18:11:20.628740+00:00 meaow kernel: pci 0000:00:01.0: PCI bridge to [bus 01]
2025-11-10T18:11:20.628739+00:00 meaow systemd[1]: Finished e2scrub_reap.service - Remove Stale Online ext4 Metadata Check Snapshots.
2025-11-10T18:11:20.628741+00:00 meaow kernel: pci 0000:00:07.0: [8086:7110] type 00 class 0x060100 conventional PCI endpoint
2025-11-10T18:11:20.628741+00:00 meaow kernel: pci 0000:00:07.1: [8086:7111] type 00 class 0x01018a conventional PCI endpoint
2025-11-10T18:11:20.628742+00:00 meaow kernel: pci 0000:00:07.1: BAR 4 [io  0x1060-0x106f]
2025-11-10T18:11:20.617957+00:00 meaow systemd[1]: grub-initrd-fallback.service: Deactivated successfully.
2025-11-10T18:11:20.618234+00:00 meaow systemd[1]: Finished grub-initrd-fallback.service - GRUB failed boot detection.
2025-11-10T18:11:20.620013+00:00 meaow NetworkManager[1125]: <info>  [1762798280.6189] NetworkManager (version 1.46.0) is starting... (boot:83cbb33d-04f7-4628-9c82-e7f80d4f81ee)
2025-11-10T18:11:20.628751+00:00 meaow kernel: pci 0000:00:07.1: BAR 0 [io  0x01f0-0x01f7]: legacy IDE quirk
2025-11-10T18:11:20.628752+00:00 meaow kernel: pci 0000:00:07.1: BAR 1 [io  0x03f6]: legacy IDE quirk
2025-11-10T18:11:20.628752+00:00 meaow kernel: pci 0000:00:07.1: BAR 2 [io  0x0170-0x0177]: legacy IDE quirk
2025-11-10T18:11:20.628753+00:00 meaow kernel: pci 0000:00:07.1: BAR 3 [io  0x0376]: legacy IDE quirk
2025-11-10T18:11:20.628753+00:00 meaow kernel: pci 0000:00:07.3: [8086:7113] type 00 class 0x068000 conventional PCI endpoint
2025-11-10T18:11:20.620056+00:00 meaow NetworkManager[1125]: <info>  [1762798280.6196] Read config: /etc/NetworkManager/NetworkManager.conf (lib: 10-dns-resolved.conf, 20-connectivity-ubuntu.conf, no-mac-addr-change.conf) (run: 10-globally-managed-devices.conf) (etc: default-wifi-powersave-on.conf)
2025-11-10T18:11:20.628754+00:00 meaow kernel: pci 0000:00:07.3: quirk: [io  0x1000-0x103f] claimed by PIIX4 ACPI
2025-11-10T18:11:20.628755+00:00 meaow kernel: pci 0000:00:07.3: quirk: [io  0x1040-0x104f] claimed by PIIX4 SMB
2025-11-10T18:11:20.622522+00:00 meaow dbus-daemon[1071]: [system] Successfully activated service 'org.freedesktop.PolicyKit1'
2025-11-10T18:11:20.623179+00:00 meaow rsyslogd: imuxsock: Acquired UNIX socket '/run/systemd/journal/syslog' (fd 3) from systemd.  [v8.2312.0]
2025-11-10T18:11:20.623288+00:00 meaow rsyslogd: rsyslogd's groupid changed to 102
2025-11-10T18:11:20.628766+00:00 meaow kernel: pci 0000:00:07.7: [15ad:0740] type 00 class 0x088000 conventional PCI endpoint
2025-11-10T18:11:20.628767+00:00 meaow kernel: pci 0000:00:07.7: BAR 0 [io  0x1080-0x10bf]
2025-11-10T18:11:20.628767+00:00 meaow kernel: pci 0000:00:07.7: BAR 1 [mem 0xfebc0000-0xfebfffff 64bit]
2025-11-10T18:11:20.628767+00:00 meaow kernel: pci 0000:00:0f.0: [15ad:0405] type 00 class 0x030000 conventional PCI endpoint
2025-11-10T18:11:20.628768+00:00 meaow kernel: pci 0000:00:0f.0: BAR 0 [io  0x1070-0x107f]
2025-11-10T18:11:20.628768+00:00 meaow kernel: pci 0000:00:0f.0: BAR 1 [mem 0xe8000000-0xefffffff pref]
2025-11-10T18:11:20.623309+00:00 meaow rsyslogd: rsyslogd's userid changed to 102
2025-11-10T18:11:20.623325+00:00 meaow rsyslogd: [origin software="rsyslogd" swVersion="8.2312.0" x-pid="1139" x-info="https://www.rsyslog.com"] start
2025-11-10T18:11:20.625947+00:00 meaow systemd[1]: Started rsyslog.service - System Logging Service.
2025-11-10T18:11:20.627098+00:00 meaow systemd[1]: Started polkit.service - Authorization Manager.
2025-11-10T18:11:20.628778+00:00 meaow kernel: pci 0000:00:0f.0: BAR 2 [mem 0xfe000000-0xfe7fffff]
2025-11-10T18:11:20.628779+00:00 meaow kernel: pci 0000:00:0f.0: ROM [mem 0x00000000-0x00007fff pref]
2025-11-10T18:11:20.628780+00:00 meaow kernel: pci 0000:00:0f.0: Video device with shadowed ROM at [mem 0x000c0000-0x000dffff]
2025-11-10T18:11:20.628780+00:00 meaow kernel: pci 0000:00:10.0: [1000:0030] type 00 class 0x010000 conventional PCI endpoint
2025-11-10T18:11:20.628780+00:00 meaow kernel: pci 0000:00:10.0: BAR 0 [io  0x1400-0x14ff]
2025-11-10T18:11:20.628781+00:00 meaow kernel: pci 0000:00:10.0: BAR 1 [mem 0xfeb80000-0xfeb9ffff 64bit]
2025-11-10T18:11:20.628781+00:00 meaow kernel: pci 0000:00:10.0: BAR 3 [mem 0xfeba0000-0xfebbffff 64bit]
2025-11-10T18:11:20.628045+00:00 meaow accounts-daemon[1092]: started daemon version 23.13.9
2025-11-10T18:11:20.628791+00:00 meaow kernel: pci 0000:00:10.0: ROM [mem 0x00000000-0x00003fff pref]
2025-11-10T18:11:20.628792+00:00 meaow kernel: pci 0000:00:11.0: [15ad:0790] type 01 class 0x060401 conventional PCI bridge
2025-11-10T18:11:20.628793+00:00 meaow kernel: pci 0000:00:11.0: PCI bridge to [bus 02] (subtractive decode)
2025-11-10T18:11:20.628793+00:00 meaow kernel: pci 0000:00:11.0:   bridge window [io  0x2000-0x3fff]
2025-11-10T18:11:20.628793+00:00 meaow kernel: pci 0000:00:11.0:   bridge window [mem 0xfd500000-0xfdffffff]
2025-11-10T18:11:20.628794+00:00 meaow kernel: pci 0000:00:11.0:   bridge window [mem 0xe7b00000-0xe7ffffff 64bit pref]
2025-11-10T18:11:20.628804+00:00 meaow kernel: pci 0000:00:15.0: [15ad:07a0] type 01 class 0x060400 PCIe Root Port
2025-11-10T18:11:20.628804+00:00 meaow kernel: pci 0000:00:15.0: PCI bridge to [bus 03]
2025-11-10T18:11:20.628805+00:00 meaow kernel: pci 0000:00:15.0:   bridge window [io  0x4000-0x4fff]
2025-11-10T18:11:20.628805+00:00 meaow kernel: pci 0000:00:15.0:   bridge window [mem 0xfd400000-0xfd4fffff]
2025-11-10T18:11:20.628825+00:00 meaow kernel: pci 0000:00:15.0:   bridge window [mem 0xe7a00000-0xe7afffff 64bit pref]
2025-11-10T18:11:20.628825+00:00 meaow kernel: pci 0000:00:15.0: PME# supported from D0 D3hot D3cold
2025-11-10T18:11:20.628835+00:00 meaow kernel: pci 0000:00:15.1: [15ad:07a0] type 01 class 0x060400 PCIe Root Port
2025-11-10T18:11:20.628836+00:00 meaow kernel: pci 0000:00:15.1: PCI bridge to [bus 04]
2025-11-10T18:11:20.628836+00:00 meaow kernel: pci 0000:00:15.1:   bridge window [io  0x8000-0x8fff]
2025-11-10T18:11:20.628837+00:00 meaow kernel: pci 0000:00:15.1:   bridge window [mem 0xfd000000-0xfd0fffff]
2025-11-10T18:11:20.628837+00:00 meaow kernel: pci 0000:00:15.1:   bridge window [mem 0xe7600000-0xe76fffff 64bit pref]
2025-11-10T18:11:20.628837+00:00 meaow kernel: pci 0000:00:15.1: PME# supported from D0 D3hot D3cold
2025-11-10T18:11:20.628838+00:00 meaow kernel: pci 0000:00:15.2: [15ad:07a0] type 01 class 0x060400 PCIe Root Port
2025-11-10T18:11:20.628847+00:00 meaow kernel: pci 0000:00:15.2: PCI bridge to [bus 05]
2025-11-10T18:11:20.628848+00:00 meaow kernel: pci 0000:00:15.2:   bridge window [io  0xc000-0xcfff]
2025-11-10T18:11:20.628848+00:00 meaow kernel: pci 0000:00:15.2:   bridge window [mem 0xfcc00000-0xfccfffff]
2025-11-10T18:11:20.628849+00:00 meaow kernel: pci 0000:00:15.2:   bridge window [mem 0xe7200000-0xe72fffff 64bit pref]
2025-11-10T18:11:20.628849+00:00 meaow kernel: pci 0000:00:15.2: PME# supported from D0 D3hot D3cold
2025-11-10T18:11:20.628850+00:00 meaow kernel: pci 0000:00:15.3: [15ad:07a0] type 01 class 0x060400 PCIe Root Port
2025-11-10T18:11:20.628860+00:00 meaow kernel: pci 0000:00:15.3: PCI bridge to [bus 06]
2025-11-10T18:11:20.628861+00:00 meaow kernel: pci 0000:00:15.3:   bridge window [mem 0xfc800000-0xfc8fffff]
2025-11-10T18:11:20.628861+00:00 meaow kernel: pci 0000:00:15.3:   bridge window [mem 0xe6e00000-0xe6efffff 64bit pref]
2025-11-10T18:11:20.628861+00:00 meaow kernel: pci 0000:00:15.3: PME# supported from D0 D3hot D3cold
2025-11-10T18:11:20.628862+00:00 meaow kernel: pci 0000:00:15.4: [15ad:07a0] type 01 class 0x060400 PCIe Root Port
2025-11-10T18:11:20.628862+00:00 meaow kernel: pci 0000:00:15.4: PCI bridge to [bus 07]
2025-11-10T18:11:20.628862+00:00 meaow kernel: pci 0000:00:15.4:   bridge window [mem 0xfc400000-0xfc4fffff]
2025-11-10T18:11:20.628872+00:00 meaow kernel: pci 0000:00:15.4:   bridge window [mem 0xe6a00000-0xe6afffff 64bit pref]
2025-11-10T18:11:20.628873+00:00 meaow kernel: pci 0000:00:15.4: PME# supported from D0 D3hot D3cold
2025-11-10T18:11:20.628874+00:00 meaow kernel: pci 0000:00:15.5: [15ad:07a0] type 01 class 0x060400 PCIe Root Port
2025-11-10T18:11:20.628874+00:00 meaow kernel: pci 0000:00:15.5: PCI bridge to [bus 08]
2025-11-10T18:11:20.628874+00:00 meaow kernel: pci 0000:00:15.5:   bridge window [mem 0xfc000000-0xfc0fffff]
2025-11-10T18:11:20.628875+00:00 meaow kernel: pci 0000:00:15.5:   bridge window [mem 0xe6600000-0xe66fffff 64bit pref]
2025-11-10T18:11:20.628884+00:00 meaow kernel: pci 0000:00:15.5: PME# supported from D0 D3hot D3cold
2025-11-10T18:11:20.628885+00:00 meaow kernel: pci 0000:00:15.6: [15ad:07a0] type 01 class 0x060400 PCIe Root Port
2025-11-10T18:11:20.628886+00:00 meaow kernel: pci 0000:00:15.6: PCI bridge to [bus 09]
2025-11-10T18:11:20.628886+00:00 meaow kernel: pci 0000:00:15.6:   bridge window [mem 0xfbc00000-0xfbcfffff]
2025-11-10T18:11:20.628887+00:00 meaow kernel: pci 0000:00:15.6:   bridge window [mem 0xe6200000-0xe62fffff 64bit pref]
2025-11-10T18:11:20.628887+00:00 meaow kernel: pci 0000:00:15.6: PME# supported from D0 D3hot D3cold
2025-11-10T18:11:20.628897+00:00 meaow kernel: pci 0000:00:15.7: [15ad:07a0] type 01 class 0x060400 PCIe Root Port
2025-11-10T18:11:20.628898+00:00 meaow kernel: pci 0000:00:15.7: PCI bridge to [bus 0a]
2025-11-10T18:11:20.628898+00:00 meaow kernel: pci 0000:00:15.7:   bridge window [mem 0xfb800000-0xfb8fffff]
2025-11-10T18:11:20.628899+00:00 meaow kernel: pci 0000:00:15.7:   bridge window [mem 0xe5e00000-0xe5efffff 64bit pref]
2025-11-10T18:11:20.628899+00:00 meaow kernel: pci 0000:00:15.7: PME# supported from D0 D3hot D3cold
2025-11-10T18:11:20.628899+00:00 meaow kernel: pci 0000:00:16.0: [15ad:07a0] type 01 class 0x060400 PCIe Root Port
2025-11-10T18:11:20.628900+00:00 meaow kernel: pci 0000:00:16.0: PCI bridge to [bus 0b]
2025-11-10T18:11:20.628909+00:00 meaow kernel: pci 0000:00:16.0:   bridge window [io  0x5000-0x5fff]
2025-11-10T18:11:20.628910+00:00 meaow kernel: pci 0000:00:16.0:   bridge window [mem 0xfd300000-0xfd3fffff]
2025-11-10T18:11:20.628910+00:00 meaow kernel: pci 0000:00:16.0:   bridge window [mem 0xe7900000-0xe79fffff 64bit pref]
2025-11-10T18:11:20.628911+00:00 meaow kernel: pci 0000:00:16.0: PME# supported from D0 D3hot D3cold
2025-11-10T18:11:20.628911+00:00 meaow kernel: pci 0000:00:16.1: [15ad:07a0] type 01 class 0x060400 PCIe Root Port
2025-11-10T18:11:20.628911+00:00 meaow kernel: pci 0000:00:16.1: PCI bridge to [bus 0c]
2025-11-10T18:11:20.628921+00:00 meaow kernel: pci 0000:00:16.1:   bridge window [io  0x9000-0x9fff]
2025-11-10T18:11:20.628922+00:00 meaow kernel: pci 0000:00:16.1:   bridge window [mem 0xfcf00000-0xfcffffff]
2025-11-10T18:11:20.628922+00:00 meaow kernel: pci 0000:00:16.1:   bridge window [mem 0xe7500000-0xe75fffff 64bit pref]
2025-11-10T18:11:20.628923+00:00 meaow kernel: pci 0000:00:16.1: PME# supported from D0 D3hot D3cold
2025-11-10T18:11:20.628923+00:00 meaow kernel: pci 0000:00:16.2: [15ad:07a0] type 01 class 0x060400 PCIe Root Port
2025-11-10T18:11:20.628923+00:00 meaow kernel: pci 0000:00:16.2: PCI bridge to [bus 0d]
2025-11-10T18:11:20.628923+00:00 meaow kernel: pci 0000:00:16.2:   bridge window [io  0xd000-0xdfff]
2025-11-10T18:11:20.628933+00:00 meaow kernel: pci 0000:00:16.2:   bridge window [mem 0xfcb00000-0xfcbfffff]
2025-11-10T18:11:20.628934+00:00 meaow kernel: pci 0000:00:16.2:   bridge window [mem 0xe7100000-0xe71fffff 64bit pref]
2025-11-10T18:11:20.628934+00:00 meaow kernel: pci 0000:00:16.2: PME# supported from D0 D3hot D3cold
2025-11-10T18:11:20.628935+00:00 meaow kernel: pci 0000:00:16.3: [15ad:07a0] type 01 class 0x060400 PCIe Root Port
2025-11-10T18:11:20.628935+00:00 meaow kernel: pci 0000:00:16.3: PCI bridge to [bus 0e]
2025-11-10T18:11:20.628935+00:00 meaow kernel: pci 0000:00:16.3:   bridge window [mem 0xfc700000-0xfc7fffff]
2025-11-10T18:11:20.628979+00:00 meaow kernel: pci 0000:00:16.3:   bridge window [mem 0xe6d00000-0xe6dfffff 64bit pref]
2025-11-10T18:11:20.628980+00:00 meaow kernel: pci 0000:00:16.3: PME# supported from D0 D3hot D3cold
2025-11-10T18:11:20.628980+00:00 meaow kernel: pci 0000:00:16.4: [15ad:07a0] type 01 class 0x060400 PCIe Root Port
2025-11-10T18:11:20.628981+00:00 meaow kernel: pci 0000:00:16.4: PCI bridge to [bus 0f]
2025-11-10T18:11:20.628981+00:00 meaow kernel: pci 0000:00:16.4:   bridge window [mem 0xfc300000-0xfc3fffff]
2025-11-10T18:11:20.628982+00:00 meaow kernel: pci 0000:00:16.4:   bridge window [mem 0xe6900000-0xe69fffff 64bit pref]
2025-11-10T18:11:20.628992+00:00 meaow kernel: pci 0000:00:16.4: PME# supported from D0 D3hot D3cold
2025-11-10T18:11:20.628993+00:00 meaow kernel: pci 0000:00:16.5: [15ad:07a0] type 01 class 0x060400 PCIe Root Port
2025-11-10T18:11:20.628993+00:00 meaow kernel: pci 0000:00:16.5: PCI bridge to [bus 10]
2025-11-10T18:11:20.628994+00:00 meaow kernel: pci 0000:00:16.5:   bridge window [mem 0xfbf00000-0xfbffffff]
2025-11-10T18:11:20.628994+00:00 meaow kernel: pci 0000:00:16.5:   bridge window [mem 0xe6500000-0xe65fffff 64bit pref]
2025-11-10T18:11:20.628994+00:00 meaow kernel: pci 0000:00:16.5: PME# supported from D0 D3hot D3cold
2025-11-10T18:11:20.628995+00:00 meaow kernel: pci 0000:00:16.6: [15ad:07a0] type 01 class 0x060400 PCIe Root Port
2025-11-10T18:11:20.629005+00:00 meaow kernel: pci 0000:00:16.6: PCI bridge to [bus 11]
2025-11-10T18:11:20.629005+00:00 meaow kernel: pci 0000:00:16.6:   bridge window [mem 0xfbb00000-0xfbbfffff]
2025-11-10T18:11:20.629006+00:00 meaow kernel: pci 0000:00:16.6:   bridge window [mem 0xe6100000-0xe61fffff 64bit pref]
2025-11-10T18:11:20.629006+00:00 meaow kernel: pci 0000:00:16.6: PME# supported from D0 D3hot D3cold
2025-11-10T18:11:20.629007+00:00 meaow kernel: pci 0000:00:16.7: [15ad:07a0] type 01 class 0x060400 PCIe Root Port
2025-11-10T18:11:20.629007+00:00 meaow kernel: pci 0000:00:16.7: PCI bridge to [bus 12]
2025-11-10T18:11:20.629018+00:00 meaow kernel: pci 0000:00:16.7:   bridge window [mem 0xfb700000-0xfb7fffff]
2025-11-10T18:11:20.629018+00:00 meaow kernel: pci 0000:00:16.7:   bridge window [mem 0xe5d00000-0xe5dfffff 64bit pref]
2025-11-10T18:11:20.629019+00:00 meaow kernel: pci 0000:00:16.7: PME# supported from D0 D3hot D3cold
2025-11-10T18:11:20.629019+00:00 meaow kernel: pci 0000:00:17.0: [15ad:07a0] type 01 class 0x060400 PCIe Root Port
2025-11-10T18:11:20.629020+00:00 meaow kernel: pci 0000:00:17.0: PCI bridge to [bus 13]
2025-11-10T18:11:20.629020+00:00 meaow kernel: pci 0000:00:17.0:   bridge window [io  0x6000-0x6fff]
2025-11-10T18:11:20.629020+00:00 meaow kernel: pci 0000:00:17.0:   bridge window [mem 0xfd200000-0xfd2fffff]
2025-11-10T18:11:20.629030+00:00 meaow kernel: pci 0000:00:17.0:   bridge window [mem 0xe7800000-0xe78fffff 64bit pref]
2025-11-10T18:11:20.629031+00:00 meaow kernel: pci 0000:00:17.0: PME# supported from D0 D3hot D3cold
2025-11-10T18:11:20.629032+00:00 meaow kernel: pci 0000:00:17.1: [15ad:07a0] type 01 class 0x060400 PCIe Root Port
2025-11-10T18:11:20.629032+00:00 meaow kernel: pci 0000:00:17.1: PCI bridge to [bus 14]
2025-11-10T18:11:20.629032+00:00 meaow kernel: pci 0000:00:17.1:   bridge window [io  0xa000-0xafff]
2025-11-10T18:11:20.629033+00:00 meaow kernel: pci 0000:00:17.1:   bridge window [mem 0xfce00000-0xfcefffff]
2025-11-10T18:11:20.629042+00:00 meaow kernel: pci 0000:00:17.1:   bridge window [mem 0xe7400000-0xe74fffff 64bit pref]
2025-11-10T18:11:20.629043+00:00 meaow kernel: pci 0000:00:17.1: PME# supported from D0 D3hot D3cold
2025-11-10T18:11:20.629043+00:00 meaow kernel: pci 0000:00:17.2: [15ad:07a0] type 01 class 0x060400 PCIe Root Port
2025-11-10T18:11:20.629044+00:00 meaow kernel: pci 0000:00:17.2: PCI bridge to [bus 15]
2025-11-10T18:11:20.629044+00:00 meaow kernel: pci 0000:00:17.2:   bridge window [io  0xe000-0xefff]
2025-11-10T18:11:20.629044+00:00 meaow kernel: pci 0000:00:17.2:   bridge window [mem 0xfca00000-0xfcafffff]
2025-11-10T18:11:20.629055+00:00 meaow kernel: pci 0000:00:17.2:   bridge window [mem 0xe7000000-0xe70fffff 64bit pref]
2025-11-10T18:11:20.629056+00:00 meaow kernel: pci 0000:00:17.2: PME# supported from D0 D3hot D3cold
2025-11-10T18:11:20.629057+00:00 meaow kernel: pci 0000:00:17.3: [15ad:07a0] type 01 class 0x060400 PCIe Root Port
2025-11-10T18:11:20.629057+00:00 meaow kernel: pci 0000:00:17.3: PCI bridge to [bus 16]
2025-11-10T18:11:20.629057+00:00 meaow kernel: pci 0000:00:17.3:   bridge window [mem 0xfc600000-0xfc6fffff]
2025-11-10T18:11:20.629058+00:00 meaow kernel: pci 0000:00:17.3:   bridge window [mem 0xe6c00000-0xe6cfffff 64bit pref]
2025-11-10T18:11:20.629077+00:00 meaow kernel: pci 0000:00:17.3: PME# supported from D0 D3hot D3cold
2025-11-10T18:11:20.629088+00:00 meaow kernel: pci 0000:00:17.4: [15ad:07a0] type 01 class 0x060400 PCIe Root Port
2025-11-10T18:11:20.629088+00:00 meaow kernel: pci 0000:00:17.4: PCI bridge to [bus 17]
2025-11-10T18:11:20.629089+00:00 meaow kernel: pci 0000:00:17.4:   bridge window [mem 0xfc200000-0xfc2fffff]
2025-11-10T18:11:20.629089+00:00 meaow kernel: pci 0000:00:17.4:   bridge window [mem 0xe6800000-0xe68fffff 64bit pref]
2025-11-10T18:11:20.629090+00:00 meaow kernel: pci 0000:00:17.4: PME# supported from D0 D3hot D3cold
2025-11-10T18:11:20.629090+00:00 meaow kernel: pci 0000:00:17.5: [15ad:07a0] type 01 class 0x060400 PCIe Root Port
2025-11-10T18:11:20.629100+00:00 meaow kernel: pci 0000:00:17.5: PCI bridge to [bus 18]
2025-11-10T18:11:20.629101+00:00 meaow kernel: pci 0000:00:17.5:   bridge window [mem 0xfbe00000-0xfbefffff]
2025-11-10T18:11:20.629101+00:00 meaow kernel: pci 0000:00:17.5:   bridge window [mem 0xe6400000-0xe64fffff 64bit pref]
2025-11-10T18:11:20.629102+00:00 meaow kernel: pci 0000:00:17.5: PME# supported from D0 D3hot D3cold
2025-11-10T18:11:20.629102+00:00 meaow kernel: pci 0000:00:17.6: [15ad:07a0] type 01 class 0x060400 PCIe Root Port
2025-11-10T18:11:20.629102+00:00 meaow kernel: pci 0000:00:17.6: PCI bridge to [bus 19]
2025-11-10T18:11:20.629103+00:00 meaow kernel: pci 0000:00:17.6:   bridge window [mem 0xfba00000-0xfbafffff]
2025-11-10T18:11:20.629119+00:00 meaow kernel: pci 0000:00:17.6:   bridge window [mem 0xe6000000-0xe60fffff 64bit pref]
2025-11-10T18:11:20.629119+00:00 meaow kernel: pci 0000:00:17.6: PME# supported from D0 D3hot D3cold
2025-11-10T18:11:20.629120+00:00 meaow kernel: pci 0000:00:17.7: [15ad:07a0] type 01 class 0x060400 PCIe Root Port
2025-11-10T18:11:20.629120+00:00 meaow kernel: pci 0000:00:17.7: PCI bridge to [bus 1a]
2025-11-10T18:11:20.629121+00:00 meaow kernel: pci 0000:00:17.7:   bridge window [mem 0xfb600000-0xfb6fffff]
2025-11-10T18:11:20.629121+00:00 meaow kernel: pci 0000:00:17.7:   bridge window [mem 0xe5c00000-0xe5cfffff 64bit pref]
2025-11-10T18:11:20.629131+00:00 meaow kernel: pci 0000:00:17.7: PME# supported from D0 D3hot D3cold
2025-11-10T18:11:20.629132+00:00 meaow kernel: pci 0000:00:18.0: [15ad:07a0] type 01 class 0x060400 PCIe Root Port
2025-11-10T18:11:20.629132+00:00 meaow kernel: pci 0000:00:18.0: PCI bridge to [bus 1b]
2025-11-10T18:11:20.629132+00:00 meaow kernel: pci 0000:00:18.0:   bridge window [io  0x7000-0x7fff]
2025-11-10T18:11:20.629133+00:00 meaow kernel: pci 0000:00:18.0:   bridge window [mem 0xfd100000-0xfd1fffff]
2025-11-10T18:11:20.629133+00:00 meaow kernel: pci 0000:00:18.0:   bridge window [mem 0xe7700000-0xe77fffff 64bit pref]
2025-11-10T18:11:20.629143+00:00 meaow kernel: pci 0000:00:18.0: PME# supported from D0 D3hot D3cold
2025-11-10T18:11:20.629144+00:00 meaow kernel: pci 0000:00:18.1: [15ad:07a0] type 01 class 0x060400 PCIe Root Port
2025-11-10T18:11:20.629145+00:00 meaow kernel: pci 0000:00:18.1: PCI bridge to [bus 1c]
2025-11-10T18:11:20.629145+00:00 meaow kernel: pci 0000:00:18.1:   bridge window [io  0xb000-0xbfff]
2025-11-10T18:11:20.629145+00:00 meaow kernel: pci 0000:00:18.1:   bridge window [mem 0xfcd00000-0xfcdfffff]
2025-11-10T18:11:20.629146+00:00 meaow kernel: pci 0000:00:18.1:   bridge window [mem 0xe7300000-0xe73fffff 64bit pref]
2025-11-10T18:11:20.629146+00:00 meaow kernel: pci 0000:00:18.1: PME# supported from D0 D3hot D3cold
2025-11-10T18:11:20.629156+00:00 meaow kernel: pci 0000:00:18.2: [15ad:07a0] type 01 class 0x060400 PCIe Root Port
2025-11-10T18:11:20.629157+00:00 meaow kernel: pci 0000:00:18.2: PCI bridge to [bus 1d]
2025-11-10T18:11:20.629158+00:00 meaow kernel: pci 0000:00:18.2:   bridge window [mem 0xfc900000-0xfc9fffff]
2025-11-10T18:11:20.629158+00:00 meaow kernel: pci 0000:00:18.2:   bridge window [mem 0xe6f00000-0xe6ffffff 64bit pref]
2025-11-10T18:11:20.629159+00:00 meaow kernel: pci 0000:00:18.2: PME# supported from D0 D3hot D3cold
2025-11-10T18:11:20.629159+00:00 meaow kernel: pci 0000:00:18.3: [15ad:07a0] type 01 class 0x060400 PCIe Root Port
2025-11-10T18:11:20.629169+00:00 meaow kernel: pci 0000:00:18.3: PCI bridge to [bus 1e]
2025-11-10T18:11:20.629170+00:00 meaow kernel: pci 0000:00:18.3:   bridge window [mem 0xfc500000-0xfc5fffff]
2025-11-10T18:11:20.629171+00:00 meaow kernel: pci 0000:00:18.3:   bridge window [mem 0xe6b00000-0xe6bfffff 64bit pref]
2025-11-10T18:11:20.629171+00:00 meaow kernel: pci 0000:00:18.3: PME# supported from D0 D3hot D3cold
2025-11-10T18:11:20.629171+00:00 meaow kernel: pci 0000:00:18.4: [15ad:07a0] type 01 class 0x060400 PCIe Root Port
2025-11-10T18:11:20.629172+00:00 meaow kernel: pci 0000:00:18.4: PCI bridge to [bus 1f]
2025-11-10T18:11:20.629172+00:00 meaow kernel: pci 0000:00:18.4:   bridge window [mem 0xfc100000-0xfc1fffff]
2025-11-10T18:11:20.629182+00:00 meaow kernel: pci 0000:00:18.4:   bridge window [mem 0xe6700000-0xe67fffff 64bit pref]
2025-11-10T18:11:20.629183+00:00 meaow kernel: pci 0000:00:18.4: PME# supported from D0 D3hot D3cold
2025-11-10T18:11:20.629183+00:00 meaow kernel: pci 0000:00:18.5: [15ad:07a0] type 01 class 0x060400 PCIe Root Port
2025-11-10T18:11:20.629184+00:00 meaow kernel: pci 0000:00:18.5: PCI bridge to [bus 20]
2025-11-10T18:11:20.629184+00:00 meaow kernel: pci 0000:00:18.5:   bridge window [mem 0xfbd00000-0xfbdfffff]
2025-11-10T18:11:20.629185+00:00 meaow kernel: pci 0000:00:18.5:   bridge window [mem 0xe6300000-0xe63fffff 64bit pref]
2025-11-10T18:11:20.629194+00:00 meaow kernel: pci 0000:00:18.5: PME# supported from D0 D3hot D3cold
2025-11-10T18:11:20.629195+00:00 meaow kernel: pci 0000:00:18.6: [15ad:07a0] type 01 class 0x060400 PCIe Root Port
2025-11-10T18:11:20.629195+00:00 meaow kernel: pci 0000:00:18.6: PCI bridge to [bus 21]
2025-11-10T18:11:20.629196+00:00 meaow kernel: pci 0000:00:18.6:   bridge window [mem 0xfb900000-0xfb9fffff]
2025-11-10T18:11:20.629196+00:00 meaow kernel: pci 0000:00:18.6:   bridge window [mem 0xe5f00000-0xe5ffffff 64bit pref]
2025-11-10T18:11:20.629196+00:00 meaow kernel: pci 0000:00:18.6: PME# supported from D0 D3hot D3cold
2025-11-10T18:11:20.629208+00:00 meaow kernel: pci 0000:00:18.7: [15ad:07a0] type 01 class 0x060400 PCIe Root Port
2025-11-10T18:11:20.629208+00:00 meaow kernel: pci 0000:00:18.7: PCI bridge to [bus 22]
2025-11-10T18:11:20.629209+00:00 meaow kernel: pci 0000:00:18.7:   bridge window [mem 0xfb500000-0xfb5fffff]
2025-11-10T18:11:20.629209+00:00 meaow kernel: pci 0000:00:18.7:   bridge window [mem 0xe5b00000-0xe5bfffff 64bit pref]
2025-11-10T18:11:20.629210+00:00 meaow kernel: pci 0000:00:18.7: PME# supported from D0 D3hot D3cold
2025-11-10T18:11:20.629210+00:00 meaow kernel: pci_bus 0000:01: extended config space not accessible
2025-11-10T18:11:20.629210+00:00 meaow kernel: pci 0000:00:01.0: PCI bridge to [bus 01]
2025-11-10T18:11:20.629220+00:00 meaow kernel: pci_bus 0000:02: extended config space not accessible
2025-11-10T18:11:20.629221+00:00 meaow kernel: acpiphp: Slot [32] registered
2025-11-10T18:11:20.629221+00:00 meaow kernel: acpiphp: Slot [33] registered
2025-11-10T18:11:20.629222+00:00 meaow kernel: acpiphp: Slot [34] registered
2025-11-10T18:11:20.629222+00:00 meaow kernel: acpiphp: Slot [35] registered
2025-11-10T18:11:20.629222+00:00 meaow kernel: acpiphp: Slot [36] registered
2025-11-10T18:11:20.629232+00:00 meaow kernel: acpiphp: Slot [37] registered
2025-11-10T18:11:20.629233+00:00 meaow kernel: acpiphp: Slot [38] registered
2025-11-10T18:11:20.629233+00:00 meaow kernel: acpiphp: Slot [39] registered
2025-11-10T18:11:20.629234+00:00 meaow kernel: acpiphp: Slot [40] registered
2025-11-10T18:11:20.629234+00:00 meaow kernel: acpiphp: Slot [41] registered
